Archive member included to satisfy reference by file (symbol)

obj_cooja/mtype743.a(simEnvChange.o)
                              obj_cooja/mtype743.o (simDontFallAsleep)
obj_cooja/mtype743.a(cooja_mt.o)
                              obj_cooja/mtype743.o (cooja_mt_start)
obj_cooja/mtype743.a(cooja_mtarch.o)
                              obj_cooja/mtype743.a(cooja_mt.o) (cooja_mtarch_init)
obj_cooja/mtype743.a(rtimer-arch.o)
                              obj_cooja/mtype743.o (rtimer_arch_next)
obj_cooja/mtype743.a(beep.o)  obj_cooja/mtype743.o (beep_interface)
obj_cooja/mtype743.a(button-sensor.o)
                              obj_cooja/mtype743.o (button_interface)
obj_cooja/mtype743.a(leds-arch.o)
                              obj_cooja/mtype743.o (leds_interface)
obj_cooja/mtype743.a(moteid.o)
                              obj_cooja/mtype743.o (moteid_interface)
obj_cooja/mtype743.a(pir-sensor.o)
                              obj_cooja/mtype743.o (pir_interface)
obj_cooja/mtype743.a(rs232.o)
                              obj_cooja/mtype743.o (rs232_interface)
obj_cooja/mtype743.a(vib-sensor.o)
                              obj_cooja/mtype743.o (vib_interface)
obj_cooja/mtype743.a(clock.o)
                              obj_cooja/mtype743.o (clock_interface)
obj_cooja/mtype743.a(log.o)   obj_cooja/mtype743.o (simlog_interface)
obj_cooja/mtype743.a(cfs-cooja.o)
                              obj_cooja/mtype743.o (cfs_interface)
obj_cooja/mtype743.a(cooja-radio.o)
                              obj_cooja/mtype743.o (radio_interface)
obj_cooja/mtype743.a(eeprom.o)
                              obj_cooja/mtype743.o (eeprom_interface)
obj_cooja/mtype743.a(random.o)
                              obj_cooja/mtype743.a(moteid.o) (random_init)
obj_cooja/mtype743.a(sensors.o)
                              obj_cooja/mtype743.o (sensors_process)
obj_cooja/mtype743.a(dual_conf.o)
                              obj_cooja/mtype743.a(cooja-radio.o) (long_range_radio)
obj_cooja/mtype743.a(autostart.o)
                              obj_cooja/mtype743.o (autostart_start)
obj_cooja/mtype743.a(ctimer.o)
                              obj_cooja/mtype743.o (ctimer_init)
obj_cooja/mtype743.a(etimer.o)
                              obj_cooja/mtype743.o (etimer_process)
obj_cooja/mtype743.a(process.o)
                              udp-client.co (process_current)
obj_cooja/mtype743.a(rtimer.o)
                              obj_cooja/mtype743.a(rtimer-arch.o) (rtimer_run_next)
obj_cooja/mtype743.a(stimer.o)
                              udp-client.co (stimer_remaining)
obj_cooja/mtype743.a(timer.o)
                              obj_cooja/mtype743.a(button-sensor.o) (timer_set)
obj_cooja/mtype743.a(serial-line.o)
                              udp-client.co (serial_line_event_message)
obj_cooja/mtype743.a(list.o)  obj_cooja/mtype743.a(ctimer.o) (list_init)
obj_cooja/mtype743.a(ringbuf.o)
                              obj_cooja/mtype743.a(serial-line.o) (ringbuf_init)
obj_cooja/mtype743.a(sicslowpan.o)
                              obj_cooja/mtype743.o (sicslowpan_driver)
obj_cooja/mtype743.a(uip-ds6-nbr.o)
                              obj_cooja/mtype743.a(sicslowpan.o) (uip_ds6_link_neighbor_callback)
obj_cooja/mtype743.a(uip-ds6-route.o)
                              udp-client.co (uip_ds6_route_nexthop)
obj_cooja/mtype743.a(uip-ds6.o)
                              udp-client.co (uip_ds6_if)
obj_cooja/mtype743.a(uip6.o)  udp-client.co (uip_lladdr)
obj_cooja/mtype743.a(tcpip.o)
                              udp-client.co (tcpip_event)
obj_cooja/mtype743.a(uip-debug.o)
                              udp-client.co (uip_debug_ipaddr_print)
obj_cooja/mtype743.a(uip-packetqueue)
                              obj_cooja/mtype743.a(uip-ds6-nbr.o) (uip_packetqueue_new)
obj_cooja/mtype743.a(uip-udp-packet.)
                              udp-client.co (uip_udp_packet_sendto)
obj_cooja/mtype743.a(rpl-dag.o)
                              obj_cooja/mtype743.a(tcpip.o) (rpl_repair_root)
obj_cooja/mtype743.a(rpl-ext-header.)
                              obj_cooja/mtype743.a(uip6.o) (rpl_verify_header)
obj_cooja/mtype743.a(rpl-icmp6.o)
                              obj_cooja/mtype743.a(rpl-dag.o) (rpl_icmp6_update_nbr_table)
obj_cooja/mtype743.a(rpl-jkof.o)
                              obj_cooja/mtype743.a(rpl-dag.o) (rpl_jkof)
obj_cooja/mtype743.a(rpl-timers.o)
                              obj_cooja/mtype743.a(rpl-dag.o) (rpl_reset_dio_timer)
obj_cooja/mtype743.a(rpl.o)   obj_cooja/mtype743.a(rpl-icmp6.o) (rpl_get_mode)
obj_cooja/mtype743.a(framer-802154.o)
                              obj_cooja/mtype743.a(sicslowpan.o) (framer_802154)
obj_cooja/mtype743.a(nullmac.o)
                              obj_cooja/mtype743.o (nullmac_driver)
obj_cooja/mtype743.a(nullrdc.o)
                              obj_cooja/mtype743.o (nullrdc_driver)
obj_cooja/mtype743.a(linkaddr.o)
                              obj_cooja/mtype743.o (linkaddr_node_addr)
[...]
Memory Configuration

Name             Origin             Length             Attributes
*default*        0x0000000000000000 0xffffffffffffffff

Linker script and memory map

LOAD /usr/lib/gcc/i686-linux-gnu/4.8/../../../i386-linux-gnu/crti.o
LOAD /usr/lib/gcc/i686-linux-gnu/4.8/crtbeginS.o
LOAD udp-client.co
LOAD obj_cooja/mtype743.o
LOAD obj_cooja/mtype743.a
LOAD /usr/lib/gcc/i686-linux-gnu/4.8/libgcc.a
LOAD /usr/lib/gcc/i686-linux-gnu/4.8/libgcc_s.so
LOAD /usr/lib/gcc/i686-linux-gnu/4.8/../../../i386-linux-gnu/libc.so
START GROUP
LOAD /lib/i386-linux-gnu/libc.so.6
LOAD /usr/lib/i386-linux-gnu/libc_nonshared.a
LOAD /lib/i386-linux-gnu/ld-linux.so.2
END GROUP
LOAD /usr/lib/gcc/i686-linux-gnu/4.8/libgcc.a
LOAD /usr/lib/gcc/i686-linux-gnu/4.8/libgcc_s.so
LOAD /usr/lib/gcc/i686-linux-gnu/4.8/crtendS.o
LOAD /usr/lib/gcc/i686-linux-gnu/4.8/../../../i386-linux-gnu/crtn.o
                0x0000000000000114                . = (0x0 + SIZEOF_HEADERS)

.note.gnu.build-id
                0x0000000000000114       0x24
 *(.note.gnu.build-id)
 .note.gnu.build-id
                0x0000000000000114       0x24 /usr/lib/gcc/i686-linux-gnu/4.8/../../../i386-linux-gnu/crti.o

.hash
 *(.hash)

.gnu.hash       0x0000000000000138     0x12b4
 *(.gnu.hash)
 .gnu.hash      0x0000000000000138     0x12b4 /usr/lib/gcc/i686-linux-gnu/4.8/../../../i386-linux-gnu/crti.o

.dynsym         0x00000000000013ec     0x2330
 *(.dynsym)
 .dynsym        0x00000000000013ec     0x2330 /usr/lib/gcc/i686-linux-gnu/4.8/../../../i386-linux-gnu/crti.o

.dynstr         0x000000000000371c     0x2463
 *(.dynstr)
 .dynstr        0x000000000000371c     0x2463 /usr/lib/gcc/i686-linux-gnu/4.8/../../../i386-linux-gnu/crti.o

.gnu.version    0x0000000000005b80      0x466
 *(.gnu.version)
 .gnu.version   0x0000000000005b80      0x466 /usr/lib/gcc/i686-linux-gnu/4.8/../../../i386-linux-gnu/crti.o

.gnu.version_d  0x0000000000005fe8        0x0
 *(.gnu.version_d)
 .gnu.version_d
                0x0000000000000000        0x0 /usr/lib/gcc/i686-linux-gnu/4.8/../../../i386-linux-gnu/crti.o

.gnu.version_r  0x0000000000005fe8       0x40
 *(.gnu.version_r)
 .gnu.version_r
                0x0000000000005fe8       0x40 /usr/lib/gcc/i686-linux-gnu/4.8/../../../i386-linux-gnu/crti.o

.rel.dyn        0x0000000000006028     0x8f78
 *(.rel.init)
 .rel.init      0x0000000000000000        0x0 /usr/lib/gcc/i686-linux-gnu/4.8/../../../i386-linux-gnu/crti.o
 *(.rel.text .rel.text.* .rel.gnu.linkonce.t.*)
 .rel.text      0x0000000000006028     0x8810 /usr/lib/gcc/i686-linux-gnu/4.8/../../../i386-linux-gnu/crti.o
 *(.rel.fini)
 .rel.fini      0x0000000000000000        0x0 /usr/lib/gcc/i686-linux-gnu/4.8/../../../i386-linux-gnu/crti.o
 *(.rel.rodata .rel.rodata.* .rel.gnu.linkonce.r.*)
 .rel.rodata    0x000000000000e838      0x4e0 /usr/lib/gcc/i686-linux-gnu/4.8/../../../i386-linux-gnu/crti.o
 *(.rel.data.rel.ro .rel.data.rel.ro.* .rel.gnu.linkonce.d.rel.ro.*)
 *(.rel.data .rel.data.* .rel.gnu.linkonce.d.*)
 .rel.data.rel  0x000000000000ed18        0x8 /usr/lib/gcc/i686-linux-gnu/4.8/../../../i386-linux-gnu/crti.o
 .rel.data      0x000000000000ed20      0x248 /usr/lib/gcc/i686-linux-gnu/4.8/../../../i386-linux-gnu/crti.o
 *(.rel.tdata .rel.tdata.* .rel.gnu.linkonce.td.*)
 *(.rel.tbss .rel.tbss.* .rel.gnu.linkonce.tb.*)
 *(.rel.ctors)
 *(.rel.dtors)
 *(.rel.got)
 .rel.got       0x000000000000ef68       0x28 /usr/lib/gcc/i686-linux-gnu/4.8/../../../i386-linux-gnu/crti.o
 *(.rel.bss .rel.bss.* .rel.gnu.linkonce.b.*)
 *(.rel.ifunc)
 .rel.ifunc     0x0000000000000000        0x0 /usr/lib/gcc/i686-linux-gnu/4.8/../../../i386-linux-gnu/crti.o
 .rel.fini_array
                0x000000000000ef90        0x8 /usr/lib/gcc/i686-linux-gnu/4.8/../../../i386-linux-gnu/crti.o
 .rel.init_array
                0x000000000000ef98        0x8 /usr/lib/gcc/i686-linux-gnu/4.8/../../../i386-linux-gnu/crti.o

.rel.plt        0x000000000000efa0       0x10
 *(.rel.plt)
 .rel.plt       0x000000000000efa0       0x10 /usr/lib/gcc/i686-linux-gnu/4.8/../../../i386-linux-gnu/crti.o
 *(.rel.iplt)

.init           0x000000000000efb0       0x23
 *(SORT(.init))
 .init          0x000000000000efb0       0x1e /usr/lib/gcc/i686-linux-gnu/4.8/../../../i386-linux-gnu/crti.o
                0x000000000000efb0                _init
 .init          0x000000000000efce        0x5 /usr/lib/gcc/i686-linux-gnu/4.8/../../../i386-linux-gnu/crtn.o

.plt            0x000000000000efe0       0x30
 *(.plt)
 .plt           0x000000000000efe0       0x30 /usr/lib/gcc/i686-linux-gnu/4.8/../../../i386-linux-gnu/crti.o
 *(.iplt)

.text           0x000000000000f010    0x15a61
 *(.text.unlikely .text.*_unlikely .text.unlikely.*)
 *(.text.exit .text.exit.*)
 *(.text.startup .text.startup.*)
 *(.text.hot .text.hot.*)
 *(.text .stub .text.* .gnu.linkonce.t.*)
 .text          0x000000000000f010        0x0 /usr/lib/gcc/i686-linux-gnu/4.8/../../../i386-linux-gnu/crti.o
 .gnu.linkonce.t.__x86.get_pc_thunk.bx
                0x000000000000f010        0x4 /usr/lib/gcc/i686-linux-gnu/4.8/../../../i386-linux-gnu/crti.o
                0x000000000000f010                __x86.get_pc_thunk.bx
 *fill*         0x000000000000f014        0xc 
 .text          0x000000000000f020      0x11b /usr/lib/gcc/i686-linux-gnu/4.8/crtbeginS.o
 .text          0x000000000000f13b      0x5db udp-client.co
 .text          0x000000000000f716      0x944 obj_cooja/mtype743.o
                0x000000000000f8c4                contiki_init
                0x000000000000fe71                Java_org_contikios_cooja_corecomm_Lib1_init
                0x000000000000feb1                Java_org_contikios_cooja_corecomm_Lib1_getMemory
                0x000000000000fef1                Java_org_contikios_cooja_corecomm_Lib1_setMemory
                0x000000000000ff68                Java_org_contikios_cooja_corecomm_Lib1_tick
                0x0000000000010048                Java_org_contikios_cooja_corecomm_Lib1_setReferenceAddress
 .text          0x000000000001005a       0x63 obj_cooja/mtype743.a(simEnvChange.o)
                0x000000000001005a                doActionsBeforeTick
                0x000000000001008b                doActionsAfterTick
 .text          0x00000000000100bd       0xbc obj_cooja/mtype743.a(cooja_mt.o)
                0x00000000000100bd                cooja_mt_init
                0x00000000000100ca                cooja_mt_remove
                0x00000000000100d7                cooja_mt_start
                0x0000000000010104                cooja_mt_exec
                0x0000000000010135                cooja_mt_exit
                0x0000000000010157                cooja_mt_yield
 .text          0x0000000000010179      0x115 obj_cooja/mtype743.a(cooja_mtarch.o)
                0x0000000000010179                cooja_mtarch_init
                0x000000000001017e                cooja_mtarch_start
                0x00000000000101f9                cooja_sw
                0x000000000001021b                cooja_mtarch_exec
                0x0000000000010237                cooja_mtarch_remove
                0x000000000001023c                cooja_mtarch_yield
                0x0000000000010246                cooja_mtarch_pstop
                0x000000000001024b                cooja_mtarch_pstart
                0x0000000000010250                cooja_mtarch_stack_usage
 .text          0x000000000001028e       0xc2 obj_cooja/mtype743.a(rtimer-arch.o)
                0x000000000001028e                rtimer_arch_init
                0x00000000000102b1                rtimer_arch_schedule
                0x00000000000102c8                rtimer_arch_next
                0x00000000000102d2                rtimer_arch_pending
                0x00000000000102dc                rtimer_arch_check
                0x000000000001030e                rtimer_arch_now
 .text          0x0000000000010350       0x76 obj_cooja/mtype743.a(beep.o)
                0x0000000000010350                beep_alarm
                0x000000000001035c                beep_beep
                0x0000000000010368                beep
                0x0000000000010374                beep_down
                0x0000000000010380                beep_on
                0x000000000001038c                beep_off
                0x0000000000010398                beep_spinup
                0x00000000000103a4                beep_quick
                0x00000000000103b0                beep_long
 .text          0x00000000000103c6      0x103 obj_cooja/mtype743.a(button-sensor.o)
 .text          0x00000000000104c9       0x45 obj_cooja/mtype743.a(leds-arch.o)
                0x00000000000104c9                leds_arch_init
                0x00000000000104d5                leds_arch_get
                0x00000000000104e1                leds_arch_set
 .text          0x000000000001050e       0x2f obj_cooja/mtype743.a(moteid.o)
 .text          0x000000000001053d       0xb1 obj_cooja/mtype743.a(pir-sensor.o)
 .text          0x00000000000105ee      0x131 obj_cooja/mtype743.a(rs232.o)
                0x00000000000105ee                rs232_init
                0x00000000000105f3                rs232_set_speed
                0x0000000000010601                rs232_set_input
                0x000000000001060e                rs232_send
                0x0000000000010630                rs232_print
                0x000000000001064b                slip_arch_writeb
 .text          0x000000000001071f       0xb1 obj_cooja/mtype743.a(vib-sensor.o)
 .text          0x00000000000107d0       0x34 obj_cooja/mtype743.a(clock.o)
                0x00000000000107d0                clock_init
                0x00000000000107d5                clock_time
                0x00000000000107df                clock_seconds
                0x00000000000107f5                clock_delay
 .text          0x0000000000010804      0x1ed obj_cooja/mtype743.a(log.o)
                0x0000000000010804                simlog_char
                0x0000000000010846                simlog
                0x00000000000108b3                log_message
                0x00000000000108db                log_set_putchar_with_slip
                0x00000000000108e8                log_putchar
                0x000000000001096c                log_puts
                0x0000000000010990                log_printf
 .text          0x00000000000109f1      0x2c4 obj_cooja/mtype743.a(cfs-cooja.o)
                0x00000000000109f1                cfs_open
                0x0000000000010a5a                cfs_close
                0x0000000000010a66                cfs_read
                0x0000000000010b04                cfs_write
                0x0000000000010be1                cfs_seek
                0x0000000000010c69                cfs_remove
                0x0000000000010c92                cfs_opendir
                0x0000000000010c9c                cfs_readdir
                0x0000000000010ca6                cfs_closedir
 .text          0x0000000000010cb5      0x5b3 obj_cooja/mtype743.a(cooja-radio.o)
                0x0000000000010cdf                radio_set_channel
                0x0000000000010cf4                radio_set_txpower
                0x0000000000010d14                radio_signal_strength_last
                0x0000000000010d1e                radio_signal_strength_current
                0x0000000000010d28                radio_LQI
 .text          0x0000000000011268       0xef obj_cooja/mtype743.a(eeprom.o)
                0x0000000000011268                eeprom_init
                0x000000000001126d                eeprom_read
                0x00000000000112dd                eeprom_write
 .text          0x0000000000011357       0x28 obj_cooja/mtype743.a(random.o)
                0x0000000000011357                random_init
                0x0000000000011372                random_rand
 .text          0x000000000001137f      0x2a1 obj_cooja/mtype743.a(sensors.o)
                0x00000000000113ba                sensors_first
                0x00000000000113c4                sensors_next
                0x00000000000113e1                sensors_changed
                0x0000000000011410                sensors_find
 .text          0x0000000000011620      0x2d2 obj_cooja/mtype743.a(dual_conf.o)
                0x0000000000011620                dual_radio_switch
                0x0000000000011660                dual_radio_change
                0x000000000001169a                sending_in_LR
                0x00000000000116c5                dual_radio_received
                0x0000000000011718                radio_received_is_longrange
                0x00000000000118a8                dio_broadcast
                0x00000000000118d1                dis_broadcast
 .text          0x00000000000118f2       0x8e obj_cooja/mtype743.a(autostart.o)
                0x00000000000118f2                autostart_start
                0x000000000001193d                autostart_exit
 .text          0x0000000000011980      0x334 obj_cooja/mtype743.a(ctimer.o)
                0x0000000000011a97                ctimer_init
                0x0000000000011ac7                ctimer_set
                0x0000000000011af8                ctimer_set_with_process
                0x0000000000011b74                ctimer_reset
                0x0000000000011bc3                ctimer_restart
                0x0000000000011c12                ctimer_stop
                0x0000000000011c5d                ctimer_expired
 .text          0x0000000000011cb4      0x40b obj_cooja/mtype743.a(etimer.o)
                0x0000000000011ec7                etimer_request_poll
                0x0000000000011f4b                etimer_set
                0x0000000000011f70                etimer_reset_with_new_interval
                0x0000000000011f97                etimer_reset
                0x0000000000011fb5                etimer_restart
                0x0000000000011fd3                etimer_adjust
                0x0000000000011fef                etimer_expired
                0x0000000000012002                etimer_expiration_time
                0x0000000000012014                etimer_start_time
                0x000000000001201e                etimer_pending
                0x0000000000012030                etimer_next_expiration_time
                0x000000000001204a                etimer_stop
 .text          0x00000000000120bf      0x560 obj_cooja/mtype743.a(process.o)
                0x00000000000120bf                process_alloc_event
                0x00000000000120d4                process_start
                0x00000000000122bd                process_exit
                0x00000000000122d9                process_init
                0x00000000000124aa                process_run
                0x00000000000124dd                process_nevents
                0x00000000000124f8                process_post
                0x00000000000125a4                process_post_synch
                0x00000000000125dc                process_poll
                0x000000000001260b                process_is_running
 .text          0x000000000001261f       0xba obj_cooja/mtype743.a(rtimer.o)
                0x000000000001261f                rtimer_init
                0x000000000001262c                rtimer_set
                0x0000000000012683                rtimer_run_next
 .text          0x00000000000126d9       0xa3 obj_cooja/mtype743.a(stimer.o)
                0x00000000000126d9                stimer_set
                0x00000000000126f4                stimer_reset
                0x000000000001270b                stimer_restart
                0x000000000001271d                stimer_expired
                0x0000000000012744                stimer_remaining
                0x0000000000012768                stimer_elapsed
 .text          0x000000000001277c       0x91 obj_cooja/mtype743.a(timer.o)
                0x000000000001277c                timer_set
                0x0000000000012797                timer_reset
                0x00000000000127ae                timer_restart
                0x00000000000127c0                timer_expired
                0x00000000000127e9                timer_remaining
 .text          0x000000000001280d      0x1fb obj_cooja/mtype743.a(serial-line.o)
                0x000000000001280d                serial_line_input_byte
                0x00000000000129d0                serial_line_init
 .text          0x0000000000012a08      0x244 obj_cooja/mtype743.a(list.o)
                0x0000000000012a08                list_init
                0x0000000000012a16                list_head
                0x0000000000012a20                list_copy
                0x0000000000012a2f                list_tail
                0x0000000000012a65                list_add
                0x0000000000012aae                list_push
                0x0000000000012ada                list_chop
                0x0000000000012b44                list_pop
                0x0000000000012b6c                list_remove
                0x0000000000012bd3                list_length
                0x0000000000012c01                list_insert
                0x0000000000012c35                list_item_next
 .text          0x0000000000012c4c      0x155 obj_cooja/mtype743.a(ringbuf.o)
                0x0000000000012c4c                ringbuf_init
                0x0000000000012c7d                ringbuf_put
                0x0000000000012cfb                ringbuf_get
                0x0000000000012d68                ringbuf_size
                0x0000000000012d7a                ringbuf_elements
 .text          0x0000000000012da1     0x258b obj_cooja/mtype743.a(sicslowpan.o)
                0x000000000001332b                rime_sniffer_add
                0x0000000000013338                rime_sniffer_remove
                0x00000000000152cb                sicslowpan_init
                0x0000000000015322                sicslowpan_get_last_rssi
 .text          0x000000000001532c      0x2dc obj_cooja/mtype743.a(uip-ds6-nbr.o)
                0x0000000000015349                uip_ds6_neighbors_init
                0x0000000000015366                uip_ds6_nbr_add
                0x0000000000015417                uip_ds6_nbr_rm
                0x0000000000015474                uip_ds6_nbr_get_ipaddr
                0x0000000000015489                uip_ds6_nbr_get_ll
                0x00000000000154a5                uip_ds6_nbr_num
                0x00000000000154ea                uip_ds6_nbr_lookup
                0x000000000001554f                uip_ds6_nbr_ll_lookup
                0x000000000001556b                uip_ds6_nbr_ipaddr_from_lladdr
                0x0000000000015591                uip_ds6_nbr_lladdr_from_ipaddr
                0x00000000000155bf                uip_ds6_link_neighbor_callback
 .text          0x0000000000015608      0x916 obj_cooja/mtype743.a(uip-ds6-route.o)
                0x000000000001567f                uip_ds6_notification_add
                0x00000000000156b0                uip_ds6_notification_rm
                0x00000000000156cc                uip_ds6_route_init
                0x0000000000015754                uip_ds6_route_nexthop
                0x000000000001577c                uip_ds6_route_head
                0x0000000000015791                uip_ds6_route_next
                0x00000000000157b7                uip_ds6_route_is_nexthop
                0x00000000000157f6                uip_ds6_route_num_routes
                0x0000000000015800                uip_ds6_route_lookup
                0x00000000000158c2                uip_ds6_route_add
                0x0000000000015af6                uip_ds6_route_rm
                0x0000000000015c8a                uip_ds6_route_rm_by_nexthop
                0x0000000000015cc2                uip_ds6_defrt_add
                0x0000000000015d73                uip_ds6_defrt_rm
                0x0000000000015df2                uip_ds6_defrt_lookup
                0x0000000000015e4b                uip_ds6_defrt_choose
                0x0000000000015eb6                uip_ds6_defrt_periodic
 .text          0x0000000000015f1e     0x12ad obj_cooja/mtype743.a(uip-ds6.o)
                0x0000000000015f1e                uip_ds6_init
                0x0000000000016273                uip_ds6_periodic
                0x000000000001634b                uip_ds6_list_loop
                0x00000000000163f2                uip_ds6_prefix_add
                0x00000000000164b0                uip_ds6_prefix_rm
                0x00000000000164c2                uip_ds6_prefix_lookup
                0x0000000000016513                uip_ds6_is_addr_onlink
                0x0000000000016587                uip_ds6_addr_add
                0x00000000000166b5                uip_ds6_long_addr_add
                0x00000000000167e3                uip_ds6_addr_rm
                0x0000000000016883                uip_ds6_addr_lookup
                0x00000000000168ce                uip_ds6_long_addr_lookup
                0x0000000000016919                uip_ds6_get_link_local
                0x0000000000016998                uip_ds6_long_get_link_local
                0x0000000000016a17                uip_ds6_get_global
                0x0000000000016a96                uip_ds6_long_get_global
                0x0000000000016b15                uip_ds6_maddr_add
                0x0000000000016b87                uip_ds6_long_maddr_add
                0x0000000000016bf9                uip_ds6_maddr_rm
                0x0000000000016c0b                uip_ds6_maddr_lookup
                0x0000000000016c56                uip_ds6_long_maddr_lookup
                0x0000000000016ca1                uip_ds6_aaddr_add
                0x0000000000016d13                uip_ds6_long_aaddr_add
                0x0000000000016d85                uip_ds6_aaddr_rm
                0x0000000000016d97                uip_ds6_aaddr_lookup
                0x0000000000016de2                uip_ds6_long_aaddr_lookup
                0x0000000000016e2d                uip_ds6_select_src
                0x00000000000170b6                uip_ds6_set_addr_iid
                0x00000000000170ed                get_match_length
                0x000000000001717f                uip_ds6_compute_reachable_time
 .text          0x00000000000171cb     0x29f3 obj_cooja/mtype743.a(uip6.o)
                0x00000000000171cb                uip_add32
                0x0000000000017364                uip_chksum
                0x0000000000017452                uip_icmp6chksum
                0x0000000000017466                uip_tcpchksum
                0x000000000001747a                uip_udpchksum
                0x000000000001748e                uip_init
                0x000000000001755e                uip_connect
                0x000000000001770d                remove_ext_hdr
                0x00000000000177e2                uip_udp_new
                0x000000000001793e                uip_unlisten
                0x000000000001799e                uip_listen
                0x0000000000017c60                uip_process
                0x0000000000019ab2                uip_htons
                0x0000000000019ad4                uip_htonl
                0x0000000000019b14                uip_send
 .text          0x0000000000019bbe      0xa66 obj_cooja/mtype743.a(tcpip.o)
                0x0000000000019bbe                tcpip_output
                0x0000000000019bec                tcpip_set_outputfunc
                0x0000000000019c80                tcp_connect
                0x0000000000019cd5                tcp_unlisten
                0x0000000000019d30                tcp_listen
                0x0000000000019d89                tcp_attach
                0x0000000000019dae                udp_attach
                0x0000000000019dd3                udp_new
                0x0000000000019e25                udp_broadcast_new
                0x000000000001a099                tcpip_input
                0x000000000001a0cd                tcpip_ipv6_output
                0x000000000001a46a                tcpip_poll_udp
                0x000000000001a48d                tcpip_poll_tcp
                0x000000000001a4b0                tcpip_uipcall
 .text          0x000000000001a624      0x1c1 obj_cooja/mtype743.a(uip-debug.o)
                0x000000000001a624                uip_debug_ipaddr_print
                0x000000000001a786                uip_debug_lladdr_print
 .text          0x000000000001a7e5      0x141 obj_cooja/mtype743.a(uip-packetqueue)
                0x000000000001a811                uip_packetqueue_new
                0x000000000001a81f                uip_packetqueue_alloc
                0x000000000001a87f                uip_packetqueue_free
                0x000000000001a8c0                uip_packetqueue_buf
                0x000000000001a8dd                uip_packetqueue_buflen
                0x000000000001a8fe                uip_packetqueue_set_buflen
 .text          0x000000000001a926      0x131 obj_cooja/mtype743.a(uip-udp-packet.)
                0x000000000001a926                uip_udp_packet_send
                0x000000000001a986                uip_udp_packet_sendto
 .text          0x000000000001aa57     0x239b obj_cooja/mtype743.a(rpl-dag.o)
                0x000000000001aa57                rpl_print_neighbor_list
                0x000000000001ac2c                rpl_get_nbr
                0x000000000001ac86                rpl_dag_init
                0x000000000001aca3                rpl_get_parent
                0x000000000001acc5                rpl_get_parent_rank
                0x000000000001acf8                rpl_get_parent_link_metric
                0x000000000001ad2b                rpl_get_parent_ipaddr
                0x000000000001b02e                rpl_set_root
                0x000000000001b255                rpl_repair_root
                0x000000000001b491                rpl_set_prefix
                0x000000000001b590                rpl_set_default_route
                0x000000000001b61c                rpl_alloc_instance
                0x000000000001b6af                rpl_alloc_dag
                0x000000000001b760                rpl_set_default_instance
                0x000000000001b76d                rpl_get_default_instance
                0x000000000001b777                rpl_free_instance
                0x000000000001b826                rpl_free_dag
                0x000000000001b88c                rpl_add_parent
                0x000000000001b962                rpl_find_parent
                0x000000000001b9ba                rpl_find_parent_any_dag
                0x000000000001b9f6                rpl_select_dag
                0x000000000001bd8c                rpl_select_parent
                0x000000000001bdee                rpl_remove_parent
                0x000000000001be15                rpl_nullify_parent
                0x000000000001beb3                rpl_move_parent
                0x000000000001bf50                rpl_has_downward_route
                0x000000000001bfa3                rpl_get_any_dag
                0x000000000001c005                rpl_get_instance
                0x000000000001c068                rpl_find_of
                0x000000000001c0a5                rpl_join_instance
                0x000000000001c320                rpl_add_dag
                0x000000000001c70f                rpl_local_repair
                0x000000000001c7d3                rpl_recalculate_ranks
                0x000000000001c859                rpl_process_parent_event
                0x000000000001c90b                rpl_process_dio
 .text          0x000000000001cdf2      0xbf3 obj_cooja/mtype743.a(rpl-ext-header.)
                0x000000000001ce0f                rpl_verify_header
                0x000000000001d289                rpl_update_header_empty
                0x000000000001d5a0                rpl_update_header_final
                0x000000000001d72f                rpl_remove_header
                0x000000000001d839                rpl_invert_header
                0x000000000001d9c3                rpl_insert_header
 .text          0x000000000001d9e5     0x24d9 obj_cooja/mtype743.a(rpl-icmp6.o)
                0x000000000001dc44                rpl_icmp6_update_nbr_table
                0x000000000001de11                dis_output
                0x000000000001e75a                dio_output
                0x000000000001f98e                dao_output
                0x000000000001fa55                dao_output_target
                0x000000000001fe72                dao_ack_output
                0x000000000001fe86                rpl_icmp6_register_handlers
 .text          0x000000000001febe      0x360 obj_cooja/mtype743.a(rpl-jkof.o)
 .text          0x000000000002021e      0x7b3 obj_cooja/mtype743.a(rpl-timers.o)
                0x0000000000020464                rpl_reset_periodic_timer
                0x00000000000204b9                rpl_reset_dio_timer
                0x00000000000206f3                rpl_schedule_dao
                0x000000000002070e                rpl_schedule_dao_immediately
                0x0000000000020729                rpl_cancel_dao
                0x000000000002078b                rpl_schedule_unicast_dio_immediately
                0x0000000000020979                rpl_schedule_probing
 .text          0x00000000000209d1      0x59b obj_cooja/mtype743.a(rpl.o)
                0x00000000000209d1                rpl_get_mode
                0x00000000000209db                rpl_set_mode
                0x0000000000020a69                rpl_purge_routes
                0x0000000000020b63                rpl_remove_routes
                0x0000000000020ba9                rpl_remove_routes_by_nexthop
                0x0000000000020c15                rpl_add_route
                0x0000000000020c90                rpl_link_neighbor_callback
                0x0000000000020d95                rpl_ipv6_neighbor_callback
                0x0000000000020e04                rpl_purge_dags
                0x0000000000020ee6                rpl_init
 .text          0x0000000000020f6c      0x3f5 obj_cooja/mtype743.a(framer-802154.o)
 .text          0x0000000000021361       0x5e obj_cooja/mtype743.a(nullmac.o)
 .text          0x00000000000213bf      0x74e obj_cooja/mtype743.a(nullrdc.o)
 .text          0x0000000000021b0d       0x82 obj_cooja/mtype743.a(linkaddr.o)
                0x0000000000021b0d                linkaddr_copy
                0x0000000000021b2f                linkaddr_cmp
                0x0000000000021b59                linkaddr_set_node_addr
                0x0000000000021b74                linkaddr_set_node_long_addr
 .text          0x0000000000021b8f      0x88c obj_cooja/mtype743.a(nbr-table.o)
                0x0000000000021b8f                lladdr_map_add_lr
                0x0000000000021c4c                lladdr_map_rm_lr
                0x0000000000022111                nbr_table_register
                0x0000000000022159                nbr_table_head
                0x00000000000221b5                nbr_table_next
                0x000000000002221c                nbr_table_add_lladdr
                0x00000000000222f8                nbr_table_get_from_lladdr
                0x0000000000022345                nbr_table_remove
                0x0000000000022397                nbr_table_lock
                0x00000000000223c1                nbr_table_unlock
                0x00000000000223eb                nbr_table_get_lladdr
 .text          0x000000000002241b       0x2b obj_cooja/mtype743.a(netstack.o)
                0x000000000002241b                netstack_init
 .text          0x0000000000022446      0x3cd obj_cooja/mtype743.a(packetbuf.o)
                0x0000000000022446                packetbuf_clear
                0x0000000000022470                packetbuf_copyfrom
                0x00000000000224c2                packetbuf_compact
                0x000000000002253f                packetbuf_copyto
                0x00000000000225d6                packetbuf_hdralloc
                0x0000000000022653                packetbuf_hdrreduce
                0x000000000002269b                packetbuf_set_datalen
                0x00000000000226b4                packetbuf_dataptr
                0x00000000000226d1                packetbuf_hdrptr
                0x00000000000226db                packetbuf_datalen
                0x00000000000226e7                packetbuf_hdrlen
                0x00000000000226fe                packetbuf_totlen
                0x0000000000022714                packetbuf_attr_clear
                0x0000000000022766                packetbuf_attr_copyto
                0x00000000000227af                packetbuf_attr_copyfrom
                0x00000000000227f7                packetbuf_holds_broadcast
 .text          0x0000000000022813      0x2b4 obj_cooja/mtype743.a(queuebuf.o)
                0x000000000002281d                queuebuf_init
                0x000000000002283d                queuebuf_numfree
                0x0000000000022851                queuebuf_new_from_packetbuf
                0x00000000000228e1                queuebuf_update_attr_from_packetbuf
                0x0000000000022914                queuebuf_update_from_packetbuf
                0x000000000002295e                queuebuf_free
                0x00000000000229a5                queuebuf_to_packetbuf
                0x0000000000022a0b                queuebuf_dataptr
                0x0000000000022a42                queuebuf_datalen
                0x0000000000022a65                queuebuf_addr
                0x0000000000022a97                queuebuf_attr
                0x0000000000022ac2                queuebuf_debug_print
 .text          0x0000000000022ac7       0x6e obj_cooja/mtype743.a(nullsec.o)
 .text          0x0000000000022b35       0x19 obj_cooja/mtype743.a(watchdog.o)
                0x0000000000022b35                watchdog_init
                0x0000000000022b3a                watchdog_start
                0x0000000000022b3f                watchdog_periodic
                0x0000000000022b44                watchdog_stop
                0x0000000000022b49                watchdog_reboot
 .text          0x0000000000022b4e        0x0 obj_cooja/mtype743.a(rimestats.o)
 .text          0x0000000000022b4e      0x1c1 obj_cooja/mtype743.a(memb.o)
                0x0000000000022b4e                memb_init
                0x0000000000022bac                memb_alloc
                0x0000000000022c11                memb_free
                0x0000000000022c8c                memb_inmemb
                0x0000000000022ccb                memb_numfree
 .text          0x0000000000022d0f      0xab2 obj_cooja/mtype743.a(uip-icmp6.o)
                0x0000000000022d7d                uip_icmp6_input
                0x0000000000022dd3                uip_icmp6_register_input_handler
                0x000000000002309b                uip_icmp6_error_output
                0x00000000000233e0                uip_icmp6_send
                0x0000000000023754                uip_icmp6_echo_reply_callback_add
                0x0000000000023785                uip_icmp6_echo_reply_callback_rm
                0x00000000000237a1                uip_icmp6_init
 .text          0x00000000000237c1      0x358 obj_cooja/mtype743.a(uip-nd6.o)
                0x0000000000023815                uip_nd6_ns_output
                0x0000000000023b14                uip_nd6_init
 .text          0x0000000000023b19      0x41f obj_cooja/mtype743.a(rpl-nbr-policy.)
                0x0000000000023d54                find_removable_dis
                0x0000000000023d95                find_removable_dio
                0x0000000000023e85                find_removable_dao
                0x0000000000023ee1                rpl_nbr_policy_find_removable
 .text          0x0000000000023f38      0x97c obj_cooja/mtype743.a(frame802154.o)
                0x0000000000023f69                frame802154_get_pan_id
                0x0000000000023f75                frame802154_set_pan_id
                0x0000000000023f8e                frame802154_has_panid
                0x000000000002407a                frame802154_check_dest_panid
                0x00000000000240e2                frame802154_is_broadcast_addr
                0x000000000002412f                frame802154_extract_linkaddr
                0x000000000002436f                frame802154_hdrlen
                0x00000000000243c0                frame802154_create
                0x00000000000245ab                frame802154_parse
 .text          0x00000000000248b4      0x181 obj_cooja/mtype743.a(mac-sequence.o)
                0x00000000000248eb                mac_sequence_is_duplicate
                0x000000000002496e                mac_sequence_register_seqno
 .text          0x0000000000024a35       0x3c obj_cooja/mtype743.a(mac.o)
                0x0000000000024a35                mac_call_sent_callback
 .text          0x0000000000024a71        0x0 /usr/lib/gcc/i686-linux-gnu/4.8/crtendS.o
 .text          0x0000000000024a71        0x0 /usr/lib/gcc/i686-linux-gnu/4.8/../../../i386-linux-gnu/crtn.o
 *(.gnu.warning)

.fini           0x0000000000024a74       0x14
 *(SORT(.fini))
 .fini          0x0000000000024a74        0xf /usr/lib/gcc/i686-linux-gnu/4.8/../../../i386-linux-gnu/crti.o
                0x0000000000024a74                _fini
 .fini          0x0000000000024a83        0x5 /usr/lib/gcc/i686-linux-gnu/4.8/../../../i386-linux-gnu/crtn.o
                0x0000000000024a88                PROVIDE (__etext, .)
                0x0000000000024a88                PROVIDE (_etext, .)
                0x0000000000024a88                PROVIDE (etext, .)

.rodata         0x0000000000024aa0     0x1541
 *(.rodata .rodata.* .gnu.linkonce.r.*)
 .rodata        0x0000000000024aa0      0x17e udp-client.co
                0x0000000000024ab4                autostart_processes
 *fill*         0x0000000000024c1e        0x2 
 .rodata        0x0000000000024c20      0x1b6 obj_cooja/mtype743.o
 *fill*         0x0000000000024dd6        0x2 
 .rodata        0x0000000000024dd8        0x8 obj_cooja/mtype743.a(beep.o)
                0x0000000000024dd8                beep_interface
 .rodata        0x0000000000024de0       0x20 obj_cooja/mtype743.a(button-sensor.o)
                0x0000000000024de0                button_interface
                0x0000000000024df0                button_sensor
 .rodata        0x0000000000024e00        0x8 obj_cooja/mtype743.a(leds-arch.o)
                0x0000000000024e00                leds_interface
 .rodata        0x0000000000024e08        0x8 obj_cooja/mtype743.a(moteid.o)
                0x0000000000024e08                moteid_interface
 .rodata        0x0000000000024e10       0x1c obj_cooja/mtype743.a(pir-sensor.o)
                0x0000000000024e10                pir_interface
                0x0000000000024e1c                pir_sensor
 .rodata        0x0000000000024e2c        0xe obj_cooja/mtype743.a(rs232.o)
                0x0000000000024e2c                rs232_interface
 *fill*         0x0000000000024e3a        0x2 
 .rodata        0x0000000000024e3c       0x24 obj_cooja/mtype743.a(vib-sensor.o)
                0x0000000000024e3c                vib_interface
                0x0000000000024e50                vib_sensor
 .rodata        0x0000000000024e60        0x8 obj_cooja/mtype743.a(clock.o)
                0x0000000000024e60                clock_interface
 .rodata        0x0000000000024e68        0x8 obj_cooja/mtype743.a(log.o)
                0x0000000000024e68                simlog_interface
 .rodata        0x0000000000024e70       0x2f obj_cooja/mtype743.a(cfs-cooja.o)
                0x0000000000024e70                cfs_interface
 *fill*         0x0000000000024e9f        0x1 
 .rodata        0x0000000000024ea0      0x100 obj_cooja/mtype743.a(cooja-radio.o)
                0x0000000000024f60                cooja_radio_driver
                0x0000000000024f98                radio_interface
 .rodata        0x0000000000024fa0        0x8 obj_cooja/mtype743.a(eeprom.o)
                0x0000000000024fa0                eeprom_interface
 .rodata        0x0000000000024fa8        0x8 obj_cooja/mtype743.a(sensors.o)
 .rodata        0x0000000000024fb0      0x169 obj_cooja/mtype743.a(dual_conf.o)
 .rodata        0x0000000000025119        0xf obj_cooja/mtype743.a(ctimer.o)
 .rodata        0x0000000000025128        0xc obj_cooja/mtype743.a(etimer.o)
 .rodata        0x0000000000025134        0xe obj_cooja/mtype743.a(serial-line.o)
 *fill*         0x0000000000025142        0x2 
 .rodata        0x0000000000025144       0x2c obj_cooja/mtype743.a(sicslowpan.o)
                0x0000000000025144                unc_llconf
                0x0000000000025148                unc_ctxconf
                0x000000000002514c                unc_mxconf
                0x0000000000025150                llprefix
                0x0000000000025164                sicslowpan_driver
 .rodata        0x0000000000025170      0x13c obj_cooja/mtype743.a(uip6.o)
 .rodata        0x00000000000252ac       0x29 obj_cooja/mtype743.a(tcpip.o)
 .rodata        0x00000000000252d5       0x3e obj_cooja/mtype743.a(uip-debug.o)
 *fill*         0x0000000000025313        0x1 
 .rodata        0x0000000000025314       0x72 obj_cooja/mtype743.a(rpl-dag.o)
 *fill*         0x0000000000025386        0x2 
 .rodata        0x0000000000025388      0x920 obj_cooja/mtype743.a(rpl-icmp6.o)
 .rodata        0x0000000000025ca8        0xc obj_cooja/mtype743.a(framer-802154.o)
                0x0000000000025ca8                framer_802154
 .rodata        0x0000000000025cb4       0x24 obj_cooja/mtype743.a(nullmac.o)
                0x0000000000025cbc                nullmac_driver
 *fill*         0x0000000000025cd8        0x8 
 .rodata        0x0000000000025ce0      0x160 obj_cooja/mtype743.a(nullrdc.o)
                0x0000000000025e20                nullrdc_driver
 .rodata        0x0000000000025e40        0x8 obj_cooja/mtype743.a(linkaddr.o)
                0x0000000000025e40                linkaddr_null
 .rodata        0x0000000000025e48       0x18 obj_cooja/mtype743.a(nullsec.o)
                0x0000000000025e50                nullsec_driver
 .rodata        0x0000000000025e60      0x181 obj_cooja/mtype743.a(rpl-nbr-policy.)

.rodata1
 *(.rodata1)

.eh_frame_hdr   0x0000000000025fe4     0x12d4
 *(.eh_frame_hdr)
 .eh_frame_hdr  0x0000000000025fe4     0x12d4 udp-client.co

.eh_frame       0x00000000000272b8     0x4cb8
 *(.eh_frame)
 .eh_frame      0x00000000000272b8       0x3c /usr/lib/gcc/i686-linux-gnu/4.8/../../../i386-linux-gnu/crti.o
                                         0x40 (size before relaxing)
 .eh_frame      0x00000000000272f4       0xa8 udp-client.co
                                         0xc0 (size before relaxing)
 .eh_frame      0x000000000002739c      0x148 obj_cooja/mtype743.o
                                        0x160 (size before relaxing)
 .eh_frame      0x00000000000274e4       0x40 obj_cooja/mtype743.a(simEnvChange.o)
                                         0x58 (size before relaxing)
 .eh_frame      0x0000000000027524       0xc0 obj_cooja/mtype743.a(cooja_mt.o)
                                         0xd8 (size before relaxing)
 .eh_frame      0x00000000000275e4      0x120 obj_cooja/mtype743.a(cooja_mtarch.o)
                                        0x138 (size before relaxing)
 .eh_frame      0x0000000000027704       0xc0 obj_cooja/mtype743.a(rtimer-arch.o)
                                         0xd8 (size before relaxing)
 .eh_frame      0x00000000000277c4      0x160 obj_cooja/mtype743.a(beep.o)
                                        0x178 (size before relaxing)
 .eh_frame      0x0000000000027924       0xa0 obj_cooja/mtype743.a(button-sensor.o)
                                         0xb8 (size before relaxing)
 .eh_frame      0x00000000000279c4       0xa0 obj_cooja/mtype743.a(leds-arch.o)
                                         0xb8 (size before relaxing)
 .eh_frame      0x0000000000027a64       0x40 obj_cooja/mtype743.a(moteid.o)
                                         0x58 (size before relaxing)
 .eh_frame      0x0000000000027aa4       0xa0 obj_cooja/mtype743.a(pir-sensor.o)
                                         0xb8 (size before relaxing)
 .eh_frame      0x0000000000027b44      0x100 obj_cooja/mtype743.a(rs232.o)
                                        0x118 (size before relaxing)
 .eh_frame      0x0000000000027c44       0xa0 obj_cooja/mtype743.a(vib-sensor.o)
                                         0xb8 (size before relaxing)
 .eh_frame      0x0000000000027ce4       0xc0 obj_cooja/mtype743.a(clock.o)
                                         0xd8 (size before relaxing)
 .eh_frame      0x0000000000027da4      0x120 obj_cooja/mtype743.a(log.o)
                                        0x138 (size before relaxing)
 .eh_frame      0x0000000000027ec4      0x160 obj_cooja/mtype743.a(cfs-cooja.o)
                                        0x178 (size before relaxing)
 .eh_frame      0x0000000000028024      0x2e0 obj_cooja/mtype743.a(cooja-radio.o)
                                        0x2f8 (size before relaxing)
 .eh_frame      0x0000000000028304       0xa0 obj_cooja/mtype743.a(eeprom.o)
                                         0xb8 (size before relaxing)
 .eh_frame      0x00000000000283a4       0x40 obj_cooja/mtype743.a(random.o)
                                         0x58 (size before relaxing)
 .eh_frame      0x00000000000283e4       0xc0 obj_cooja/mtype743.a(sensors.o)
                                         0xd8 (size before relaxing)
 .eh_frame      0x00000000000284a4      0x120 obj_cooja/mtype743.a(dual_conf.o)
                                        0x138 (size before relaxing)
 .eh_frame      0x00000000000285c4       0x40 obj_cooja/mtype743.a(autostart.o)
                                         0x58 (size before relaxing)
 .eh_frame      0x0000000000028604      0x100 obj_cooja/mtype743.a(ctimer.o)
                                        0x118 (size before relaxing)
 .eh_frame      0x0000000000028704      0x1e0 obj_cooja/mtype743.a(etimer.o)
                                        0x1f8 (size before relaxing)
 .eh_frame      0x00000000000288e4      0x1c8 obj_cooja/mtype743.a(process.o)
                                        0x1e0 (size before relaxing)
 .eh_frame      0x0000000000028aac       0x60 obj_cooja/mtype743.a(rtimer.o)
                                         0x78 (size before relaxing)
 .eh_frame      0x0000000000028b0c       0xc4 obj_cooja/mtype743.a(stimer.o)
                                         0xdc (size before relaxing)
 .eh_frame      0x0000000000028bd0       0xa4 obj_cooja/mtype743.a(timer.o)
                                         0xbc (size before relaxing)
 .eh_frame      0x0000000000028c74       0x60 obj_cooja/mtype743.a(serial-line.o)
                                         0x78 (size before relaxing)
 .eh_frame      0x0000000000028cd4      0x180 obj_cooja/mtype743.a(list.o)
                                        0x198 (size before relaxing)
 .eh_frame      0x0000000000028e54       0xa0 obj_cooja/mtype743.a(ringbuf.o)
                                         0xb8 (size before relaxing)
 .eh_frame      0x0000000000028ef4      0x350 obj_cooja/mtype743.a(sicslowpan.o)
                                        0x368 (size before relaxing)
 .eh_frame      0x0000000000029244      0x180 obj_cooja/mtype743.a(uip-ds6-nbr.o)
                                        0x198 (size before relaxing)
 .eh_frame      0x00000000000293c4      0x2a0 obj_cooja/mtype743.a(uip-ds6-route.o)
                                        0x2b8 (size before relaxing)
 .eh_frame      0x0000000000029664      0x3c8 obj_cooja/mtype743.a(uip-ds6.o)
                                        0x3e0 (size before relaxing)
 .eh_frame      0x0000000000029a2c      0x27c obj_cooja/mtype743.a(uip6.o)
                                        0x294 (size before relaxing)
 .eh_frame      0x0000000000029ca8      0x270 obj_cooja/mtype743.a(tcpip.o)
                                        0x288 (size before relaxing)
 .eh_frame      0x0000000000029f18       0x48 obj_cooja/mtype743.a(uip-debug.o)
                                         0x60 (size before relaxing)
 .eh_frame      0x0000000000029f60       0xe0 obj_cooja/mtype743.a(uip-packetqueue)
                                         0xf8 (size before relaxing)
 .eh_frame      0x000000000002a040       0x40 obj_cooja/mtype743.a(uip-udp-packet.)
                                         0x58 (size before relaxing)
 .eh_frame      0x000000000002a080      0x65c obj_cooja/mtype743.a(rpl-dag.o)
                                        0x674 (size before relaxing)
 .eh_frame      0x000000000002a6dc      0x10c obj_cooja/mtype743.a(rpl-ext-header.)
                                        0x124 (size before relaxing)
 .eh_frame      0x000000000002a7e8      0x288 obj_cooja/mtype743.a(rpl-icmp6.o)
                                        0x2a0 (size before relaxing)
 .eh_frame      0x000000000002aa70       0xec obj_cooja/mtype743.a(rpl-jkof.o)
                                        0x104 (size before relaxing)
 .eh_frame      0x000000000002ab5c      0x20c obj_cooja/mtype743.a(rpl-timers.o)
                                        0x224 (size before relaxing)
 .eh_frame      0x000000000002ad68      0x140 obj_cooja/mtype743.a(rpl.o)
                                        0x158 (size before relaxing)
 .eh_frame      0x000000000002aea8      0x108 obj_cooja/mtype743.a(framer-802154.o)
                                        0x120 (size before relaxing)
 .eh_frame      0x000000000002afb0       0xc0 obj_cooja/mtype743.a(nullmac.o)
                                         0xd8 (size before relaxing)
 .eh_frame      0x000000000002b070      0x19c obj_cooja/mtype743.a(nullrdc.o)
                                        0x1b4 (size before relaxing)
 .eh_frame      0x000000000002b20c       0x80 obj_cooja/mtype743.a(linkaddr.o)
                                         0x98 (size before relaxing)
 .eh_frame      0x000000000002b28c      0x2ac obj_cooja/mtype743.a(nbr-table.o)
                                        0x2c4 (size before relaxing)
 .eh_frame      0x000000000002b538       0x20 obj_cooja/mtype743.a(netstack.o)
                                         0x38 (size before relaxing)
 .eh_frame      0x000000000002b558      0x214 obj_cooja/mtype743.a(packetbuf.o)
                                        0x22c (size before relaxing)
 .eh_frame      0x000000000002b76c      0x1a0 obj_cooja/mtype743.a(queuebuf.o)
                                        0x1b8 (size before relaxing)
 .eh_frame      0x000000000002b90c       0x80 obj_cooja/mtype743.a(nullsec.o)
                                         0x98 (size before relaxing)
 .eh_frame      0x000000000002b98c       0xa0 obj_cooja/mtype743.a(watchdog.o)
                                         0xb8 (size before relaxing)
 .eh_frame      0x000000000002ba2c       0xa0 obj_cooja/mtype743.a(memb.o)
                                         0xb8 (size before relaxing)
 .eh_frame      0x000000000002bacc      0x164 obj_cooja/mtype743.a(uip-icmp6.o)
                                        0x17c (size before relaxing)
 .eh_frame      0x000000000002bc30       0x68 obj_cooja/mtype743.a(uip-nd6.o)
                                         0x80 (size before relaxing)
 .eh_frame      0x000000000002bc98       0xc8 obj_cooja/mtype743.a(rpl-nbr-policy.)
                                         0xe0 (size before relaxing)
 .eh_frame      0x000000000002bd60      0x164 obj_cooja/mtype743.a(frame802154.o)
                                        0x17c (size before relaxing)
 .eh_frame      0x000000000002bec4       0x88 obj_cooja/mtype743.a(mac-sequence.o)
                                         0xa0 (size before relaxing)
 .eh_frame      0x000000000002bf4c       0x20 obj_cooja/mtype743.a(mac.o)
                                         0x38 (size before relaxing)
 .eh_frame      0x000000000002bf6c        0x4 /usr/lib/gcc/i686-linux-gnu/4.8/crtendS.o

.gcc_except_table
 *(.gcc_except_table .gcc_except_table.*)

.exception_ranges
 *(.exception_ranges .exception_ranges*)
                0x000000000002bf70                . = (ALIGN (0x1000) - ((0x1000 - .) & 0xfff))
                0x000000000002cef8                . = DATA_SEGMENT_ALIGN (0x1000, 0x1000)

.eh_frame
 *(.eh_frame)

.gcc_except_table
 *(.gcc_except_table .gcc_except_table.*)

.exception_ranges
 *(.exception_ranges .exception_ranges*)

.tdata
 *(.tdata .tdata.* .gnu.linkonce.td.*)

.tbss
 *(.tbss .tbss.* .gnu.linkonce.tb.*)
 *(.tcommon)

.preinit_array
 *(.preinit_array)

.init_array     0x000000000002cef8        0x4
 *(SORT(.init_array.*) SORT(.ctors.*))
 *(.init_array EXCLUDE_FILE(*crtend?.o *crtend.o *crtbegin?.o *crtbegin.o) .ctors)
 .init_array    0x000000000002cef8        0x4 /usr/lib/gcc/i686-linux-gnu/4.8/crtbeginS.o

.fini_array     0x000000000002cefc        0x4
 *(SORT(.fini_array.*) SORT(.dtors.*))
 *(.fini_array EXCLUDE_FILE(*crtend?.o *crtend.o *crtbegin?.o *crtbegin.o) .dtors)
 .fini_array    0x000000000002cefc        0x4 /usr/lib/gcc/i686-linux-gnu/4.8/crtbeginS.o

.ctors
 *crtbegin.o(.ctors)
 *crtbegin?.o(.ctors)
 *(EXCLUDE_FILE(*crtend?.o *crtend.o) .ctors)
 *(SORT(.ctors.*))
 *(.ctors)

.dtors
 *crtbegin.o(.dtors)
 *crtbegin?.o(.dtors)
 *(EXCLUDE_FILE(*crtend?.o *crtend.o) .dtors)
 *(SORT(.dtors.*))
 *(.dtors)

.jcr            0x000000000002cf00        0x4
 *(.jcr)
 .jcr           0x000000000002cf00        0x0 /usr/lib/gcc/i686-linux-gnu/4.8/crtbeginS.o
 .jcr           0x000000000002cf00        0x4 /usr/lib/gcc/i686-linux-gnu/4.8/crtendS.o

.data.rel.ro
 *(.data.rel.ro.local* .gnu.linkonce.d.rel.ro.local.*)
 *(.data.rel.ro .data.rel.ro.* .gnu.linkonce.d.rel.ro.*)

.dynamic        0x000000000002cf04       0xe8
 *(.dynamic)
 .dynamic       0x000000000002cf04       0xe8 /usr/lib/gcc/i686-linux-gnu/4.8/../../../i386-linux-gnu/crti.o
                0x000000000002cf04                _DYNAMIC

.got            0x000000000002cfec       0x14
 *(.got)
 .got           0x000000000002cfec       0x14 /usr/lib/gcc/i686-linux-gnu/4.8/../../../i386-linux-gnu/crti.o
 *(.igot)
                0x000000000002dff4                . = DATA_SEGMENT_RELRO_END (., (SIZEOF (.got.plt) >= 0xc)?0xc:0x0)

.got.plt        0x000000000002d000       0x14
 *(.got.plt)
 .got.plt       0x000000000002d000       0x14 /usr/lib/gcc/i686-linux-gnu/4.8/../../../i386-linux-gnu/crti.o
                0x000000000002d000                _GLOBAL_OFFSET_TABLE_
 *(.igot.plt)

.data           0x000000000002d020      0x22a
 *(.data .data.* .gnu.linkonce.d.*)
 .data          0x000000000002d020        0x0 /usr/lib/gcc/i686-linux-gnu/4.8/../../../i386-linux-gnu/crti.o
 .data          0x000000000002d020        0x0 /usr/lib/gcc/i686-linux-gnu/4.8/crtbeginS.o
 .data.rel      0x000000000002d020        0x4 /usr/lib/gcc/i686-linux-gnu/4.8/crtbeginS.o
                0x000000000002d020                __dso_handle
 .data          0x000000000002d024       0x10 udp-client.co
                0x000000000002d024                udp_client_process
 *fill*         0x000000000002d034        0xc 
 .data          0x000000000002d040       0x44 obj_cooja/mtype743.o
                0x000000000002d040                simInterfaces
                0x000000000002d074                sensors
 .data          0x000000000002d084        0x0 obj_cooja/mtype743.a(simEnvChange.o)
 .data          0x000000000002d084        0x0 obj_cooja/mtype743.a(cooja_mt.o)
 .data          0x000000000002d084        0x0 obj_cooja/mtype743.a(cooja_mtarch.o)
 .data          0x000000000002d084        0x0 obj_cooja/mtype743.a(rtimer-arch.o)
 .data          0x000000000002d084        0x0 obj_cooja/mtype743.a(beep.o)
 .data          0x000000000002d084        0x0 obj_cooja/mtype743.a(button-sensor.o)
 .data          0x000000000002d084        0x0 obj_cooja/mtype743.a(leds-arch.o)
 .data          0x000000000002d084        0x0 obj_cooja/mtype743.a(moteid.o)
 .data          0x000000000002d084        0x0 obj_cooja/mtype743.a(pir-sensor.o)
 .data          0x000000000002d084        0x0 obj_cooja/mtype743.a(rs232.o)
 .data          0x000000000002d084        0x0 obj_cooja/mtype743.a(vib-sensor.o)
 .data          0x000000000002d084        0x0 obj_cooja/mtype743.a(clock.o)
 .data          0x000000000002d084        0x0 obj_cooja/mtype743.a(log.o)
 .data          0x000000000002d084        0x0 obj_cooja/mtype743.a(cfs-cooja.o)
 .data          0x000000000002d084       0x38 obj_cooja/mtype743.a(cooja-radio.o)
                0x000000000002d084                simRadioChannel
                0x000000000002d088                simRadioChannelLR
                0x000000000002d08c                simRadioHWOn
                0x000000000002d08d                simRadioHWOnLR
                0x000000000002d090                simSignalStrength
                0x000000000002d094                simSignalStrengthLR
                0x000000000002d098                simLastSignalStrength
                0x000000000002d09c                simLastSignalStrengthLR
                0x000000000002d0a0                simPower
                0x000000000002d0a1                simPowerLR
                0x000000000002d0a4                simLQI
                0x000000000002d0a8                simLQILR
                0x000000000002d0ac                cooja_radio_process
 .data          0x000000000002d0bc        0x0 obj_cooja/mtype743.a(eeprom.o)
 .data          0x000000000002d0bc        0x0 obj_cooja/mtype743.a(random.o)
 .data          0x000000000002d0bc       0x10 obj_cooja/mtype743.a(sensors.o)
                0x000000000002d0bc                sensors_process
 .data          0x000000000002d0cc       0x24 obj_cooja/mtype743.a(dual_conf.o)
                0x000000000002d0cc                radio_received
                0x000000000002d0d0                dual_dio_broadcast
                0x000000000002d0e0                dual_dis_broadcast
 .data          0x000000000002d0f0        0x0 obj_cooja/mtype743.a(autostart.o)
 .data          0x000000000002d0f0       0x14 obj_cooja/mtype743.a(ctimer.o)
                0x000000000002d0f4                ctimer_process
 .data          0x000000000002d104       0x10 obj_cooja/mtype743.a(etimer.o)
                0x000000000002d104                etimer_process
 .data          0x000000000002d114        0x0 obj_cooja/mtype743.a(process.o)
 .data          0x000000000002d114        0x0 obj_cooja/mtype743.a(rtimer.o)
 .data          0x000000000002d114        0x0 obj_cooja/mtype743.a(stimer.o)
 .data          0x000000000002d114        0x0 obj_cooja/mtype743.a(timer.o)
 .data          0x000000000002d114       0x10 obj_cooja/mtype743.a(serial-line.o)
                0x000000000002d114                serial_line_process
 .data          0x000000000002d124        0x0 obj_cooja/mtype743.a(list.o)
 .data          0x000000000002d124        0x0 obj_cooja/mtype743.a(ringbuf.o)
 .data          0x000000000002d124        0x0 obj_cooja/mtype743.a(sicslowpan.o)
 .data          0x000000000002d124       0x14 obj_cooja/mtype743.a(uip-ds6-nbr.o)
                0x000000000002d134                ds6_neighbors
 .data          0x000000000002d138       0x44 obj_cooja/mtype743.a(uip-ds6-route.o)
                0x000000000002d148                nbr_routes
 .data          0x000000000002d17c        0x0 obj_cooja/mtype743.a(uip-ds6.o)
 .data          0x000000000002d17c        0x0 obj_cooja/mtype743.a(uip6.o)
 .data          0x000000000002d17c       0x10 obj_cooja/mtype743.a(tcpip.o)
                0x000000000002d17c                tcpip_process
 .data          0x000000000002d18c        0x0 obj_cooja/mtype743.a(uip-debug.o)
 .data          0x000000000002d18c        0xc obj_cooja/mtype743.a(uip-packetqueue)
 .data          0x000000000002d198        0x0 obj_cooja/mtype743.a(uip-udp-packet.)
 .data          0x000000000002d198       0x14 obj_cooja/mtype743.a(rpl-dag.o)
                0x000000000002d1a8                rpl_parents
 .data          0x000000000002d1ac        0x0 obj_cooja/mtype743.a(rpl-ext-header.)
 .data          0x000000000002d1ac       0x34 obj_cooja/mtype743.a(rpl-icmp6.o)
 .data          0x000000000002d1e0       0x1c obj_cooja/mtype743.a(rpl-jkof.o)
                0x000000000002d1e0                rpl_jkof
 .data          0x000000000002d1fc        0x0 obj_cooja/mtype743.a(rpl-timers.o)
 .data          0x000000000002d1fc        0x0 obj_cooja/mtype743.a(rpl.o)
 .data          0x000000000002d1fc        0x0 obj_cooja/mtype743.a(framer-802154.o)
 .data          0x000000000002d1fc        0x0 obj_cooja/mtype743.a(nullmac.o)
 .data          0x000000000002d1fc        0x0 obj_cooja/mtype743.a(nullrdc.o)
 .data          0x000000000002d1fc        0x0 obj_cooja/mtype743.a(linkaddr.o)
 .data          0x000000000002d1fc       0x10 obj_cooja/mtype743.a(nbr-table.o)
 .data          0x000000000002d20c        0x0 obj_cooja/mtype743.a(netstack.o)
 .data          0x000000000002d20c        0x4 obj_cooja/mtype743.a(packetbuf.o)
 .data          0x000000000002d210       0x18 obj_cooja/mtype743.a(queuebuf.o)
 .data          0x000000000002d228        0x0 obj_cooja/mtype743.a(nullsec.o)
 .data          0x000000000002d228        0x0 obj_cooja/mtype743.a(watchdog.o)
 .data          0x000000000002d228        0x0 obj_cooja/mtype743.a(rimestats.o)
 .data          0x000000000002d228        0x0 obj_cooja/mtype743.a(memb.o)
 .data          0x000000000002d228       0x20 obj_cooja/mtype743.a(uip-icmp6.o)
 .data          0x000000000002d248        0x0 obj_cooja/mtype743.a(uip-nd6.o)
 .data          0x000000000002d248        0x0 obj_cooja/mtype743.a(rpl-nbr-policy.)
 .data          0x000000000002d248        0x2 obj_cooja/mtype743.a(frame802154.o)
 .data          0x000000000002d24a        0x0 obj_cooja/mtype743.a(mac-sequence.o)
 .data          0x000000000002d24a        0x0 obj_cooja/mtype743.a(mac.o)
 .data          0x000000000002d24a        0x0 /usr/lib/gcc/i686-linux-gnu/4.8/crtendS.o
 .data          0x000000000002d24a        0x0 /usr/lib/gcc/i686-linux-gnu/4.8/../../../i386-linux-gnu/crtn.o

.tm_clone_table
                0x000000000002d24c        0x0
 .tm_clone_table
                0x000000000002d24c        0x0 /usr/lib/gcc/i686-linux-gnu/4.8/crtbeginS.o
 .tm_clone_table
                0x000000000002d24c        0x0 /usr/lib/gcc/i686-linux-gnu/4.8/crtendS.o

.data1
 *(.data1)
                0x000000000002d24c                _edata = .
                0x000000000002d24c                PROVIDE (edata, .)
                0x000000000002d24c                . = .
                0x000000000002d24c                __bss_start = .

.bss            0x000000000002d260     0x8388
 *(.dynbss)
 .dynbss        0x0000000000000000        0x0 /usr/lib/gcc/i686-linux-gnu/4.8/../../../i386-linux-gnu/crti.o
 *(.bss .bss.* .gnu.linkonce.b.*)
 .bss           0x000000000002d260        0x0 /usr/lib/gcc/i686-linux-gnu/4.8/../../../i386-linux-gnu/crti.o
 .bss           0x000000000002d260        0x1 /usr/lib/gcc/i686-linux-gnu/4.8/crtbeginS.o
 *fill*         0x000000000002d261       0x1f 
 .bss           0x000000000002d280       0x60 udp-client.co
 .bss           0x000000000002d2e0     0x2030 obj_cooja/mtype743.o
 .bss           0x000000000002f310        0x1 obj_cooja/mtype743.a(simEnvChange.o)
                0x000000000002f310                simDontFallAsleep
 *fill*         0x000000000002f311        0x3 
 .bss           0x000000000002f314        0x4 obj_cooja/mtype743.a(cooja_mt.o)
 .bss           0x000000000002f318        0x4 obj_cooja/mtype743.a(cooja_mtarch.o)
 .bss           0x000000000002f31c        0xc obj_cooja/mtype743.a(rtimer-arch.o)
 .bss           0x000000000002f328        0x0 obj_cooja/mtype743.a(beep.o)
 .bss           0x000000000002f328        0x8 obj_cooja/mtype743.a(button-sensor.o)
 .bss           0x000000000002f330        0x0 obj_cooja/mtype743.a(leds-arch.o)
 .bss           0x000000000002f330        0x0 obj_cooja/mtype743.a(moteid.o)
 .bss           0x000000000002f330        0x1 obj_cooja/mtype743.a(pir-sensor.o)
                0x000000000002f330                simPirValue
 *fill*         0x000000000002f331        0x3 
 .bss           0x000000000002f334        0x4 obj_cooja/mtype743.a(rs232.o)
 .bss           0x000000000002f338        0x1 obj_cooja/mtype743.a(vib-sensor.o)
                0x000000000002f338                simVibValue
 .bss           0x000000000002f339        0x0 obj_cooja/mtype743.a(clock.o)
 *fill*         0x000000000002f339        0x7 
 .bss           0x000000000002f340      0x420 obj_cooja/mtype743.a(log.o)
 .bss           0x000000000002f760      0xfc0 obj_cooja/mtype743.a(cfs-cooja.o)
                0x000000000002f760                simCFSData
                0x0000000000030700                simCFSSize
                0x0000000000030704                simCFSChanged
                0x0000000000030708                simCFSRead
                0x000000000003070c                simCFSWritten
 .bss           0x0000000000030720       0x20 obj_cooja/mtype743.a(cooja-radio.o)
                0x0000000000030720                simReceiving
                0x0000000000030721                simReceivingLR
                0x0000000000030724                simInSize
                0x0000000000030728                simInSizeLR
                0x000000000003072c                simOutSize
                0x0000000000030730                simOutSizeLR
                0x0000000000030734                LongRangeTransmit
                0x0000000000030738                LongRangeReceiving
 .bss           0x0000000000030740        0xc obj_cooja/mtype743.a(eeprom.o)
                0x0000000000030740                simEEPROMChanged
                0x0000000000030744                simEEPROMRead
                0x0000000000030748                simEEPROMWritten
 .bss           0x000000000003074c        0x0 obj_cooja/mtype743.a(random.o)
 .bss           0x000000000003074c        0xc obj_cooja/mtype743.a(sensors.o)
 .bss           0x0000000000030758       0x28 obj_cooja/mtype743.a(dual_conf.o)
                0x0000000000030758                long_range_radio
 .bss           0x0000000000030780        0x0 obj_cooja/mtype743.a(autostart.o)
 .bss           0x0000000000030780        0x5 obj_cooja/mtype743.a(ctimer.o)
 *fill*         0x0000000000030785        0x3 
 .bss           0x0000000000030788        0x8 obj_cooja/mtype743.a(etimer.o)
 *fill*         0x0000000000030790       0x10 
 .bss           0x00000000000307a0      0x1b1 obj_cooja/mtype743.a(process.o)
                0x00000000000307a0                process_list
                0x00000000000307a4                process_current
 *fill*         0x0000000000030951        0x3 
 .bss           0x0000000000030954        0x4 obj_cooja/mtype743.a(rtimer.o)
 .bss           0x0000000000030958        0x0 obj_cooja/mtype743.a(stimer.o)
 .bss           0x0000000000030958        0x0 obj_cooja/mtype743.a(timer.o)
 *fill*         0x0000000000030958        0x8 
 .bss           0x0000000000030960      0x140 obj_cooja/mtype743.a(serial-line.o)
 .bss           0x0000000000030aa0        0x0 obj_cooja/mtype743.a(list.o)
 .bss           0x0000000000030aa0        0x0 obj_cooja/mtype743.a(ringbuf.o)
 .bss           0x0000000000030aa0      0x70c obj_cooja/mtype743.a(sicslowpan.o)
 *fill*         0x00000000000311ac       0x14 
 .bss           0x00000000000311c0      0x1e0 obj_cooja/mtype743.a(uip-ds6-nbr.o)
 .bss           0x00000000000313a0      0x308 obj_cooja/mtype743.a(uip-ds6-route.o)
 .bss           0x00000000000316a8       0x30 obj_cooja/mtype743.a(uip-ds6.o)
 .bss           0x00000000000316d8        0xe obj_cooja/mtype743.a(uip6.o)
                0x00000000000316d8                uip_ext_bitmap
                0x00000000000316d9                uip_ext_len
                0x00000000000316da                uip_ext_opt_offset
 *fill*         0x00000000000316e6       0x1a 
 .bss           0x0000000000031700       0x6a obj_cooja/mtype743.a(tcpip.o)
 .bss           0x000000000003176a        0x0 obj_cooja/mtype743.a(uip-debug.o)
 *fill*         0x000000000003176a       0x16 
 .bss           0x0000000000031780      0xcf8 obj_cooja/mtype743.a(uip-packetqueue)
 .bss           0x0000000000032478        0x0 obj_cooja/mtype743.a(uip-udp-packet.)
 *fill*         0x0000000000032478        0x8 
 .bss           0x0000000000032480      0x140 obj_cooja/mtype743.a(rpl-dag.o)
 .bss           0x00000000000325c0        0x0 obj_cooja/mtype743.a(rpl-ext-header.)
 .bss           0x00000000000325c0        0x0 obj_cooja/mtype743.a(rpl-icmp6.o)
 .bss           0x00000000000325c0        0x0 obj_cooja/mtype743.a(rpl-jkof.o)
 .bss           0x00000000000325c0       0x23 obj_cooja/mtype743.a(rpl-timers.o)
 *fill*         0x00000000000325e3        0x1 
 .bss           0x00000000000325e4        0x4 obj_cooja/mtype743.a(rpl.o)
 .bss           0x00000000000325e8        0x2 obj_cooja/mtype743.a(framer-802154.o)
 .bss           0x00000000000325ea        0x0 obj_cooja/mtype743.a(nullmac.o)
 .bss           0x00000000000325ea        0x0 obj_cooja/mtype743.a(nullrdc.o)
 .bss           0x00000000000325ea        0x0 obj_cooja/mtype743.a(linkaddr.o)
 *fill*         0x00000000000325ea       0x16 
 .bss           0x0000000000032600      0x174 obj_cooja/mtype743.a(nbr-table.o)
 .bss           0x0000000000032774        0x0 obj_cooja/mtype743.a(netstack.o)
 *fill*         0x0000000000032774        0xc 
 .bss           0x0000000000032780       0xa0 obj_cooja/mtype743.a(packetbuf.o)
 .bss           0x0000000000032820      0xb80 obj_cooja/mtype743.a(queuebuf.o)
 .bss           0x00000000000333a0        0x0 obj_cooja/mtype743.a(nullsec.o)
 .bss           0x00000000000333a0        0x0 obj_cooja/mtype743.a(watchdog.o)
 .bss           0x00000000000333a0        0x0 obj_cooja/mtype743.a(rimestats.o)
 .bss           0x00000000000333a0        0x0 obj_cooja/mtype743.a(memb.o)
 .bss           0x00000000000333a0       0x18 obj_cooja/mtype743.a(uip-icmp6.o)
 .bss           0x00000000000333b8        0x0 obj_cooja/mtype743.a(uip-nd6.o)
 *fill*         0x00000000000333b8        0x8 
 .bss           0x00000000000333c0       0x44 obj_cooja/mtype743.a(rpl-nbr-policy.)
 .bss           0x0000000000033404        0x0 obj_cooja/mtype743.a(frame802154.o)
 *fill*         0x0000000000033404       0x1c 
 .bss           0x0000000000033420       0x90 obj_cooja/mtype743.a(mac-sequence.o)
 .bss           0x00000000000334b0        0x0 obj_cooja/mtype743.a(mac.o)
 .bss           0x00000000000334b0        0x0 /usr/lib/gcc/i686-linux-gnu/4.8/crtendS.o
 .bss           0x00000000000334b0        0x0 /usr/lib/gcc/i686-linux-gnu/4.8/../../../i386-linux-gnu/crtn.o
 *(COMMON)
 COMMON         0x00000000000334b0        0x8 obj_cooja/mtype743.o
                0x00000000000334b0                referenceVar
                0x00000000000334b4                sensors_flags
 COMMON         0x00000000000334b8        0xc obj_cooja/mtype743.a(simEnvChange.o)
                0x00000000000334b8                simEtimerPending
                0x00000000000334bc                simProcessRunValue
                0x00000000000334c0                simNextExpirationTime
 COMMON         0x00000000000334c4        0x1 obj_cooja/mtype743.a(beep.o)
                0x00000000000334c4                simBeeped
 COMMON         0x00000000000334c5        0x3 obj_cooja/mtype743.a(button-sensor.o)
                0x00000000000334c5                simButtonIsActive
                0x00000000000334c6                simButtonIsDown
                0x00000000000334c7                simButtonChanged
 COMMON         0x00000000000334c8        0x1 obj_cooja/mtype743.a(leds-arch.o)
                0x00000000000334c8                simLedsValue
 *fill*         0x00000000000334c9        0x3 
 COMMON         0x00000000000334cc        0xc obj_cooja/mtype743.a(moteid.o)
                0x00000000000334cc                simRandomSeed
                0x00000000000334d0                simMoteIDChanged
                0x00000000000334d4                simMoteID
 COMMON         0x00000000000334d8        0x2 obj_cooja/mtype743.a(pir-sensor.o)
                0x00000000000334d8                simPirIsActive
                0x00000000000334d9                simPirChanged
 *fill*         0x00000000000334da        0x6 
 COMMON         0x00000000000334e0      0x820 obj_cooja/mtype743.a(rs232.o)
                0x00000000000334e0                simSerialReceivingFlag
                0x00000000000334e4                simSerialReceivingLength
                0x0000000000033500                simSerialReceivingData
 COMMON         0x0000000000033d00        0x2 obj_cooja/mtype743.a(vib-sensor.o)
                0x0000000000033d00                simVibChanged
                0x0000000000033d01                simVibIsActive
 *fill*         0x0000000000033d02        0x2 
 COMMON         0x0000000000033d04        0x4 obj_cooja/mtype743.a(clock.o)
                0x0000000000033d04                simCurrentTime
 *fill*         0x0000000000033d08       0x18 
 COMMON         0x0000000000033d20      0x420 obj_cooja/mtype743.a(log.o)
                0x0000000000033d20                simLoggedLength
                0x0000000000033d24                simLoggedFlag
                0x0000000000033d40                simLoggedData
 COMMON         0x0000000000034140      0x200 obj_cooja/mtype743.a(cooja-radio.o)
                0x0000000000034140                simOutDataBuffer
                0x00000000000341c0                simInDataBufferLR
                0x0000000000034240                simOutDataBufferLR
                0x00000000000342c0                simInDataBuffer
 COMMON         0x0000000000034340      0x400 obj_cooja/mtype743.a(eeprom.o)
                0x0000000000034340                simEEPROMData
 COMMON         0x0000000000034740        0x1 obj_cooja/mtype743.a(sensors.o)
                0x0000000000034740                sensors_event
 COMMON         0x0000000000034741        0x1 obj_cooja/mtype743.a(serial-line.o)
                0x0000000000034741                serial_line_event_message
 *fill*         0x0000000000034742       0x1e 
 COMMON         0x0000000000034760       0xc8 obj_cooja/mtype743.a(uip-ds6-nbr.o)
                0x0000000000034760                ds6_lr_addrmap
 *fill*         0x0000000000034828       0x18 
 COMMON         0x0000000000034840      0x298 obj_cooja/mtype743.a(uip-ds6.o)
                0x0000000000034840                uip_ds6_prefix_list
                0x00000000000348a0                uip_ds6_timer_periodic
                0x00000000000348b0                uip_ds6_netif_addr_list_offset
                0x00000000000348c0                uip_ds6_if
                0x00000000000349b8                uip_ds6_timer_ra
                0x00000000000349c0                uip_ds6_addr_size
                0x00000000000349e0                long_uip_ds6_if
 *fill*         0x0000000000034ad8        0x8 
 COMMON         0x0000000000034ae0      0x8ec obj_cooja/mtype743.a(uip6.o)
                0x0000000000034ae0                uip_slen
                0x0000000000034ae2                uip_acc32
                0x0000000000034b00                uip_conns
                0x0000000000034bc0                uip_lladdr
                0x0000000000034bc8                uip_appdata
                0x0000000000034bcc                uip_flags
                0x0000000000034be0                uip_aligned_buf
                0x0000000000035220                uip_listenports
                0x0000000000035230                uip_len
                0x0000000000035232                uip_long_lladdr
                0x000000000003523c                uip_sappdata
                0x0000000000035240                uip_udp_conns
                0x00000000000353c0                uip_udp_conn
                0x00000000000353c4                uip_next_hdr
                0x00000000000353c8                uip_conn
 COMMON         0x00000000000353cc        0x1 obj_cooja/mtype743.a(tcpip.o)
                0x00000000000353cc                tcpip_event
 *fill*         0x00000000000353cd       0x13 
 COMMON         0x00000000000353e0      0x170 obj_cooja/mtype743.a(rpl-dag.o)
                0x00000000000353e0                default_instance
                0x0000000000035400                instance_table
 COMMON         0x0000000000035550       0x10 obj_cooja/mtype743.a(linkaddr.o)
                0x0000000000035550                linkaddr_node_addr
                0x0000000000035558                long_linkaddr_node_addr
 COMMON         0x0000000000035560       0x2e obj_cooja/mtype743.a(packetbuf.o)
                0x0000000000035560                packetbuf_attrs
                0x000000000003557e                packetbuf_addrs
 *fill*         0x000000000003558e       0x12 
 COMMON         0x00000000000355a0       0x48 obj_cooja/mtype743.a(rimestats.o)
                0x00000000000355a0                rimestats
                0x00000000000355e8                . = ALIGN ((. != 0x0)?0x4:0x1)
                0x00000000000355e8                . = ALIGN (0x4)
                0x00000000000355e8                . = SEGMENT_START ("ldata-segment", .)
                0x00000000000355e8                . = ALIGN (0x4)
                0x00000000000355e8                _end = .
                0x00000000000355e8                PROVIDE (end, .)
                0x00000000000355e8                . = DATA_SEGMENT_END (.)

.stab
 *(.stab)

.stabstr
 *(.stabstr)

.stab.excl
 *(.stab.excl)

.stab.exclstr
 *(.stab.exclstr)

.stab.index
 *(.stab.index)

.stab.indexstr
 *(.stab.indexstr)

.comment        0x0000000000000000       0x2b
 *(.comment)
 .comment       0x0000000000000000       0x2b /usr/lib/gcc/i686-linux-gnu/4.8/crtbeginS.o
                                         0x2c (size before relaxing)
 .comment       0x0000000000000000       0x2c udp-client.co
 .comment       0x0000000000000000       0x2c obj_cooja/mtype743.o
 .comment       0x0000000000000000       0x2c obj_cooja/mtype743.a(simEnvChange.o)
 .comment       0x0000000000000000       0x2c obj_cooja/mtype743.a(cooja_mt.o)
 .comment       0x0000000000000000       0x2c obj_cooja/mtype743.a(cooja_mtarch.o)
 .comment       0x0000000000000000       0x2c obj_cooja/mtype743.a(rtimer-arch.o)
 .comment       0x0000000000000000       0x2c obj_cooja/mtype743.a(beep.o)
 .comment       0x0000000000000000       0x2c obj_cooja/mtype743.a(button-sensor.o)
 .comment       0x0000000000000000       0x2c obj_cooja/mtype743.a(leds-arch.o)
 .comment       0x0000000000000000       0x2c obj_cooja/mtype743.a(moteid.o)
 .comment       0x0000000000000000       0x2c obj_cooja/mtype743.a(pir-sensor.o)
 .comment       0x0000000000000000       0x2c obj_cooja/mtype743.a(rs232.o)
 .comment       0x0000000000000000       0x2c obj_cooja/mtype743.a(vib-sensor.o)
 .comment       0x0000000000000000       0x2c obj_cooja/mtype743.a(clock.o)
 .comment       0x0000000000000000       0x2c obj_cooja/mtype743.a(log.o)
 .comment       0x0000000000000000       0x2c obj_cooja/mtype743.a(cfs-cooja.o)
 .comment       0x0000000000000000       0x2c obj_cooja/mtype743.a(cooja-radio.o)
 .comment       0x0000000000000000       0x2c obj_cooja/mtype743.a(eeprom.o)
 .comment       0x0000000000000000       0x2c obj_cooja/mtype743.a(random.o)
 .comment       0x0000000000000000       0x2c obj_cooja/mtype743.a(sensors.o)
 .comment       0x0000000000000000       0x2c obj_cooja/mtype743.a(dual_conf.o)
 .comment       0x0000000000000000       0x2c obj_cooja/mtype743.a(autostart.o)
 .comment       0x0000000000000000       0x2c obj_cooja/mtype743.a(ctimer.o)
 .comment       0x0000000000000000       0x2c obj_cooja/mtype743.a(etimer.o)
 .comment       0x0000000000000000       0x2c obj_cooja/mtype743.a(process.o)
 .comment       0x0000000000000000       0x2c obj_cooja/mtype743.a(rtimer.o)
 .comment       0x0000000000000000       0x2c obj_cooja/mtype743.a(stimer.o)
 .comment       0x0000000000000000       0x2c obj_cooja/mtype743.a(timer.o)
 .comment       0x0000000000000000       0x2c obj_cooja/mtype743.a(serial-line.o)
 .comment       0x0000000000000000       0x2c obj_cooja/mtype743.a(list.o)
 .comment       0x0000000000000000       0x2c obj_cooja/mtype743.a(ringbuf.o)
 .comment       0x0000000000000000       0x2c obj_cooja/mtype743.a(sicslowpan.o)
 .comment       0x0000000000000000       0x2c obj_cooja/mtype743.a(uip-ds6-nbr.o)
 .comment       0x0000000000000000       0x2c obj_cooja/mtype743.a(uip-ds6-route.o)
 .comment       0x0000000000000000       0x2c obj_cooja/mtype743.a(uip-ds6.o)
 .comment       0x0000000000000000       0x2c obj_cooja/mtype743.a(uip6.o)
 .comment       0x0000000000000000       0x2c obj_cooja/mtype743.a(tcpip.o)
 .comment       0x0000000000000000       0x2c obj_cooja/mtype743.a(uip-debug.o)
 .comment       0x0000000000000000       0x2c obj_cooja/mtype743.a(uip-packetqueue)
 .comment       0x0000000000000000       0x2c obj_cooja/mtype743.a(uip-udp-packet.)
 .comment       0x0000000000000000       0x2c obj_cooja/mtype743.a(rpl-dag.o)
 .comment       0x0000000000000000       0x2c obj_cooja/mtype743.a(rpl-ext-header.)
 .comment       0x0000000000000000       0x2c obj_cooja/mtype743.a(rpl-icmp6.o)
 .comment       0x0000000000000000       0x2c obj_cooja/mtype743.a(rpl-jkof.o)
 .comment       0x0000000000000000       0x2c obj_cooja/mtype743.a(rpl-timers.o)
 .comment       0x0000000000000000       0x2c obj_cooja/mtype743.a(rpl.o)
 .comment       0x0000000000000000       0x2c obj_cooja/mtype743.a(framer-802154.o)
 .comment       0x0000000000000000       0x2c obj_cooja/mtype743.a(nullmac.o)
 .comment       0x0000000000000000       0x2c obj_cooja/mtype743.a(nullrdc.o)
 .comment       0x0000000000000000       0x2c obj_cooja/mtype743.a(linkaddr.o)
 .comment       0x0000000000000000       0x2c obj_cooja/mtype743.a(nbr-table.o)
 .comment       0x0000000000000000       0x2c obj_cooja/mtype743.a(netstack.o)
 .comment       0x0000000000000000       0x2c obj_cooja/mtype743.a(packetbuf.o)
 .comment       0x0000000000000000       0x2c obj_cooja/mtype743.a(queuebuf.o)
 .comment       0x0000000000000000       0x2c obj_cooja/mtype743.a(nullsec.o)
 .comment       0x0000000000000000       0x2c obj_cooja/mtype743.a(watchdog.o)
 .comment       0x0000000000000000       0x2c obj_cooja/mtype743.a(rimestats.o)
 .comment       0x0000000000000000       0x2c obj_cooja/mtype743.a(memb.o)
 .comment       0x0000000000000000       0x2c obj_cooja/mtype743.a(uip-icmp6.o)
 .comment       0x0000000000000000       0x2c obj_cooja/mtype743.a(uip-nd6.o)
 .comment       0x0000000000000000       0x2c obj_cooja/mtype743.a(rpl-nbr-policy.)
 .comment       0x0000000000000000       0x2c obj_cooja/mtype743.a(frame802154.o)
 .comment       0x0000000000000000       0x2c obj_cooja/mtype743.a(mac-sequence.o)
 .comment       0x0000000000000000       0x2c obj_cooja/mtype743.a(mac.o)
 .comment       0x0000000000000000       0x2c /usr/lib/gcc/i686-linux-gnu/4.8/crtendS.o

.debug
 *(.debug)

.line
 *(.line)

.debug_srcinfo
 *(.debug_srcinfo)

.debug_sfnames
 *(.debug_sfnames)

.debug_aranges  0x0000000000000000      0x7f8
 *(.debug_aranges)
 .debug_aranges
                0x0000000000000000       0x20 udp-client.co
 .debug_aranges
                0x0000000000000020       0x20 obj_cooja/mtype743.o
 .debug_aranges
                0x0000000000000040       0x20 obj_cooja/mtype743.a(simEnvChange.o)
 .debug_aranges
                0x0000000000000060       0x20 obj_cooja/mtype743.a(cooja_mt.o)
 .debug_aranges
                0x0000000000000080       0x20 obj_cooja/mtype743.a(cooja_mtarch.o)
 .debug_aranges
                0x00000000000000a0       0x20 obj_cooja/mtype743.a(rtimer-arch.o)
 .debug_aranges
                0x00000000000000c0       0x20 obj_cooja/mtype743.a(beep.o)
 .debug_aranges
                0x00000000000000e0       0x20 obj_cooja/mtype743.a(button-sensor.o)
 .debug_aranges
                0x0000000000000100       0x20 obj_cooja/mtype743.a(leds-arch.o)
 .debug_aranges
                0x0000000000000120       0x20 obj_cooja/mtype743.a(moteid.o)
 .debug_aranges
                0x0000000000000140       0x20 obj_cooja/mtype743.a(pir-sensor.o)
 .debug_aranges
                0x0000000000000160       0x20 obj_cooja/mtype743.a(rs232.o)
 .debug_aranges
                0x0000000000000180       0x20 obj_cooja/mtype743.a(vib-sensor.o)
 .debug_aranges
                0x00000000000001a0       0x20 obj_cooja/mtype743.a(clock.o)
 .debug_aranges
                0x00000000000001c0       0x20 obj_cooja/mtype743.a(log.o)
 .debug_aranges
                0x00000000000001e0       0x20 obj_cooja/mtype743.a(cfs-cooja.o)
 .debug_aranges
                0x0000000000000200       0x20 obj_cooja/mtype743.a(cooja-radio.o)
 .debug_aranges
                0x0000000000000220       0x20 obj_cooja/mtype743.a(eeprom.o)
 .debug_aranges
                0x0000000000000240       0x20 obj_cooja/mtype743.a(random.o)
 .debug_aranges
                0x0000000000000260       0x20 obj_cooja/mtype743.a(sensors.o)
 .debug_aranges
                0x0000000000000280       0x20 obj_cooja/mtype743.a(dual_conf.o)
 .debug_aranges
                0x00000000000002a0       0x20 obj_cooja/mtype743.a(autostart.o)
 .debug_aranges
                0x00000000000002c0       0x20 obj_cooja/mtype743.a(ctimer.o)
 .debug_aranges
                0x00000000000002e0       0x20 obj_cooja/mtype743.a(etimer.o)
 .debug_aranges
                0x0000000000000300       0x20 obj_cooja/mtype743.a(process.o)
 .debug_aranges
                0x0000000000000320       0x20 obj_cooja/mtype743.a(rtimer.o)
 .debug_aranges
                0x0000000000000340       0x20 obj_cooja/mtype743.a(stimer.o)
 .debug_aranges
                0x0000000000000360       0x20 obj_cooja/mtype743.a(timer.o)
 .debug_aranges
                0x0000000000000380       0x20 obj_cooja/mtype743.a(serial-line.o)
 .debug_aranges
                0x00000000000003a0       0x20 obj_cooja/mtype743.a(list.o)
 .debug_aranges
                0x00000000000003c0       0x20 obj_cooja/mtype743.a(ringbuf.o)
 .debug_aranges
                0x00000000000003e0       0x20 obj_cooja/mtype743.a(sicslowpan.o)
 .debug_aranges
                0x0000000000000400       0x20 obj_cooja/mtype743.a(uip-ds6-nbr.o)
 .debug_aranges
                0x0000000000000420       0x20 obj_cooja/mtype743.a(uip-ds6-route.o)
 .debug_aranges
                0x0000000000000440       0x20 obj_cooja/mtype743.a(uip-ds6.o)
 .debug_aranges
                0x0000000000000460       0x20 obj_cooja/mtype743.a(uip6.o)
 .debug_aranges
                0x0000000000000480       0x20 obj_cooja/mtype743.a(tcpip.o)
 .debug_aranges
                0x00000000000004a0       0x20 obj_cooja/mtype743.a(uip-debug.o)
 .debug_aranges
                0x00000000000004c0       0x20 obj_cooja/mtype743.a(uip-packetqueue)
 .debug_aranges
                0x00000000000004e0       0x20 obj_cooja/mtype743.a(uip-udp-packet.)
 .debug_aranges
                0x0000000000000500       0x20 obj_cooja/mtype743.a(rpl-dag.o)
 .debug_aranges
                0x0000000000000520       0x20 obj_cooja/mtype743.a(rpl-ext-header.)
 .debug_aranges
                0x0000000000000540       0x20 obj_cooja/mtype743.a(rpl-icmp6.o)
 .debug_aranges
                0x0000000000000560       0x20 obj_cooja/mtype743.a(rpl-jkof.o)
 .debug_aranges
                0x0000000000000580       0x20 obj_cooja/mtype743.a(rpl-timers.o)
 .debug_aranges
                0x00000000000005a0       0x20 obj_cooja/mtype743.a(rpl.o)
 .debug_aranges
                0x00000000000005c0       0x20 obj_cooja/mtype743.a(framer-802154.o)
 .debug_aranges
                0x00000000000005e0       0x20 obj_cooja/mtype743.a(nullmac.o)
 .debug_aranges
                0x0000000000000600       0x20 obj_cooja/mtype743.a(nullrdc.o)
 .debug_aranges
                0x0000000000000620       0x20 obj_cooja/mtype743.a(linkaddr.o)
 .debug_aranges
                0x0000000000000640       0x20 obj_cooja/mtype743.a(nbr-table.o)
 .debug_aranges
                0x0000000000000660       0x20 obj_cooja/mtype743.a(netstack.o)
 .debug_aranges
                0x0000000000000680       0x20 obj_cooja/mtype743.a(packetbuf.o)
 .debug_aranges
                0x00000000000006a0       0x20 obj_cooja/mtype743.a(queuebuf.o)
 .debug_aranges
                0x00000000000006c0       0x20 obj_cooja/mtype743.a(nullsec.o)
 .debug_aranges
                0x00000000000006e0       0x20 obj_cooja/mtype743.a(watchdog.o)
 .debug_aranges
                0x0000000000000700       0x18 obj_cooja/mtype743.a(rimestats.o)
 .debug_aranges
                0x0000000000000718       0x20 obj_cooja/mtype743.a(memb.o)
 .debug_aranges
                0x0000000000000738       0x20 obj_cooja/mtype743.a(uip-icmp6.o)
 .debug_aranges
                0x0000000000000758       0x20 obj_cooja/mtype743.a(uip-nd6.o)
 .debug_aranges
                0x0000000000000778       0x20 obj_cooja/mtype743.a(rpl-nbr-policy.)
 .debug_aranges
                0x0000000000000798       0x20 obj_cooja/mtype743.a(frame802154.o)
 .debug_aranges
                0x00000000000007b8       0x20 obj_cooja/mtype743.a(mac-sequence.o)
 .debug_aranges
                0x00000000000007d8       0x20 obj_cooja/mtype743.a(mac.o)

.debug_pubnames
 *(.debug_pubnames)

.debug_info     0x0000000000000000    0x1b0ce
 *(.debug_info .gnu.linkonce.wi.*)
 .debug_info    0x0000000000000000      0x8be udp-client.co
 .debug_info    0x00000000000008be     0x3771 obj_cooja/mtype743.o
 .debug_info    0x000000000000402f      0x15a obj_cooja/mtype743.a(simEnvChange.o)
 .debug_info    0x0000000000004189      0x1e2 obj_cooja/mtype743.a(cooja_mt.o)
 .debug_info    0x000000000000436b      0x2e7 obj_cooja/mtype743.a(cooja_mtarch.o)
 .debug_info    0x0000000000004652      0x16b obj_cooja/mtype743.a(rtimer-arch.o)
 .debug_info    0x00000000000047bd      0x1f3 obj_cooja/mtype743.a(beep.o)
 .debug_info    0x00000000000049b0      0x257 obj_cooja/mtype743.a(button-sensor.o)
 .debug_info    0x0000000000004c07      0x132 obj_cooja/mtype743.a(leds-arch.o)
 .debug_info    0x0000000000004d39      0x10a obj_cooja/mtype743.a(moteid.o)
 .debug_info    0x0000000000004e43      0x216 obj_cooja/mtype743.a(pir-sensor.o)
 .debug_info    0x0000000000005059      0x21e obj_cooja/mtype743.a(rs232.o)
 .debug_info    0x0000000000005277      0x216 obj_cooja/mtype743.a(vib-sensor.o)
 .debug_info    0x000000000000548d      0x152 obj_cooja/mtype743.a(clock.o)
 .debug_info    0x00000000000055df      0x2bb obj_cooja/mtype743.a(log.o)
 .debug_info    0x000000000000589a      0x3cf obj_cooja/mtype743.a(cfs-cooja.o)
 .debug_info    0x0000000000005c69      0xcb8 obj_cooja/mtype743.a(cooja-radio.o)
 .debug_info    0x0000000000006921      0x1d5 obj_cooja/mtype743.a(eeprom.o)
 .debug_info    0x0000000000006af6       0xb3 obj_cooja/mtype743.a(random.o)
 .debug_info    0x0000000000006ba9      0x36d obj_cooja/mtype743.a(sensors.o)
 .debug_info    0x0000000000006f16      0x9a9 obj_cooja/mtype743.a(dual_conf.o)
 .debug_info    0x00000000000078bf      0x1a5 obj_cooja/mtype743.a(autostart.o)
 .debug_info    0x0000000000007a64      0x46c obj_cooja/mtype743.a(ctimer.o)
 .debug_info    0x0000000000007ed0      0x49c obj_cooja/mtype743.a(etimer.o)
 .debug_info    0x000000000000836c      0x4ba obj_cooja/mtype743.a(process.o)
 .debug_info    0x0000000000008826      0x1ab obj_cooja/mtype743.a(rtimer.o)
 .debug_info    0x00000000000089d1      0x179 obj_cooja/mtype743.a(stimer.o)
 .debug_info    0x0000000000008b4a      0x16c obj_cooja/mtype743.a(timer.o)
 .debug_info    0x0000000000008cb6      0x2de obj_cooja/mtype743.a(serial-line.o)
 .debug_info    0x0000000000008f94      0x2ed obj_cooja/mtype743.a(list.o)
 .debug_info    0x0000000000009281      0x1aa obj_cooja/mtype743.a(ringbuf.o)
 .debug_info    0x000000000000942b     0x105e obj_cooja/mtype743.a(sicslowpan.o)
 .debug_info    0x000000000000a489      0x8c7 obj_cooja/mtype743.a(uip-ds6-nbr.o)
 .debug_info    0x000000000000ad50      0xd30 obj_cooja/mtype743.a(uip-ds6-route.o)
 .debug_info    0x000000000000ba80      0xc19 obj_cooja/mtype743.a(uip-ds6.o)
 .debug_info    0x000000000000c699      0xea0 obj_cooja/mtype743.a(uip6.o)
 .debug_info    0x000000000000d539     0x14bf obj_cooja/mtype743.a(tcpip.o)
 .debug_info    0x000000000000e9f8      0x1b5 obj_cooja/mtype743.a(uip-debug.o)
 .debug_info    0x000000000000ebad      0x470 obj_cooja/mtype743.a(uip-packetqueue)
 .debug_info    0x000000000000f01d      0x37a obj_cooja/mtype743.a(uip-udp-packet.)
 .debug_info    0x000000000000f397     0x190c obj_cooja/mtype743.a(rpl-dag.o)
 .debug_info    0x0000000000010ca3      0xe37 obj_cooja/mtype743.a(rpl-ext-header.)
 .debug_info    0x0000000000011ada     0x1769 obj_cooja/mtype743.a(rpl-icmp6.o)
 .debug_info    0x0000000000013243      0xb0f obj_cooja/mtype743.a(rpl-jkof.o)
 .debug_info    0x0000000000013d52      0xbf7 obj_cooja/mtype743.a(rpl-timers.o)
 .debug_info    0x0000000000014949      0xcea obj_cooja/mtype743.a(rpl.o)
 .debug_info    0x0000000000015633      0x5ed obj_cooja/mtype743.a(framer-802154.o)
 .debug_info    0x0000000000015c20      0x3d5 obj_cooja/mtype743.a(nullmac.o)
 .debug_info    0x0000000000015ff5      0xcee obj_cooja/mtype743.a(nullrdc.o)
 .debug_info    0x0000000000016ce3      0x198 obj_cooja/mtype743.a(linkaddr.o)
 .debug_info    0x0000000000016e7b      0x9c3 obj_cooja/mtype743.a(nbr-table.o)
 .debug_info    0x000000000001783e      0x4ba obj_cooja/mtype743.a(netstack.o)
 .debug_info    0x0000000000017cf8      0x478 obj_cooja/mtype743.a(packetbuf.o)
 .debug_info    0x0000000000018170      0x57d obj_cooja/mtype743.a(queuebuf.o)
 .debug_info    0x00000000000186ed      0x3aa obj_cooja/mtype743.a(nullsec.o)
 .debug_info    0x0000000000018a97       0x7b obj_cooja/mtype743.a(watchdog.o)
 .debug_info    0x0000000000018b12      0x119 obj_cooja/mtype743.a(rimestats.o)
 .debug_info    0x0000000000018c2b      0x1d7 obj_cooja/mtype743.a(memb.o)
 .debug_info    0x0000000000018e02      0x784 obj_cooja/mtype743.a(uip-icmp6.o)
 .debug_info    0x0000000000019586      0x331 obj_cooja/mtype743.a(uip-nd6.o)
 .debug_info    0x00000000000198b7      0xdba obj_cooja/mtype743.a(rpl-nbr-policy.)
 .debug_info    0x000000000001a671      0x6b4 obj_cooja/mtype743.a(frame802154.o)
 .debug_info    0x000000000001ad25      0x297 obj_cooja/mtype743.a(mac-sequence.o)
 .debug_info    0x000000000001afbc      0x112 obj_cooja/mtype743.a(mac.o)

.debug_abbrev   0x0000000000000000     0x6700
 *(.debug_abbrev)
 .debug_abbrev  0x0000000000000000      0x1c0 udp-client.co
 .debug_abbrev  0x00000000000001c0      0x2b3 obj_cooja/mtype743.o
 .debug_abbrev  0x0000000000000473       0xc3 obj_cooja/mtype743.a(simEnvChange.o)