Archive member included to satisfy reference by file (symbol)

obj_cooja/mtype235.a(simEnvChange.o)
                              obj_cooja/mtype235.o (simDontFallAsleep)
obj_cooja/mtype235.a(cooja_mt.o)
                              obj_cooja/mtype235.o (cooja_mt_start)
obj_cooja/mtype235.a(cooja_mtarch.o)
                              obj_cooja/mtype235.a(cooja_mt.o) (cooja_mtarch_init)
obj_cooja/mtype235.a(rtimer-arch.o)
                              obj_cooja/mtype235.o (rtimer_arch_next)
obj_cooja/mtype235.a(beep.o)  obj_cooja/mtype235.o (beep_interface)
obj_cooja/mtype235.a(button-sensor.o)
                              obj_cooja/mtype235.o (button_interface)
obj_cooja/mtype235.a(leds-arch.o)
                              obj_cooja/mtype235.o (leds_interface)
obj_cooja/mtype235.a(moteid.o)
                              obj_cooja/mtype235.o (moteid_interface)
obj_cooja/mtype235.a(pir-sensor.o)
                              obj_cooja/mtype235.o (pir_interface)
obj_cooja/mtype235.a(rs232.o)
                              obj_cooja/mtype235.o (rs232_interface)
obj_cooja/mtype235.a(vib-sensor.o)
                              obj_cooja/mtype235.o (vib_interface)
obj_cooja/mtype235.a(clock.o)
                              obj_cooja/mtype235.o (clock_interface)
obj_cooja/mtype235.a(log.o)   obj_cooja/mtype235.o (simlog_interface)
obj_cooja/mtype235.a(cfs-cooja.o)
                              obj_cooja/mtype235.o (cfs_interface)
obj_cooja/mtype235.a(cooja-radio.o)
                              obj_cooja/mtype235.o (radio_interface)
obj_cooja/mtype235.a(eeprom.o)
                              obj_cooja/mtype235.o (eeprom_interface)
obj_cooja/mtype235.a(random.o)
                              obj_cooja/mtype235.a(moteid.o) (random_init)
obj_cooja/mtype235.a(sensors.o)
                              obj_cooja/mtype235.o (sensors_process)
obj_cooja/mtype235.a(dual_conf.o)
                              obj_cooja/mtype235.a(cooja-radio.o) (long_range_radio)
obj_cooja/mtype235.a(autostart.o)
                              obj_cooja/mtype235.o (autostart_start)
obj_cooja/mtype235.a(ctimer.o)
                              obj_cooja/mtype235.o (ctimer_init)
obj_cooja/mtype235.a(etimer.o)
                              obj_cooja/mtype235.o (etimer_process)
obj_cooja/mtype235.a(log_message.o)
                              obj_cooja/mtype235.o (log_initialization)
obj_cooja/mtype235.a(process.o)
                              obj_cooja/mtype235.a(ctimer.o) (process_current)
obj_cooja/mtype235.a(rtimer.o)
                              obj_cooja/mtype235.a(rtimer-arch.o) (rtimer_run_next)
obj_cooja/mtype235.a(timer.o)
                              obj_cooja/mtype235.a(button-sensor.o) (timer_set)
obj_cooja/mtype235.a(serial-line.o)
                              obj_cooja/mtype235.a(rs232.o) (serial_line_input_byte)
obj_cooja/mtype235.a(list.o)  obj_cooja/mtype235.a(ctimer.o) (list_init)
obj_cooja/mtype235.a(ringbuf.o)
                              obj_cooja/mtype235.a(serial-line.o) (ringbuf_init)
obj_cooja/mtype235.a(sicslowpan.o)
                              obj_cooja/mtype235.o (sicslowpan_driver)
obj_cooja/mtype235.a(uip-ds6-nbr.o)
                              obj_cooja/mtype235.a(sicslowpan.o) (uip_ds6_link_neighbor_callback)
obj_cooja/mtype235.a(uip-ds6.o)
                              obj_cooja/mtype235.o (uip_ds6_set_addr_iid)
obj_cooja/mtype235.a(uip6.o)  obj_cooja/mtype235.o (uip_lladdr)
obj_cooja/mtype235.a(tcpip.o)
                              obj_cooja/mtype235.a(sicslowpan.o) (tcpip_set_outputfunc)
obj_cooja/mtype235.a(uip-packetqueue)
                              obj_cooja/mtype235.a(uip-ds6-nbr.o) (uip_packetqueue_new)
obj_cooja/mtype235.a(rpl-dag.o)
                              obj_cooja/mtype235.a(tcpip.o) (rpl_repair_root)
obj_cooja/mtype235.a(rpl-ext-header.)
                              obj_cooja/mtype235.a(uip6.o) (rpl_verify_header)
obj_cooja/mtype235.a(rpl-icmp6.o)
                              obj_cooja/mtype235.a(rpl-dag.o) (rpl_icmp6_update_nbr_table)
obj_cooja/mtype235.a(rpl-ltmax-of.o)
                              obj_cooja/mtype235.a(rpl-dag.o) (rpl_ltmax_of)
obj_cooja/mtype235.a(rpl-timers.o)
                              obj_cooja/mtype235.a(rpl-dag.o) (rpl_reset_dio_timer)
obj_cooja/mtype235.a(rpl.o)   obj_cooja/mtype235.a(rpl-icmp6.o) (rpl_get_mode)
obj_cooja/mtype235.a(framer-802154.o)
                              obj_cooja/mtype235.a(sicslowpan.o) (framer_802154)
obj_cooja/mtype235.a(nullmac.o)
                              obj_cooja/mtype235.o (nullmac_driver)
obj_cooja/mtype235.a(nullrdc.o)
                              obj_cooja/mtype235.o (nullrdc_driver)
obj_cooja/mtype235.a(linkaddr.o)
                              obj_cooja/mtype235.o (linkaddr_node_addr)
obj_cooja/mtype235.a(nbr-table.o)
                              obj_cooja/mtype235.a(uip-ds6-nbr.o) (lladdr_map_add_lr)
obj_cooja/mtype235.a(netstack.o)
                              obj_cooja/mtype235.o (netstack_init)
[...]
Memory Configuration

Name             Origin             Length             Attributes
*default*        0x0000000000000000 0xffffffffffffffff

Linker script and memory map

LOAD /usr/lib/gcc/i686-linux-gnu/4.8/../../../i386-linux-gnu/crti.o
LOAD /usr/lib/gcc/i686-linux-gnu/4.8/crtbeginS.o
LOAD log_test.co
LOAD obj_cooja/mtype235.o
LOAD obj_cooja/mtype235.a
LOAD /usr/lib/gcc/i686-linux-gnu/4.8/libgcc.a
LOAD /usr/lib/gcc/i686-linux-gnu/4.8/libgcc_s.so
LOAD /usr/lib/gcc/i686-linux-gnu/4.8/../../../i386-linux-gnu/libc.so
START GROUP
LOAD /lib/i386-linux-gnu/libc.so.6
LOAD /usr/lib/i386-linux-gnu/libc_nonshared.a
LOAD /lib/i386-linux-gnu/ld-linux.so.2
END GROUP
LOAD /usr/lib/gcc/i686-linux-gnu/4.8/libgcc.a
LOAD /usr/lib/gcc/i686-linux-gnu/4.8/libgcc_s.so
LOAD /usr/lib/gcc/i686-linux-gnu/4.8/crtendS.o
LOAD /usr/lib/gcc/i686-linux-gnu/4.8/../../../i386-linux-gnu/crtn.o
                0x0000000000000114                . = (0x0 + SIZEOF_HEADERS)

.note.gnu.build-id
                0x0000000000000114       0x24
 *(.note.gnu.build-id)
 .note.gnu.build-id
                0x0000000000000114       0x24 /usr/lib/gcc/i686-linux-gnu/4.8/../../../i386-linux-gnu/crti.o

.hash
 *(.hash)

.gnu.hash       0x0000000000000138     0x130c
 *(.gnu.hash)
 .gnu.hash      0x0000000000000138     0x130c /usr/lib/gcc/i686-linux-gnu/4.8/../../../i386-linux-gnu/crti.o

.dynsym         0x0000000000001444     0x2480
 *(.dynsym)
 .dynsym        0x0000000000001444     0x2480 /usr/lib/gcc/i686-linux-gnu/4.8/../../../i386-linux-gnu/crti.o

.dynstr         0x00000000000038c4     0x25c5
 *(.dynstr)
 .dynstr        0x00000000000038c4     0x25c5 /usr/lib/gcc/i686-linux-gnu/4.8/../../../i386-linux-gnu/crti.o

.gnu.version    0x0000000000005e8a      0x490
 *(.gnu.version)
 .gnu.version   0x0000000000005e8a      0x490 /usr/lib/gcc/i686-linux-gnu/4.8/../../../i386-linux-gnu/crti.o

.gnu.version_d  0x000000000000631c        0x0
 *(.gnu.version_d)
 .gnu.version_d
                0x0000000000000000        0x0 /usr/lib/gcc/i686-linux-gnu/4.8/../../../i386-linux-gnu/crti.o

.gnu.version_r  0x000000000000631c       0x50
 *(.gnu.version_r)
 .gnu.version_r
                0x000000000000631c       0x50 /usr/lib/gcc/i686-linux-gnu/4.8/../../../i386-linux-gnu/crti.o

.rel.dyn        0x000000000000636c     0x8a90
 *(.rel.init)
 .rel.init      0x0000000000000000        0x0 /usr/lib/gcc/i686-linux-gnu/4.8/../../../i386-linux-gnu/crti.o
 *(.rel.text .rel.text.* .rel.gnu.linkonce.t.*)
 .rel.text      0x000000000000636c     0x8300 /usr/lib/gcc/i686-linux-gnu/4.8/../../../i386-linux-gnu/crti.o
 *(.rel.fini)
 .rel.fini      0x0000000000000000        0x0 /usr/lib/gcc/i686-linux-gnu/4.8/../../../i386-linux-gnu/crti.o
 *(.rel.rodata .rel.rodata.* .rel.gnu.linkonce.r.*)
 .rel.rodata    0x000000000000e66c      0x4e0 /usr/lib/gcc/i686-linux-gnu/4.8/../../../i386-linux-gnu/crti.o
 *(.rel.data.rel.ro .rel.data.rel.ro.* .rel.gnu.linkonce.d.rel.ro.*)
 *(.rel.data .rel.data.* .rel.gnu.linkonce.d.*)
 .rel.data.rel  0x000000000000eb4c        0x8 /usr/lib/gcc/i686-linux-gnu/4.8/../../../i386-linux-gnu/crti.o
 .rel.data      0x000000000000eb54      0x270 /usr/lib/gcc/i686-linux-gnu/4.8/../../../i386-linux-gnu/crti.o
 *(.rel.tdata .rel.tdata.* .rel.gnu.linkonce.td.*)
 *(.rel.tbss .rel.tbss.* .rel.gnu.linkonce.tb.*)
 *(.rel.ctors)
 *(.rel.dtors)
 *(.rel.got)
 .rel.got       0x000000000000edc4       0x28 /usr/lib/gcc/i686-linux-gnu/4.8/../../../i386-linux-gnu/crti.o
 *(.rel.bss .rel.bss.* .rel.gnu.linkonce.b.*)
 *(.rel.ifunc)
 .rel.ifunc     0x0000000000000000        0x0 /usr/lib/gcc/i686-linux-gnu/4.8/../../../i386-linux-gnu/crti.o
 .rel.fini_array
                0x000000000000edec        0x8 /usr/lib/gcc/i686-linux-gnu/4.8/../../../i386-linux-gnu/crti.o
 .rel.init_array
                0x000000000000edf4        0x8 /usr/lib/gcc/i686-linux-gnu/4.8/../../../i386-linux-gnu/crti.o

.rel.plt        0x000000000000edfc       0x10
 *(.rel.plt)
 .rel.plt       0x000000000000edfc       0x10 /usr/lib/gcc/i686-linux-gnu/4.8/../../../i386-linux-gnu/crti.o
 *(.rel.iplt)

.init           0x000000000000ee0c       0x23
 *(SORT(.init))
 .init          0x000000000000ee0c       0x1e /usr/lib/gcc/i686-linux-gnu/4.8/../../../i386-linux-gnu/crti.o
                0x000000000000ee0c                _init
 .init          0x000000000000ee2a        0x5 /usr/lib/gcc/i686-linux-gnu/4.8/../../../i386-linux-gnu/crtn.o

.plt            0x000000000000ee30       0x30
 *(.plt)
 .plt           0x000000000000ee30       0x30 /usr/lib/gcc/i686-linux-gnu/4.8/../../../i386-linux-gnu/crti.o
 *(.iplt)

.text           0x000000000000ee60    0x15987
 *(.text.unlikely .text.*_unlikely .text.unlikely.*)
 *(.text.exit .text.exit.*)
 *(.text.startup .text.startup.*)
 *(.text.hot .text.hot.*)
 *(.text .stub .text.* .gnu.linkonce.t.*)
 .text          0x000000000000ee60        0x0 /usr/lib/gcc/i686-linux-gnu/4.8/../../../i386-linux-gnu/crti.o
 .gnu.linkonce.t.__x86.get_pc_thunk.bx
                0x000000000000ee60        0x4 /usr/lib/gcc/i686-linux-gnu/4.8/../../../i386-linux-gnu/crti.o
                0x000000000000ee60                __x86.get_pc_thunk.bx
 *fill*         0x000000000000ee64        0xc 
 .text          0x000000000000ee70      0x11b /usr/lib/gcc/i686-linux-gnu/4.8/crtbeginS.o
 .text          0x000000000000ef8b       0x23 log_test.co
 .text          0x000000000000efae      0x94e obj_cooja/mtype235.o
                0x000000000000f15c                contiki_init
                0x000000000000f713                Java_org_contikios_cooja_corecomm_Lib2_init
                0x000000000000f753                Java_org_contikios_cooja_corecomm_Lib2_getMemory
                0x000000000000f793                Java_org_contikios_cooja_corecomm_Lib2_setMemory
                0x000000000000f80a                Java_org_contikios_cooja_corecomm_Lib2_tick
                0x000000000000f8ea                Java_org_contikios_cooja_corecomm_Lib2_setReferenceAddress
 .text          0x000000000000f8fc       0x63 obj_cooja/mtype235.a(simEnvChange.o)
                0x000000000000f8fc                doActionsBeforeTick
                0x000000000000f92d                doActionsAfterTick
 .text          0x000000000000f95f       0xbc obj_cooja/mtype235.a(cooja_mt.o)
                0x000000000000f95f                cooja_mt_init
                0x000000000000f96c                cooja_mt_remove
                0x000000000000f979                cooja_mt_start
                0x000000000000f9a6                cooja_mt_exec
                0x000000000000f9d7                cooja_mt_exit
                0x000000000000f9f9                cooja_mt_yield
 .text          0x000000000000fa1b      0x115 obj_cooja/mtype235.a(cooja_mtarch.o)
                0x000000000000fa1b                cooja_mtarch_init
                0x000000000000fa20                cooja_mtarch_start
                0x000000000000fa9b                cooja_sw
                0x000000000000fabd                cooja_mtarch_exec
                0x000000000000fad9                cooja_mtarch_remove
                0x000000000000fade                cooja_mtarch_yield
                0x000000000000fae8                cooja_mtarch_pstop
                0x000000000000faed                cooja_mtarch_pstart
                0x000000000000faf2                cooja_mtarch_stack_usage
 .text          0x000000000000fb30       0xc2 obj_cooja/mtype235.a(rtimer-arch.o)
                0x000000000000fb30                rtimer_arch_init
                0x000000000000fb53                rtimer_arch_schedule
                0x000000000000fb6a                rtimer_arch_next
                0x000000000000fb74                rtimer_arch_pending
                0x000000000000fb7e                rtimer_arch_check
                0x000000000000fbb0                rtimer_arch_now
 .text          0x000000000000fbf2       0x76 obj_cooja/mtype235.a(beep.o)
                0x000000000000fbf2                beep_alarm
                0x000000000000fbfe                beep_beep
                0x000000000000fc0a                beep
                0x000000000000fc16                beep_down
                0x000000000000fc22                beep_on
                0x000000000000fc2e                beep_off
                0x000000000000fc3a                beep_spinup
                0x000000000000fc46                beep_quick
                0x000000000000fc52                beep_long
 .text          0x000000000000fc68      0x103 obj_cooja/mtype235.a(button-sensor.o)
 .text          0x000000000000fd6b       0x45 obj_cooja/mtype235.a(leds-arch.o)
                0x000000000000fd6b                leds_arch_init
                0x000000000000fd77                leds_arch_get
                0x000000000000fd83                leds_arch_set
 .text          0x000000000000fdb0       0x2f obj_cooja/mtype235.a(moteid.o)
 .text          0x000000000000fddf       0xb1 obj_cooja/mtype235.a(pir-sensor.o)
 .text          0x000000000000fe90      0x131 obj_cooja/mtype235.a(rs232.o)
                0x000000000000fe90                rs232_init
                0x000000000000fe95                rs232_set_speed
                0x000000000000fea3                rs232_set_input
                0x000000000000feb0                rs232_send
                0x000000000000fed2                rs232_print
                0x000000000000feed                slip_arch_writeb
 .text          0x000000000000ffc1       0xb1 obj_cooja/mtype235.a(vib-sensor.o)
 .text          0x0000000000010072       0x34 obj_cooja/mtype235.a(clock.o)
                0x0000000000010072                clock_init
                0x0000000000010077                clock_time
                0x0000000000010081                clock_seconds
                0x0000000000010097                clock_delay
 .text          0x00000000000100a6      0x1ed obj_cooja/mtype235.a(log.o)
                0x00000000000100a6                simlog_char
                0x00000000000100e8                simlog
                0x0000000000010155                log_message
                0x000000000001017d                log_set_putchar_with_slip
                0x000000000001018a                log_putchar
                0x000000000001020e                log_puts
                0x0000000000010232                log_printf
 .text          0x0000000000010293      0x2c4 obj_cooja/mtype235.a(cfs-cooja.o)
                0x0000000000010293                cfs_open
                0x00000000000102fc                cfs_close
                0x0000000000010308                cfs_read
                0x00000000000103a6                cfs_write
                0x0000000000010483                cfs_seek
                0x000000000001050b                cfs_remove
                0x0000000000010534                cfs_opendir
                0x000000000001053e                cfs_readdir
                0x0000000000010548                cfs_closedir
 .text          0x0000000000010557      0x5b3 obj_cooja/mtype235.a(cooja-radio.o)
                0x0000000000010581                radio_set_channel
                0x0000000000010596                radio_set_txpower
                0x00000000000105b6                radio_signal_strength_last
                0x00000000000105c0                radio_signal_strength_current
                0x00000000000105ca                radio_LQI
 .text          0x0000000000010b0a       0xef obj_cooja/mtype235.a(eeprom.o)
                0x0000000000010b0a                eeprom_init
                0x0000000000010b0f                eeprom_read
                0x0000000000010b7f                eeprom_write
 .text          0x0000000000010bf9       0x28 obj_cooja/mtype235.a(random.o)
                0x0000000000010bf9                random_init
                0x0000000000010c14                random_rand
 .text          0x0000000000010c21      0x2a1 obj_cooja/mtype235.a(sensors.o)
                0x0000000000010c5c                sensors_first
                0x0000000000010c66                sensors_next
                0x0000000000010c83                sensors_changed
                0x0000000000010cb2                sensors_find
 .text          0x0000000000010ec2      0x3c2 obj_cooja/mtype235.a(dual_conf.o)
                0x0000000000010ec2                dual_radio_switch
                0x0000000000010f02                dual_radio_change
                0x0000000000010f3c                sending_in_LR
                0x0000000000010f67                dual_radio_received
                0x0000000000010fba                radio_received_is_longrange
                0x0000000000011211                dio_broadcast
                0x000000000001123a                dis_broadcast
                0x000000000001125b                dio_ack_broadcast
 .text          0x0000000000011284       0x8e obj_cooja/mtype235.a(autostart.o)
                0x0000000000011284                autostart_start
                0x00000000000112cf                autostart_exit
 .text          0x0000000000011312      0x334 obj_cooja/mtype235.a(ctimer.o)
                0x0000000000011429                ctimer_init
                0x0000000000011459                ctimer_set
                0x000000000001148a                ctimer_set_with_process
                0x0000000000011506                ctimer_reset
                0x0000000000011555                ctimer_restart
                0x00000000000115a4                ctimer_stop
                0x00000000000115ef                ctimer_expired
 .text          0x0000000000011646      0x40b obj_cooja/mtype235.a(etimer.o)
                0x0000000000011859                etimer_request_poll
                0x00000000000118dd                etimer_set
                0x0000000000011902                etimer_reset_with_new_interval
                0x0000000000011929                etimer_reset
                0x0000000000011947                etimer_restart
                0x0000000000011965                etimer_adjust
                0x0000000000011981                etimer_expired
                0x0000000000011994                etimer_expiration_time
                0x00000000000119a6                etimer_start_time
                0x00000000000119b0                etimer_pending
                0x00000000000119c2                etimer_next_expiration_time
                0x00000000000119dc                etimer_stop
 .text          0x0000000000011a51       0x4e obj_cooja/mtype235.a(log_message.o)
                0x0000000000011a51                log_initialization
                0x0000000000011a7e                log_finisher
 .text          0x0000000000011a9f      0x560 obj_cooja/mtype235.a(process.o)
                0x0000000000011a9f                process_alloc_event
                0x0000000000011ab4                process_start
                0x0000000000011c9d                process_exit
                0x0000000000011cb9                process_init
                0x0000000000011e8a                process_run
                0x0000000000011ebd                process_nevents
                0x0000000000011ed8                process_post
                0x0000000000011f84                process_post_synch
                0x0000000000011fbc                process_poll
                0x0000000000011feb                process_is_running
 .text          0x0000000000011fff       0xba obj_cooja/mtype235.a(rtimer.o)
                0x0000000000011fff                rtimer_init
                0x000000000001200c                rtimer_set
                0x0000000000012063                rtimer_run_next
 .text          0x00000000000120b9       0x91 obj_cooja/mtype235.a(timer.o)
                0x00000000000120b9                timer_set
                0x00000000000120d4                timer_reset
                0x00000000000120eb                timer_restart
                0x00000000000120fd                timer_expired
                0x0000000000012126                timer_remaining
 .text          0x000000000001214a      0x1fb obj_cooja/mtype235.a(serial-line.o)
                0x000000000001214a                serial_line_input_byte
                0x000000000001230d                serial_line_init
 .text          0x0000000000012345      0x244 obj_cooja/mtype235.a(list.o)
                0x0000000000012345                list_init
                0x0000000000012353                list_head
                0x000000000001235d                list_copy
                0x000000000001236c                list_tail
                0x00000000000123a2                list_add
                0x00000000000123eb                list_push
                0x0000000000012417                list_chop
                0x0000000000012481                list_pop
                0x00000000000124a9                list_remove
                0x0000000000012510                list_length
                0x000000000001253e                list_insert
                0x0000000000012572                list_item_next
 .text          0x0000000000012589      0x155 obj_cooja/mtype235.a(ringbuf.o)
                0x0000000000012589                ringbuf_init
                0x00000000000125ba                ringbuf_put
                0x0000000000012638                ringbuf_get
                0x00000000000126a5                ringbuf_size
                0x00000000000126b7                ringbuf_elements
 .text          0x00000000000126de     0x258b obj_cooja/mtype235.a(sicslowpan.o)
                0x0000000000012c68                rime_sniffer_add
                0x0000000000012c75                rime_sniffer_remove
                0x0000000000014c08                sicslowpan_init
                0x0000000000014c5f                sicslowpan_get_last_rssi
 .text          0x0000000000014c69      0x2dc obj_cooja/mtype235.a(uip-ds6-nbr.o)
                0x0000000000014c86                uip_ds6_neighbors_init
                0x0000000000014ca3                uip_ds6_nbr_add
                0x0000000000014d54                uip_ds6_nbr_rm
                0x0000000000014db1                uip_ds6_nbr_get_ipaddr
                0x0000000000014dc6                uip_ds6_nbr_get_ll
                0x0000000000014de2                uip_ds6_nbr_num
                0x0000000000014e27                uip_ds6_nbr_lookup
                0x0000000000014e8c                uip_ds6_nbr_ll_lookup
                0x0000000000014ea8                uip_ds6_nbr_ipaddr_from_lladdr
                0x0000000000014ece                uip_ds6_nbr_lladdr_from_ipaddr
                0x0000000000014efc                uip_ds6_link_neighbor_callback
 .text          0x0000000000014f45     0x12ad obj_cooja/mtype235.a(uip-ds6.o)
                0x0000000000014f45                uip_ds6_init
                0x000000000001529a                uip_ds6_periodic
                0x0000000000015372                uip_ds6_list_loop
                0x0000000000015419                uip_ds6_prefix_add
                0x00000000000154d7                uip_ds6_prefix_rm
                0x00000000000154e9                uip_ds6_prefix_lookup
                0x000000000001553a                uip_ds6_is_addr_onlink
                0x00000000000155ae                uip_ds6_addr_add
                0x00000000000156dc                uip_ds6_long_addr_add
                0x000000000001580a                uip_ds6_addr_rm
                0x00000000000158aa                uip_ds6_addr_lookup
                0x00000000000158f5                uip_ds6_long_addr_lookup
                0x0000000000015940                uip_ds6_get_link_local
                0x00000000000159bf                uip_ds6_long_get_link_local
                0x0000000000015a3e                uip_ds6_get_global
                0x0000000000015abd                uip_ds6_long_get_global
                0x0000000000015b3c                uip_ds6_maddr_add
                0x0000000000015bae                uip_ds6_long_maddr_add
                0x0000000000015c20                uip_ds6_maddr_rm
                0x0000000000015c32                uip_ds6_maddr_lookup
                0x0000000000015c7d                uip_ds6_long_maddr_lookup
                0x0000000000015cc8                uip_ds6_aaddr_add
                0x0000000000015d3a                uip_ds6_long_aaddr_add
                0x0000000000015dac                uip_ds6_aaddr_rm
                0x0000000000015dbe                uip_ds6_aaddr_lookup
                0x0000000000015e09                uip_ds6_long_aaddr_lookup
                0x0000000000015e54                uip_ds6_select_src
                0x00000000000160dd                uip_ds6_set_addr_iid
                0x0000000000016114                get_match_length
                0x00000000000161a6                uip_ds6_compute_reachable_time
 .text          0x00000000000161f2     0x29f3 obj_cooja/mtype235.a(uip6.o)
                0x00000000000161f2                uip_add32
                0x000000000001638b                uip_chksum
                0x0000000000016479                uip_icmp6chksum
                0x000000000001648d                uip_tcpchksum
                0x00000000000164a1                uip_udpchksum
                0x00000000000164b5                uip_init
                0x0000000000016585                uip_connect
                0x0000000000016734                remove_ext_hdr
                0x0000000000016809                uip_udp_new
                0x0000000000016965                uip_unlisten
                0x00000000000169c5                uip_listen
                0x0000000000016c87                uip_process
                0x0000000000018ad9                uip_htons
                0x0000000000018afb                uip_htonl
                0x0000000000018b3b                uip_send
 .text          0x0000000000018be5      0xa69 obj_cooja/mtype235.a(tcpip.o)
                0x0000000000018be5                tcpip_output
                0x0000000000018c13                tcpip_set_outputfunc
                0x0000000000018ca7                tcp_connect
                0x0000000000018cfc                tcp_unlisten
                0x0000000000018d57                tcp_listen
                0x0000000000018db0                tcp_attach
                0x0000000000018dd5                udp_attach
                0x0000000000018dfa                udp_new
                0x0000000000018e4c                udp_broadcast_new
                0x00000000000190c0                tcpip_input
                0x00000000000190f4                tcpip_ipv6_output
                0x0000000000019494                tcpip_poll_udp
                0x00000000000194b7                tcpip_poll_tcp
                0x00000000000194da                tcpip_uipcall
 .text          0x000000000001964e      0x141 obj_cooja/mtype235.a(uip-packetqueue)
                0x000000000001967a                uip_packetqueue_new
                0x0000000000019688                uip_packetqueue_alloc
                0x00000000000196e8                uip_packetqueue_free
                0x0000000000019729                uip_packetqueue_buf
                0x0000000000019746                uip_packetqueue_buflen
                0x0000000000019767                uip_packetqueue_set_buflen
 .text          0x000000000001978f     0x266a obj_cooja/mtype235.a(rpl-dag.o)
                0x000000000001978f                rpl_print_neighbor_list
                0x0000000000019964                rpl_print_child_neighbor_list
                0x0000000000019a1c                rpl_get_nbr
                0x0000000000019a76                rpl_get_nbr_child
                0x0000000000019ad0                rpl_dag_init
                0x0000000000019b02                rpl_get_parent
                0x0000000000019b24                rpl_get_parent_rank
                0x0000000000019b57                rpl_get_parent_link_metric
                0x0000000000019b8a                rpl_get_parent_ipaddr
                0x0000000000019bb4                rpl_get_child_ipaddr
                0x0000000000019ec8                rpl_set_root
                0x000000000001a0ef                rpl_repair_root
                0x000000000001a32b                rpl_set_prefix
                0x000000000001a42a                rpl_set_default_route
                0x000000000001a4b6                rpl_alloc_instance
                0x000000000001a549                rpl_alloc_dag
                0x000000000001a5fa                rpl_set_default_instance
                0x000000000001a607                rpl_get_default_instance
                0x000000000001a611                rpl_free_instance
                0x000000000001a6c0                rpl_free_dag
                0x000000000001a726                rpl_add_parent
                0x000000000001a80d                rpl_find_parent
                0x000000000001a83d                rpl_add_child
                0x000000000001a8e1                rpl_find_child
                0x000000000001a92f                rpl_find_parent_any_dag
                0x000000000001a96b                rpl_select_dag
                0x000000000001ad5b                rpl_select_parent
                0x000000000001adbd                rpl_remove_parent
                0x000000000001ade4                rpl_remove_child
                0x000000000001ae00                rpl_nullify_parent
                0x000000000001ae9e                rpl_move_parent
                0x000000000001af3b                rpl_has_downward_route
                0x000000000001af8e                rpl_get_any_dag
                0x000000000001aff0                rpl_get_instance
                0x000000000001b053                rpl_find_of
                0x000000000001b090                rpl_join_instance
                0x000000000001b30b                rpl_add_dag
                0x000000000001b6fa                rpl_local_repair
                0x000000000001b7be                rpl_recalculate_ranks
                0x000000000001b844                rpl_process_parent_event
                0x000000000001b8f6                rpl_process_dio
 .text          0x000000000001bdf9      0xbf3 obj_cooja/mtype235.a(rpl-ext-header.)
                0x000000000001be16                rpl_verify_header
                0x000000000001c290                rpl_update_header_empty
                0x000000000001c5a7                rpl_update_header_final
                0x000000000001c736                rpl_remove_header
                0x000000000001c840                rpl_invert_header
                0x000000000001c9ca                rpl_insert_header
 .text          0x000000000001c9ec     0x2763 obj_cooja/mtype235.a(rpl-icmp6.o)
                0x000000000001ccb5                rpl_icmp6_update_nbr_table
                0x000000000001cda5                dis_output
                0x000000000001d6c4                dio_output
                0x000000000001e178                dio_ack_output
                0x000000000001ecb8                dao_output
                0x000000000001ed73                dao_output_target
                0x000000000001f0f7                dao_ack_output
                0x000000000001f10b                rpl_icmp6_register_handlers
 .text          0x000000000001f14f      0x40e obj_cooja/mtype235.a(rpl-ltmax-of.o)
 .text          0x000000000001f55d      0x904 obj_cooja/mtype235.a(rpl-timers.o)
                0x000000000001f7a3                rpl_reset_periodic_timer
                0x000000000001f7f8                rpl_reset_dio_timer
                0x000000000001fa32                rpl_schedule_dao
                0x000000000001fa4d                rpl_schedule_dao_immediately
                0x000000000001fa68                rpl_cancel_dao
                0x000000000001fb93                rpl_schedule_dio_ack
                0x000000000001fbae                rpl_schedule_dio_ack_immediately
                0x000000000001fbc9                rpl_cancel_dio_ack
                0x000000000001fc1b                rpl_schedule_unicast_dio_immediately
                0x000000000001fe09                rpl_schedule_probing
 .text          0x000000000001fe61      0x59b obj_cooja/mtype235.a(rpl.o)
                0x000000000001fe61                rpl_get_mode
                0x000000000001fe6b                rpl_set_mode
                0x000000000001fef9                rpl_purge_routes
                0x000000000001fff3                rpl_remove_routes
                0x0000000000020039                rpl_remove_routes_by_nexthop
                0x00000000000200a5                rpl_add_route
                0x0000000000020120                rpl_link_neighbor_callback
                0x0000000000020225                rpl_ipv6_neighbor_callback
                0x0000000000020294                rpl_purge_dags
                0x0000000000020376                rpl_init
 .text          0x00000000000203fc      0x3f5 obj_cooja/mtype235.a(framer-802154.o)
 .text          0x00000000000207f1       0x5e obj_cooja/mtype235.a(nullmac.o)
 .text          0x000000000002084f      0x4b0 obj_cooja/mtype235.a(nullrdc.o)
 .text          0x0000000000020cff       0x82 obj_cooja/mtype235.a(linkaddr.o)
                0x0000000000020cff                linkaddr_copy
                0x0000000000020d21                linkaddr_cmp
                0x0000000000020d4b                linkaddr_set_node_addr
                0x0000000000020d66                linkaddr_set_node_long_addr
 .text          0x0000000000020d81      0x892 obj_cooja/mtype235.a(nbr-table.o)
                0x0000000000020d81                lladdr_map_add_lr
                0x0000000000020e41                lladdr_map_rm_lr
                0x0000000000021309                nbr_table_register
                0x0000000000021351                nbr_table_head
                0x00000000000213ad                nbr_table_next
                0x0000000000021414                nbr_table_add_lladdr
                0x00000000000214f0                nbr_table_get_from_lladdr
                0x000000000002153d                nbr_table_remove
                0x000000000002158f                nbr_table_lock
                0x00000000000215b9                nbr_table_unlock
                0x00000000000215e3                nbr_table_get_lladdr
 .text          0x0000000000021613       0x2b obj_cooja/mtype235.a(netstack.o)
                0x0000000000021613                netstack_init
 .text          0x000000000002163e      0x3cd obj_cooja/mtype235.a(packetbuf.o)
                0x000000000002163e                packetbuf_clear
                0x0000000000021668                packetbuf_copyfrom
                0x00000000000216ba                packetbuf_compact
                0x0000000000021737                packetbuf_copyto
                0x00000000000217ce                packetbuf_hdralloc
                0x000000000002184b                packetbuf_hdrreduce
                0x0000000000021893                packetbuf_set_datalen
                0x00000000000218ac                packetbuf_dataptr
                0x00000000000218c9                packetbuf_hdrptr
                0x00000000000218d3                packetbuf_datalen
                0x00000000000218df                packetbuf_hdrlen
                0x00000000000218f6                packetbuf_totlen
                0x000000000002190c                packetbuf_attr_clear
                0x000000000002195e                packetbuf_attr_copyto
                0x00000000000219a7                packetbuf_attr_copyfrom
                0x00000000000219ef                packetbuf_holds_broadcast
 .text          0x0000000000021a0b      0x2b4 obj_cooja/mtype235.a(queuebuf.o)
                0x0000000000021a15                queuebuf_init
                0x0000000000021a35                queuebuf_numfree
                0x0000000000021a49                queuebuf_new_from_packetbuf
                0x0000000000021ad9                queuebuf_update_attr_from_packetbuf
                0x0000000000021b0c                queuebuf_update_from_packetbuf
                0x0000000000021b56                queuebuf_free
                0x0000000000021b9d                queuebuf_to_packetbuf
                0x0000000000021c03                queuebuf_dataptr
                0x0000000000021c3a                queuebuf_datalen
                0x0000000000021c5d                queuebuf_addr
                0x0000000000021c8f                queuebuf_attr
                0x0000000000021cba                queuebuf_debug_print
 .text          0x0000000000021cbf       0x6e obj_cooja/mtype235.a(nullsec.o)
 .text          0x0000000000021d2d       0x19 obj_cooja/mtype235.a(watchdog.o)
                0x0000000000021d2d                watchdog_init
                0x0000000000021d32                watchdog_start
                0x0000000000021d37                watchdog_periodic
                0x0000000000021d3c                watchdog_stop
                0x0000000000021d41                watchdog_reboot
 .text          0x0000000000021d46        0x0 obj_cooja/mtype235.a(rimestats.o)
 .text          0x0000000000021d46       0xa3 obj_cooja/mtype235.a(stimer.o)
                0x0000000000021d46                stimer_set
                0x0000000000021d61                stimer_reset
                0x0000000000021d78                stimer_restart
                0x0000000000021d8a                stimer_expired
                0x0000000000021db1                stimer_remaining
                0x0000000000021dd5                stimer_elapsed
 .text          0x0000000000021de9      0x1c1 obj_cooja/mtype235.a(memb.o)
                0x0000000000021de9                memb_init
                0x0000000000021e47                memb_alloc
                0x0000000000021eac                memb_free
                0x0000000000021f27                memb_inmemb
                0x0000000000021f66                memb_numfree
 .text          0x0000000000021faa      0x918 obj_cooja/mtype235.a(uip-ds6-route.o)
                0x0000000000022021                uip_ds6_notification_add
                0x0000000000022052                uip_ds6_notification_rm
                0x000000000002206e                uip_ds6_route_init
                0x00000000000220f6                uip_ds6_route_nexthop
                0x000000000002211e                uip_ds6_route_head
                0x0000000000022133                uip_ds6_route_next
                0x0000000000022159                uip_ds6_route_is_nexthop
                0x0000000000022198                uip_ds6_route_num_routes
                0x00000000000221a2                uip_ds6_route_lookup
                0x0000000000022264                uip_ds6_route_add
                0x000000000002249a                uip_ds6_route_rm
                0x000000000002262e                uip_ds6_route_rm_by_nexthop
                0x0000000000022666                uip_ds6_defrt_add
                0x0000000000022717                uip_ds6_defrt_rm
                0x0000000000022796                uip_ds6_defrt_lookup
                0x00000000000227ef                uip_ds6_defrt_choose
                0x000000000002285a                uip_ds6_defrt_periodic
 .text          0x00000000000228c2      0xab2 obj_cooja/mtype235.a(uip-icmp6.o)
                0x0000000000022930                uip_icmp6_input
                0x0000000000022986                uip_icmp6_register_input_handler
                0x0000000000022c4e                uip_icmp6_error_output
                0x0000000000022f93                uip_icmp6_send
                0x0000000000023307                uip_icmp6_echo_reply_callback_add
                0x0000000000023338                uip_icmp6_echo_reply_callback_rm
                0x0000000000023354                uip_icmp6_init
 .text          0x0000000000023374      0x358 obj_cooja/mtype235.a(uip-nd6.o)
                0x00000000000233c8                uip_nd6_ns_output
                0x00000000000236c7                uip_nd6_init
 .text          0x00000000000236cc      0x1c1 obj_cooja/mtype235.a(uip-debug.o)
                0x00000000000236cc                uip_debug_ipaddr_print
                0x000000000002382e                uip_debug_lladdr_print
 .text          0x000000000002388d      0x421 obj_cooja/mtype235.a(rpl-nbr-policy.)
                0x0000000000023ac8                find_removable_dis
                0x0000000000023b0b                find_removable_dio
                0x0000000000023bfb                find_removable_dao
                0x0000000000023c57                rpl_nbr_policy_find_removable
 .text          0x0000000000023cae      0x97c obj_cooja/mtype235.a(frame802154.o)
                0x0000000000023cdf                frame802154_get_pan_id
                0x0000000000023ceb                frame802154_set_pan_id
                0x0000000000023d04                frame802154_has_panid
                0x0000000000023df0                frame802154_check_dest_panid
                0x0000000000023e58                frame802154_is_broadcast_addr
                0x0000000000023ea5                frame802154_extract_linkaddr
                0x00000000000240e5                frame802154_hdrlen
                0x0000000000024136                frame802154_create
                0x0000000000024321                frame802154_parse
 .text          0x000000000002462a      0x181 obj_cooja/mtype235.a(mac-sequence.o)
                0x0000000000024661                mac_sequence_is_duplicate
                0x00000000000246e4                mac_sequence_register_seqno
 .text          0x00000000000247ab       0x3c obj_cooja/mtype235.a(mac.o)
                0x00000000000247ab                mac_call_sent_callback
 .text          0x00000000000247e7        0x0 /usr/lib/gcc/i686-linux-gnu/4.8/crtendS.o
 .text          0x00000000000247e7        0x0 /usr/lib/gcc/i686-linux-gnu/4.8/../../../i386-linux-gnu/crtn.o
 *(.gnu.warning)

.fini           0x00000000000247e8       0x14
 *(SORT(.fini))
 .fini          0x00000000000247e8        0xf /usr/lib/gcc/i686-linux-gnu/4.8/../../../i386-linux-gnu/crti.o
                0x00000000000247e8                _fini
 .fini          0x00000000000247f7        0x5 /usr/lib/gcc/i686-linux-gnu/4.8/../../../i386-linux-gnu/crtn.o
                0x00000000000247fc                PROVIDE (__etext, .)
                0x00000000000247fc                PROVIDE (_etext, .)
                0x00000000000247fc                PROVIDE (etext, .)

.rodata         0x0000000000024800      0xae1
 *(.rodata .rodata.* .gnu.linkonce.r.*)
 .rodata        0x0000000000024800       0x1c log_test.co
                0x0000000000024814                autostart_processes
 .rodata        0x000000000002481c      0x1b6 obj_cooja/mtype235.o
 *fill*         0x00000000000249d2        0x2 
 .rodata        0x00000000000249d4        0x8 obj_cooja/mtype235.a(beep.o)
                0x00000000000249d4                beep_interface
 .rodata        0x00000000000249dc       0x20 obj_cooja/mtype235.a(button-sensor.o)
                0x00000000000249dc                button_interface
                0x00000000000249ec                button_sensor
 .rodata        0x00000000000249fc        0x8 obj_cooja/mtype235.a(leds-arch.o)
                0x00000000000249fc                leds_interface
 .rodata        0x0000000000024a04        0x8 obj_cooja/mtype235.a(moteid.o)
                0x0000000000024a04                moteid_interface
 .rodata        0x0000000000024a0c       0x1c obj_cooja/mtype235.a(pir-sensor.o)
                0x0000000000024a0c                pir_interface
                0x0000000000024a18                pir_sensor
 .rodata        0x0000000000024a28        0xe obj_cooja/mtype235.a(rs232.o)
                0x0000000000024a28                rs232_interface
 *fill*         0x0000000000024a36        0x2 
 .rodata        0x0000000000024a38       0x24 obj_cooja/mtype235.a(vib-sensor.o)
                0x0000000000024a38                vib_interface
                0x0000000000024a4c                vib_sensor
 .rodata        0x0000000000024a5c        0x8 obj_cooja/mtype235.a(clock.o)
                0x0000000000024a5c                clock_interface
 .rodata        0x0000000000024a64        0x8 obj_cooja/mtype235.a(log.o)
                0x0000000000024a64                simlog_interface
 .rodata        0x0000000000024a6c       0x2f obj_cooja/mtype235.a(cfs-cooja.o)
                0x0000000000024a6c                cfs_interface
 *fill*         0x0000000000024a9b        0x5 
 .rodata        0x0000000000024aa0      0x100 obj_cooja/mtype235.a(cooja-radio.o)
                0x0000000000024b60                cooja_radio_driver
                0x0000000000024b98                radio_interface
 .rodata        0x0000000000024ba0        0x8 obj_cooja/mtype235.a(eeprom.o)
                0x0000000000024ba0                eeprom_interface
 .rodata        0x0000000000024ba8        0x8 obj_cooja/mtype235.a(sensors.o)
 .rodata        0x0000000000024bb0      0x1f5 obj_cooja/mtype235.a(dual_conf.o)
 .rodata        0x0000000000024da5        0xf obj_cooja/mtype235.a(ctimer.o)
 .rodata        0x0000000000024db4        0xc obj_cooja/mtype235.a(etimer.o)
 .rodata        0x0000000000024dc0       0x64 obj_cooja/mtype235.a(log_message.o)
 .rodata        0x0000000000024e24        0xe obj_cooja/mtype235.a(serial-line.o)
 *fill*         0x0000000000024e32        0x2 
 .rodata        0x0000000000024e34       0x2c obj_cooja/mtype235.a(sicslowpan.o)
                0x0000000000024e34                unc_llconf
                0x0000000000024e38                unc_ctxconf
                0x0000000000024e3c                unc_mxconf
                0x0000000000024e40                llprefix
                0x0000000000024e54                sicslowpan_driver
 .rodata        0x0000000000024e60      0x13c obj_cooja/mtype235.a(uip6.o)
 .rodata        0x0000000000024f9c       0x29 obj_cooja/mtype235.a(tcpip.o)
 *fill*         0x0000000000024fc5        0x3 
 .rodata        0x0000000000024fc8       0xc3 obj_cooja/mtype235.a(rpl-dag.o)
 *fill*         0x000000000002508b        0x1 
 .rodata        0x000000000002508c        0xc obj_cooja/mtype235.a(framer-802154.o)
                0x000000000002508c                framer_802154
 .rodata        0x0000000000025098       0x24 obj_cooja/mtype235.a(nullmac.o)
                0x00000000000250a0                nullmac_driver
 *fill*         0x00000000000250bc        0x4 
 .rodata        0x00000000000250c0       0x40 obj_cooja/mtype235.a(nullrdc.o)
                0x00000000000250e0                nullrdc_driver
 .rodata        0x0000000000025100        0x8 obj_cooja/mtype235.a(linkaddr.o)
                0x0000000000025100                linkaddr_null
 .rodata        0x0000000000025108       0x18 obj_cooja/mtype235.a(nullsec.o)
                0x0000000000025110                nullsec_driver
 .rodata        0x0000000000025120       0x3e obj_cooja/mtype235.a(uip-debug.o)
 *fill*         0x000000000002515e        0x2 
 .rodata        0x0000000000025160      0x181 obj_cooja/mtype235.a(rpl-nbr-policy.)

.rodata1
 *(.rodata1)

.eh_frame_hdr   0x00000000000252e4     0x1344
 *(.eh_frame_hdr)
 .eh_frame_hdr  0x00000000000252e4     0x1344 log_test.co

.eh_frame       0x0000000000026628     0x4e50
 *(.eh_frame)
 .eh_frame      0x0000000000026628       0x3c /usr/lib/gcc/i686-linux-gnu/4.8/../../../i386-linux-gnu/crti.o
                                         0x40 (size before relaxing)
 .eh_frame      0x0000000000026664       0x20 log_test.co
                                         0x38 (size before relaxing)
 .eh_frame      0x0000000000026684      0x148 obj_cooja/mtype235.o
                                        0x160 (size before relaxing)
 .eh_frame      0x00000000000267cc       0x40 obj_cooja/mtype235.a(simEnvChange.o)
                                         0x58 (size before relaxing)
 .eh_frame      0x000000000002680c       0xc0 obj_cooja/mtype235.a(cooja_mt.o)
                                         0xd8 (size before relaxing)
 .eh_frame      0x00000000000268cc      0x120 obj_cooja/mtype235.a(cooja_mtarch.o)
                                        0x138 (size before relaxing)
 .eh_frame      0x00000000000269ec       0xc0 obj_cooja/mtype235.a(rtimer-arch.o)
                                         0xd8 (size before relaxing)
 .eh_frame      0x0000000000026aac      0x160 obj_cooja/mtype235.a(beep.o)
                                        0x178 (size before relaxing)
 .eh_frame      0x0000000000026c0c       0xa0 obj_cooja/mtype235.a(button-sensor.o)
                                         0xb8 (size before relaxing)
 .eh_frame      0x0000000000026cac       0xa0 obj_cooja/mtype235.a(leds-arch.o)
                                         0xb8 (size before relaxing)
 .eh_frame      0x0000000000026d4c       0x40 obj_cooja/mtype235.a(moteid.o)
                                         0x58 (size before relaxing)
 .eh_frame      0x0000000000026d8c       0xa0 obj_cooja/mtype235.a(pir-sensor.o)
                                         0xb8 (size before relaxing)
 .eh_frame      0x0000000000026e2c      0x100 obj_cooja/mtype235.a(rs232.o)
                                        0x118 (size before relaxing)
 .eh_frame      0x0000000000026f2c       0xa0 obj_cooja/mtype235.a(vib-sensor.o)
                                         0xb8 (size before relaxing)
 .eh_frame      0x0000000000026fcc       0xc0 obj_cooja/mtype235.a(clock.o)
                                         0xd8 (size before relaxing)
 .eh_frame      0x000000000002708c      0x120 obj_cooja/mtype235.a(log.o)
                                        0x138 (size before relaxing)
 .eh_frame      0x00000000000271ac      0x160 obj_cooja/mtype235.a(cfs-cooja.o)
                                        0x178 (size before relaxing)
 .eh_frame      0x000000000002730c      0x2e0 obj_cooja/mtype235.a(cooja-radio.o)
                                        0x2f8 (size before relaxing)
 .eh_frame      0x00000000000275ec       0xa0 obj_cooja/mtype235.a(eeprom.o)
                                         0xb8 (size before relaxing)
 .eh_frame      0x000000000002768c       0x40 obj_cooja/mtype235.a(random.o)
                                         0x58 (size before relaxing)
 .eh_frame      0x00000000000276cc       0xc0 obj_cooja/mtype235.a(sensors.o)
                                         0xd8 (size before relaxing)
 .eh_frame      0x000000000002778c      0x160 obj_cooja/mtype235.a(dual_conf.o)
                                        0x178 (size before relaxing)
 .eh_frame      0x00000000000278ec       0x40 obj_cooja/mtype235.a(autostart.o)
                                         0x58 (size before relaxing)
 .eh_frame      0x000000000002792c      0x100 obj_cooja/mtype235.a(ctimer.o)
                                        0x118 (size before relaxing)
 .eh_frame      0x0000000000027a2c      0x1e0 obj_cooja/mtype235.a(etimer.o)
                                        0x1f8 (size before relaxing)
 .eh_frame      0x0000000000027c0c       0x40 obj_cooja/mtype235.a(log_message.o)
                                         0x58 (size before relaxing)
 .eh_frame      0x0000000000027c4c      0x1c8 obj_cooja/mtype235.a(process.o)
                                        0x1e0 (size before relaxing)
 .eh_frame      0x0000000000027e14       0x60 obj_cooja/mtype235.a(rtimer.o)
                                         0x78 (size before relaxing)
 .eh_frame      0x0000000000027e74       0xa4 obj_cooja/mtype235.a(timer.o)
                                         0xbc (size before relaxing)
 .eh_frame      0x0000000000027f18       0x60 obj_cooja/mtype235.a(serial-line.o)
                                         0x78 (size before relaxing)
 .eh_frame      0x0000000000027f78      0x180 obj_cooja/mtype235.a(list.o)
                                        0x198 (size before relaxing)
 .eh_frame      0x00000000000280f8       0xa0 obj_cooja/mtype235.a(ringbuf.o)
                                         0xb8 (size before relaxing)
 .eh_frame      0x0000000000028198      0x350 obj_cooja/mtype235.a(sicslowpan.o)
                                        0x368 (size before relaxing)
 .eh_frame      0x00000000000284e8      0x180 obj_cooja/mtype235.a(uip-ds6-nbr.o)
                                        0x198 (size before relaxing)
 .eh_frame      0x0000000000028668      0x3c8 obj_cooja/mtype235.a(uip-ds6.o)
                                        0x3e0 (size before relaxing)
 .eh_frame      0x0000000000028a30      0x27c obj_cooja/mtype235.a(uip6.o)
                                        0x294 (size before relaxing)
 .eh_frame      0x0000000000028cac      0x270 obj_cooja/mtype235.a(tcpip.o)
                                        0x288 (size before relaxing)
 .eh_frame      0x0000000000028f1c       0xe0 obj_cooja/mtype235.a(uip-packetqueue)
                                         0xf8 (size before relaxing)
 .eh_frame      0x0000000000028ffc      0x75c obj_cooja/mtype235.a(rpl-dag.o)
                                        0x774 (size before relaxing)
 .eh_frame      0x0000000000029758      0x10c obj_cooja/mtype235.a(rpl-ext-header.)
                                        0x124 (size before relaxing)
 .eh_frame      0x0000000000029864      0x2f8 obj_cooja/mtype235.a(rpl-icmp6.o)
                                        0x310 (size before relaxing)
 .eh_frame      0x0000000000029b5c       0xe8 obj_cooja/mtype235.a(rpl-ltmax-of.o)
                                        0x100 (size before relaxing)
 .eh_frame      0x0000000000029c44      0x2b0 obj_cooja/mtype235.a(rpl-timers.o)
                                        0x2c8 (size before relaxing)
 .eh_frame      0x0000000000029ef4      0x140 obj_cooja/mtype235.a(rpl.o)
                                        0x158 (size before relaxing)
 .eh_frame      0x000000000002a034      0x108 obj_cooja/mtype235.a(framer-802154.o)
                                        0x120 (size before relaxing)
 .eh_frame      0x000000000002a13c       0xc0 obj_cooja/mtype235.a(nullmac.o)
                                         0xd8 (size before relaxing)
 .eh_frame      0x000000000002a1fc      0x16c obj_cooja/mtype235.a(nullrdc.o)
                                        0x184 (size before relaxing)
 .eh_frame      0x000000000002a368       0x80 obj_cooja/mtype235.a(linkaddr.o)
                                         0x98 (size before relaxing)
 .eh_frame      0x000000000002a3e8      0x2ac obj_cooja/mtype235.a(nbr-table.o)
                                        0x2c4 (size before relaxing)
 .eh_frame      0x000000000002a694       0x20 obj_cooja/mtype235.a(netstack.o)
                                         0x38 (size before relaxing)
 .eh_frame      0x000000000002a6b4      0x214 obj_cooja/mtype235.a(packetbuf.o)
                                        0x22c (size before relaxing)
 .eh_frame      0x000000000002a8c8      0x1a0 obj_cooja/mtype235.a(queuebuf.o)
                                        0x1b8 (size before relaxing)
 .eh_frame      0x000000000002aa68       0x80 obj_cooja/mtype235.a(nullsec.o)
                                         0x98 (size before relaxing)
 .eh_frame      0x000000000002aae8       0xa0 obj_cooja/mtype235.a(watchdog.o)
                                         0xb8 (size before relaxing)
 .eh_frame      0x000000000002ab88       0xc4 obj_cooja/mtype235.a(stimer.o)
                                         0xdc (size before relaxing)
 .eh_frame      0x000000000002ac4c       0xa0 obj_cooja/mtype235.a(memb.o)
                                         0xb8 (size before relaxing)
 .eh_frame      0x000000000002acec      0x2a0 obj_cooja/mtype235.a(uip-ds6-route.o)
                                        0x2b8 (size before relaxing)
 .eh_frame      0x000000000002af8c      0x164 obj_cooja/mtype235.a(uip-icmp6.o)
                                        0x17c (size before relaxing)
 .eh_frame      0x000000000002b0f0       0x68 obj_cooja/mtype235.a(uip-nd6.o)
                                         0x80 (size before relaxing)
 .eh_frame      0x000000000002b158       0x48 obj_cooja/mtype235.a(uip-debug.o)
                                         0x60 (size before relaxing)
 .eh_frame      0x000000000002b1a0       0xc8 obj_cooja/mtype235.a(rpl-nbr-policy.)
                                         0xe0 (size before relaxing)
 .eh_frame      0x000000000002b268      0x164 obj_cooja/mtype235.a(frame802154.o)
                                        0x17c (size before relaxing)
 .eh_frame      0x000000000002b3cc       0x88 obj_cooja/mtype235.a(mac-sequence.o)
                                         0xa0 (size before relaxing)
 .eh_frame      0x000000000002b454       0x20 obj_cooja/mtype235.a(mac.o)
                                         0x38 (size before relaxing)
 .eh_frame      0x000000000002b474        0x4 /usr/lib/gcc/i686-linux-gnu/4.8/crtendS.o

.gcc_except_table
 *(.gcc_except_table .gcc_except_table.*)

.exception_ranges
 *(.exception_ranges .exception_ranges*)
                0x000000000002b478                . = (ALIGN (0x1000) - ((0x1000 - .) & 0xfff))
                0x000000000002cef8                . = DATA_SEGMENT_ALIGN (0x1000, 0x1000)

.eh_frame
 *(.eh_frame)

.gcc_except_table
 *(.gcc_except_table .gcc_except_table.*)

.exception_ranges
 *(.exception_ranges .exception_ranges*)

.tdata
 *(.tdata .tdata.* .gnu.linkonce.td.*)

.tbss
 *(.tbss .tbss.* .gnu.linkonce.tb.*)
 *(.tcommon)

.preinit_array
 *(.preinit_array)

.init_array     0x000000000002cef8        0x4
 *(SORT(.init_array.*) SORT(.ctors.*))
 *(.init_array EXCLUDE_FILE(*crtend?.o *crtend.o *crtbegin?.o *crtbegin.o) .ctors)
 .init_array    0x000000000002cef8        0x4 /usr/lib/gcc/i686-linux-gnu/4.8/crtbeginS.o

.fini_array     0x000000000002cefc        0x4
 *(SORT(.fini_array.*) SORT(.dtors.*))
 *(.fini_array EXCLUDE_FILE(*crtend?.o *crtend.o *crtbegin?.o *crtbegin.o) .dtors)
 .fini_array    0x000000000002cefc        0x4 /usr/lib/gcc/i686-linux-gnu/4.8/crtbeginS.o

.ctors
 *crtbegin.o(.ctors)
 *crtbegin?.o(.ctors)
 *(EXCLUDE_FILE(*crtend?.o *crtend.o) .ctors)
 *(SORT(.ctors.*))
 *(.ctors)

.dtors
 *crtbegin.o(.dtors)
 *crtbegin?.o(.dtors)
 *(EXCLUDE_FILE(*crtend?.o *crtend.o) .dtors)
 *(SORT(.dtors.*))
 *(.dtors)

.jcr            0x000000000002cf00        0x4
 *(.jcr)
 .jcr           0x000000000002cf00        0x0 /usr/lib/gcc/i686-linux-gnu/4.8/crtbeginS.o
 .jcr           0x000000000002cf00        0x4 /usr/lib/gcc/i686-linux-gnu/4.8/crtendS.o

.data.rel.ro
 *(.data.rel.ro.local* .gnu.linkonce.d.rel.ro.local.*)
 *(.data.rel.ro .data.rel.ro.* .gnu.linkonce.d.rel.ro.*)

.dynamic        0x000000000002cf04       0xe8
 *(.dynamic)
 .dynamic       0x000000000002cf04       0xe8 /usr/lib/gcc/i686-linux-gnu/4.8/../../../i386-linux-gnu/crti.o
                0x000000000002cf04                _DYNAMIC

.got            0x000000000002cfec       0x14
 *(.got)
 .got           0x000000000002cfec       0x14 /usr/lib/gcc/i686-linux-gnu/4.8/../../../i386-linux-gnu/crti.o
 *(.igot)
                0x000000000002dff4                . = DATA_SEGMENT_RELRO_END (., (SIZEOF (.got.plt) >= 0xc)?0xc:0x0)

.got.plt        0x000000000002d000       0x14
 *(.got.plt)
 .got.plt       0x000000000002d000       0x14 /usr/lib/gcc/i686-linux-gnu/4.8/../../../i386-linux-gnu/crti.o
                0x000000000002d000                _GLOBAL_OFFSET_TABLE_
 *(.igot.plt)

.data           0x000000000002d020      0x25a
 *(.data .data.* .gnu.linkonce.d.*)
 .data          0x000000000002d020        0x0 /usr/lib/gcc/i686-linux-gnu/4.8/../../../i386-linux-gnu/crti.o
 .data          0x000000000002d020        0x0 /usr/lib/gcc/i686-linux-gnu/4.8/crtbeginS.o
 .data.rel      0x000000000002d020        0x4 /usr/lib/gcc/i686-linux-gnu/4.8/crtbeginS.o
                0x000000000002d020                __dso_handle
 .data          0x000000000002d024       0x10 log_test.co
                0x000000000002d024                hello_world_process
 *fill*         0x000000000002d034        0xc 
 .data          0x000000000002d040       0x44 obj_cooja/mtype235.o
                0x000000000002d040                simInterfaces
                0x000000000002d074                sensors
 .data          0x000000000002d084        0x0 obj_cooja/mtype235.a(simEnvChange.o)
 .data          0x000000000002d084        0x0 obj_cooja/mtype235.a(cooja_mt.o)
 .data          0x000000000002d084        0x0 obj_cooja/mtype235.a(cooja_mtarch.o)
 .data          0x000000000002d084        0x0 obj_cooja/mtype235.a(rtimer-arch.o)
 .data          0x000000000002d084        0x0 obj_cooja/mtype235.a(beep.o)
 .data          0x000000000002d084        0x0 obj_cooja/mtype235.a(button-sensor.o)
 .data          0x000000000002d084        0x0 obj_cooja/mtype235.a(leds-arch.o)
 .data          0x000000000002d084        0x0 obj_cooja/mtype235.a(moteid.o)
 .data          0x000000000002d084        0x0 obj_cooja/mtype235.a(pir-sensor.o)
 .data          0x000000000002d084        0x0 obj_cooja/mtype235.a(rs232.o)
 .data          0x000000000002d084        0x0 obj_cooja/mtype235.a(vib-sensor.o)
 .data          0x000000000002d084        0x0 obj_cooja/mtype235.a(clock.o)
 .data          0x000000000002d084        0x0 obj_cooja/mtype235.a(log.o)
 .data          0x000000000002d084        0x0 obj_cooja/mtype235.a(cfs-cooja.o)
 .data          0x000000000002d084       0x38 obj_cooja/mtype235.a(cooja-radio.o)
                0x000000000002d084                simRadioChannel
                0x000000000002d088                simRadioChannelLR
                0x000000000002d08c                simRadioHWOn
                0x000000000002d08d                simRadioHWOnLR
                0x000000000002d090                simSignalStrength
                0x000000000002d094                simSignalStrengthLR
                0x000000000002d098                simLastSignalStrength
                0x000000000002d09c                simLastSignalStrengthLR
                0x000000000002d0a0                simPower
                0x000000000002d0a1                simPowerLR
                0x000000000002d0a4                simLQI
                0x000000000002d0a8                simLQILR
                0x000000000002d0ac                cooja_radio_process
 .data          0x000000000002d0bc        0x0 obj_cooja/mtype235.a(eeprom.o)
 .data          0x000000000002d0bc        0x0 obj_cooja/mtype235.a(random.o)
 .data          0x000000000002d0bc       0x10 obj_cooja/mtype235.a(sensors.o)
                0x000000000002d0bc                sensors_process
 .data          0x000000000002d0cc       0x34 obj_cooja/mtype235.a(dual_conf.o)
                0x000000000002d0cc                radio_received
                0x000000000002d0d0                dual_dio_broadcast
                0x000000000002d0e0                dual_dis_broadcast
                0x000000000002d0f0                dual_dio_ack_broadcast
 .data          0x000000000002d100        0x0 obj_cooja/mtype235.a(autostart.o)
 .data          0x000000000002d100       0x14 obj_cooja/mtype235.a(ctimer.o)
                0x000000000002d104                ctimer_process
 .data          0x000000000002d114       0x10 obj_cooja/mtype235.a(etimer.o)
                0x000000000002d114                etimer_process
 .data          0x000000000002d124        0x0 obj_cooja/mtype235.a(log_message.o)
 .data          0x000000000002d124        0x0 obj_cooja/mtype235.a(process.o)
 .data          0x000000000002d124        0x0 obj_cooja/mtype235.a(rtimer.o)
 .data          0x000000000002d124        0x0 obj_cooja/mtype235.a(timer.o)
 .data          0x000000000002d124       0x10 obj_cooja/mtype235.a(serial-line.o)
                0x000000000002d124                serial_line_process
 .data          0x000000000002d134        0x0 obj_cooja/mtype235.a(list.o)
 .data          0x000000000002d134        0x0 obj_cooja/mtype235.a(ringbuf.o)
 .data          0x000000000002d134        0x0 obj_cooja/mtype235.a(sicslowpan.o)
 .data          0x000000000002d134       0x14 obj_cooja/mtype235.a(uip-ds6-nbr.o)
                0x000000000002d144                ds6_neighbors
 .data          0x000000000002d148        0x0 obj_cooja/mtype235.a(uip-ds6.o)
 .data          0x000000000002d148        0x0 obj_cooja/mtype235.a(uip6.o)
 .data          0x000000000002d148       0x10 obj_cooja/mtype235.a(tcpip.o)
                0x000000000002d148                tcpip_process
 .data          0x000000000002d158        0xc obj_cooja/mtype235.a(uip-packetqueue)
 .data          0x000000000002d164       0x28 obj_cooja/mtype235.a(rpl-dag.o)
                0x000000000002d174                rpl_parents
                0x000000000002d188                rpl_children
 .data          0x000000000002d18c        0x0 obj_cooja/mtype235.a(rpl-ext-header.)
 .data          0x000000000002d18c       0x40 obj_cooja/mtype235.a(rpl-icmp6.o)
 .data          0x000000000002d1cc       0x1c obj_cooja/mtype235.a(rpl-ltmax-of.o)
                0x000000000002d1cc                rpl_ltmax_of
 .data          0x000000000002d1e8        0x0 obj_cooja/mtype235.a(rpl-timers.o)
 .data          0x000000000002d1e8        0x0 obj_cooja/mtype235.a(rpl.o)
 .data          0x000000000002d1e8        0x0 obj_cooja/mtype235.a(framer-802154.o)
 .data          0x000000000002d1e8        0x0 obj_cooja/mtype235.a(nullmac.o)
 .data          0x000000000002d1e8        0x0 obj_cooja/mtype235.a(nullrdc.o)
 .data          0x000000000002d1e8        0x0 obj_cooja/mtype235.a(linkaddr.o)
 .data          0x000000000002d1e8       0x10 obj_cooja/mtype235.a(nbr-table.o)
 .data          0x000000000002d1f8        0x0 obj_cooja/mtype235.a(netstack.o)
 .data          0x000000000002d1f8        0x4 obj_cooja/mtype235.a(packetbuf.o)
 .data          0x000000000002d1fc       0x18 obj_cooja/mtype235.a(queuebuf.o)
 .data          0x000000000002d214        0x0 obj_cooja/mtype235.a(nullsec.o)
 .data          0x000000000002d214        0x0 obj_cooja/mtype235.a(watchdog.o)
 .data          0x000000000002d214        0x0 obj_cooja/mtype235.a(rimestats.o)
 .data          0x000000000002d214        0x0 obj_cooja/mtype235.a(stimer.o)
 .data          0x000000000002d214        0x0 obj_cooja/mtype235.a(memb.o)
 .data          0x000000000002d214       0x44 obj_cooja/mtype235.a(uip-ds6-route.o)
                0x000000000002d224                nbr_routes
 .data          0x000000000002d258       0x20 obj_cooja/mtype235.a(uip-icmp6.o)
 .data          0x000000000002d278        0x0 obj_cooja/mtype235.a(uip-nd6.o)
 .data          0x000000000002d278        0x0 obj_cooja/mtype235.a(uip-debug.o)
 .data          0x000000000002d278        0x0 obj_cooja/mtype235.a(rpl-nbr-policy.)
 .data          0x000000000002d278        0x2 obj_cooja/mtype235.a(frame802154.o)
 .data          0x000000000002d27a        0x0 obj_cooja/mtype235.a(mac-sequence.o)
 .data          0x000000000002d27a        0x0 obj_cooja/mtype235.a(mac.o)
 .data          0x000000000002d27a        0x0 /usr/lib/gcc/i686-linux-gnu/4.8/crtendS.o
 .data          0x000000000002d27a        0x0 /usr/lib/gcc/i686-linux-gnu/4.8/../../../i386-linux-gnu/crtn.o

.tm_clone_table
                0x000000000002d27c        0x0
 .tm_clone_table
                0x000000000002d27c        0x0 /usr/lib/gcc/i686-linux-gnu/4.8/crtbeginS.o
 .tm_clone_table
                0x000000000002d27c        0x0 /usr/lib/gcc/i686-linux-gnu/4.8/crtendS.o

.data1
 *(.data1)
                0x000000000002d27c                _edata = .
                0x000000000002d27c                PROVIDE (edata, .)
                0x000000000002d27c                . = .
                0x000000000002d27c                __bss_start = .

.bss            0x000000000002d280    0x10d88
 *(.dynbss)
 .dynbss        0x0000000000000000        0x0 /usr/lib/gcc/i686-linux-gnu/4.8/../../../i386-linux-gnu/crti.o
 *(.bss .bss.* .gnu.linkonce.b.*)
 .bss           0x000000000002d280        0x0 /usr/lib/gcc/i686-linux-gnu/4.8/../../../i386-linux-gnu/crti.o
 .bss           0x000000000002d280        0x1 /usr/lib/gcc/i686-linux-gnu/4.8/crtbeginS.o
 .bss           0x000000000002d281        0x0 log_test.co
 *fill*         0x000000000002d281       0x1f 
 .bss           0x000000000002d2a0     0x2030 obj_cooja/mtype235.o
 .bss           0x000000000002f2d0        0x1 obj_cooja/mtype235.a(simEnvChange.o)
                0x000000000002f2d0                simDontFallAsleep
 *fill*         0x000000000002f2d1        0x3 
 .bss           0x000000000002f2d4        0x4 obj_cooja/mtype235.a(cooja_mt.o)
 .bss           0x000000000002f2d8        0x4 obj_cooja/mtype235.a(cooja_mtarch.o)
 .bss           0x000000000002f2dc        0xc obj_cooja/mtype235.a(rtimer-arch.o)
 .bss           0x000000000002f2e8        0x0 obj_cooja/mtype235.a(beep.o)
 .bss           0x000000000002f2e8        0x8 obj_cooja/mtype235.a(button-sensor.o)
 .bss           0x000000000002f2f0        0x0 obj_cooja/mtype235.a(leds-arch.o)
 .bss           0x000000000002f2f0        0x0 obj_cooja/mtype235.a(moteid.o)
 .bss           0x000000000002f2f0        0x1 obj_cooja/mtype235.a(pir-sensor.o)
                0x000000000002f2f0                simPirValue
 *fill*         0x000000000002f2f1        0x3 
 .bss           0x000000000002f2f4        0x4 obj_cooja/mtype235.a(rs232.o)
 .bss           0x000000000002f2f8        0x1 obj_cooja/mtype235.a(vib-sensor.o)
                0x000000000002f2f8                simVibValue
 .bss           0x000000000002f2f9        0x0 obj_cooja/mtype235.a(clock.o)
 *fill*         0x000000000002f2f9        0x7 
 .bss           0x000000000002f300      0x420 obj_cooja/mtype235.a(log.o)
 .bss           0x000000000002f720      0xfc0 obj_cooja/mtype235.a(cfs-cooja.o)
                0x000000000002f720                simCFSData
                0x00000000000306c0                simCFSSize
                0x00000000000306c4                simCFSChanged
                0x00000000000306c8                simCFSRead
                0x00000000000306cc                simCFSWritten
 .bss           0x00000000000306e0       0x20 obj_cooja/mtype235.a(cooja-radio.o)
                0x00000000000306e0                simReceiving
                0x00000000000306e1                simReceivingLR
                0x00000000000306e4                simInSize
                0x00000000000306e8                simInSizeLR
                0x00000000000306ec                simOutSize
                0x00000000000306f0                simOutSizeLR
                0x00000000000306f4                LongRangeTransmit
                0x00000000000306f8                LongRangeReceiving
 .bss           0x0000000000030700        0xc obj_cooja/mtype235.a(eeprom.o)
                0x0000000000030700                simEEPROMChanged
                0x0000000000030704                simEEPROMRead
                0x0000000000030708                simEEPROMWritten
 .bss           0x000000000003070c        0x0 obj_cooja/mtype235.a(random.o)
 .bss           0x000000000003070c        0xc obj_cooja/mtype235.a(sensors.o)
 .bss           0x0000000000030718       0x38 obj_cooja/mtype235.a(dual_conf.o)
                0x0000000000030718                long_range_radio
 .bss           0x0000000000030750        0x0 obj_cooja/mtype235.a(autostart.o)
 .bss           0x0000000000030750        0x5 obj_cooja/mtype235.a(ctimer.o)
 *fill*         0x0000000000030755        0x3 
 .bss           0x0000000000030758        0x8 obj_cooja/mtype235.a(etimer.o)
 .bss           0x0000000000030760        0x0 obj_cooja/mtype235.a(log_message.o)
 .bss           0x0000000000030760      0x1b1 obj_cooja/mtype235.a(process.o)
                0x0000000000030760                process_list
                0x0000000000030764                process_current
 *fill*         0x0000000000030911        0x3 
 .bss           0x0000000000030914        0x4 obj_cooja/mtype235.a(rtimer.o)
 .bss           0x0000000000030918        0x0 obj_cooja/mtype235.a(timer.o)
 *fill*         0x0000000000030918        0x8 
 .bss           0x0000000000030920      0x140 obj_cooja/mtype235.a(serial-line.o)
 .bss           0x0000000000030a60        0x0 obj_cooja/mtype235.a(list.o)
 .bss           0x0000000000030a60        0x0 obj_cooja/mtype235.a(ringbuf.o)
 .bss           0x0000000000030a60      0x70c obj_cooja/mtype235.a(sicslowpan.o)
 *fill*         0x000000000003116c       0x14 
 .bss           0x0000000000031180     0x1c20 obj_cooja/mtype235.a(uip-ds6-nbr.o)
 .bss           0x0000000000032da0       0x30 obj_cooja/mtype235.a(uip-ds6.o)
 .bss           0x0000000000032dd0        0xe obj_cooja/mtype235.a(uip6.o)
                0x0000000000032dd0                uip_ext_bitmap
                0x0000000000032dd1                uip_ext_len
                0x0000000000032dd2                uip_ext_opt_offset
 *fill*         0x0000000000032dde        0x2 
 .bss           0x0000000000032de0       0x6a obj_cooja/mtype235.a(tcpip.o)
 *fill*         0x0000000000032e4a       0x16 
 .bss           0x0000000000032e60      0xcf8 obj_cooja/mtype235.a(uip-packetqueue)
 *fill*         0x0000000000033b58        0x8 
 .bss           0x0000000000033b60     0x13ec obj_cooja/mtype235.a(rpl-dag.o)
 .bss           0x0000000000034f4c        0x0 obj_cooja/mtype235.a(rpl-ext-header.)
 .bss           0x0000000000034f4c        0x0 obj_cooja/mtype235.a(rpl-icmp6.o)
 .bss           0x0000000000034f4c        0x0 obj_cooja/mtype235.a(rpl-ltmax-of.o)
 *fill*         0x0000000000034f4c       0x14 
 .bss           0x0000000000034f60       0x23 obj_cooja/mtype235.a(rpl-timers.o)
 *fill*         0x0000000000034f83        0x1 
 .bss           0x0000000000034f84        0x4 obj_cooja/mtype235.a(rpl.o)
 .bss           0x0000000000034f88        0x2 obj_cooja/mtype235.a(framer-802154.o)
 .bss           0x0000000000034f8a        0x0 obj_cooja/mtype235.a(nullmac.o)
 .bss           0x0000000000034f8a        0x0 obj_cooja/mtype235.a(nullrdc.o)
 .bss           0x0000000000034f8a        0x0 obj_cooja/mtype235.a(linkaddr.o)
 *fill*         0x0000000000034f8a       0x16 
 .bss           0x0000000000034fa0     0x1214 obj_cooja/mtype235.a(nbr-table.o)
 .bss           0x00000000000361b4        0x0 obj_cooja/mtype235.a(netstack.o)
 *fill*         0x00000000000361b4        0xc 
 .bss           0x00000000000361c0       0xa0 obj_cooja/mtype235.a(packetbuf.o)
 .bss           0x0000000000036260      0xb80 obj_cooja/mtype235.a(queuebuf.o)
 .bss           0x0000000000036de0        0x0 obj_cooja/mtype235.a(nullsec.o)
 .bss           0x0000000000036de0        0x0 obj_cooja/mtype235.a(watchdog.o)
 .bss           0x0000000000036de0        0x0 obj_cooja/mtype235.a(rimestats.o)
 .bss           0x0000000000036de0        0x0 obj_cooja/mtype235.a(stimer.o)
 .bss           0x0000000000036de0        0x0 obj_cooja/mtype235.a(memb.o)
 .bss           0x0000000000036de0     0x44a8 obj_cooja/mtype235.a(uip-ds6-route.o)
 .bss           0x000000000003b288       0x18 obj_cooja/mtype235.a(uip-icmp6.o)
 .bss           0x000000000003b2a0        0x0 obj_cooja/mtype235.a(uip-nd6.o)
 .bss           0x000000000003b2a0        0x0 obj_cooja/mtype235.a(uip-debug.o)
 .bss           0x000000000003b2a0       0x44 obj_cooja/mtype235.a(rpl-nbr-policy.)
 .bss           0x000000000003b2e4        0x0 obj_cooja/mtype235.a(frame802154.o)
 *fill*         0x000000000003b2e4       0x1c 
 .bss           0x000000000003b300       0x90 obj_cooja/mtype235.a(mac-sequence.o)
 .bss           0x000000000003b390        0x0 obj_cooja/mtype235.a(mac.o)
 .bss           0x000000000003b390        0x0 /usr/lib/gcc/i686-linux-gnu/4.8/crtendS.o
 .bss           0x000000000003b390        0x0 /usr/lib/gcc/i686-linux-gnu/4.8/../../../i386-linux-gnu/crtn.o
 *(COMMON)
 COMMON         0x000000000003b390        0x4 log_test.co
                0x000000000003b390                log_fp
 COMMON         0x000000000003b394       0x24 obj_cooja/mtype235.o
                0x000000000003b394                COOJA_radioRxLong
                0x000000000003b398                COOJA_radioTx
                0x000000000003b39c                referenceVar
                0x000000000003b3a0                COOJA_radioTxLong
                0x000000000003b3a4                COOJA_radioRx
                0x000000000003b3a8                COOJA_radioOn
                0x000000000003b3ac                COOJA_duration
                0x000000000003b3b0                COOJA_radioOnLong
                0x000000000003b3b4                sensors_flags
 COMMON         0x000000000003b3b8        0xc obj_cooja/mtype235.a(simEnvChange.o)
                0x000000000003b3b8                simEtimerPending
                0x000000000003b3bc                simProcessRunValue
                0x000000000003b3c0                simNextExpirationTime
 COMMON         0x000000000003b3c4        0x1 obj_cooja/mtype235.a(beep.o)
                0x000000000003b3c4                simBeeped
 COMMON         0x000000000003b3c5        0x3 obj_cooja/mtype235.a(button-sensor.o)
                0x000000000003b3c5                simButtonIsActive
                0x000000000003b3c6                simButtonIsDown
                0x000000000003b3c7                simButtonChanged
 COMMON         0x000000000003b3c8        0x1 obj_cooja/mtype235.a(leds-arch.o)
                0x000000000003b3c8                simLedsValue
 *fill*         0x000000000003b3c9        0x3 
 COMMON         0x000000000003b3cc        0xc obj_cooja/mtype235.a(moteid.o)
                0x000000000003b3cc                simRandomSeed
                0x000000000003b3d0                simMoteIDChanged
                0x000000000003b3d4                simMoteID
 COMMON         0x000000000003b3d8        0x2 obj_cooja/mtype235.a(pir-sensor.o)
                0x000000000003b3d8                simPirIsActive
                0x000000000003b3d9                simPirChanged
 *fill*         0x000000000003b3da        0x6 
 COMMON         0x000000000003b3e0      0x820 obj_cooja/mtype235.a(rs232.o)
                0x000000000003b3e0                simSerialReceivingFlag
                0x000000000003b3e4                simSerialReceivingLength
                0x000000000003b400                simSerialReceivingData
 COMMON         0x000000000003bc00        0x2 obj_cooja/mtype235.a(vib-sensor.o)
                0x000000000003bc00                simVibChanged
                0x000000000003bc01                simVibIsActive
 *fill*         0x000000000003bc02        0x2 
 COMMON         0x000000000003bc04        0x4 obj_cooja/mtype235.a(clock.o)
                0x000000000003bc04                simCurrentTime
 *fill*         0x000000000003bc08       0x18 
 COMMON         0x000000000003bc20      0x420 obj_cooja/mtype235.a(log.o)
                0x000000000003bc20                simLoggedLength
                0x000000000003bc24                simLoggedFlag
                0x000000000003bc40                simLoggedData
 COMMON         0x000000000003c040      0x220 obj_cooja/mtype235.a(cooja-radio.o)
                0x000000000003c040                my_weight
                0x000000000003c060                simOutDataBuffer
                0x000000000003c0e0                simInDataBufferLR
                0x000000000003c160                simOutDataBufferLR
                0x000000000003c1e0                simInDataBuffer
 COMMON         0x000000000003c260      0x400 obj_cooja/mtype235.a(eeprom.o)
                0x000000000003c260                simEEPROMData
 COMMON         0x000000000003c660        0x1 obj_cooja/mtype235.a(sensors.o)
                0x000000000003c660                sensors_event
 COMMON         0x000000000003c661        0x1 obj_cooja/mtype235.a(serial-line.o)
                0x000000000003c661                serial_line_event_message
 *fill*         0x000000000003c662       0x1e 
 COMMON         0x000000000003c680      0xbb8 obj_cooja/mtype235.a(uip-ds6-nbr.o)
                0x000000000003c680                ds6_lr_addrmap
 *fill*         0x000000000003d238        0x8 
 COMMON         0x000000000003d240      0x298 obj_cooja/mtype235.a(uip-ds6.o)
                0x000000000003d240                uip_ds6_prefix_list
                0x000000000003d2a0                uip_ds6_timer_periodic
                0x000000000003d2b0                uip_ds6_netif_addr_list_offset
                0x000000000003d2c0                uip_ds6_if
                0x000000000003d3b8                uip_ds6_timer_ra
                0x000000000003d3c0                uip_ds6_addr_size
                0x000000000003d3e0                long_uip_ds6_if
 *fill*         0x000000000003d4d8        0x8 
 COMMON         0x000000000003d4e0      0x8ec obj_cooja/mtype235.a(uip6.o)
                0x000000000003d4e0                uip_slen
                0x000000000003d4e2                uip_acc32
                0x000000000003d500                uip_conns
                0x000000000003d5c0                uip_lladdr
                0x000000000003d5c8                uip_appdata
                0x000000000003d5cc                uip_flags
                0x000000000003d5e0                uip_aligned_buf
                0x000000000003dc20                uip_listenports
                0x000000000003dc30                uip_len
                0x000000000003dc32                uip_long_lladdr
                0x000000000003dc3c                uip_sappdata
                0x000000000003dc40                uip_udp_conns
                0x000000000003ddc0                uip_udp_conn
                0x000000000003ddc4                uip_next_hdr
                0x000000000003ddc8                uip_conn
 COMMON         0x000000000003ddcc        0x1 obj_cooja/mtype235.a(tcpip.o)
                0x000000000003ddcc                tcpip_event
 *fill*         0x000000000003ddcd       0x13 
 COMMON         0x000000000003dde0      0x198 obj_cooja/mtype235.a(rpl-dag.o)
                0x000000000003dde0                default_instance
                0x000000000003de00                instance_table
 COMMON         0x000000000003df78       0x10 obj_cooja/mtype235.a(linkaddr.o)
                0x000000000003df78                linkaddr_node_addr
                0x000000000003df80                long_linkaddr_node_addr
 COMMON         0x000000000003df88       0x2e obj_cooja/mtype235.a(packetbuf.o)
                0x000000000003df88                packetbuf_attrs
                0x000000000003dfa6                packetbuf_addrs
 *fill*         0x000000000003dfb6        0xa 
 COMMON         0x000000000003dfc0       0x48 obj_cooja/mtype235.a(rimestats.o)
                0x000000000003dfc0                rimestats
                0x000000000003e008                . = ALIGN ((. != 0x0)?0x4:0x1)
                0x000000000003e008                . = ALIGN (0x4)
                0x000000000003e008                . = SEGMENT_START ("ldata-segment", .)
                0x000000000003e008                . = ALIGN (0x4)
                0x000000000003e008                _end = .
                0x000000000003e008                PROVIDE (end, .)
                0x000000000003e008                . = DATA_SEGMENT_END (.)

.stab
 *(.stab)

.stabstr
 *(.stabstr)

.stab.excl
 *(.stab.excl)

.stab.exclstr
 *(.stab.exclstr)

.stab.index
 *(.stab.index)

.stab.indexstr
 *(.stab.indexstr)

.comment        0x0000000000000000       0x2b
 *(.comment)
 .comment       0x0000000000000000       0x2b /usr/lib/gcc/i686-linux-gnu/4.8/crtbeginS.o
                                         0x2c (size before relaxing)
 .comment       0x0000000000000000       0x2c log_test.co
 .comment       0x0000000000000000       0x2c obj_cooja/mtype235.o
 .comment       0x0000000000000000       0x2c obj_cooja/mtype235.a(simEnvChange.o)
 .comment       0x0000000000000000       0x2c obj_cooja/mtype235.a(cooja_mt.o)
 .comment       0x0000000000000000       0x2c obj_cooja/mtype235.a(cooja_mtarch.o)
 .comment       0x0000000000000000       0x2c obj_cooja/mtype235.a(rtimer-arch.o)
 .comment       0x0000000000000000       0x2c obj_cooja/mtype235.a(beep.o)
 .comment       0x0000000000000000       0x2c obj_cooja/mtype235.a(button-sensor.o)
 .comment       0x0000000000000000       0x2c obj_cooja/mtype235.a(leds-arch.o)
 .comment       0x0000000000000000       0x2c obj_cooja/mtype235.a(moteid.o)
 .comment       0x0000000000000000       0x2c obj_cooja/mtype235.a(pir-sensor.o)
 .comment       0x0000000000000000       0x2c obj_cooja/mtype235.a(rs232.o)
 .comment       0x0000000000000000       0x2c obj_cooja/mtype235.a(vib-sensor.o)
 .comment       0x0000000000000000       0x2c obj_cooja/mtype235.a(clock.o)
 .comment       0x0000000000000000       0x2c obj_cooja/mtype235.a(log.o)
 .comment       0x0000000000000000       0x2c obj_cooja/mtype235.a(cfs-cooja.o)
 .comment       0x0000000000000000       0x2c obj_cooja/mtype235.a(cooja-radio.o)
 .comment       0x0000000000000000       0x2c obj_cooja/mtype235.a(eeprom.o)
 .comment       0x0000000000000000       0x2c obj_cooja/mtype235.a(random.o)
 .comment       0x0000000000000000       0x2c obj_cooja/mtype235.a(sensors.o)
 .comment       0x0000000000000000       0x2c obj_cooja/mtype235.a(dual_conf.o)
 .comment       0x0000000000000000       0x2c obj_cooja/mtype235.a(autostart.o)
 .comment       0x0000000000000000       0x2c obj_cooja/mtype235.a(ctimer.o)
 .comment       0x0000000000000000       0x2c obj_cooja/mtype235.a(etimer.o)
 .comment       0x0000000000000000       0x2c obj_cooja/mtype235.a(log_message.o)
 .comment       0x0000000000000000       0x2c obj_cooja/mtype235.a(process.o)
 .comment       0x0000000000000000       0x2c obj_cooja/mtype235.a(rtimer.o)
 .comment       0x0000000000000000       0x2c obj_cooja/mtype235.a(timer.o)
 .comment       0x0000000000000000       0x2c obj_cooja/mtype235.a(serial-line.o)
 .comment       0x0000000000000000       0x2c obj_cooja/mtype235.a(list.o)
 .comment       0x0000000000000000       0x2c obj_cooja/mtype235.a(ringbuf.o)
 .comment       0x0000000000000000       0x2c obj_cooja/mtype235.a(sicslowpan.o)
 .comment       0x0000000000000000       0x2c obj_cooja/mtype235.a(uip-ds6-nbr.o)
 .comment       0x0000000000000000       0x2c obj_cooja/mtype235.a(uip-ds6.o)
 .comment       0x0000000000000000       0x2c obj_cooja/mtype235.a(uip6.o)
 .comment       0x0000000000000000       0x2c obj_cooja/mtype235.a(tcpip.o)
 .comment       0x0000000000000000       0x2c obj_cooja/mtype235.a(uip-packetqueue)
 .comment       0x0000000000000000       0x2c obj_cooja/mtype235.a(rpl-dag.o)
 .comment       0x0000000000000000       0x2c obj_cooja/mtype235.a(rpl-ext-header.)
 .comment       0x0000000000000000       0x2c obj_cooja/mtype235.a(rpl-icmp6.o)
 .comment       0x0000000000000000       0x2c obj_cooja/mtype235.a(rpl-ltmax-of.o)
 .comment       0x0000000000000000       0x2c obj_cooja/mtype235.a(rpl-timers.o)
 .comment       0x0000000000000000       0x2c obj_cooja/mtype235.a(rpl.o)
 .comment       0x0000000000000000       0x2c obj_cooja/mtype235.a(framer-802154.o)
 .comment       0x0000000000000000       0x2c obj_cooja/mtype235.a(nullmac.o)
 .comment       0x0000000000000000       0x2c obj_cooja/mtype235.a(nullrdc.o)
 .comment       0x0000000000000000       0x2c obj_cooja/mtype235.a(linkaddr.o)
 .comment       0x0000000000000000       0x2c obj_cooja/mtype235.a(nbr-table.o)
 .comment       0x0000000000000000       0x2c obj_cooja/mtype235.a(netstack.o)
 .comment       0x0000000000000000       0x2c obj_cooja/mtype235.a(packetbuf.o)
 .comment       0x0000000000000000       0x2c obj_cooja/mtype235.a(queuebuf.o)
 .comment       0x0000000000000000       0x2c obj_cooja/mtype235.a(nullsec.o)
 .comment       0x0000000000000000       0x2c obj_cooja/mtype235.a(watchdog.o)
 .comment       0x0000000000000000       0x2c obj_cooja/mtype235.a(rimestats.o)
 .comment       0x0000000000000000       0x2c obj_cooja/mtype235.a(stimer.o)
 .comment       0x0000000000000000       0x2c obj_cooja/mtype235.a(memb.o)
 .comment       0x0000000000000000       0x2c obj_cooja/mtype235.a(uip-ds6-route.o)
 .comment       0x0000000000000000       0x2c obj_cooja/mtype235.a(uip-icmp6.o)
 .comment       0x0000000000000000       0x2c obj_cooja/mtype235.a(uip-nd6.o)
 .comment       0x0000000000000000       0x2c obj_cooja/mtype235.a(uip-debug.o)
 .comment       0x0000000000000000       0x2c obj_cooja/mtype235.a(rpl-nbr-policy.)
 .comment       0x0000000000000000       0x2c obj_cooja/mtype235.a(frame802154.o)
 .comment       0x0000000000000000       0x2c obj_cooja/mtype235.a(mac-sequence.o)
 .comment       0x0000000000000000       0x2c obj_cooja/mtype235.a(mac.o)
 .comment       0x0000000000000000       0x2c /usr/lib/gcc/i686-linux-gnu/4.8/crtendS.o

.debug
 *(.debug)

.line
 *(.line)

.debug_srcinfo
 *(.debug_srcinfo)

.debug_sfnames
 *(.debug_sfnames)

.debug_aranges  0x0000000000000000      0x7f8
 *(.debug_aranges)
 .debug_aranges
                0x0000000000000000       0x20 log_test.co
 .debug_aranges
                0x0000000000000020       0x20 obj_cooja/mtype235.o
 .debug_aranges
                0x0000000000000040       0x20 obj_cooja/mtype235.a(simEnvChange.o)
 .debug_aranges
                0x0000000000000060       0x20 obj_cooja/mtype235.a(cooja_mt.o)
 .debug_aranges
                0x0000000000000080       0x20 obj_cooja/mtype235.a(cooja_mtarch.o)
 .debug_aranges
                0x00000000000000a0       0x20 obj_cooja/mtype235.a(rtimer-arch.o)
 .debug_aranges
                0x00000000000000c0       0x20 obj_cooja/mtype235.a(beep.o)
 .debug_aranges
                0x00000000000000e0       0x20 obj_cooja/mtype235.a(button-sensor.o)
 .debug_aranges
                0x0000000000000100       0x20 obj_cooja/mtype235.a(leds-arch.o)
 .debug_aranges
                0x0000000000000120       0x20 obj_cooja/mtype235.a(moteid.o)
 .debug_aranges
                0x0000000000000140       0x20 obj_cooja/mtype235.a(pir-sensor.o)
 .debug_aranges
                0x0000000000000160       0x20 obj_cooja/mtype235.a(rs232.o)
 .debug_aranges
                0x0000000000000180       0x20 obj_cooja/mtype235.a(vib-sensor.o)
 .debug_aranges
                0x00000000000001a0       0x20 obj_cooja/mtype235.a(clock.o)
 .debug_aranges
                0x00000000000001c0       0x20 obj_cooja/mtype235.a(log.o)
 .debug_aranges
                0x00000000000001e0       0x20 obj_cooja/mtype235.a(cfs-cooja.o)
 .debug_aranges
                0x0000000000000200       0x20 obj_cooja/mtype235.a(cooja-radio.o)
 .debug_aranges
                0x0000000000000220       0x20 obj_cooja/mtype235.a(eeprom.o)
 .debug_aranges
                0x0000000000000240       0x20 obj_cooja/mtype235.a(random.o)
 .debug_aranges
                0x0000000000000260       0x20 obj_cooja/mtype235.a(sensors.o)
 .debug_aranges
                0x0000000000000280       0x20 obj_cooja/mtype235.a(dual_conf.o)
 .debug_aranges
                0x00000000000002a0       0x20 obj_cooja/mtype235.a(autostart.o)
 .debug_aranges
                0x00000000000002c0       0x20 obj_cooja/mtype235.a(ctimer.o)
 .debug_aranges
                0x00000000000002e0       0x20 obj_cooja/mtype235.a(etimer.o)
 .debug_aranges
                0x0000000000000300       0x20 obj_cooja/mtype235.a(log_message.o)
 .debug_aranges
                0x0000000000000320       0x20 obj_cooja/mtype235.a(process.o)
 .debug_aranges
                0x0000000000000340       0x20 obj_cooja/mtype235.a(rtimer.o)
 .debug_aranges
                0x0000000000000360       0x20 obj_cooja/mtype235.a(timer.o)
 .debug_aranges
                0x0000000000000380       0x20 obj_cooja/mtype235.a(serial-line.o)
 .debug_aranges
                0x00000000000003a0       0x20 obj_cooja/mtype235.a(list.o)
 .debug_aranges
                0x00000000000003c0       0x20 obj_cooja/mtype235.a(ringbuf.o)
 .debug_aranges
                0x00000000000003e0       0x20 obj_cooja/mtype235.a(sicslowpan.o)
 .debug_aranges
                0x0000000000000400       0x20 obj_cooja/mtype235.a(uip-ds6-nbr.o)
 .debug_aranges
                0x0000000000000420       0x20 obj_cooja/mtype235.a(uip-ds6.o)
 .debug_aranges
                0x0000000000000440       0x20 obj_cooja/mtype235.a(uip6.o)
 .debug_aranges
                0x0000000000000460       0x20 obj_cooja/mtype235.a(tcpip.o)
 .debug_aranges
                0x0000000000000480       0x20 obj_cooja/mtype235.a(uip-packetqueue)
 .debug_aranges
                0x00000000000004a0       0x20 obj_cooja/mtype235.a(rpl-dag.o)
 .debug_aranges
                0x00000000000004c0       0x20 obj_cooja/mtype235.a(rpl-ext-header.)
 .debug_aranges
                0x00000000000004e0       0x20 obj_cooja/mtype235.a(rpl-icmp6.o)
 .debug_aranges
                0x0000000000000500       0x20 obj_cooja/mtype235.a(rpl-ltmax-of.o)
 .debug_aranges
                0x0000000000000520       0x20 obj_cooja/mtype235.a(rpl-timers.o)
 .debug_aranges
                0x0000000000000540       0x20 obj_cooja/mtype235.a(rpl.o)
 .debug_aranges
                0x0000000000000560       0x20 obj_cooja/mtype235.a(framer-802154.o)
 .debug_aranges
                0x0000000000000580       0x20 obj_cooja/mtype235.a(nullmac.o)
 .debug_aranges
                0x00000000000005a0       0x20 obj_cooja/mtype235.a(nullrdc.o)
 .debug_aranges
                0x00000000000005c0       0x20 obj_cooja/mtype235.a(linkaddr.o)
 .debug_aranges
                0x00000000000005e0       0x20 obj_cooja/mtype235.a(nbr-table.o)
 .debug_aranges
                0x0000000000000600       0x20 obj_cooja/mtype235.a(netstack.o)
 .debug_aranges
                0x0000000000000620       0x20 obj_cooja/mtype235.a(packetbuf.o)
 .debug_aranges
                0x0000000000000640       0x20 obj_cooja/mtype235.a(queuebuf.o)
 .debug_aranges
                0x0000000000000660       0x20 obj_cooja/mtype235.a(nullsec.o)
 .debug_aranges
                0x0000000000000680       0x20 obj_cooja/mtype235.a(watchdog.o)
 .debug_aranges
                0x00000000000006a0       0x18 obj_cooja/mtype235.a(rimestats.o)
 .debug_aranges
                0x00000000000006b8       0x20 obj_cooja/mtype235.a(stimer.o)
 .debug_aranges
                0x00000000000006d8       0x20 obj_cooja/mtype235.a(memb.o)
 .debug_aranges
                0x00000000000006f8       0x20 obj_cooja/mtype235.a(uip-ds6-route.o)
 .debug_aranges
                0x0000000000000718       0x20 obj_cooja/mtype235.a(uip-icmp6.o)
 .debug_aranges
                0x0000000000000738       0x20 obj_cooja/mtype235.a(uip-nd6.o)
 .debug_aranges
                0x0000000000000758       0x20 obj_cooja/mtype235.a(uip-debug.o)
 .debug_aranges
                0x0000000000000778       0x20 obj_cooja/mtype235.a(rpl-nbr-policy.)
 .debug_aranges
                0x0000000000000798       0x20 obj_cooja/mtype235.a(frame802154.o)
 .debug_aranges
                0x00000000000007b8       0x20 obj_cooja/mtype235.a(mac-sequence.o)
 .debug_aranges
                0x00000000000007d8       0x20 obj_cooja/mtype235.a(mac.o)

.debug_pubnames
 *(.debug_pubnames)

.debug_info     0x0000000000000000    0x1b79b
 *(.debug_info .gnu.linkonce.wi.*)
 .debug_info    0x0000000000000000      0x415 log_test.co
 .debug_info    0x0000000000000415     0x3a2b obj_cooja/mtype235.o
 .debug_info    0x0000000000003e40      0x15a obj_cooja/mtype235.a(simEnvChange.o)
 .debug_info    0x0000000000003f9a      0x1e2 obj_cooja/mtype235.a(cooja_mt.o)
 .debug_info    0x000000000000417c      0x2e7 obj_cooja/mtype235.a(cooja_mtarch.o)
 .debug_info    0x0000000000004463      0x16b obj_cooja/mtype235.a(rtimer-arch.o)
 .debug_info    0x00000000000045ce      0x1f3 obj_cooja/mtype235.a(beep.o)
 .debug_info    0x00000000000047c1      0x257 obj_cooja/mtype235.a(button-sensor.o)
 .debug_info    0x0000000000004a18      0x132 obj_cooja/mtype235.a(leds-arch.o)
 .debug_info    0x0000000000004b4a      0x10a obj_cooja/mtype235.a(moteid.o)
 .debug_info    0x0000000000004c54      0x216 obj_cooja/mtype235.a(pir-sensor.o)
 .debug_info    0x0000000000004e6a      0x21e obj_cooja/mtype235.a(rs232.o)
 .debug_info    0x0000000000005088      0x216 obj_cooja/mtype235.a(vib-sensor.o)
 .debug_info    0x000000000000529e      0x152 obj_cooja/mtype235.a(clock.o)
 .debug_info    0x00000000000053f0      0x2bb obj_cooja/mtype235.a(log.o)
 .debug_info    0x00000000000056ab      0x3cf obj_cooja/mtype235.a(cfs-cooja.o)
 .debug_info    0x0000000000005a7a      0xcc9 obj_cooja/mtype235.a(cooja-radio.o)
 .debug_info    0x0000000000006743      0x1d5 obj_cooja/mtype235.a(eeprom.o)
 .debug_info    0x0000000000006918       0xb3 obj_cooja/mtype235.a(random.o)
 .debug_info    0x00000000000069cb      0x36d obj_cooja/mtype235.a(sensors.o)
 .debug_info    0x0000000000006d38      0xa9b obj_cooja/mtype235.a(dual_conf.o)
 .debug_info    0x00000000000077d3      0x1a5 obj_cooja/mtype235.a(autostart.o)
 .debug_info    0x0000000000007978      0x46c obj_cooja/mtype235.a(ctimer.o)
 .debug_info    0x0000000000007de4      0x49c obj_cooja/mtype235.a(etimer.o)
 .debug_info    0x0000000000008280      0x2dc obj_cooja/mtype235.a(log_message.o)
 .debug_info    0x000000000000855c      0x4ba obj_cooja/mtype235.a(process.o)
 .debug_info    0x0000000000008a16      0x1ab obj_cooja/mtype235.a(rtimer.o)
 .debug_info    0x0000000000008bc1      0x16c obj_cooja/mtype235.a(timer.o)
 .debug_info    0x0000000000008d2d      0x2de obj_cooja/mtype235.a(serial-line.o)
 .debug_info    0x000000000000900b      0x2ed obj_cooja/mtype235.a(list.o)
 .debug_info    0x00000000000092f8      0x1aa obj_cooja/mtype235.a(ringbuf.o)
 .debug_info    0x00000000000094a2     0x105e obj_cooja/mtype235.a(sicslowpan.o)
 .debug_info    0x000000000000a500      0x8c9 obj_cooja/mtype235.a(uip-ds6-nbr.o)
 .debug_info    0x000000000000adc9      0xc2a obj_cooja/mtype235.a(uip-ds6.o)
 .debug_info    0x000000000000b9f3      0xeb1 obj_cooja/mtype235.a(uip6.o)
 .debug_info    0x000000000000c8a4     0x150e obj_cooja/mtype235.a(tcpip.o)
 .debug_info    0x000000000000ddb2      0x470 obj_cooja/mtype235.a(uip-packetqueue)
 .debug_info    0x000000000000e222     0x1bd7 obj_cooja/mtype235.a(rpl-dag.o)
 .debug_info    0x000000000000fdf9      0xe85 obj_cooja/mtype235.a(rpl-ext-header.)
 .debug_info    0x0000000000010c7e     0x1a35 obj_cooja/mtype235.a(rpl-icmp6.o)
 .debug_info    0x00000000000126b3      0xb60 obj_cooja/mtype235.a(rpl-ltmax-of.o)
 .debug_info    0x0000000000013213      0xd31 obj_cooja/mtype235.a(rpl-timers.o)
 .debug_info    0x0000000000013f44      0xd38 obj_cooja/mtype235.a(rpl.o)
 .debug_info    0x0000000000014c7c      0x5ed obj_cooja/mtype235.a(framer-802154.o)
 .debug_info    0x0000000000015269      0x3d5 obj_cooja/mtype235.a(nullmac.o)
 .debug_info    0x000000000001563e      0xc7e obj_cooja/mtype235.a(nullrdc.o)
 .debug_info    0x00000000000162bc      0x198 obj_cooja/mtype235.a(linkaddr.o)
 .debug_info    0x0000000000016454      0x9d8 obj_cooja/mtype235.a(nbr-table.o)