Archive member included to satisfy reference by file (symbol)

obj_cooja/mtype898.a(simEnvChange.o)
                              obj_cooja/mtype898.o (simDontFallAsleep)
obj_cooja/mtype898.a(cooja_mt.o)
                              obj_cooja/mtype898.o (cooja_mt_start)
obj_cooja/mtype898.a(cooja_mtarch.o)
                              obj_cooja/mtype898.a(cooja_mt.o) (cooja_mtarch_init)
obj_cooja/mtype898.a(rtimer-arch.o)
                              obj_cooja/mtype898.o (rtimer_arch_next)
obj_cooja/mtype898.a(beep.o)  obj_cooja/mtype898.o (beep_interface)
obj_cooja/mtype898.a(button-sensor.o)
                              obj_cooja/mtype898.o (button_interface)
obj_cooja/mtype898.a(leds-arch.o)
                              obj_cooja/mtype898.o (leds_interface)
obj_cooja/mtype898.a(moteid.o)
                              obj_cooja/mtype898.o (moteid_interface)
obj_cooja/mtype898.a(pir-sensor.o)
                              obj_cooja/mtype898.o (pir_interface)
obj_cooja/mtype898.a(rs232.o)
                              obj_cooja/mtype898.o (rs232_interface)
obj_cooja/mtype898.a(vib-sensor.o)
                              obj_cooja/mtype898.o (vib_interface)
obj_cooja/mtype898.a(clock.o)
                              obj_cooja/mtype898.o (clock_interface)
obj_cooja/mtype898.a(log.o)   obj_cooja/mtype898.o (simlog_interface)
obj_cooja/mtype898.a(cfs-cooja.o)
                              obj_cooja/mtype898.o (cfs_interface)
obj_cooja/mtype898.a(cooja-radio.o)
                              obj_cooja/mtype898.o (radio_interface)
obj_cooja/mtype898.a(eeprom.o)
                              obj_cooja/mtype898.o (eeprom_interface)
obj_cooja/mtype898.a(random.o)
                              obj_cooja/mtype898.a(moteid.o) (random_init)
obj_cooja/mtype898.a(sensors.o)
                              obj_cooja/mtype898.o (sensors_process)
obj_cooja/mtype898.a(dual_conf.o)
                              obj_cooja/mtype898.a(cooja-radio.o) (long_range_radio)
obj_cooja/mtype898.a(autostart.o)
                              obj_cooja/mtype898.o (autostart_start)
obj_cooja/mtype898.a(ctimer.o)
                              obj_cooja/mtype898.o (ctimer_init)
obj_cooja/mtype898.a(etimer.o)
                              obj_cooja/mtype898.o (etimer_process)
obj_cooja/mtype898.a(log_message.o)
                              obj_cooja/mtype898.o (log_fp)
obj_cooja/mtype898.a(process.o)
                              obj_cooja/mtype898.a(ctimer.o) (process_current)
obj_cooja/mtype898.a(rtimer.o)
                              obj_cooja/mtype898.a(rtimer-arch.o) (rtimer_run_next)
obj_cooja/mtype898.a(timer.o)
                              obj_cooja/mtype898.a(button-sensor.o) (timer_set)
obj_cooja/mtype898.a(serial-line.o)
                              obj_cooja/mtype898.a(rs232.o) (serial_line_input_byte)
obj_cooja/mtype898.a(list.o)  obj_cooja/mtype898.a(ctimer.o) (list_init)
obj_cooja/mtype898.a(ringbuf.o)
                              obj_cooja/mtype898.a(serial-line.o) (ringbuf_init)
obj_cooja/mtype898.a(sicslowpan.o)
                              obj_cooja/mtype898.o (sicslowpan_driver)
obj_cooja/mtype898.a(uip-ds6-nbr.o)
                              obj_cooja/mtype898.a(sicslowpan.o) (uip_ds6_link_neighbor_callback)
obj_cooja/mtype898.a(uip-ds6.o)
                              obj_cooja/mtype898.o (uip_ds6_set_addr_iid)
obj_cooja/mtype898.a(uip6.o)  obj_cooja/mtype898.o (uip_lladdr)
obj_cooja/mtype898.a(tcpip.o)
                              obj_cooja/mtype898.a(sicslowpan.o) (tcpip_set_outputfunc)
obj_cooja/mtype898.a(uip-debug.o)
                              obj_cooja/mtype898.a(tcpip.o) (uip_debug_ipaddr_print)
obj_cooja/mtype898.a(uip-packetqueue)
                              obj_cooja/mtype898.a(uip-ds6-nbr.o) (uip_packetqueue_new)
obj_cooja/mtype898.a(rpl-dag.o)
                              obj_cooja/mtype898.a(tcpip.o) (rpl_repair_root)
obj_cooja/mtype898.a(rpl-ext-header.)
                              obj_cooja/mtype898.a(uip6.o) (rpl_verify_header)
obj_cooja/mtype898.a(rpl-icmp6.o)
                              obj_cooja/mtype898.a(rpl-dag.o) (rpl_icmp6_update_nbr_table)
obj_cooja/mtype898.a(rpl-ltmax-of.o)
                              obj_cooja/mtype898.a(rpl-dag.o) (rpl_ltmax_of)
obj_cooja/mtype898.a(rpl-timers.o)
                              obj_cooja/mtype898.a(rpl-dag.o) (rpl_reset_dio_timer)
obj_cooja/mtype898.a(rpl.o)   obj_cooja/mtype898.a(rpl-icmp6.o) (rpl_get_mode)
obj_cooja/mtype898.a(framer-802154.o)
                              obj_cooja/mtype898.a(sicslowpan.o) (framer_802154)
obj_cooja/mtype898.a(nullmac.o)
                              obj_cooja/mtype898.o (nullmac_driver)
obj_cooja/mtype898.a(nullrdc.o)
                              obj_cooja/mtype898.o (nullrdc_driver)
obj_cooja/mtype898.a(linkaddr.o)
                              obj_cooja/mtype898.o (linkaddr_node_addr)
obj_cooja/mtype898.a(nbr-table.o)
                              obj_cooja/mtype898.a(uip-ds6-nbr.o) (lladdr_map_add_lr)
[...]
Memory Configuration

Name             Origin             Length             Attributes
*default*        0x0000000000000000 0xffffffffffffffff

Linker script and memory map

LOAD /usr/lib/gcc/i686-linux-gnu/4.8/../../../i386-linux-gnu/crti.o
LOAD /usr/lib/gcc/i686-linux-gnu/4.8/crtbeginS.o
LOAD log_test.co
LOAD obj_cooja/mtype898.o
LOAD obj_cooja/mtype898.a
LOAD /usr/lib/gcc/i686-linux-gnu/4.8/libgcc.a
LOAD /usr/lib/gcc/i686-linux-gnu/4.8/libgcc_s.so
LOAD /usr/lib/gcc/i686-linux-gnu/4.8/../../../i386-linux-gnu/libc.so
START GROUP
LOAD /lib/i386-linux-gnu/libc.so.6
LOAD /usr/lib/i386-linux-gnu/libc_nonshared.a
LOAD /lib/i386-linux-gnu/ld-linux.so.2
END GROUP
LOAD /usr/lib/gcc/i686-linux-gnu/4.8/libgcc.a
LOAD /usr/lib/gcc/i686-linux-gnu/4.8/libgcc_s.so
LOAD /usr/lib/gcc/i686-linux-gnu/4.8/crtendS.o
LOAD /usr/lib/gcc/i686-linux-gnu/4.8/../../../i386-linux-gnu/crtn.o
                0x0000000000000114                . = (0x0 + SIZEOF_HEADERS)

.note.gnu.build-id
                0x0000000000000114       0x24
 *(.note.gnu.build-id)
 .note.gnu.build-id
                0x0000000000000114       0x24 /usr/lib/gcc/i686-linux-gnu/4.8/../../../i386-linux-gnu/crti.o

.hash
 *(.hash)

.gnu.hash       0x0000000000000138     0x1310
 *(.gnu.hash)
 .gnu.hash      0x0000000000000138     0x1310 /usr/lib/gcc/i686-linux-gnu/4.8/../../../i386-linux-gnu/crti.o

.dynsym         0x0000000000001448     0x24b0
 *(.dynsym)
 .dynsym        0x0000000000001448     0x24b0 /usr/lib/gcc/i686-linux-gnu/4.8/../../../i386-linux-gnu/crti.o

.dynstr         0x00000000000038f8     0x25e8
 *(.dynstr)
 .dynstr        0x00000000000038f8     0x25e8 /usr/lib/gcc/i686-linux-gnu/4.8/../../../i386-linux-gnu/crti.o

.gnu.version    0x0000000000005ee0      0x496
 *(.gnu.version)
 .gnu.version   0x0000000000005ee0      0x496 /usr/lib/gcc/i686-linux-gnu/4.8/../../../i386-linux-gnu/crti.o

.gnu.version_d  0x0000000000006378        0x0
 *(.gnu.version_d)
 .gnu.version_d
                0x0000000000000000        0x0 /usr/lib/gcc/i686-linux-gnu/4.8/../../../i386-linux-gnu/crti.o

.gnu.version_r  0x0000000000006378       0x50
 *(.gnu.version_r)
 .gnu.version_r
                0x0000000000006378       0x50 /usr/lib/gcc/i686-linux-gnu/4.8/../../../i386-linux-gnu/crti.o

.rel.dyn        0x00000000000063c8     0x8b80
 *(.rel.init)
 .rel.init      0x0000000000000000        0x0 /usr/lib/gcc/i686-linux-gnu/4.8/../../../i386-linux-gnu/crti.o
 *(.rel.text .rel.text.* .rel.gnu.linkonce.t.*)
 .rel.text      0x00000000000063c8     0x83f0 /usr/lib/gcc/i686-linux-gnu/4.8/../../../i386-linux-gnu/crti.o
 *(.rel.fini)
 .rel.fini      0x0000000000000000        0x0 /usr/lib/gcc/i686-linux-gnu/4.8/../../../i386-linux-gnu/crti.o
 *(.rel.rodata .rel.rodata.* .rel.gnu.linkonce.r.*)
 .rel.rodata    0x000000000000e7b8      0x4e0 /usr/lib/gcc/i686-linux-gnu/4.8/../../../i386-linux-gnu/crti.o
 *(.rel.data.rel.ro .rel.data.rel.ro.* .rel.gnu.linkonce.d.rel.ro.*)
 *(.rel.data .rel.data.* .rel.gnu.linkonce.d.*)
 .rel.data.rel  0x000000000000ec98        0x8 /usr/lib/gcc/i686-linux-gnu/4.8/../../../i386-linux-gnu/crti.o
 .rel.data      0x000000000000eca0      0x270 /usr/lib/gcc/i686-linux-gnu/4.8/../../../i386-linux-gnu/crti.o
 *(.rel.tdata .rel.tdata.* .rel.gnu.linkonce.td.*)
 *(.rel.tbss .rel.tbss.* .rel.gnu.linkonce.tb.*)
 *(.rel.ctors)
 *(.rel.dtors)
 *(.rel.got)
 .rel.got       0x000000000000ef10       0x28 /usr/lib/gcc/i686-linux-gnu/4.8/../../../i386-linux-gnu/crti.o
 *(.rel.bss .rel.bss.* .rel.gnu.linkonce.b.*)
 *(.rel.ifunc)
 .rel.ifunc     0x0000000000000000        0x0 /usr/lib/gcc/i686-linux-gnu/4.8/../../../i386-linux-gnu/crti.o
 .rel.fini_array
                0x000000000000ef38        0x8 /usr/lib/gcc/i686-linux-gnu/4.8/../../../i386-linux-gnu/crti.o
 .rel.init_array
                0x000000000000ef40        0x8 /usr/lib/gcc/i686-linux-gnu/4.8/../../../i386-linux-gnu/crti.o

.rel.plt        0x000000000000ef48       0x10
 *(.rel.plt)
 .rel.plt       0x000000000000ef48       0x10 /usr/lib/gcc/i686-linux-gnu/4.8/../../../i386-linux-gnu/crti.o
 *(.rel.iplt)

.init           0x000000000000ef58       0x23
 *(SORT(.init))
 .init          0x000000000000ef58       0x1e /usr/lib/gcc/i686-linux-gnu/4.8/../../../i386-linux-gnu/crti.o
                0x000000000000ef58                _init
 .init          0x000000000000ef76        0x5 /usr/lib/gcc/i686-linux-gnu/4.8/../../../i386-linux-gnu/crtn.o

.plt            0x000000000000ef80       0x30
 *(.plt)
 .plt           0x000000000000ef80       0x30 /usr/lib/gcc/i686-linux-gnu/4.8/../../../i386-linux-gnu/crti.o
 *(.iplt)

.text           0x000000000000efb0    0x1596a
 *(.text.unlikely .text.*_unlikely .text.unlikely.*)
 *(.text.exit .text.exit.*)
 *(.text.startup .text.startup.*)
 *(.text.hot .text.hot.*)
 *(.text .stub .text.* .gnu.linkonce.t.*)
 .text          0x000000000000efb0        0x0 /usr/lib/gcc/i686-linux-gnu/4.8/../../../i386-linux-gnu/crti.o
 .gnu.linkonce.t.__x86.get_pc_thunk.bx
                0x000000000000efb0        0x4 /usr/lib/gcc/i686-linux-gnu/4.8/../../../i386-linux-gnu/crti.o
                0x000000000000efb0                __x86.get_pc_thunk.bx
 *fill*         0x000000000000efb4        0xc 
 .text          0x000000000000efc0      0x11b /usr/lib/gcc/i686-linux-gnu/4.8/crtbeginS.o
 .text          0x000000000000f0db       0x23 log_test.co
 .text          0x000000000000f0fe      0x97c obj_cooja/mtype898.o
                0x000000000000f2ac                contiki_init
                0x000000000000f891                Java_org_contikios_cooja_corecomm_Lib1_init
                0x000000000000f8d1                Java_org_contikios_cooja_corecomm_Lib1_getMemory
                0x000000000000f911                Java_org_contikios_cooja_corecomm_Lib1_setMemory
                0x000000000000f988                Java_org_contikios_cooja_corecomm_Lib1_tick
                0x000000000000fa68                Java_org_contikios_cooja_corecomm_Lib1_setReferenceAddress
 .text          0x000000000000fa7a       0x63 obj_cooja/mtype898.a(simEnvChange.o)
                0x000000000000fa7a                doActionsBeforeTick
                0x000000000000faab                doActionsAfterTick
 .text          0x000000000000fadd       0xbc obj_cooja/mtype898.a(cooja_mt.o)
                0x000000000000fadd                cooja_mt_init
                0x000000000000faea                cooja_mt_remove
                0x000000000000faf7                cooja_mt_start
                0x000000000000fb24                cooja_mt_exec
                0x000000000000fb55                cooja_mt_exit
                0x000000000000fb77                cooja_mt_yield
 .text          0x000000000000fb99      0x115 obj_cooja/mtype898.a(cooja_mtarch.o)
                0x000000000000fb99                cooja_mtarch_init
                0x000000000000fb9e                cooja_mtarch_start
                0x000000000000fc19                cooja_sw
                0x000000000000fc3b                cooja_mtarch_exec
                0x000000000000fc57                cooja_mtarch_remove
                0x000000000000fc5c                cooja_mtarch_yield
                0x000000000000fc66                cooja_mtarch_pstop
                0x000000000000fc6b                cooja_mtarch_pstart
                0x000000000000fc70                cooja_mtarch_stack_usage
 .text          0x000000000000fcae       0xc2 obj_cooja/mtype898.a(rtimer-arch.o)
                0x000000000000fcae                rtimer_arch_init
                0x000000000000fcd1                rtimer_arch_schedule
                0x000000000000fce8                rtimer_arch_next
                0x000000000000fcf2                rtimer_arch_pending
                0x000000000000fcfc                rtimer_arch_check
                0x000000000000fd2e                rtimer_arch_now
 .text          0x000000000000fd70       0x76 obj_cooja/mtype898.a(beep.o)
                0x000000000000fd70                beep_alarm
                0x000000000000fd7c                beep_beep
                0x000000000000fd88                beep
                0x000000000000fd94                beep_down
                0x000000000000fda0                beep_on
                0x000000000000fdac                beep_off
                0x000000000000fdb8                beep_spinup
                0x000000000000fdc4                beep_quick
                0x000000000000fdd0                beep_long
 .text          0x000000000000fde6      0x103 obj_cooja/mtype898.a(button-sensor.o)
 .text          0x000000000000fee9       0x45 obj_cooja/mtype898.a(leds-arch.o)
                0x000000000000fee9                leds_arch_init
                0x000000000000fef5                leds_arch_get
                0x000000000000ff01                leds_arch_set
 .text          0x000000000000ff2e       0x2f obj_cooja/mtype898.a(moteid.o)
 .text          0x000000000000ff5d       0xb1 obj_cooja/mtype898.a(pir-sensor.o)
 .text          0x000000000001000e      0x131 obj_cooja/mtype898.a(rs232.o)
                0x000000000001000e                rs232_init
                0x0000000000010013                rs232_set_speed
                0x0000000000010021                rs232_set_input
                0x000000000001002e                rs232_send
                0x0000000000010050                rs232_print
                0x000000000001006b                slip_arch_writeb
 .text          0x000000000001013f       0xb1 obj_cooja/mtype898.a(vib-sensor.o)
 .text          0x00000000000101f0       0x34 obj_cooja/mtype898.a(clock.o)
                0x00000000000101f0                clock_init
                0x00000000000101f5                clock_time
                0x00000000000101ff                clock_seconds
                0x0000000000010215                clock_delay
 .text          0x0000000000010224      0x1ed obj_cooja/mtype898.a(log.o)
                0x0000000000010224                simlog_char
                0x0000000000010266                simlog
                0x00000000000102d3                log_message
                0x00000000000102fb                log_set_putchar_with_slip
                0x0000000000010308                log_putchar
                0x000000000001038c                log_puts
                0x00000000000103b0                log_printf
 .text          0x0000000000010411      0x2c4 obj_cooja/mtype898.a(cfs-cooja.o)
                0x0000000000010411                cfs_open
                0x000000000001047a                cfs_close
                0x0000000000010486                cfs_read
                0x0000000000010524                cfs_write
                0x0000000000010601                cfs_seek
                0x0000000000010689                cfs_remove
                0x00000000000106b2                cfs_opendir
                0x00000000000106bc                cfs_readdir
                0x00000000000106c6                cfs_closedir
 .text          0x00000000000106d5      0x5b3 obj_cooja/mtype898.a(cooja-radio.o)
                0x00000000000106ff                radio_set_channel
                0x0000000000010714                radio_set_txpower
                0x0000000000010734                radio_signal_strength_last
                0x000000000001073e                radio_signal_strength_current
                0x0000000000010748                radio_LQI
 .text          0x0000000000010c88       0xef obj_cooja/mtype898.a(eeprom.o)
                0x0000000000010c88                eeprom_init
                0x0000000000010c8d                eeprom_read
                0x0000000000010cfd                eeprom_write
 .text          0x0000000000010d77       0x28 obj_cooja/mtype898.a(random.o)
                0x0000000000010d77                random_init
                0x0000000000010d92                random_rand
 .text          0x0000000000010d9f      0x2a1 obj_cooja/mtype898.a(sensors.o)
                0x0000000000010dda                sensors_first
                0x0000000000010de4                sensors_next
                0x0000000000010e01                sensors_changed
                0x0000000000010e30                sensors_find
 .text          0x0000000000011040      0x3c2 obj_cooja/mtype898.a(dual_conf.o)
                0x0000000000011040                dual_radio_switch
                0x0000000000011080                dual_radio_change
                0x00000000000110ba                sending_in_LR
                0x00000000000110e5                dual_radio_received
                0x0000000000011138                radio_received_is_longrange
                0x000000000001138f                dio_broadcast
                0x00000000000113b8                dis_broadcast
                0x00000000000113d9                dio_ack_broadcast
 .text          0x0000000000011402       0x8e obj_cooja/mtype898.a(autostart.o)
                0x0000000000011402                autostart_start
                0x000000000001144d                autostart_exit
 .text          0x0000000000011490      0x334 obj_cooja/mtype898.a(ctimer.o)
                0x00000000000115a7                ctimer_init
                0x00000000000115d7                ctimer_set
                0x0000000000011608                ctimer_set_with_process
                0x0000000000011684                ctimer_reset
                0x00000000000116d3                ctimer_restart
                0x0000000000011722                ctimer_stop
                0x000000000001176d                ctimer_expired
 .text          0x00000000000117c4      0x40b obj_cooja/mtype898.a(etimer.o)
                0x00000000000119d7                etimer_request_poll
                0x0000000000011a5b                etimer_set
                0x0000000000011a80                etimer_reset_with_new_interval
                0x0000000000011aa7                etimer_reset
                0x0000000000011ac5                etimer_restart
                0x0000000000011ae3                etimer_adjust
                0x0000000000011aff                etimer_expired
                0x0000000000011b12                etimer_expiration_time
                0x0000000000011b24                etimer_start_time
                0x0000000000011b2e                etimer_pending
                0x0000000000011b40                etimer_next_expiration_time
                0x0000000000011b5a                etimer_stop
 .text          0x0000000000011bcf       0x4e obj_cooja/mtype898.a(log_message.o)
                0x0000000000011bcf                log_initialization
                0x0000000000011bfc                log_finisher
 .text          0x0000000000011c1d      0x560 obj_cooja/mtype898.a(process.o)
                0x0000000000011c1d                process_alloc_event
                0x0000000000011c32                process_start
                0x0000000000011e1b                process_exit
                0x0000000000011e37                process_init
                0x0000000000012008                process_run
                0x000000000001203b                process_nevents
                0x0000000000012056                process_post
                0x0000000000012102                process_post_synch
                0x000000000001213a                process_poll
                0x0000000000012169                process_is_running
 .text          0x000000000001217d       0xba obj_cooja/mtype898.a(rtimer.o)
                0x000000000001217d                rtimer_init
                0x000000000001218a                rtimer_set
                0x00000000000121e1                rtimer_run_next
 .text          0x0000000000012237       0x91 obj_cooja/mtype898.a(timer.o)
                0x0000000000012237                timer_set
                0x0000000000012252                timer_reset
                0x0000000000012269                timer_restart
                0x000000000001227b                timer_expired
                0x00000000000122a4                timer_remaining
 .text          0x00000000000122c8      0x1fb obj_cooja/mtype898.a(serial-line.o)
                0x00000000000122c8                serial_line_input_byte
                0x000000000001248b                serial_line_init
 .text          0x00000000000124c3      0x244 obj_cooja/mtype898.a(list.o)
                0x00000000000124c3                list_init
                0x00000000000124d1                list_head
                0x00000000000124db                list_copy
                0x00000000000124ea                list_tail
                0x0000000000012520                list_add
                0x0000000000012569                list_push
                0x0000000000012595                list_chop
                0x00000000000125ff                list_pop
                0x0000000000012627                list_remove
                0x000000000001268e                list_length
                0x00000000000126bc                list_insert
                0x00000000000126f0                list_item_next
 .text          0x0000000000012707      0x155 obj_cooja/mtype898.a(ringbuf.o)
                0x0000000000012707                ringbuf_init
                0x0000000000012738                ringbuf_put
                0x00000000000127b6                ringbuf_get
                0x0000000000012823                ringbuf_size
                0x0000000000012835                ringbuf_elements
 .text          0x000000000001285c     0x258b obj_cooja/mtype898.a(sicslowpan.o)
                0x0000000000012de6                rime_sniffer_add
                0x0000000000012df3                rime_sniffer_remove
                0x0000000000014d86                sicslowpan_init
                0x0000000000014ddd                sicslowpan_get_last_rssi
 .text          0x0000000000014de7      0x2dc obj_cooja/mtype898.a(uip-ds6-nbr.o)
                0x0000000000014e04                uip_ds6_neighbors_init
                0x0000000000014e21                uip_ds6_nbr_add
                0x0000000000014ed2                uip_ds6_nbr_rm
                0x0000000000014f2f                uip_ds6_nbr_get_ipaddr
                0x0000000000014f44                uip_ds6_nbr_get_ll
                0x0000000000014f60                uip_ds6_nbr_num
                0x0000000000014fa5                uip_ds6_nbr_lookup
                0x000000000001500a                uip_ds6_nbr_ll_lookup
                0x0000000000015026                uip_ds6_nbr_ipaddr_from_lladdr
                0x000000000001504c                uip_ds6_nbr_lladdr_from_ipaddr
                0x000000000001507a                uip_ds6_link_neighbor_callback
 .text          0x00000000000150c3     0x12ad obj_cooja/mtype898.a(uip-ds6.o)
                0x00000000000150c3                uip_ds6_init
                0x0000000000015418                uip_ds6_periodic
                0x00000000000154f0                uip_ds6_list_loop
                0x0000000000015597                uip_ds6_prefix_add
                0x0000000000015655                uip_ds6_prefix_rm
                0x0000000000015667                uip_ds6_prefix_lookup
                0x00000000000156b8                uip_ds6_is_addr_onlink
                0x000000000001572c                uip_ds6_addr_add
                0x000000000001585a                uip_ds6_long_addr_add
                0x0000000000015988                uip_ds6_addr_rm
                0x0000000000015a28                uip_ds6_addr_lookup
                0x0000000000015a73                uip_ds6_long_addr_lookup
                0x0000000000015abe                uip_ds6_get_link_local
                0x0000000000015b3d                uip_ds6_long_get_link_local
                0x0000000000015bbc                uip_ds6_get_global
                0x0000000000015c3b                uip_ds6_long_get_global
                0x0000000000015cba                uip_ds6_maddr_add
                0x0000000000015d2c                uip_ds6_long_maddr_add
                0x0000000000015d9e                uip_ds6_maddr_rm
                0x0000000000015db0                uip_ds6_maddr_lookup
                0x0000000000015dfb                uip_ds6_long_maddr_lookup
                0x0000000000015e46                uip_ds6_aaddr_add
                0x0000000000015eb8                uip_ds6_long_aaddr_add
                0x0000000000015f2a                uip_ds6_aaddr_rm
                0x0000000000015f3c                uip_ds6_aaddr_lookup
                0x0000000000015f87                uip_ds6_long_aaddr_lookup
                0x0000000000015fd2                uip_ds6_select_src
                0x000000000001625b                uip_ds6_set_addr_iid
                0x0000000000016292                get_match_length
                0x0000000000016324                uip_ds6_compute_reachable_time
 .text          0x0000000000016370     0x29f3 obj_cooja/mtype898.a(uip6.o)
                0x0000000000016370                uip_add32
                0x0000000000016509                uip_chksum
                0x00000000000165f7                uip_icmp6chksum
                0x000000000001660b                uip_tcpchksum
                0x000000000001661f                uip_udpchksum
                0x0000000000016633                uip_init
                0x0000000000016703                uip_connect
                0x00000000000168b2                remove_ext_hdr
                0x0000000000016987                uip_udp_new
                0x0000000000016ae3                uip_unlisten
                0x0000000000016b43                uip_listen
                0x0000000000016e05                uip_process
                0x0000000000018c57                uip_htons
                0x0000000000018c79                uip_htonl
                0x0000000000018cb9                uip_send
 .text          0x0000000000018d63      0xb5c obj_cooja/mtype898.a(tcpip.o)
                0x0000000000018d63                tcpip_output
                0x0000000000018db4                tcpip_set_outputfunc
                0x0000000000018e54                tcp_connect
                0x0000000000018ea9                tcp_unlisten
                0x0000000000018f04                tcp_listen
                0x0000000000018f5d                tcp_attach
                0x0000000000018f82                udp_attach
                0x0000000000018fa7                udp_new
                0x0000000000018ff9                udp_broadcast_new
                0x000000000001926d                tcpip_input
                0x00000000000192a1                tcpip_ipv6_output
                0x0000000000019705                tcpip_poll_udp
                0x0000000000019728                tcpip_poll_tcp
                0x000000000001974b                tcpip_uipcall
 .text          0x00000000000198bf      0x1c1 obj_cooja/mtype898.a(uip-debug.o)
                0x00000000000198bf                uip_debug_ipaddr_print
                0x0000000000019a21                uip_debug_lladdr_print
 .text          0x0000000000019a80      0x141 obj_cooja/mtype898.a(uip-packetqueue)
                0x0000000000019aac                uip_packetqueue_new
                0x0000000000019aba                uip_packetqueue_alloc
                0x0000000000019b1a                uip_packetqueue_free
                0x0000000000019b5b                uip_packetqueue_buf
                0x0000000000019b78                uip_packetqueue_buflen
                0x0000000000019b99                uip_packetqueue_set_buflen
 .text          0x0000000000019bc1     0x2680 obj_cooja/mtype898.a(rpl-dag.o)
                0x0000000000019bc1                rpl_print_neighbor_list
                0x0000000000019d96                rpl_print_child_neighbor_list
                0x0000000000019e4e                rpl_get_nbr
                0x0000000000019ea8                rpl_get_nbr_child
                0x0000000000019f02                rpl_dag_init
                0x0000000000019f34                rpl_get_parent
                0x0000000000019f56                rpl_get_parent_rank
                0x0000000000019f89                rpl_get_parent_link_metric
                0x0000000000019fbc                rpl_get_parent_ipaddr
                0x0000000000019fe6                rpl_get_child_ipaddr
                0x000000000001a2fa                rpl_set_root
                0x000000000001a521                rpl_repair_root
                0x000000000001a75d                rpl_set_prefix
                0x000000000001a85c                rpl_set_default_route
                0x000000000001a8e8                rpl_alloc_instance
                0x000000000001a97b                rpl_alloc_dag
                0x000000000001aa2c                rpl_set_default_instance
                0x000000000001aa39                rpl_get_default_instance
                0x000000000001aa43                rpl_free_instance
                0x000000000001aaf2                rpl_free_dag
                0x000000000001ab58                rpl_add_parent
                0x000000000001ac3f                rpl_find_parent
                0x000000000001ac6f                rpl_add_child
                0x000000000001ad13                rpl_find_child
                0x000000000001ad61                rpl_find_parent_any_dag
                0x000000000001ad9d                rpl_select_dag
                0x000000000001b176                rpl_select_parent
                0x000000000001b1d8                rpl_remove_parent
                0x000000000001b1ff                rpl_remove_child
                0x000000000001b21b                rpl_nullify_parent
                0x000000000001b2b9                rpl_move_parent
                0x000000000001b356                rpl_has_downward_route
                0x000000000001b3a9                rpl_get_any_dag
                0x000000000001b40b                rpl_get_instance
                0x000000000001b46e                rpl_find_of
                0x000000000001b4ab                rpl_join_instance
                0x000000000001b726                rpl_add_dag
                0x000000000001bb15                rpl_local_repair
                0x000000000001bbd9                rpl_recalculate_ranks
                0x000000000001bc5f                rpl_process_parent_event
                0x000000000001bd11                rpl_process_dio
 .text          0x000000000001c241      0xbf3 obj_cooja/mtype898.a(rpl-ext-header.)
                0x000000000001c25e                rpl_verify_header
                0x000000000001c6d8                rpl_update_header_empty
                0x000000000001c9ef                rpl_update_header_final
                0x000000000001cb7e                rpl_remove_header
                0x000000000001cc88                rpl_invert_header
                0x000000000001ce12                rpl_insert_header
 .text          0x000000000001ce34     0x260f obj_cooja/mtype898.a(rpl-icmp6.o)
                0x000000000001d0fd                rpl_icmp6_update_nbr_table
                0x000000000001d1ed                dis_output
                0x000000000001db23                dio_output
                0x000000000001e4c6                dio_ack_output
                0x000000000001efac                dao_output
                0x000000000001f067                dao_output_target
                0x000000000001f3eb                dao_ack_output
                0x000000000001f3ff                rpl_icmp6_register_handlers
 .text          0x000000000001f443      0x40e obj_cooja/mtype898.a(rpl-ltmax-of.o)
 .text          0x000000000001f851      0x904 obj_cooja/mtype898.a(rpl-timers.o)
                0x000000000001fa97                rpl_reset_periodic_timer
                0x000000000001faec                rpl_reset_dio_timer
                0x000000000001fd26                rpl_schedule_dao
                0x000000000001fd41                rpl_schedule_dao_immediately
                0x000000000001fd5c                rpl_cancel_dao
                0x000000000001fe87                rpl_schedule_dio_ack
                0x000000000001fea2                rpl_schedule_dio_ack_immediately
                0x000000000001febd                rpl_cancel_dio_ack
                0x000000000001ff0f                rpl_schedule_unicast_dio_immediately
                0x00000000000200fd                rpl_schedule_probing
 .text          0x0000000000020155      0x59b obj_cooja/mtype898.a(rpl.o)
                0x0000000000020155                rpl_get_mode
                0x000000000002015f                rpl_set_mode
                0x00000000000201ed                rpl_purge_routes
                0x00000000000202e7                rpl_remove_routes
                0x000000000002032d                rpl_remove_routes_by_nexthop
                0x0000000000020399                rpl_add_route
                0x0000000000020414                rpl_link_neighbor_callback
                0x0000000000020519                rpl_ipv6_neighbor_callback
                0x0000000000020588                rpl_purge_dags
                0x000000000002066a                rpl_init
 .text          0x00000000000206f0      0x3f5 obj_cooja/mtype898.a(framer-802154.o)
 .text          0x0000000000020ae5       0x5e obj_cooja/mtype898.a(nullmac.o)
 .text          0x0000000000020b43      0x4b0 obj_cooja/mtype898.a(nullrdc.o)
 .text          0x0000000000020ff3       0x82 obj_cooja/mtype898.a(linkaddr.o)
                0x0000000000020ff3                linkaddr_copy
                0x0000000000021015                linkaddr_cmp
                0x000000000002103f                linkaddr_set_node_addr
                0x000000000002105a                linkaddr_set_node_long_addr
 .text          0x0000000000021075      0x892 obj_cooja/mtype898.a(nbr-table.o)
                0x0000000000021075                lladdr_map_add_lr
                0x0000000000021135                lladdr_map_rm_lr
                0x00000000000215fd                nbr_table_register
                0x0000000000021645                nbr_table_head
                0x00000000000216a1                nbr_table_next
                0x0000000000021708                nbr_table_add_lladdr
                0x00000000000217e4                nbr_table_get_from_lladdr
                0x0000000000021831                nbr_table_remove
                0x0000000000021883                nbr_table_lock
                0x00000000000218ad                nbr_table_unlock
                0x00000000000218d7                nbr_table_get_lladdr
 .text          0x0000000000021907       0x2b obj_cooja/mtype898.a(netstack.o)
                0x0000000000021907                netstack_init
 .text          0x0000000000021932      0x3cd obj_cooja/mtype898.a(packetbuf.o)
                0x0000000000021932                packetbuf_clear
                0x000000000002195c                packetbuf_copyfrom
                0x00000000000219ae                packetbuf_compact
                0x0000000000021a2b                packetbuf_copyto
                0x0000000000021ac2                packetbuf_hdralloc
                0x0000000000021b3f                packetbuf_hdrreduce
                0x0000000000021b87                packetbuf_set_datalen
                0x0000000000021ba0                packetbuf_dataptr
                0x0000000000021bbd                packetbuf_hdrptr
                0x0000000000021bc7                packetbuf_datalen
                0x0000000000021bd3                packetbuf_hdrlen
                0x0000000000021bea                packetbuf_totlen
                0x0000000000021c00                packetbuf_attr_clear
                0x0000000000021c52                packetbuf_attr_copyto
                0x0000000000021c9b                packetbuf_attr_copyfrom
                0x0000000000021ce3                packetbuf_holds_broadcast
 .text          0x0000000000021cff      0x2b4 obj_cooja/mtype898.a(queuebuf.o)
                0x0000000000021d09                queuebuf_init
                0x0000000000021d29                queuebuf_numfree
                0x0000000000021d3d                queuebuf_new_from_packetbuf
                0x0000000000021dcd                queuebuf_update_attr_from_packetbuf
                0x0000000000021e00                queuebuf_update_from_packetbuf
                0x0000000000021e4a                queuebuf_free
                0x0000000000021e91                queuebuf_to_packetbuf
                0x0000000000021ef7                queuebuf_dataptr
                0x0000000000021f2e                queuebuf_datalen
                0x0000000000021f51                queuebuf_addr
                0x0000000000021f83                queuebuf_attr
                0x0000000000021fae                queuebuf_debug_print
 .text          0x0000000000021fb3       0x6e obj_cooja/mtype898.a(nullsec.o)
 .text          0x0000000000022021       0x19 obj_cooja/mtype898.a(watchdog.o)
                0x0000000000022021                watchdog_init
                0x0000000000022026                watchdog_start
                0x000000000002202b                watchdog_periodic
                0x0000000000022030                watchdog_stop
                0x0000000000022035                watchdog_reboot
 .text          0x000000000002203a        0x0 obj_cooja/mtype898.a(rimestats.o)
 .text          0x000000000002203a       0xa3 obj_cooja/mtype898.a(stimer.o)
                0x000000000002203a                stimer_set
                0x0000000000022055                stimer_reset
                0x000000000002206c                stimer_restart
                0x000000000002207e                stimer_expired
                0x00000000000220a5                stimer_remaining
                0x00000000000220c9                stimer_elapsed
 .text          0x00000000000220dd      0x1c1 obj_cooja/mtype898.a(memb.o)
                0x00000000000220dd                memb_init
                0x000000000002213b                memb_alloc
                0x00000000000221a0                memb_free
                0x000000000002221b                memb_inmemb
                0x000000000002225a                memb_numfree
 .text          0x000000000002229e      0x918 obj_cooja/mtype898.a(uip-ds6-route.o)
                0x0000000000022315                uip_ds6_notification_add
                0x0000000000022346                uip_ds6_notification_rm
                0x0000000000022362                uip_ds6_route_init
                0x00000000000223ea                uip_ds6_route_nexthop
                0x0000000000022412                uip_ds6_route_head
                0x0000000000022427                uip_ds6_route_next
                0x000000000002244d                uip_ds6_route_is_nexthop
                0x000000000002248c                uip_ds6_route_num_routes
                0x0000000000022496                uip_ds6_route_lookup
                0x0000000000022558                uip_ds6_route_add
                0x000000000002278e                uip_ds6_route_rm
                0x0000000000022922                uip_ds6_route_rm_by_nexthop
                0x000000000002295a                uip_ds6_defrt_add
                0x0000000000022a0b                uip_ds6_defrt_rm
                0x0000000000022a8a                uip_ds6_defrt_lookup
                0x0000000000022ae3                uip_ds6_defrt_choose
                0x0000000000022b4e                uip_ds6_defrt_periodic
 .text          0x0000000000022bb6      0xab2 obj_cooja/mtype898.a(uip-icmp6.o)
                0x0000000000022c24                uip_icmp6_input
                0x0000000000022c7a                uip_icmp6_register_input_handler
                0x0000000000022f42                uip_icmp6_error_output
                0x0000000000023287                uip_icmp6_send
                0x00000000000235fb                uip_icmp6_echo_reply_callback_add
                0x000000000002362c                uip_icmp6_echo_reply_callback_rm
                0x0000000000023648                uip_icmp6_init
 .text          0x0000000000023668      0x358 obj_cooja/mtype898.a(uip-nd6.o)
                0x00000000000236bc                uip_nd6_ns_output
                0x00000000000239bb                uip_nd6_init
 .text          0x00000000000239c0      0x421 obj_cooja/mtype898.a(rpl-nbr-policy.)
                0x0000000000023bfb                find_removable_dis
                0x0000000000023c3e                find_removable_dio
                0x0000000000023d2e                find_removable_dao
                0x0000000000023d8a                rpl_nbr_policy_find_removable
 .text          0x0000000000023de1      0x97c obj_cooja/mtype898.a(frame802154.o)
                0x0000000000023e12                frame802154_get_pan_id
                0x0000000000023e1e                frame802154_set_pan_id
                0x0000000000023e37                frame802154_has_panid
                0x0000000000023f23                frame802154_check_dest_panid
                0x0000000000023f8b                frame802154_is_broadcast_addr
                0x0000000000023fd8                frame802154_extract_linkaddr
                0x0000000000024218                frame802154_hdrlen
                0x0000000000024269                frame802154_create
                0x0000000000024454                frame802154_parse
 .text          0x000000000002475d      0x181 obj_cooja/mtype898.a(mac-sequence.o)
                0x0000000000024794                mac_sequence_is_duplicate
                0x0000000000024817                mac_sequence_register_seqno
 .text          0x00000000000248de       0x3c obj_cooja/mtype898.a(mac.o)
                0x00000000000248de                mac_call_sent_callback
 .text          0x000000000002491a        0x0 /usr/lib/gcc/i686-linux-gnu/4.8/crtendS.o
 .text          0x000000000002491a        0x0 /usr/lib/gcc/i686-linux-gnu/4.8/../../../i386-linux-gnu/crtn.o
 *(.gnu.warning)

.fini           0x000000000002491c       0x14
 *(SORT(.fini))
 .fini          0x000000000002491c        0xf /usr/lib/gcc/i686-linux-gnu/4.8/../../../i386-linux-gnu/crti.o
                0x000000000002491c                _fini
 .fini          0x000000000002492b        0x5 /usr/lib/gcc/i686-linux-gnu/4.8/../../../i386-linux-gnu/crtn.o
                0x0000000000024930                PROVIDE (__etext, .)
                0x0000000000024930                PROVIDE (_etext, .)
                0x0000000000024930                PROVIDE (etext, .)

.rodata         0x0000000000024940      0xc01
 *(.rodata .rodata.* .gnu.linkonce.r.*)
 .rodata        0x0000000000024940       0x1c log_test.co
                0x0000000000024954                autostart_processes
 .rodata        0x000000000002495c      0x19a obj_cooja/mtype898.o
 *fill*         0x0000000000024af6        0x2 
 .rodata        0x0000000000024af8        0x8 obj_cooja/mtype898.a(beep.o)
                0x0000000000024af8                beep_interface
 .rodata        0x0000000000024b00       0x20 obj_cooja/mtype898.a(button-sensor.o)
                0x0000000000024b00                button_interface
                0x0000000000024b10                button_sensor
 .rodata        0x0000000000024b20        0x8 obj_cooja/mtype898.a(leds-arch.o)
                0x0000000000024b20                leds_interface
 .rodata        0x0000000000024b28        0x8 obj_cooja/mtype898.a(moteid.o)
                0x0000000000024b28                moteid_interface
 .rodata        0x0000000000024b30       0x1c obj_cooja/mtype898.a(pir-sensor.o)
                0x0000000000024b30                pir_interface
                0x0000000000024b3c                pir_sensor
 .rodata        0x0000000000024b4c        0xe obj_cooja/mtype898.a(rs232.o)
                0x0000000000024b4c                rs232_interface
 *fill*         0x0000000000024b5a        0x2 
 .rodata        0x0000000000024b5c       0x24 obj_cooja/mtype898.a(vib-sensor.o)
                0x0000000000024b5c                vib_interface
                0x0000000000024b70                vib_sensor
 .rodata        0x0000000000024b80        0x8 obj_cooja/mtype898.a(clock.o)
                0x0000000000024b80                clock_interface
 .rodata        0x0000000000024b88        0x8 obj_cooja/mtype898.a(log.o)
                0x0000000000024b88                simlog_interface
 .rodata        0x0000000000024b90       0x2f obj_cooja/mtype898.a(cfs-cooja.o)
                0x0000000000024b90                cfs_interface
 *fill*         0x0000000000024bbf        0x1 
 .rodata        0x0000000000024bc0      0x100 obj_cooja/mtype898.a(cooja-radio.o)
                0x0000000000024c80                cooja_radio_driver
                0x0000000000024cb8                radio_interface
 .rodata        0x0000000000024cc0        0x8 obj_cooja/mtype898.a(eeprom.o)
                0x0000000000024cc0                eeprom_interface
 .rodata        0x0000000000024cc8        0x8 obj_cooja/mtype898.a(sensors.o)
 .rodata        0x0000000000024cd0      0x1f5 obj_cooja/mtype898.a(dual_conf.o)
 .rodata        0x0000000000024ec5        0xf obj_cooja/mtype898.a(ctimer.o)
 .rodata        0x0000000000024ed4        0xc obj_cooja/mtype898.a(etimer.o)
 .rodata        0x0000000000024ee0       0x6b obj_cooja/mtype898.a(log_message.o)
 .rodata        0x0000000000024f4b        0xe obj_cooja/mtype898.a(serial-line.o)
 *fill*         0x0000000000024f59        0x3 
 .rodata        0x0000000000024f5c       0x2c obj_cooja/mtype898.a(sicslowpan.o)
                0x0000000000024f5c                unc_llconf
                0x0000000000024f60                unc_ctxconf
                0x0000000000024f64                unc_mxconf
                0x0000000000024f68                llprefix
                0x0000000000024f7c                sicslowpan_driver
 .rodata        0x0000000000024f88      0x13c obj_cooja/mtype898.a(uip6.o)
 .rodata        0x00000000000250c4      0x13a obj_cooja/mtype898.a(tcpip.o)
 .rodata        0x00000000000251fe       0x3e obj_cooja/mtype898.a(uip-debug.o)
 .rodata        0x000000000002523c       0xdc obj_cooja/mtype898.a(rpl-dag.o)
 .rodata        0x0000000000025318        0xc obj_cooja/mtype898.a(framer-802154.o)
                0x0000000000025318                framer_802154
 .rodata        0x0000000000025324       0x24 obj_cooja/mtype898.a(nullmac.o)
                0x000000000002532c                nullmac_driver
 *fill*         0x0000000000025348       0x18 
 .rodata        0x0000000000025360       0x40 obj_cooja/mtype898.a(nullrdc.o)
                0x0000000000025380                nullrdc_driver
 .rodata        0x00000000000253a0        0x8 obj_cooja/mtype898.a(linkaddr.o)
                0x00000000000253a0                linkaddr_null
 .rodata        0x00000000000253a8       0x18 obj_cooja/mtype898.a(nullsec.o)
                0x00000000000253b0                nullsec_driver
 .rodata        0x00000000000253c0      0x181 obj_cooja/mtype898.a(rpl-nbr-policy.)

.rodata1
 *(.rodata1)

.eh_frame_hdr   0x0000000000025544     0x1344
 *(.eh_frame_hdr)
 .eh_frame_hdr  0x0000000000025544     0x1344 log_test.co

.eh_frame       0x0000000000026888     0x4e50
 *(.eh_frame)
 .eh_frame      0x0000000000026888       0x3c /usr/lib/gcc/i686-linux-gnu/4.8/../../../i386-linux-gnu/crti.o
                                         0x40 (size before relaxing)
 .eh_frame      0x00000000000268c4       0x20 log_test.co
                                         0x38 (size before relaxing)
 .eh_frame      0x00000000000268e4      0x148 obj_cooja/mtype898.o
                                        0x160 (size before relaxing)
 .eh_frame      0x0000000000026a2c       0x40 obj_cooja/mtype898.a(simEnvChange.o)
                                         0x58 (size before relaxing)
 .eh_frame      0x0000000000026a6c       0xc0 obj_cooja/mtype898.a(cooja_mt.o)
                                         0xd8 (size before relaxing)
 .eh_frame      0x0000000000026b2c      0x120 obj_cooja/mtype898.a(cooja_mtarch.o)
                                        0x138 (size before relaxing)
 .eh_frame      0x0000000000026c4c       0xc0 obj_cooja/mtype898.a(rtimer-arch.o)
                                         0xd8 (size before relaxing)
 .eh_frame      0x0000000000026d0c      0x160 obj_cooja/mtype898.a(beep.o)
                                        0x178 (size before relaxing)
 .eh_frame      0x0000000000026e6c       0xa0 obj_cooja/mtype898.a(button-sensor.o)
                                         0xb8 (size before relaxing)
 .eh_frame      0x0000000000026f0c       0xa0 obj_cooja/mtype898.a(leds-arch.o)
                                         0xb8 (size before relaxing)
 .eh_frame      0x0000000000026fac       0x40 obj_cooja/mtype898.a(moteid.o)
                                         0x58 (size before relaxing)
 .eh_frame      0x0000000000026fec       0xa0 obj_cooja/mtype898.a(pir-sensor.o)
                                         0xb8 (size before relaxing)
 .eh_frame      0x000000000002708c      0x100 obj_cooja/mtype898.a(rs232.o)
                                        0x118 (size before relaxing)
 .eh_frame      0x000000000002718c       0xa0 obj_cooja/mtype898.a(vib-sensor.o)
                                         0xb8 (size before relaxing)
 .eh_frame      0x000000000002722c       0xc0 obj_cooja/mtype898.a(clock.o)
                                         0xd8 (size before relaxing)
 .eh_frame      0x00000000000272ec      0x120 obj_cooja/mtype898.a(log.o)
                                        0x138 (size before relaxing)
 .eh_frame      0x000000000002740c      0x160 obj_cooja/mtype898.a(cfs-cooja.o)
                                        0x178 (size before relaxing)
 .eh_frame      0x000000000002756c      0x2e0 obj_cooja/mtype898.a(cooja-radio.o)
                                        0x2f8 (size before relaxing)
 .eh_frame      0x000000000002784c       0xa0 obj_cooja/mtype898.a(eeprom.o)
                                         0xb8 (size before relaxing)
 .eh_frame      0x00000000000278ec       0x40 obj_cooja/mtype898.a(random.o)
                                         0x58 (size before relaxing)
 .eh_frame      0x000000000002792c       0xc0 obj_cooja/mtype898.a(sensors.o)
                                         0xd8 (size before relaxing)
 .eh_frame      0x00000000000279ec      0x160 obj_cooja/mtype898.a(dual_conf.o)
                                        0x178 (size before relaxing)
 .eh_frame      0x0000000000027b4c       0x40 obj_cooja/mtype898.a(autostart.o)
                                         0x58 (size before relaxing)
 .eh_frame      0x0000000000027b8c      0x100 obj_cooja/mtype898.a(ctimer.o)
                                        0x118 (size before relaxing)
 .eh_frame      0x0000000000027c8c      0x1e0 obj_cooja/mtype898.a(etimer.o)
                                        0x1f8 (size before relaxing)
 .eh_frame      0x0000000000027e6c       0x40 obj_cooja/mtype898.a(log_message.o)
                                         0x58 (size before relaxing)
 .eh_frame      0x0000000000027eac      0x1c8 obj_cooja/mtype898.a(process.o)
                                        0x1e0 (size before relaxing)
 .eh_frame      0x0000000000028074       0x60 obj_cooja/mtype898.a(rtimer.o)
                                         0x78 (size before relaxing)
 .eh_frame      0x00000000000280d4       0xa4 obj_cooja/mtype898.a(timer.o)
                                         0xbc (size before relaxing)
 .eh_frame      0x0000000000028178       0x60 obj_cooja/mtype898.a(serial-line.o)
                                         0x78 (size before relaxing)
 .eh_frame      0x00000000000281d8      0x180 obj_cooja/mtype898.a(list.o)
                                        0x198 (size before relaxing)
 .eh_frame      0x0000000000028358       0xa0 obj_cooja/mtype898.a(ringbuf.o)
                                         0xb8 (size before relaxing)
 .eh_frame      0x00000000000283f8      0x350 obj_cooja/mtype898.a(sicslowpan.o)
                                        0x368 (size before relaxing)
 .eh_frame      0x0000000000028748      0x180 obj_cooja/mtype898.a(uip-ds6-nbr.o)
                                        0x198 (size before relaxing)
 .eh_frame      0x00000000000288c8      0x3c8 obj_cooja/mtype898.a(uip-ds6.o)
                                        0x3e0 (size before relaxing)
 .eh_frame      0x0000000000028c90      0x27c obj_cooja/mtype898.a(uip6.o)
                                        0x294 (size before relaxing)
 .eh_frame      0x0000000000028f0c      0x270 obj_cooja/mtype898.a(tcpip.o)
                                        0x288 (size before relaxing)
 .eh_frame      0x000000000002917c       0x48 obj_cooja/mtype898.a(uip-debug.o)
                                         0x60 (size before relaxing)
 .eh_frame      0x00000000000291c4       0xe0 obj_cooja/mtype898.a(uip-packetqueue)
                                         0xf8 (size before relaxing)
 .eh_frame      0x00000000000292a4      0x75c obj_cooja/mtype898.a(rpl-dag.o)
                                        0x774 (size before relaxing)
 .eh_frame      0x0000000000029a00      0x10c obj_cooja/mtype898.a(rpl-ext-header.)
                                        0x124 (size before relaxing)
 .eh_frame      0x0000000000029b0c      0x2f8 obj_cooja/mtype898.a(rpl-icmp6.o)
                                        0x310 (size before relaxing)
 .eh_frame      0x0000000000029e04       0xe8 obj_cooja/mtype898.a(rpl-ltmax-of.o)
                                        0x100 (size before relaxing)
 .eh_frame      0x0000000000029eec      0x2b0 obj_cooja/mtype898.a(rpl-timers.o)
                                        0x2c8 (size before relaxing)
 .eh_frame      0x000000000002a19c      0x140 obj_cooja/mtype898.a(rpl.o)
                                        0x158 (size before relaxing)
 .eh_frame      0x000000000002a2dc      0x108 obj_cooja/mtype898.a(framer-802154.o)
                                        0x120 (size before relaxing)
 .eh_frame      0x000000000002a3e4       0xc0 obj_cooja/mtype898.a(nullmac.o)
                                         0xd8 (size before relaxing)
 .eh_frame      0x000000000002a4a4      0x16c obj_cooja/mtype898.a(nullrdc.o)
                                        0x184 (size before relaxing)
 .eh_frame      0x000000000002a610       0x80 obj_cooja/mtype898.a(linkaddr.o)
                                         0x98 (size before relaxing)
 .eh_frame      0x000000000002a690      0x2ac obj_cooja/mtype898.a(nbr-table.o)
                                        0x2c4 (size before relaxing)
 .eh_frame      0x000000000002a93c       0x20 obj_cooja/mtype898.a(netstack.o)
                                         0x38 (size before relaxing)
 .eh_frame      0x000000000002a95c      0x214 obj_cooja/mtype898.a(packetbuf.o)
                                        0x22c (size before relaxing)
 .eh_frame      0x000000000002ab70      0x1a0 obj_cooja/mtype898.a(queuebuf.o)
                                        0x1b8 (size before relaxing)
 .eh_frame      0x000000000002ad10       0x80 obj_cooja/mtype898.a(nullsec.o)
                                         0x98 (size before relaxing)
 .eh_frame      0x000000000002ad90       0xa0 obj_cooja/mtype898.a(watchdog.o)
                                         0xb8 (size before relaxing)
 .eh_frame      0x000000000002ae30       0xc4 obj_cooja/mtype898.a(stimer.o)
                                         0xdc (size before relaxing)
 .eh_frame      0x000000000002aef4       0xa0 obj_cooja/mtype898.a(memb.o)
                                         0xb8 (size before relaxing)
 .eh_frame      0x000000000002af94      0x2a0 obj_cooja/mtype898.a(uip-ds6-route.o)
                                        0x2b8 (size before relaxing)
 .eh_frame      0x000000000002b234      0x164 obj_cooja/mtype898.a(uip-icmp6.o)
                                        0x17c (size before relaxing)
 .eh_frame      0x000000000002b398       0x68 obj_cooja/mtype898.a(uip-nd6.o)
                                         0x80 (size before relaxing)
 .eh_frame      0x000000000002b400       0xc8 obj_cooja/mtype898.a(rpl-nbr-policy.)
                                         0xe0 (size before relaxing)
 .eh_frame      0x000000000002b4c8      0x164 obj_cooja/mtype898.a(frame802154.o)
                                        0x17c (size before relaxing)
 .eh_frame      0x000000000002b62c       0x88 obj_cooja/mtype898.a(mac-sequence.o)
                                         0xa0 (size before relaxing)
 .eh_frame      0x000000000002b6b4       0x20 obj_cooja/mtype898.a(mac.o)
                                         0x38 (size before relaxing)
 .eh_frame      0x000000000002b6d4        0x4 /usr/lib/gcc/i686-linux-gnu/4.8/crtendS.o

.gcc_except_table
 *(.gcc_except_table .gcc_except_table.*)

.exception_ranges
 *(.exception_ranges .exception_ranges*)
                0x000000000002b6d8                . = (ALIGN (0x1000) - ((0x1000 - .) & 0xfff))
                0x000000000002cef8                . = DATA_SEGMENT_ALIGN (0x1000, 0x1000)

.eh_frame
 *(.eh_frame)

.gcc_except_table
 *(.gcc_except_table .gcc_except_table.*)

.exception_ranges
 *(.exception_ranges .exception_ranges*)

.tdata
 *(.tdata .tdata.* .gnu.linkonce.td.*)

.tbss
 *(.tbss .tbss.* .gnu.linkonce.tb.*)
 *(.tcommon)

.preinit_array
 *(.preinit_array)

.init_array     0x000000000002cef8        0x4
 *(SORT(.init_array.*) SORT(.ctors.*))
 *(.init_array EXCLUDE_FILE(*crtend?.o *crtend.o *crtbegin?.o *crtbegin.o) .ctors)
 .init_array    0x000000000002cef8        0x4 /usr/lib/gcc/i686-linux-gnu/4.8/crtbeginS.o

.fini_array     0x000000000002cefc        0x4
 *(SORT(.fini_array.*) SORT(.dtors.*))
 *(.fini_array EXCLUDE_FILE(*crtend?.o *crtend.o *crtbegin?.o *crtbegin.o) .dtors)
 .fini_array    0x000000000002cefc        0x4 /usr/lib/gcc/i686-linux-gnu/4.8/crtbeginS.o

.ctors
 *crtbegin.o(.ctors)
 *crtbegin?.o(.ctors)
 *(EXCLUDE_FILE(*crtend?.o *crtend.o) .ctors)
 *(SORT(.ctors.*))
 *(.ctors)

.dtors
 *crtbegin.o(.dtors)
 *crtbegin?.o(.dtors)
 *(EXCLUDE_FILE(*crtend?.o *crtend.o) .dtors)
 *(SORT(.dtors.*))
 *(.dtors)

.jcr            0x000000000002cf00        0x4
 *(.jcr)
 .jcr           0x000000000002cf00        0x0 /usr/lib/gcc/i686-linux-gnu/4.8/crtbeginS.o
 .jcr           0x000000000002cf00        0x4 /usr/lib/gcc/i686-linux-gnu/4.8/crtendS.o

.data.rel.ro
 *(.data.rel.ro.local* .gnu.linkonce.d.rel.ro.local.*)
 *(.data.rel.ro .data.rel.ro.* .gnu.linkonce.d.rel.ro.*)

.dynamic        0x000000000002cf04       0xe8
 *(.dynamic)
 .dynamic       0x000000000002cf04       0xe8 /usr/lib/gcc/i686-linux-gnu/4.8/../../../i386-linux-gnu/crti.o
                0x000000000002cf04                _DYNAMIC

.got            0x000000000002cfec       0x14
 *(.got)
 .got           0x000000000002cfec       0x14 /usr/lib/gcc/i686-linux-gnu/4.8/../../../i386-linux-gnu/crti.o
 *(.igot)
                0x000000000002dff4                . = DATA_SEGMENT_RELRO_END (., (SIZEOF (.got.plt) >= 0xc)?0xc:0x0)

.got.plt        0x000000000002d000       0x14
 *(.got.plt)
 .got.plt       0x000000000002d000       0x14 /usr/lib/gcc/i686-linux-gnu/4.8/../../../i386-linux-gnu/crti.o
                0x000000000002d000                _GLOBAL_OFFSET_TABLE_
 *(.igot.plt)

.data           0x000000000002d020      0x25a
 *(.data .data.* .gnu.linkonce.d.*)
 .data          0x000000000002d020        0x0 /usr/lib/gcc/i686-linux-gnu/4.8/../../../i386-linux-gnu/crti.o
 .data          0x000000000002d020        0x0 /usr/lib/gcc/i686-linux-gnu/4.8/crtbeginS.o
 .data.rel      0x000000000002d020        0x4 /usr/lib/gcc/i686-linux-gnu/4.8/crtbeginS.o
                0x000000000002d020                __dso_handle
 .data          0x000000000002d024       0x10 log_test.co
                0x000000000002d024                hello_world_process
 *fill*         0x000000000002d034        0xc 
 .data          0x000000000002d040       0x44 obj_cooja/mtype898.o
                0x000000000002d040                simInterfaces
                0x000000000002d074                sensors
 .data          0x000000000002d084        0x0 obj_cooja/mtype898.a(simEnvChange.o)
 .data          0x000000000002d084        0x0 obj_cooja/mtype898.a(cooja_mt.o)
 .data          0x000000000002d084        0x0 obj_cooja/mtype898.a(cooja_mtarch.o)
 .data          0x000000000002d084        0x0 obj_cooja/mtype898.a(rtimer-arch.o)
 .data          0x000000000002d084        0x0 obj_cooja/mtype898.a(beep.o)
 .data          0x000000000002d084        0x0 obj_cooja/mtype898.a(button-sensor.o)
 .data          0x000000000002d084        0x0 obj_cooja/mtype898.a(leds-arch.o)
 .data          0x000000000002d084        0x0 obj_cooja/mtype898.a(moteid.o)
 .data          0x000000000002d084        0x0 obj_cooja/mtype898.a(pir-sensor.o)
 .data          0x000000000002d084        0x0 obj_cooja/mtype898.a(rs232.o)
 .data          0x000000000002d084        0x0 obj_cooja/mtype898.a(vib-sensor.o)
 .data          0x000000000002d084        0x0 obj_cooja/mtype898.a(clock.o)
 .data          0x000000000002d084        0x0 obj_cooja/mtype898.a(log.o)
 .data          0x000000000002d084        0x0 obj_cooja/mtype898.a(cfs-cooja.o)
 .data          0x000000000002d084       0x38 obj_cooja/mtype898.a(cooja-radio.o)
                0x000000000002d084                simRadioChannel
                0x000000000002d088                simRadioChannelLR
                0x000000000002d08c                simRadioHWOn
                0x000000000002d08d                simRadioHWOnLR
                0x000000000002d090                simSignalStrength
                0x000000000002d094                simSignalStrengthLR
                0x000000000002d098                simLastSignalStrength
                0x000000000002d09c                simLastSignalStrengthLR
                0x000000000002d0a0                simPower
                0x000000000002d0a1                simPowerLR
                0x000000000002d0a4                simLQI
                0x000000000002d0a8                simLQILR
                0x000000000002d0ac                cooja_radio_process
 .data          0x000000000002d0bc        0x0 obj_cooja/mtype898.a(eeprom.o)
 .data          0x000000000002d0bc        0x0 obj_cooja/mtype898.a(random.o)
 .data          0x000000000002d0bc       0x10 obj_cooja/mtype898.a(sensors.o)
                0x000000000002d0bc                sensors_process
 .data          0x000000000002d0cc       0x34 obj_cooja/mtype898.a(dual_conf.o)
                0x000000000002d0cc                radio_received
                0x000000000002d0d0                dual_dio_broadcast
                0x000000000002d0e0                dual_dis_broadcast
                0x000000000002d0f0                dual_dio_ack_broadcast
 .data          0x000000000002d100        0x0 obj_cooja/mtype898.a(autostart.o)
 .data          0x000000000002d100       0x14 obj_cooja/mtype898.a(ctimer.o)
                0x000000000002d104                ctimer_process
 .data          0x000000000002d114       0x10 obj_cooja/mtype898.a(etimer.o)
                0x000000000002d114                etimer_process
 .data          0x000000000002d124        0x0 obj_cooja/mtype898.a(log_message.o)
 .data          0x000000000002d124        0x0 obj_cooja/mtype898.a(process.o)
 .data          0x000000000002d124        0x0 obj_cooja/mtype898.a(rtimer.o)
 .data          0x000000000002d124        0x0 obj_cooja/mtype898.a(timer.o)
 .data          0x000000000002d124       0x10 obj_cooja/mtype898.a(serial-line.o)
                0x000000000002d124                serial_line_process
 .data          0x000000000002d134        0x0 obj_cooja/mtype898.a(list.o)
 .data          0x000000000002d134        0x0 obj_cooja/mtype898.a(ringbuf.o)
 .data          0x000000000002d134        0x0 obj_cooja/mtype898.a(sicslowpan.o)
 .data          0x000000000002d134       0x14 obj_cooja/mtype898.a(uip-ds6-nbr.o)
                0x000000000002d144                ds6_neighbors
 .data          0x000000000002d148        0x0 obj_cooja/mtype898.a(uip-ds6.o)
 .data          0x000000000002d148        0x0 obj_cooja/mtype898.a(uip6.o)
 .data          0x000000000002d148       0x10 obj_cooja/mtype898.a(tcpip.o)
                0x000000000002d148                tcpip_process
 .data          0x000000000002d158        0x0 obj_cooja/mtype898.a(uip-debug.o)
 .data          0x000000000002d158        0xc obj_cooja/mtype898.a(uip-packetqueue)
 .data          0x000000000002d164       0x28 obj_cooja/mtype898.a(rpl-dag.o)
                0x000000000002d174                rpl_parents
                0x000000000002d188                rpl_children
 .data          0x000000000002d18c        0x0 obj_cooja/mtype898.a(rpl-ext-header.)
 .data          0x000000000002d18c       0x40 obj_cooja/mtype898.a(rpl-icmp6.o)
 .data          0x000000000002d1cc       0x1c obj_cooja/mtype898.a(rpl-ltmax-of.o)
                0x000000000002d1cc                rpl_ltmax_of
 .data          0x000000000002d1e8        0x0 obj_cooja/mtype898.a(rpl-timers.o)
 .data          0x000000000002d1e8        0x0 obj_cooja/mtype898.a(rpl.o)
 .data          0x000000000002d1e8        0x0 obj_cooja/mtype898.a(framer-802154.o)
 .data          0x000000000002d1e8        0x0 obj_cooja/mtype898.a(nullmac.o)
 .data          0x000000000002d1e8        0x0 obj_cooja/mtype898.a(nullrdc.o)
 .data          0x000000000002d1e8        0x0 obj_cooja/mtype898.a(linkaddr.o)
 .data          0x000000000002d1e8       0x10 obj_cooja/mtype898.a(nbr-table.o)
 .data          0x000000000002d1f8        0x0 obj_cooja/mtype898.a(netstack.o)
 .data          0x000000000002d1f8        0x4 obj_cooja/mtype898.a(packetbuf.o)
 .data          0x000000000002d1fc       0x18 obj_cooja/mtype898.a(queuebuf.o)
 .data          0x000000000002d214        0x0 obj_cooja/mtype898.a(nullsec.o)
 .data          0x000000000002d214        0x0 obj_cooja/mtype898.a(watchdog.o)
 .data          0x000000000002d214        0x0 obj_cooja/mtype898.a(rimestats.o)
 .data          0x000000000002d214        0x0 obj_cooja/mtype898.a(stimer.o)
 .data          0x000000000002d214        0x0 obj_cooja/mtype898.a(memb.o)
 .data          0x000000000002d214       0x44 obj_cooja/mtype898.a(uip-ds6-route.o)
                0x000000000002d224                nbr_routes
 .data          0x000000000002d258       0x20 obj_cooja/mtype898.a(uip-icmp6.o)
 .data          0x000000000002d278        0x0 obj_cooja/mtype898.a(uip-nd6.o)
 .data          0x000000000002d278        0x0 obj_cooja/mtype898.a(rpl-nbr-policy.)
 .data          0x000000000002d278        0x2 obj_cooja/mtype898.a(frame802154.o)
 .data          0x000000000002d27a        0x0 obj_cooja/mtype898.a(mac-sequence.o)
 .data          0x000000000002d27a        0x0 obj_cooja/mtype898.a(mac.o)
 .data          0x000000000002d27a        0x0 /usr/lib/gcc/i686-linux-gnu/4.8/crtendS.o
 .data          0x000000000002d27a        0x0 /usr/lib/gcc/i686-linux-gnu/4.8/../../../i386-linux-gnu/crtn.o

.tm_clone_table
                0x000000000002d27c        0x0
 .tm_clone_table
                0x000000000002d27c        0x0 /usr/lib/gcc/i686-linux-gnu/4.8/crtbeginS.o
 .tm_clone_table
                0x000000000002d27c        0x0 /usr/lib/gcc/i686-linux-gnu/4.8/crtendS.o

.data1
 *(.data1)
                0x000000000002d27c                _edata = .
                0x000000000002d27c                PROVIDE (edata, .)
                0x000000000002d27c                . = .
                0x000000000002d27c                __bss_start = .

.bss            0x000000000002d280    0x11268
 *(.dynbss)
 .dynbss        0x0000000000000000        0x0 /usr/lib/gcc/i686-linux-gnu/4.8/../../../i386-linux-gnu/crti.o
 *(.bss .bss.* .gnu.linkonce.b.*)
 .bss           0x000000000002d280        0x0 /usr/lib/gcc/i686-linux-gnu/4.8/../../../i386-linux-gnu/crti.o
 .bss           0x000000000002d280        0x1 /usr/lib/gcc/i686-linux-gnu/4.8/crtbeginS.o
 .bss           0x000000000002d281        0x0 log_test.co
 *fill*         0x000000000002d281       0x1f 
 .bss           0x000000000002d2a0     0x2030 obj_cooja/mtype898.o
 .bss           0x000000000002f2d0        0x1 obj_cooja/mtype898.a(simEnvChange.o)
                0x000000000002f2d0                simDontFallAsleep
 *fill*         0x000000000002f2d1        0x3 
 .bss           0x000000000002f2d4        0x4 obj_cooja/mtype898.a(cooja_mt.o)
 .bss           0x000000000002f2d8        0x4 obj_cooja/mtype898.a(cooja_mtarch.o)
 .bss           0x000000000002f2dc        0xc obj_cooja/mtype898.a(rtimer-arch.o)
 .bss           0x000000000002f2e8        0x0 obj_cooja/mtype898.a(beep.o)
 .bss           0x000000000002f2e8        0x8 obj_cooja/mtype898.a(button-sensor.o)
 .bss           0x000000000002f2f0        0x0 obj_cooja/mtype898.a(leds-arch.o)
 .bss           0x000000000002f2f0        0x0 obj_cooja/mtype898.a(moteid.o)
 .bss           0x000000000002f2f0        0x1 obj_cooja/mtype898.a(pir-sensor.o)
                0x000000000002f2f0                simPirValue
 *fill*         0x000000000002f2f1        0x3 
 .bss           0x000000000002f2f4        0x4 obj_cooja/mtype898.a(rs232.o)
 .bss           0x000000000002f2f8        0x1 obj_cooja/mtype898.a(vib-sensor.o)
                0x000000000002f2f8                simVibValue
 .bss           0x000000000002f2f9        0x0 obj_cooja/mtype898.a(clock.o)
 *fill*         0x000000000002f2f9        0x7 
 .bss           0x000000000002f300      0x420 obj_cooja/mtype898.a(log.o)
 .bss           0x000000000002f720      0xfc0 obj_cooja/mtype898.a(cfs-cooja.o)
                0x000000000002f720                simCFSData
                0x00000000000306c0                simCFSSize
                0x00000000000306c4                simCFSChanged
                0x00000000000306c8                simCFSRead
                0x00000000000306cc                simCFSWritten
 .bss           0x00000000000306e0       0x20 obj_cooja/mtype898.a(cooja-radio.o)
                0x00000000000306e0                simReceiving
                0x00000000000306e1                simReceivingLR
                0x00000000000306e4                simInSize
                0x00000000000306e8                simInSizeLR
                0x00000000000306ec                simOutSize
                0x00000000000306f0                simOutSizeLR
                0x00000000000306f4                LongRangeTransmit
                0x00000000000306f8                LongRangeReceiving
 .bss           0x0000000000030700        0xc obj_cooja/mtype898.a(eeprom.o)
                0x0000000000030700                simEEPROMChanged
                0x0000000000030704                simEEPROMRead
                0x0000000000030708                simEEPROMWritten
 .bss           0x000000000003070c        0x0 obj_cooja/mtype898.a(random.o)
 .bss           0x000000000003070c        0xc obj_cooja/mtype898.a(sensors.o)
 .bss           0x0000000000030718       0x38 obj_cooja/mtype898.a(dual_conf.o)
                0x0000000000030718                long_range_radio
 .bss           0x0000000000030750        0x0 obj_cooja/mtype898.a(autostart.o)
 .bss           0x0000000000030750        0x5 obj_cooja/mtype898.a(ctimer.o)
 *fill*         0x0000000000030755        0x3 
 .bss           0x0000000000030758        0x8 obj_cooja/mtype898.a(etimer.o)
 .bss           0x0000000000030760        0x0 obj_cooja/mtype898.a(log_message.o)
 .bss           0x0000000000030760      0x1b1 obj_cooja/mtype898.a(process.o)
                0x0000000000030760                process_list
                0x0000000000030764                process_current
 *fill*         0x0000000000030911        0x3 
 .bss           0x0000000000030914        0x4 obj_cooja/mtype898.a(rtimer.o)
 .bss           0x0000000000030918        0x0 obj_cooja/mtype898.a(timer.o)
 *fill*         0x0000000000030918        0x8 
 .bss           0x0000000000030920      0x140 obj_cooja/mtype898.a(serial-line.o)
 .bss           0x0000000000030a60        0x0 obj_cooja/mtype898.a(list.o)
 .bss           0x0000000000030a60        0x0 obj_cooja/mtype898.a(ringbuf.o)
 .bss           0x0000000000030a60      0x70c obj_cooja/mtype898.a(sicslowpan.o)
 *fill*         0x000000000003116c       0x14 
 .bss           0x0000000000031180     0x1c20 obj_cooja/mtype898.a(uip-ds6-nbr.o)
 .bss           0x0000000000032da0       0x30 obj_cooja/mtype898.a(uip-ds6.o)
 .bss           0x0000000000032dd0        0xe obj_cooja/mtype898.a(uip6.o)
                0x0000000000032dd0                uip_ext_bitmap
                0x0000000000032dd1                uip_ext_len
                0x0000000000032dd2                uip_ext_opt_offset
 *fill*         0x0000000000032dde        0x2 
 .bss           0x0000000000032de0       0x6a obj_cooja/mtype898.a(tcpip.o)
 .bss           0x0000000000032e4a        0x0 obj_cooja/mtype898.a(uip-debug.o)
 *fill*         0x0000000000032e4a       0x16 
 .bss           0x0000000000032e60      0xcf8 obj_cooja/mtype898.a(uip-packetqueue)
 *fill*         0x0000000000033b58        0x8 
 .bss           0x0000000000033b60     0x18ac obj_cooja/mtype898.a(rpl-dag.o)
 .bss           0x000000000003540c        0x0 obj_cooja/mtype898.a(rpl-ext-header.)
 .bss           0x000000000003540c        0x0 obj_cooja/mtype898.a(rpl-icmp6.o)
 .bss           0x000000000003540c        0x0 obj_cooja/mtype898.a(rpl-ltmax-of.o)
 *fill*         0x000000000003540c       0x14 
 .bss           0x0000000000035420       0x23 obj_cooja/mtype898.a(rpl-timers.o)
 *fill*         0x0000000000035443        0x1 
 .bss           0x0000000000035444        0x4 obj_cooja/mtype898.a(rpl.o)
 .bss           0x0000000000035448        0x2 obj_cooja/mtype898.a(framer-802154.o)
 .bss           0x000000000003544a        0x0 obj_cooja/mtype898.a(nullmac.o)
 .bss           0x000000000003544a        0x0 obj_cooja/mtype898.a(nullrdc.o)
 .bss           0x000000000003544a        0x0 obj_cooja/mtype898.a(linkaddr.o)
 *fill*         0x000000000003544a       0x16 
 .bss           0x0000000000035460     0x1214 obj_cooja/mtype898.a(nbr-table.o)
 .bss           0x0000000000036674        0x0 obj_cooja/mtype898.a(netstack.o)
 *fill*         0x0000000000036674        0xc 
 .bss           0x0000000000036680       0xa0 obj_cooja/mtype898.a(packetbuf.o)
 .bss           0x0000000000036720      0xb80 obj_cooja/mtype898.a(queuebuf.o)
 .bss           0x00000000000372a0        0x0 obj_cooja/mtype898.a(nullsec.o)
 .bss           0x00000000000372a0        0x0 obj_cooja/mtype898.a(watchdog.o)
 .bss           0x00000000000372a0        0x0 obj_cooja/mtype898.a(rimestats.o)
 .bss           0x00000000000372a0        0x0 obj_cooja/mtype898.a(stimer.o)
 .bss           0x00000000000372a0        0x0 obj_cooja/mtype898.a(memb.o)
 .bss           0x00000000000372a0     0x44a8 obj_cooja/mtype898.a(uip-ds6-route.o)
 .bss           0x000000000003b748       0x18 obj_cooja/mtype898.a(uip-icmp6.o)
 .bss           0x000000000003b760        0x0 obj_cooja/mtype898.a(uip-nd6.o)
 .bss           0x000000000003b760       0x44 obj_cooja/mtype898.a(rpl-nbr-policy.)
 .bss           0x000000000003b7a4        0x0 obj_cooja/mtype898.a(frame802154.o)
 *fill*         0x000000000003b7a4       0x1c 
 .bss           0x000000000003b7c0       0x90 obj_cooja/mtype898.a(mac-sequence.o)
 .bss           0x000000000003b850        0x0 obj_cooja/mtype898.a(mac.o)
 .bss           0x000000000003b850        0x0 /usr/lib/gcc/i686-linux-gnu/4.8/crtendS.o
 .bss           0x000000000003b850        0x0 /usr/lib/gcc/i686-linux-gnu/4.8/../../../i386-linux-gnu/crtn.o
 *(COMMON)
 COMMON         0x000000000003b850       0x24 obj_cooja/mtype898.o
                0x000000000003b850                COOJA_radioRxLong
                0x000000000003b854                COOJA_radioTx
                0x000000000003b858                referenceVar
                0x000000000003b85c                COOJA_radioTxLong
                0x000000000003b860                COOJA_radioRx
                0x000000000003b864                COOJA_radioOn
                0x000000000003b868                COOJA_duration
                0x000000000003b86c                COOJA_radioOnLong
                0x000000000003b870                sensors_flags
 COMMON         0x000000000003b874        0xc obj_cooja/mtype898.a(simEnvChange.o)
                0x000000000003b874                simEtimerPending
                0x000000000003b878                simProcessRunValue
                0x000000000003b87c                simNextExpirationTime
 COMMON         0x000000000003b880        0x1 obj_cooja/mtype898.a(beep.o)
                0x000000000003b880                simBeeped
 COMMON         0x000000000003b881        0x3 obj_cooja/mtype898.a(button-sensor.o)
                0x000000000003b881                simButtonIsActive
                0x000000000003b882                simButtonIsDown
                0x000000000003b883                simButtonChanged
 COMMON         0x000000000003b884        0x1 obj_cooja/mtype898.a(leds-arch.o)
                0x000000000003b884                simLedsValue
 *fill*         0x000000000003b885        0x3 
 COMMON         0x000000000003b888        0xc obj_cooja/mtype898.a(moteid.o)
                0x000000000003b888                simRandomSeed
                0x000000000003b88c                simMoteIDChanged
                0x000000000003b890                simMoteID
 COMMON         0x000000000003b894        0x2 obj_cooja/mtype898.a(pir-sensor.o)
                0x000000000003b894                simPirIsActive
                0x000000000003b895                simPirChanged
 *fill*         0x000000000003b896        0xa 
 COMMON         0x000000000003b8a0      0x820 obj_cooja/mtype898.a(rs232.o)
                0x000000000003b8a0                simSerialReceivingFlag
                0x000000000003b8a4                simSerialReceivingLength
                0x000000000003b8c0                simSerialReceivingData
 COMMON         0x000000000003c0c0        0x2 obj_cooja/mtype898.a(vib-sensor.o)
                0x000000000003c0c0                simVibChanged
                0x000000000003c0c1                simVibIsActive
 *fill*         0x000000000003c0c2        0x2 
 COMMON         0x000000000003c0c4        0x4 obj_cooja/mtype898.a(clock.o)
                0x000000000003c0c4                simCurrentTime
 *fill*         0x000000000003c0c8       0x18 
 COMMON         0x000000000003c0e0      0x420 obj_cooja/mtype898.a(log.o)
                0x000000000003c0e0                simLoggedLength
                0x000000000003c0e4                simLoggedFlag
                0x000000000003c100                simLoggedData
 COMMON         0x000000000003c500      0x240 obj_cooja/mtype898.a(cooja-radio.o)
                0x000000000003c500                my_weight
                0x000000000003c520                simOutDataBuffer
                0x000000000003c5a0                simInDataBufferLR
                0x000000000003c620                simOutDataBufferLR
                0x000000000003c6a0                my_sink_reachability
                0x000000000003c6c0                simInDataBuffer
 COMMON         0x000000000003c740      0x400 obj_cooja/mtype898.a(eeprom.o)
                0x000000000003c740                simEEPROMData
 COMMON         0x000000000003cb40        0x1 obj_cooja/mtype898.a(sensors.o)
                0x000000000003cb40                sensors_event
 *fill*         0x000000000003cb41        0x3 
 COMMON         0x000000000003cb44        0x4 obj_cooja/mtype898.a(log_message.o)
                0x000000000003cb44                log_fp
 COMMON         0x000000000003cb48        0x1 obj_cooja/mtype898.a(serial-line.o)
                0x000000000003cb48                serial_line_event_message
 *fill*         0x000000000003cb49       0x17 
 COMMON         0x000000000003cb60      0xbb8 obj_cooja/mtype898.a(uip-ds6-nbr.o)
                0x000000000003cb60                ds6_lr_addrmap
 *fill*         0x000000000003d718        0x8 
 COMMON         0x000000000003d720      0x298 obj_cooja/mtype898.a(uip-ds6.o)
                0x000000000003d720                uip_ds6_prefix_list
                0x000000000003d780                uip_ds6_timer_periodic
                0x000000000003d790                uip_ds6_netif_addr_list_offset
                0x000000000003d7a0                uip_ds6_if
                0x000000000003d898                uip_ds6_timer_ra
                0x000000000003d8a0                uip_ds6_addr_size
                0x000000000003d8c0                long_uip_ds6_if
 *fill*         0x000000000003d9b8        0x8 
 COMMON         0x000000000003d9c0      0x8ec obj_cooja/mtype898.a(uip6.o)
                0x000000000003d9c0                uip_slen
                0x000000000003d9c2                uip_acc32
                0x000000000003d9e0                uip_conns
                0x000000000003daa0                uip_lladdr
                0x000000000003daa8                uip_appdata
                0x000000000003daac                uip_flags
                0x000000000003dac0                uip_aligned_buf
                0x000000000003e100                uip_listenports
                0x000000000003e110                uip_len
                0x000000000003e112                uip_long_lladdr
                0x000000000003e11c                uip_sappdata
                0x000000000003e120                uip_udp_conns
                0x000000000003e2a0                uip_udp_conn
                0x000000000003e2a4                uip_next_hdr
                0x000000000003e2a8                uip_conn
 COMMON         0x000000000003e2ac        0x1 obj_cooja/mtype898.a(tcpip.o)
                0x000000000003e2ac                tcpip_event
 *fill*         0x000000000003e2ad       0x13 
 COMMON         0x000000000003e2c0      0x190 obj_cooja/mtype898.a(rpl-dag.o)
                0x000000000003e2c0                default_instance
                0x000000000003e2e0                instance_table
 COMMON         0x000000000003e450       0x10 obj_cooja/mtype898.a(linkaddr.o)
                0x000000000003e450                linkaddr_node_addr
                0x000000000003e458                long_linkaddr_node_addr
 COMMON         0x000000000003e460       0x2e obj_cooja/mtype898.a(packetbuf.o)
                0x000000000003e460                packetbuf_attrs
                0x000000000003e47e                packetbuf_addrs
 *fill*         0x000000000003e48e       0x12 
 COMMON         0x000000000003e4a0       0x48 obj_cooja/mtype898.a(rimestats.o)
                0x000000000003e4a0                rimestats
                0x000000000003e4e8                . = ALIGN ((. != 0x0)?0x4:0x1)
                0x000000000003e4e8                . = ALIGN (0x4)
                0x000000000003e4e8                . = SEGMENT_START ("ldata-segment", .)
                0x000000000003e4e8                . = ALIGN (0x4)
                0x000000000003e4e8                _end = .
                0x000000000003e4e8                PROVIDE (end, .)
                0x000000000003e4e8                . = DATA_SEGMENT_END (.)

.stab
 *(.stab)

.stabstr
 *(.stabstr)

.stab.excl
 *(.stab.excl)

.stab.exclstr
 *(.stab.exclstr)

.stab.index
 *(.stab.index)

.stab.indexstr
 *(.stab.indexstr)

.comment        0x0000000000000000       0x2b
 *(.comment)
 .comment       0x0000000000000000       0x2b /usr/lib/gcc/i686-linux-gnu/4.8/crtbeginS.o
                                         0x2c (size before relaxing)
 .comment       0x0000000000000000       0x2c log_test.co
 .comment       0x0000000000000000       0x2c obj_cooja/mtype898.o
 .comment       0x0000000000000000       0x2c obj_cooja/mtype898.a(simEnvChange.o)
 .comment       0x0000000000000000       0x2c obj_cooja/mtype898.a(cooja_mt.o)
 .comment       0x0000000000000000       0x2c obj_cooja/mtype898.a(cooja_mtarch.o)
 .comment       0x0000000000000000       0x2c obj_cooja/mtype898.a(rtimer-arch.o)
 .comment       0x0000000000000000       0x2c obj_cooja/mtype898.a(beep.o)
 .comment       0x0000000000000000       0x2c obj_cooja/mtype898.a(button-sensor.o)
 .comment       0x0000000000000000       0x2c obj_cooja/mtype898.a(leds-arch.o)
 .comment       0x0000000000000000       0x2c obj_cooja/mtype898.a(moteid.o)
 .comment       0x0000000000000000       0x2c obj_cooja/mtype898.a(pir-sensor.o)
 .comment       0x0000000000000000       0x2c obj_cooja/mtype898.a(rs232.o)
 .comment       0x0000000000000000       0x2c obj_cooja/mtype898.a(vib-sensor.o)
 .comment       0x0000000000000000       0x2c obj_cooja/mtype898.a(clock.o)
 .comment       0x0000000000000000       0x2c obj_cooja/mtype898.a(log.o)
 .comment       0x0000000000000000       0x2c obj_cooja/mtype898.a(cfs-cooja.o)
 .comment       0x0000000000000000       0x2c obj_cooja/mtype898.a(cooja-radio.o)
 .comment       0x0000000000000000       0x2c obj_cooja/mtype898.a(eeprom.o)
 .comment       0x0000000000000000       0x2c obj_cooja/mtype898.a(random.o)
 .comment       0x0000000000000000       0x2c obj_cooja/mtype898.a(sensors.o)
 .comment       0x0000000000000000       0x2c obj_cooja/mtype898.a(dual_conf.o)
 .comment       0x0000000000000000       0x2c obj_cooja/mtype898.a(autostart.o)
 .comment       0x0000000000000000       0x2c obj_cooja/mtype898.a(ctimer.o)
 .comment       0x0000000000000000       0x2c obj_cooja/mtype898.a(etimer.o)
 .comment       0x0000000000000000       0x2c obj_cooja/mtype898.a(log_message.o)
 .comment       0x0000000000000000       0x2c obj_cooja/mtype898.a(process.o)
 .comment       0x0000000000000000       0x2c obj_cooja/mtype898.a(rtimer.o)
 .comment       0x0000000000000000       0x2c obj_cooja/mtype898.a(timer.o)
 .comment       0x0000000000000000       0x2c obj_cooja/mtype898.a(serial-line.o)
 .comment       0x0000000000000000       0x2c obj_cooja/mtype898.a(list.o)
 .comment       0x0000000000000000       0x2c obj_cooja/mtype898.a(ringbuf.o)
 .comment       0x0000000000000000       0x2c obj_cooja/mtype898.a(sicslowpan.o)
 .comment       0x0000000000000000       0x2c obj_cooja/mtype898.a(uip-ds6-nbr.o)
 .comment       0x0000000000000000       0x2c obj_cooja/mtype898.a(uip-ds6.o)
 .comment       0x0000000000000000       0x2c obj_cooja/mtype898.a(uip6.o)
 .comment       0x0000000000000000       0x2c obj_cooja/mtype898.a(tcpip.o)
 .comment       0x0000000000000000       0x2c obj_cooja/mtype898.a(uip-debug.o)
 .comment       0x0000000000000000       0x2c obj_cooja/mtype898.a(uip-packetqueue)
 .comment       0x0000000000000000       0x2c obj_cooja/mtype898.a(rpl-dag.o)
 .comment       0x0000000000000000       0x2c obj_cooja/mtype898.a(rpl-ext-header.)
 .comment       0x0000000000000000       0x2c obj_cooja/mtype898.a(rpl-icmp6.o)
 .comment       0x0000000000000000       0x2c obj_cooja/mtype898.a(rpl-ltmax-of.o)
 .comment       0x0000000000000000       0x2c obj_cooja/mtype898.a(rpl-timers.o)
 .comment       0x0000000000000000       0x2c obj_cooja/mtype898.a(rpl.o)
 .comment       0x0000000000000000       0x2c obj_cooja/mtype898.a(framer-802154.o)
 .comment       0x0000000000000000       0x2c obj_cooja/mtype898.a(nullmac.o)
 .comment       0x0000000000000000       0x2c obj_cooja/mtype898.a(nullrdc.o)
 .comment       0x0000000000000000       0x2c obj_cooja/mtype898.a(linkaddr.o)
 .comment       0x0000000000000000       0x2c obj_cooja/mtype898.a(nbr-table.o)
 .comment       0x0000000000000000       0x2c obj_cooja/mtype898.a(netstack.o)
 .comment       0x0000000000000000       0x2c obj_cooja/mtype898.a(packetbuf.o)
 .comment       0x0000000000000000       0x2c obj_cooja/mtype898.a(queuebuf.o)
 .comment       0x0000000000000000       0x2c obj_cooja/mtype898.a(nullsec.o)
 .comment       0x0000000000000000       0x2c obj_cooja/mtype898.a(watchdog.o)
 .comment       0x0000000000000000       0x2c obj_cooja/mtype898.a(rimestats.o)
 .comment       0x0000000000000000       0x2c obj_cooja/mtype898.a(stimer.o)
 .comment       0x0000000000000000       0x2c obj_cooja/mtype898.a(memb.o)
 .comment       0x0000000000000000       0x2c obj_cooja/mtype898.a(uip-ds6-route.o)
 .comment       0x0000000000000000       0x2c obj_cooja/mtype898.a(uip-icmp6.o)
 .comment       0x0000000000000000       0x2c obj_cooja/mtype898.a(uip-nd6.o)
 .comment       0x0000000000000000       0x2c obj_cooja/mtype898.a(rpl-nbr-policy.)
 .comment       0x0000000000000000       0x2c obj_cooja/mtype898.a(frame802154.o)
 .comment       0x0000000000000000       0x2c obj_cooja/mtype898.a(mac-sequence.o)
 .comment       0x0000000000000000       0x2c obj_cooja/mtype898.a(mac.o)
 .comment       0x0000000000000000       0x2c /usr/lib/gcc/i686-linux-gnu/4.8/crtendS.o

.debug
 *(.debug)

.line
 *(.line)

.debug_srcinfo
 *(.debug_srcinfo)

.debug_sfnames
 *(.debug_sfnames)

.debug_aranges  0x0000000000000000      0x7f8
 *(.debug_aranges)
 .debug_aranges
                0x0000000000000000       0x20 log_test.co
 .debug_aranges
                0x0000000000000020       0x20 obj_cooja/mtype898.o
 .debug_aranges
                0x0000000000000040       0x20 obj_cooja/mtype898.a(simEnvChange.o)
 .debug_aranges
                0x0000000000000060       0x20 obj_cooja/mtype898.a(cooja_mt.o)
 .debug_aranges
                0x0000000000000080       0x20 obj_cooja/mtype898.a(cooja_mtarch.o)
 .debug_aranges
                0x00000000000000a0       0x20 obj_cooja/mtype898.a(rtimer-arch.o)
 .debug_aranges
                0x00000000000000c0       0x20 obj_cooja/mtype898.a(beep.o)
 .debug_aranges
                0x00000000000000e0       0x20 obj_cooja/mtype898.a(button-sensor.o)
 .debug_aranges
                0x0000000000000100       0x20 obj_cooja/mtype898.a(leds-arch.o)
 .debug_aranges
                0x0000000000000120       0x20 obj_cooja/mtype898.a(moteid.o)
 .debug_aranges
                0x0000000000000140       0x20 obj_cooja/mtype898.a(pir-sensor.o)
 .debug_aranges
                0x0000000000000160       0x20 obj_cooja/mtype898.a(rs232.o)
 .debug_aranges
                0x0000000000000180       0x20 obj_cooja/mtype898.a(vib-sensor.o)
 .debug_aranges
                0x00000000000001a0       0x20 obj_cooja/mtype898.a(clock.o)
 .debug_aranges
                0x00000000000001c0       0x20 obj_cooja/mtype898.a(log.o)
 .debug_aranges
                0x00000000000001e0       0x20 obj_cooja/mtype898.a(cfs-cooja.o)
 .debug_aranges
                0x0000000000000200       0x20 obj_cooja/mtype898.a(cooja-radio.o)
 .debug_aranges
                0x0000000000000220       0x20 obj_cooja/mtype898.a(eeprom.o)
 .debug_aranges
                0x0000000000000240       0x20 obj_cooja/mtype898.a(random.o)
 .debug_aranges
                0x0000000000000260       0x20 obj_cooja/mtype898.a(sensors.o)
 .debug_aranges
                0x0000000000000280       0x20 obj_cooja/mtype898.a(dual_conf.o)
 .debug_aranges
                0x00000000000002a0       0x20 obj_cooja/mtype898.a(autostart.o)
 .debug_aranges
                0x00000000000002c0       0x20 obj_cooja/mtype898.a(ctimer.o)
 .debug_aranges
                0x00000000000002e0       0x20 obj_cooja/mtype898.a(etimer.o)
 .debug_aranges
                0x0000000000000300       0x20 obj_cooja/mtype898.a(log_message.o)
 .debug_aranges
                0x0000000000000320       0x20 obj_cooja/mtype898.a(process.o)
 .debug_aranges
                0x0000000000000340       0x20 obj_cooja/mtype898.a(rtimer.o)
 .debug_aranges
                0x0000000000000360       0x20 obj_cooja/mtype898.a(timer.o)
 .debug_aranges
                0x0000000000000380       0x20 obj_cooja/mtype898.a(serial-line.o)
 .debug_aranges
                0x00000000000003a0       0x20 obj_cooja/mtype898.a(list.o)
 .debug_aranges
                0x00000000000003c0       0x20 obj_cooja/mtype898.a(ringbuf.o)
 .debug_aranges
                0x00000000000003e0       0x20 obj_cooja/mtype898.a(sicslowpan.o)
 .debug_aranges
                0x0000000000000400       0x20 obj_cooja/mtype898.a(uip-ds6-nbr.o)
 .debug_aranges
                0x0000000000000420       0x20 obj_cooja/mtype898.a(uip-ds6.o)
 .debug_aranges
                0x0000000000000440       0x20 obj_cooja/mtype898.a(uip6.o)
 .debug_aranges
                0x0000000000000460       0x20 obj_cooja/mtype898.a(tcpip.o)
 .debug_aranges
                0x0000000000000480       0x20 obj_cooja/mtype898.a(uip-debug.o)
 .debug_aranges
                0x00000000000004a0       0x20 obj_cooja/mtype898.a(uip-packetqueue)
 .debug_aranges
                0x00000000000004c0       0x20 obj_cooja/mtype898.a(rpl-dag.o)
 .debug_aranges
                0x00000000000004e0       0x20 obj_cooja/mtype898.a(rpl-ext-header.)
 .debug_aranges
                0x0000000000000500       0x20 obj_cooja/mtype898.a(rpl-icmp6.o)
 .debug_aranges
                0x0000000000000520       0x20 obj_cooja/mtype898.a(rpl-ltmax-of.o)
 .debug_aranges
                0x0000000000000540       0x20 obj_cooja/mtype898.a(rpl-timers.o)
 .debug_aranges
                0x0000000000000560       0x20 obj_cooja/mtype898.a(rpl.o)
 .debug_aranges
                0x0000000000000580       0x20 obj_cooja/mtype898.a(framer-802154.o)
 .debug_aranges
                0x00000000000005a0       0x20 obj_cooja/mtype898.a(nullmac.o)
 .debug_aranges
                0x00000000000005c0       0x20 obj_cooja/mtype898.a(nullrdc.o)
 .debug_aranges
                0x00000000000005e0       0x20 obj_cooja/mtype898.a(linkaddr.o)
 .debug_aranges
                0x0000000000000600       0x20 obj_cooja/mtype898.a(nbr-table.o)
 .debug_aranges
                0x0000000000000620       0x20 obj_cooja/mtype898.a(netstack.o)
 .debug_aranges
                0x0000000000000640       0x20 obj_cooja/mtype898.a(packetbuf.o)
 .debug_aranges
                0x0000000000000660       0x20 obj_cooja/mtype898.a(queuebuf.o)
 .debug_aranges
                0x0000000000000680       0x20 obj_cooja/mtype898.a(nullsec.o)
 .debug_aranges
                0x00000000000006a0       0x20 obj_cooja/mtype898.a(watchdog.o)
 .debug_aranges
                0x00000000000006c0       0x18 obj_cooja/mtype898.a(rimestats.o)
 .debug_aranges
                0x00000000000006d8       0x20 obj_cooja/mtype898.a(stimer.o)
 .debug_aranges
                0x00000000000006f8       0x20 obj_cooja/mtype898.a(memb.o)
 .debug_aranges
                0x0000000000000718       0x20 obj_cooja/mtype898.a(uip-ds6-route.o)
 .debug_aranges
                0x0000000000000738       0x20 obj_cooja/mtype898.a(uip-icmp6.o)
 .debug_aranges
                0x0000000000000758       0x20 obj_cooja/mtype898.a(uip-nd6.o)
 .debug_aranges
                0x0000000000000778       0x20 obj_cooja/mtype898.a(rpl-nbr-policy.)
 .debug_aranges
                0x0000000000000798       0x20 obj_cooja/mtype898.a(frame802154.o)
 .debug_aranges
                0x00000000000007b8       0x20 obj_cooja/mtype898.a(mac-sequence.o)
 .debug_aranges
                0x00000000000007d8       0x20 obj_cooja/mtype898.a(mac.o)

.debug_pubnames
 *(.debug_pubnames)

.debug_info     0x0000000000000000    0x1b5c7
 *(.debug_info .gnu.linkonce.wi.*)
 .debug_info    0x0000000000000000      0x1d7 log_test.co
 .debug_info    0x00000000000001d7     0x3a3e obj_cooja/mtype898.o
 .debug_info    0x0000000000003c15      0x15a obj_cooja/mtype898.a(simEnvChange.o)
 .debug_info    0x0000000000003d6f      0x1e2 obj_cooja/mtype898.a(cooja_mt.o)
 .debug_info    0x0000000000003f51      0x2e7 obj_cooja/mtype898.a(cooja_mtarch.o)
 .debug_info    0x0000000000004238      0x16b obj_cooja/mtype898.a(rtimer-arch.o)
 .debug_info    0x00000000000043a3      0x1f3 obj_cooja/mtype898.a(beep.o)
 .debug_info    0x0000000000004596      0x257 obj_cooja/mtype898.a(button-sensor.o)
 .debug_info    0x00000000000047ed      0x132 obj_cooja/mtype898.a(leds-arch.o)
 .debug_info    0x000000000000491f      0x10a obj_cooja/mtype898.a(moteid.o)
 .debug_info    0x0000000000004a29      0x216 obj_cooja/mtype898.a(pir-sensor.o)
 .debug_info    0x0000000000004c3f      0x21e obj_cooja/mtype898.a(rs232.o)
 .debug_info    0x0000000000004e5d      0x216 obj_cooja/mtype898.a(vib-sensor.o)
 .debug_info    0x0000000000005073      0x152 obj_cooja/mtype898.a(clock.o)
 .debug_info    0x00000000000051c5      0x2bb obj_cooja/mtype898.a(log.o)
 .debug_info    0x0000000000005480      0x3cf obj_cooja/mtype898.a(cfs-cooja.o)
 .debug_info    0x000000000000584f      0xcda obj_cooja/mtype898.a(cooja-radio.o)
 .debug_info    0x0000000000006529      0x1d5 obj_cooja/mtype898.a(eeprom.o)
 .debug_info    0x00000000000066fe       0xb3 obj_cooja/mtype898.a(random.o)
 .debug_info    0x00000000000067b1      0x36d obj_cooja/mtype898.a(sensors.o)
 .debug_info    0x0000000000006b1e      0xa9c obj_cooja/mtype898.a(dual_conf.o)
 .debug_info    0x00000000000075ba      0x1a5 obj_cooja/mtype898.a(autostart.o)
 .debug_info    0x000000000000775f      0x46c obj_cooja/mtype898.a(ctimer.o)
 .debug_info    0x0000000000007bcb      0x49c obj_cooja/mtype898.a(etimer.o)
 .debug_info    0x0000000000008067      0x2dc obj_cooja/mtype898.a(log_message.o)
 .debug_info    0x0000000000008343      0x4ba obj_cooja/mtype898.a(process.o)
 .debug_info    0x00000000000087fd      0x1ab obj_cooja/mtype898.a(rtimer.o)
 .debug_info    0x00000000000089a8      0x16c obj_cooja/mtype898.a(timer.o)
 .debug_info    0x0000000000008b14      0x2de obj_cooja/mtype898.a(serial-line.o)
 .debug_info    0x0000000000008df2      0x2ed obj_cooja/mtype898.a(list.o)
 .debug_info    0x00000000000090df      0x1aa obj_cooja/mtype898.a(ringbuf.o)
 .debug_info    0x0000000000009289     0x105e obj_cooja/mtype898.a(sicslowpan.o)
 .debug_info    0x000000000000a2e7      0x8c9 obj_cooja/mtype898.a(uip-ds6-nbr.o)
 .debug_info    0x000000000000abb0      0xc3b obj_cooja/mtype898.a(uip-ds6.o)
 .debug_info    0x000000000000b7eb      0xec2 obj_cooja/mtype898.a(uip6.o)
 .debug_info    0x000000000000c6ad     0x150f obj_cooja/mtype898.a(tcpip.o)
 .debug_info    0x000000000000dbbc      0x1b5 obj_cooja/mtype898.a(uip-debug.o)
 .debug_info    0x000000000000dd71      0x470 obj_cooja/mtype898.a(uip-packetqueue)
 .debug_info    0x000000000000e1e1     0x1be5 obj_cooja/mtype898.a(rpl-dag.o)
 .debug_info    0x000000000000fdc6      0xe86 obj_cooja/mtype898.a(rpl-ext-header.)
 .debug_info    0x0000000000010c4c     0x1a04 obj_cooja/mtype898.a(rpl-icmp6.o)
 .debug_info    0x0000000000012650      0xb61 obj_cooja/mtype898.a(rpl-ltmax-of.o)
 .debug_info    0x00000000000131b1      0xd32 obj_cooja/mtype898.a(rpl-timers.o)
 .debug_info    0x0000000000013ee3      0xd39 obj_cooja/mtype898.a(rpl.o)
 .debug_info    0x0000000000014c1c      0x5ed obj_cooja/mtype898.a(framer-802154.o)
 .debug_info    0x0000000000015209      0x3d5 obj_cooja/mtype898.a(nullmac.o)
 .debug_info    0x00000000000155de      0xc8f obj_cooja/mtype898.a(nullrdc.o)
 .debug_info    0x000000000001626d      0x198 obj_cooja/mtype898.a(linkaddr.o)