Archive member included to satisfy reference by file (symbol)

obj_cooja/mtype989.a(simEnvChange.o)
                              obj_cooja/mtype989.o (simDontFallAsleep)
obj_cooja/mtype989.a(cooja_mt.o)
                              obj_cooja/mtype989.o (cooja_mt_start)
obj_cooja/mtype989.a(cooja_mtarch.o)
                              obj_cooja/mtype989.a(cooja_mt.o) (cooja_mtarch_init)
obj_cooja/mtype989.a(rtimer-arch.o)
                              obj_cooja/mtype989.o (rtimer_arch_next)
obj_cooja/mtype989.a(beep.o)  obj_cooja/mtype989.o (beep_interface)
obj_cooja/mtype989.a(button-sensor.o)
                              obj_cooja/mtype989.o (button_interface)
obj_cooja/mtype989.a(leds-arch.o)
                              obj_cooja/mtype989.o (leds_interface)
obj_cooja/mtype989.a(moteid.o)
                              obj_cooja/mtype989.o (moteid_interface)
obj_cooja/mtype989.a(pir-sensor.o)
                              obj_cooja/mtype989.o (pir_interface)
obj_cooja/mtype989.a(rs232.o)
                              obj_cooja/mtype989.o (rs232_interface)
obj_cooja/mtype989.a(vib-sensor.o)
                              obj_cooja/mtype989.o (vib_interface)
obj_cooja/mtype989.a(clock.o)
                              obj_cooja/mtype989.o (clock_interface)
obj_cooja/mtype989.a(log.o)   obj_cooja/mtype989.o (simlog_interface)
obj_cooja/mtype989.a(cfs-cooja.o)
                              obj_cooja/mtype989.o (cfs_interface)
obj_cooja/mtype989.a(cooja-radio.o)
                              obj_cooja/mtype989.o (radio_interface)
obj_cooja/mtype989.a(eeprom.o)
                              obj_cooja/mtype989.o (eeprom_interface)
obj_cooja/mtype989.a(random.o)
                              obj_cooja/mtype989.a(moteid.o) (random_init)
obj_cooja/mtype989.a(sensors.o)
                              obj_cooja/mtype989.o (sensors_process)
obj_cooja/mtype989.a(dual_conf.o)
                              obj_cooja/mtype989.a(cooja-radio.o) (long_range_radio)
obj_cooja/mtype989.a(autostart.o)
                              obj_cooja/mtype989.o (autostart_start)
obj_cooja/mtype989.a(ctimer.o)
                              obj_cooja/mtype989.o (ctimer_init)
obj_cooja/mtype989.a(etimer.o)
                              obj_cooja/mtype989.o (etimer_process)
obj_cooja/mtype989.a(log_message.o)
                              obj_cooja/mtype989.o (log_fp)
obj_cooja/mtype989.a(process.o)
                              obj_cooja/mtype989.a(ctimer.o) (process_current)
obj_cooja/mtype989.a(residual.o)
                              obj_cooja/mtype989.o (get_residual_energy)
obj_cooja/mtype989.a(rtimer.o)
                              obj_cooja/mtype989.a(rtimer-arch.o) (rtimer_run_next)
obj_cooja/mtype989.a(timer.o)
                              obj_cooja/mtype989.a(button-sensor.o) (timer_set)
obj_cooja/mtype989.a(serial-line.o)
                              obj_cooja/mtype989.a(rs232.o) (serial_line_input_byte)
obj_cooja/mtype989.a(list.o)  obj_cooja/mtype989.a(ctimer.o) (list_init)
obj_cooja/mtype989.a(ringbuf.o)
                              obj_cooja/mtype989.a(serial-line.o) (ringbuf_init)
obj_cooja/mtype989.a(sicslowpan.o)
                              obj_cooja/mtype989.o (sicslowpan_driver)
obj_cooja/mtype989.a(uip-ds6-nbr.o)
                              obj_cooja/mtype989.a(sicslowpan.o) (uip_ds6_link_neighbor_callback)
obj_cooja/mtype989.a(uip-ds6.o)
                              obj_cooja/mtype989.o (uip_ds6_set_addr_iid)
obj_cooja/mtype989.a(uip6.o)  obj_cooja/mtype989.o (uip_lladdr)
obj_cooja/mtype989.a(tcpip.o)
                              obj_cooja/mtype989.a(sicslowpan.o) (tcpip_set_outputfunc)
obj_cooja/mtype989.a(uip-debug.o)
                              obj_cooja/mtype989.a(tcpip.o) (uip_debug_ipaddr_print)
obj_cooja/mtype989.a(uip-packetqueue)
                              obj_cooja/mtype989.a(uip-ds6-nbr.o) (uip_packetqueue_new)
obj_cooja/mtype989.a(rpl-dag.o)
                              obj_cooja/mtype989.a(tcpip.o) (rpl_repair_root)
obj_cooja/mtype989.a(rpl-ext-header.)
                              obj_cooja/mtype989.a(uip6.o) (rpl_verify_header)
obj_cooja/mtype989.a(rpl-icmp6.o)
                              obj_cooja/mtype989.a(rpl-dag.o) (rpl_icmp6_update_nbr_table)
obj_cooja/mtype989.a(rpl-ltmax-of.o)
                              obj_cooja/mtype989.a(rpl-dag.o) (rpl_ltmax_of)
obj_cooja/mtype989.a(rpl-timers.o)
                              obj_cooja/mtype989.a(rpl-dag.o) (rpl_reset_dio_timer)
obj_cooja/mtype989.a(rpl.o)   obj_cooja/mtype989.a(rpl-icmp6.o) (rpl_get_mode)
obj_cooja/mtype989.a(framer-802154.o)
                              obj_cooja/mtype989.a(sicslowpan.o) (framer_802154)
obj_cooja/mtype989.a(nullmac.o)
                              obj_cooja/mtype989.o (nullmac_driver)
obj_cooja/mtype989.a(nullrdc.o)
                              obj_cooja/mtype989.o (nullrdc_driver)
obj_cooja/mtype989.a(linkaddr.o)
                              obj_cooja/mtype989.o (linkaddr_node_addr)
[...]
Memory Configuration

Name             Origin             Length             Attributes
*default*        0x0000000000000000 0xffffffffffffffff

Linker script and memory map

LOAD /usr/lib/gcc/i686-linux-gnu/4.8/../../../i386-linux-gnu/crti.o
LOAD /usr/lib/gcc/i686-linux-gnu/4.8/crtbeginS.o
LOAD log_test.co
LOAD obj_cooja/mtype989.o
LOAD obj_cooja/mtype989.a
LOAD /usr/lib/gcc/i686-linux-gnu/4.8/libgcc.a
LOAD /usr/lib/gcc/i686-linux-gnu/4.8/libgcc_s.so
LOAD /usr/lib/gcc/i686-linux-gnu/4.8/../../../i386-linux-gnu/libc.so
START GROUP
LOAD /lib/i386-linux-gnu/libc.so.6
LOAD /usr/lib/i386-linux-gnu/libc_nonshared.a
LOAD /lib/i386-linux-gnu/ld-linux.so.2
END GROUP
LOAD /usr/lib/gcc/i686-linux-gnu/4.8/libgcc.a
LOAD /usr/lib/gcc/i686-linux-gnu/4.8/libgcc_s.so
LOAD /usr/lib/gcc/i686-linux-gnu/4.8/crtendS.o
LOAD /usr/lib/gcc/i686-linux-gnu/4.8/../../../i386-linux-gnu/crtn.o
                0x0000000000000114                . = (0x0 + SIZEOF_HEADERS)

.note.gnu.build-id
                0x0000000000000114       0x24
 *(.note.gnu.build-id)
 .note.gnu.build-id
                0x0000000000000114       0x24 /usr/lib/gcc/i686-linux-gnu/4.8/../../../i386-linux-gnu/crti.o

.hash
 *(.hash)

.gnu.hash       0x0000000000000138     0x1318
 *(.gnu.hash)
 .gnu.hash      0x0000000000000138     0x1318 /usr/lib/gcc/i686-linux-gnu/4.8/../../../i386-linux-gnu/crti.o

.dynsym         0x0000000000001450     0x24f0
 *(.dynsym)
 .dynsym        0x0000000000001450     0x24f0 /usr/lib/gcc/i686-linux-gnu/4.8/../../../i386-linux-gnu/crti.o

.dynstr         0x0000000000003940     0x2619
 *(.dynstr)
 .dynstr        0x0000000000003940     0x2619 /usr/lib/gcc/i686-linux-gnu/4.8/../../../i386-linux-gnu/crti.o

.gnu.version    0x0000000000005f5a      0x49e
 *(.gnu.version)
 .gnu.version   0x0000000000005f5a      0x49e /usr/lib/gcc/i686-linux-gnu/4.8/../../../i386-linux-gnu/crti.o

.gnu.version_d  0x00000000000063f8        0x0
 *(.gnu.version_d)
 .gnu.version_d
                0x0000000000000000        0x0 /usr/lib/gcc/i686-linux-gnu/4.8/../../../i386-linux-gnu/crti.o

.gnu.version_r  0x00000000000063f8       0x50
 *(.gnu.version_r)
 .gnu.version_r
                0x00000000000063f8       0x50 /usr/lib/gcc/i686-linux-gnu/4.8/../../../i386-linux-gnu/crti.o

.rel.dyn        0x0000000000006448     0x8c30
 *(.rel.init)
 .rel.init      0x0000000000000000        0x0 /usr/lib/gcc/i686-linux-gnu/4.8/../../../i386-linux-gnu/crti.o
 *(.rel.text .rel.text.* .rel.gnu.linkonce.t.*)
 .rel.text      0x0000000000006448     0x84a0 /usr/lib/gcc/i686-linux-gnu/4.8/../../../i386-linux-gnu/crti.o
 *(.rel.fini)
 .rel.fini      0x0000000000000000        0x0 /usr/lib/gcc/i686-linux-gnu/4.8/../../../i386-linux-gnu/crti.o
 *(.rel.rodata .rel.rodata.* .rel.gnu.linkonce.r.*)
 .rel.rodata    0x000000000000e8e8      0x4e0 /usr/lib/gcc/i686-linux-gnu/4.8/../../../i386-linux-gnu/crti.o
 *(.rel.data.rel.ro .rel.data.rel.ro.* .rel.gnu.linkonce.d.rel.ro.*)
 *(.rel.data .rel.data.* .rel.gnu.linkonce.d.*)
 .rel.data.rel  0x000000000000edc8        0x8 /usr/lib/gcc/i686-linux-gnu/4.8/../../../i386-linux-gnu/crti.o
 .rel.data      0x000000000000edd0      0x270 /usr/lib/gcc/i686-linux-gnu/4.8/../../../i386-linux-gnu/crti.o
 *(.rel.tdata .rel.tdata.* .rel.gnu.linkonce.td.*)
 *(.rel.tbss .rel.tbss.* .rel.gnu.linkonce.tb.*)
 *(.rel.ctors)
 *(.rel.dtors)
 *(.rel.got)
 .rel.got       0x000000000000f040       0x28 /usr/lib/gcc/i686-linux-gnu/4.8/../../../i386-linux-gnu/crti.o
 *(.rel.bss .rel.bss.* .rel.gnu.linkonce.b.*)
 *(.rel.ifunc)
 .rel.ifunc     0x0000000000000000        0x0 /usr/lib/gcc/i686-linux-gnu/4.8/../../../i386-linux-gnu/crti.o
 .rel.fini_array
                0x000000000000f068        0x8 /usr/lib/gcc/i686-linux-gnu/4.8/../../../i386-linux-gnu/crti.o
 .rel.init_array
                0x000000000000f070        0x8 /usr/lib/gcc/i686-linux-gnu/4.8/../../../i386-linux-gnu/crti.o

.rel.plt        0x000000000000f078       0x10
 *(.rel.plt)
 .rel.plt       0x000000000000f078       0x10 /usr/lib/gcc/i686-linux-gnu/4.8/../../../i386-linux-gnu/crti.o
 *(.rel.iplt)

.init           0x000000000000f088       0x23
 *(SORT(.init))
 .init          0x000000000000f088       0x1e /usr/lib/gcc/i686-linux-gnu/4.8/../../../i386-linux-gnu/crti.o
                0x000000000000f088                _init
 .init          0x000000000000f0a6        0x5 /usr/lib/gcc/i686-linux-gnu/4.8/../../../i386-linux-gnu/crtn.o

.plt            0x000000000000f0b0       0x30
 *(.plt)
 .plt           0x000000000000f0b0       0x30 /usr/lib/gcc/i686-linux-gnu/4.8/../../../i386-linux-gnu/crti.o
 *(.iplt)

.text           0x000000000000f0e0    0x15ad3
 *(.text.unlikely .text.*_unlikely .text.unlikely.*)
 *(.text.exit .text.exit.*)
 *(.text.startup .text.startup.*)
 *(.text.hot .text.hot.*)
 *(.text .stub .text.* .gnu.linkonce.t.*)
 .text          0x000000000000f0e0        0x0 /usr/lib/gcc/i686-linux-gnu/4.8/../../../i386-linux-gnu/crti.o
 .gnu.linkonce.t.__x86.get_pc_thunk.bx
                0x000000000000f0e0        0x4 /usr/lib/gcc/i686-linux-gnu/4.8/../../../i386-linux-gnu/crti.o
                0x000000000000f0e0                __x86.get_pc_thunk.bx
 *fill*         0x000000000000f0e4        0xc 
 .text          0x000000000000f0f0      0x11b /usr/lib/gcc/i686-linux-gnu/4.8/crtbeginS.o
 .text          0x000000000000f20b       0x23 log_test.co
 .text          0x000000000000f22e      0x9a7 obj_cooja/mtype989.o
                0x000000000000f3dc                contiki_init
                0x000000000000f9ec                Java_org_contikios_cooja_corecomm_Lib18_init
                0x000000000000fa2c                Java_org_contikios_cooja_corecomm_Lib18_getMemory
                0x000000000000fa6c                Java_org_contikios_cooja_corecomm_Lib18_setMemory
                0x000000000000fae3                Java_org_contikios_cooja_corecomm_Lib18_tick
                0x000000000000fbc3                Java_org_contikios_cooja_corecomm_Lib18_setReferenceAddress
 .text          0x000000000000fbd5       0x63 obj_cooja/mtype989.a(simEnvChange.o)
                0x000000000000fbd5                doActionsBeforeTick
                0x000000000000fc06                doActionsAfterTick
 .text          0x000000000000fc38       0xbc obj_cooja/mtype989.a(cooja_mt.o)
                0x000000000000fc38                cooja_mt_init
                0x000000000000fc45                cooja_mt_remove
                0x000000000000fc52                cooja_mt_start
                0x000000000000fc7f                cooja_mt_exec
                0x000000000000fcb0                cooja_mt_exit
                0x000000000000fcd2                cooja_mt_yield
 .text          0x000000000000fcf4      0x115 obj_cooja/mtype989.a(cooja_mtarch.o)
                0x000000000000fcf4                cooja_mtarch_init
                0x000000000000fcf9                cooja_mtarch_start
                0x000000000000fd74                cooja_sw
                0x000000000000fd96                cooja_mtarch_exec
                0x000000000000fdb2                cooja_mtarch_remove
                0x000000000000fdb7                cooja_mtarch_yield
                0x000000000000fdc1                cooja_mtarch_pstop
                0x000000000000fdc6                cooja_mtarch_pstart
                0x000000000000fdcb                cooja_mtarch_stack_usage
 .text          0x000000000000fe09       0xc2 obj_cooja/mtype989.a(rtimer-arch.o)
                0x000000000000fe09                rtimer_arch_init
                0x000000000000fe2c                rtimer_arch_schedule
                0x000000000000fe43                rtimer_arch_next
                0x000000000000fe4d                rtimer_arch_pending
                0x000000000000fe57                rtimer_arch_check
                0x000000000000fe89                rtimer_arch_now
 .text          0x000000000000fecb       0x76 obj_cooja/mtype989.a(beep.o)
                0x000000000000fecb                beep_alarm
                0x000000000000fed7                beep_beep
                0x000000000000fee3                beep
                0x000000000000feef                beep_down
                0x000000000000fefb                beep_on
                0x000000000000ff07                beep_off
                0x000000000000ff13                beep_spinup
                0x000000000000ff1f                beep_quick
                0x000000000000ff2b                beep_long
 .text          0x000000000000ff41      0x103 obj_cooja/mtype989.a(button-sensor.o)
 .text          0x0000000000010044       0x45 obj_cooja/mtype989.a(leds-arch.o)
                0x0000000000010044                leds_arch_init
                0x0000000000010050                leds_arch_get
                0x000000000001005c                leds_arch_set
 .text          0x0000000000010089       0x2f obj_cooja/mtype989.a(moteid.o)
 .text          0x00000000000100b8       0xb1 obj_cooja/mtype989.a(pir-sensor.o)
 .text          0x0000000000010169      0x131 obj_cooja/mtype989.a(rs232.o)
                0x0000000000010169                rs232_init
                0x000000000001016e                rs232_set_speed
                0x000000000001017c                rs232_set_input
                0x0000000000010189                rs232_send
                0x00000000000101ab                rs232_print
                0x00000000000101c6                slip_arch_writeb
 .text          0x000000000001029a       0xb1 obj_cooja/mtype989.a(vib-sensor.o)
 .text          0x000000000001034b       0x34 obj_cooja/mtype989.a(clock.o)
                0x000000000001034b                clock_init
                0x0000000000010350                clock_time
                0x000000000001035a                clock_seconds
                0x0000000000010370                clock_delay
 .text          0x000000000001037f      0x1ed obj_cooja/mtype989.a(log.o)
                0x000000000001037f                simlog_char
                0x00000000000103c1                simlog
                0x000000000001042e                log_message
                0x0000000000010456                log_set_putchar_with_slip
                0x0000000000010463                log_putchar
                0x00000000000104e7                log_puts
                0x000000000001050b                log_printf
 .text          0x000000000001056c      0x2c4 obj_cooja/mtype989.a(cfs-cooja.o)
                0x000000000001056c                cfs_open
                0x00000000000105d5                cfs_close
                0x00000000000105e1                cfs_read
                0x000000000001067f                cfs_write
                0x000000000001075c                cfs_seek
                0x00000000000107e4                cfs_remove
                0x000000000001080d                cfs_opendir
                0x0000000000010817                cfs_readdir
                0x0000000000010821                cfs_closedir
 .text          0x0000000000010830      0x5b3 obj_cooja/mtype989.a(cooja-radio.o)
                0x000000000001085a                radio_set_channel
                0x000000000001086f                radio_set_txpower
                0x000000000001088f                radio_signal_strength_last
                0x0000000000010899                radio_signal_strength_current
                0x00000000000108a3                radio_LQI
 .text          0x0000000000010de3       0xef obj_cooja/mtype989.a(eeprom.o)
                0x0000000000010de3                eeprom_init
                0x0000000000010de8                eeprom_read
                0x0000000000010e58                eeprom_write
 .text          0x0000000000010ed2       0x28 obj_cooja/mtype989.a(random.o)
                0x0000000000010ed2                random_init
                0x0000000000010eed                random_rand
 .text          0x0000000000010efa      0x2a1 obj_cooja/mtype989.a(sensors.o)
                0x0000000000010f35                sensors_first
                0x0000000000010f3f                sensors_next
                0x0000000000010f5c                sensors_changed
                0x0000000000010f8b                sensors_find
 .text          0x000000000001119b      0x3c2 obj_cooja/mtype989.a(dual_conf.o)
                0x000000000001119b                dual_radio_switch
                0x00000000000111db                dual_radio_change
                0x0000000000011215                sending_in_LR
                0x0000000000011240                dual_radio_received
                0x0000000000011293                radio_received_is_longrange
                0x00000000000114ea                dio_broadcast
                0x0000000000011513                dis_broadcast
                0x0000000000011534                dio_ack_broadcast
 .text          0x000000000001155d       0x8e obj_cooja/mtype989.a(autostart.o)
                0x000000000001155d                autostart_start
                0x00000000000115a8                autostart_exit
 .text          0x00000000000115eb      0x334 obj_cooja/mtype989.a(ctimer.o)
                0x0000000000011702                ctimer_init
                0x0000000000011732                ctimer_set
                0x0000000000011763                ctimer_set_with_process
                0x00000000000117df                ctimer_reset
                0x000000000001182e                ctimer_restart
                0x000000000001187d                ctimer_stop
                0x00000000000118c8                ctimer_expired
 .text          0x000000000001191f      0x40b obj_cooja/mtype989.a(etimer.o)
                0x0000000000011b32                etimer_request_poll
                0x0000000000011bb6                etimer_set
                0x0000000000011bdb                etimer_reset_with_new_interval
                0x0000000000011c02                etimer_reset
                0x0000000000011c20                etimer_restart
                0x0000000000011c3e                etimer_adjust
                0x0000000000011c5a                etimer_expired
                0x0000000000011c6d                etimer_expiration_time
                0x0000000000011c7f                etimer_start_time
                0x0000000000011c89                etimer_pending
                0x0000000000011c9b                etimer_next_expiration_time
                0x0000000000011cb5                etimer_stop
 .text          0x0000000000011d2a       0x8d obj_cooja/mtype989.a(log_message.o)
                0x0000000000011d2a                log_initialization
                0x0000000000011d96                log_finisher
 .text          0x0000000000011db7      0x560 obj_cooja/mtype989.a(process.o)
                0x0000000000011db7                process_alloc_event
                0x0000000000011dcc                process_start
                0x0000000000011fb5                process_exit
                0x0000000000011fd1                process_init
                0x00000000000121a2                process_run
                0x00000000000121d5                process_nevents
                0x00000000000121f0                process_post
                0x000000000001229c                process_post_synch
                0x00000000000122d4                process_poll
                0x0000000000012303                process_is_running
 .text          0x0000000000012317       0xd3 obj_cooja/mtype989.a(residual.o)
                0x0000000000012317                get_residual_energy
 .text          0x00000000000123ea       0xba obj_cooja/mtype989.a(rtimer.o)
                0x00000000000123ea                rtimer_init
                0x00000000000123f7                rtimer_set
                0x000000000001244e                rtimer_run_next
 .text          0x00000000000124a4       0x91 obj_cooja/mtype989.a(timer.o)
                0x00000000000124a4                timer_set
                0x00000000000124bf                timer_reset
                0x00000000000124d6                timer_restart
                0x00000000000124e8                timer_expired
                0x0000000000012511                timer_remaining
 .text          0x0000000000012535      0x1fb obj_cooja/mtype989.a(serial-line.o)
                0x0000000000012535                serial_line_input_byte
                0x00000000000126f8                serial_line_init
 .text          0x0000000000012730      0x244 obj_cooja/mtype989.a(list.o)
                0x0000000000012730                list_init
                0x000000000001273e                list_head
                0x0000000000012748                list_copy
                0x0000000000012757                list_tail
                0x000000000001278d                list_add
                0x00000000000127d6                list_push
                0x0000000000012802                list_chop
                0x000000000001286c                list_pop
                0x0000000000012894                list_remove
                0x00000000000128fb                list_length
                0x0000000000012929                list_insert
                0x000000000001295d                list_item_next
 .text          0x0000000000012974      0x155 obj_cooja/mtype989.a(ringbuf.o)
                0x0000000000012974                ringbuf_init
                0x00000000000129a5                ringbuf_put
                0x0000000000012a23                ringbuf_get
                0x0000000000012a90                ringbuf_size
                0x0000000000012aa2                ringbuf_elements
 .text          0x0000000000012ac9     0x258b obj_cooja/mtype989.a(sicslowpan.o)
                0x0000000000013053                rime_sniffer_add
                0x0000000000013060                rime_sniffer_remove
                0x0000000000014ff3                sicslowpan_init
                0x000000000001504a                sicslowpan_get_last_rssi
 .text          0x0000000000015054      0x2dc obj_cooja/mtype989.a(uip-ds6-nbr.o)
                0x0000000000015071                uip_ds6_neighbors_init
                0x000000000001508e                uip_ds6_nbr_add
                0x000000000001513f                uip_ds6_nbr_rm
                0x000000000001519c                uip_ds6_nbr_get_ipaddr
                0x00000000000151b1                uip_ds6_nbr_get_ll
                0x00000000000151cd                uip_ds6_nbr_num
                0x0000000000015212                uip_ds6_nbr_lookup
                0x0000000000015277                uip_ds6_nbr_ll_lookup
                0x0000000000015293                uip_ds6_nbr_ipaddr_from_lladdr
                0x00000000000152b9                uip_ds6_nbr_lladdr_from_ipaddr
                0x00000000000152e7                uip_ds6_link_neighbor_callback
 .text          0x0000000000015330     0x12ad obj_cooja/mtype989.a(uip-ds6.o)
                0x0000000000015330                uip_ds6_init
                0x0000000000015685                uip_ds6_periodic
                0x000000000001575d                uip_ds6_list_loop
                0x0000000000015804                uip_ds6_prefix_add
                0x00000000000158c2                uip_ds6_prefix_rm
                0x00000000000158d4                uip_ds6_prefix_lookup
                0x0000000000015925                uip_ds6_is_addr_onlink
                0x0000000000015999                uip_ds6_addr_add
                0x0000000000015ac7                uip_ds6_long_addr_add
                0x0000000000015bf5                uip_ds6_addr_rm
                0x0000000000015c95                uip_ds6_addr_lookup
                0x0000000000015ce0                uip_ds6_long_addr_lookup
                0x0000000000015d2b                uip_ds6_get_link_local
                0x0000000000015daa                uip_ds6_long_get_link_local
                0x0000000000015e29                uip_ds6_get_global
                0x0000000000015ea8                uip_ds6_long_get_global
                0x0000000000015f27                uip_ds6_maddr_add
                0x0000000000015f99                uip_ds6_long_maddr_add
                0x000000000001600b                uip_ds6_maddr_rm
                0x000000000001601d                uip_ds6_maddr_lookup
                0x0000000000016068                uip_ds6_long_maddr_lookup
                0x00000000000160b3                uip_ds6_aaddr_add
                0x0000000000016125                uip_ds6_long_aaddr_add
                0x0000000000016197                uip_ds6_aaddr_rm
                0x00000000000161a9                uip_ds6_aaddr_lookup
                0x00000000000161f4                uip_ds6_long_aaddr_lookup
                0x000000000001623f                uip_ds6_select_src
                0x00000000000164c8                uip_ds6_set_addr_iid
                0x00000000000164ff                get_match_length
                0x0000000000016591                uip_ds6_compute_reachable_time
 .text          0x00000000000165dd     0x29f3 obj_cooja/mtype989.a(uip6.o)
                0x00000000000165dd                uip_add32
                0x0000000000016776                uip_chksum
                0x0000000000016864                uip_icmp6chksum
                0x0000000000016878                uip_tcpchksum
                0x000000000001688c                uip_udpchksum
                0x00000000000168a0                uip_init
                0x0000000000016970                uip_connect
                0x0000000000016b1f                remove_ext_hdr
                0x0000000000016bf4                uip_udp_new
                0x0000000000016d50                uip_unlisten
                0x0000000000016db0                uip_listen
                0x0000000000017072                uip_process
                0x0000000000018ec4                uip_htons
                0x0000000000018ee6                uip_htonl
                0x0000000000018f26                uip_send
 .text          0x0000000000018fd0      0xb5c obj_cooja/mtype989.a(tcpip.o)
                0x0000000000018fd0                tcpip_output
                0x0000000000019021                tcpip_set_outputfunc
                0x00000000000190c1                tcp_connect
                0x0000000000019116                tcp_unlisten
                0x0000000000019171                tcp_listen
                0x00000000000191ca                tcp_attach
                0x00000000000191ef                udp_attach
                0x0000000000019214                udp_new
                0x0000000000019266                udp_broadcast_new
                0x00000000000194da                tcpip_input
                0x000000000001950e                tcpip_ipv6_output
                0x0000000000019972                tcpip_poll_udp
                0x0000000000019995                tcpip_poll_tcp
                0x00000000000199b8                tcpip_uipcall
 .text          0x0000000000019b2c      0x1c1 obj_cooja/mtype989.a(uip-debug.o)
                0x0000000000019b2c                uip_debug_ipaddr_print
                0x0000000000019c8e                uip_debug_lladdr_print
 .text          0x0000000000019ced      0x141 obj_cooja/mtype989.a(uip-packetqueue)
                0x0000000000019d19                uip_packetqueue_new
                0x0000000000019d27                uip_packetqueue_alloc
                0x0000000000019d87                uip_packetqueue_free
                0x0000000000019dc8                uip_packetqueue_buf
                0x0000000000019de5                uip_packetqueue_buflen
                0x0000000000019e06                uip_packetqueue_set_buflen
 .text          0x0000000000019e2e     0x2680 obj_cooja/mtype989.a(rpl-dag.o)
                0x0000000000019e2e                rpl_print_neighbor_list
                0x000000000001a003                rpl_print_child_neighbor_list
                0x000000000001a0bb                rpl_get_nbr
                0x000000000001a115                rpl_get_nbr_child
                0x000000000001a16f                rpl_dag_init
                0x000000000001a1a1                rpl_get_parent
                0x000000000001a1c3                rpl_get_parent_rank
                0x000000000001a1f6                rpl_get_parent_link_metric
                0x000000000001a229                rpl_get_parent_ipaddr
                0x000000000001a253                rpl_get_child_ipaddr
                0x000000000001a567                rpl_set_root
                0x000000000001a78e                rpl_repair_root
                0x000000000001a9ca                rpl_set_prefix
                0x000000000001aac9                rpl_set_default_route
                0x000000000001ab55                rpl_alloc_instance
                0x000000000001abe8                rpl_alloc_dag
                0x000000000001ac99                rpl_set_default_instance
                0x000000000001aca6                rpl_get_default_instance
                0x000000000001acb0                rpl_free_instance
                0x000000000001ad5f                rpl_free_dag
                0x000000000001adc5                rpl_add_parent
                0x000000000001aeac                rpl_find_parent
                0x000000000001aedc                rpl_add_child
                0x000000000001af80                rpl_find_child
                0x000000000001afce                rpl_find_parent_any_dag
                0x000000000001b00a                rpl_select_dag
                0x000000000001b3e3                rpl_select_parent
                0x000000000001b445                rpl_remove_parent
                0x000000000001b46c                rpl_remove_child
                0x000000000001b488                rpl_nullify_parent
                0x000000000001b526                rpl_move_parent
                0x000000000001b5c3                rpl_has_downward_route
                0x000000000001b616                rpl_get_any_dag
                0x000000000001b678                rpl_get_instance
                0x000000000001b6db                rpl_find_of
                0x000000000001b718                rpl_join_instance
                0x000000000001b993                rpl_add_dag
                0x000000000001bd82                rpl_local_repair
                0x000000000001be46                rpl_recalculate_ranks
                0x000000000001becc                rpl_process_parent_event
                0x000000000001bf7e                rpl_process_dio
 .text          0x000000000001c4ae      0xbf3 obj_cooja/mtype989.a(rpl-ext-header.)
                0x000000000001c4cb                rpl_verify_header
                0x000000000001c945                rpl_update_header_empty
                0x000000000001cc5c                rpl_update_header_final
                0x000000000001cdeb                rpl_remove_header
                0x000000000001cef5                rpl_invert_header
                0x000000000001d07f                rpl_insert_header
 .text          0x000000000001d0a1     0x263b obj_cooja/mtype989.a(rpl-icmp6.o)
                0x000000000001d36a                rpl_icmp6_update_nbr_table
                0x000000000001d45a                dis_output
                0x000000000001dd90                dio_output
                0x000000000001e75f                dio_ack_output
                0x000000000001f245                dao_output
                0x000000000001f300                dao_output_target
                0x000000000001f684                dao_ack_output
                0x000000000001f698                rpl_icmp6_register_handlers
 .text          0x000000000001f6dc      0x40e obj_cooja/mtype989.a(rpl-ltmax-of.o)
 .text          0x000000000001faea      0x904 obj_cooja/mtype989.a(rpl-timers.o)
                0x000000000001fd30                rpl_reset_periodic_timer
                0x000000000001fd85                rpl_reset_dio_timer
                0x000000000001ffbf                rpl_schedule_dao
                0x000000000001ffda                rpl_schedule_dao_immediately
                0x000000000001fff5                rpl_cancel_dao
                0x0000000000020120                rpl_schedule_dio_ack
                0x000000000002013b                rpl_schedule_dio_ack_immediately
                0x0000000000020156                rpl_cancel_dio_ack
                0x00000000000201a8                rpl_schedule_unicast_dio_immediately
                0x0000000000020396                rpl_schedule_probing
 .text          0x00000000000203ee      0x59b obj_cooja/mtype989.a(rpl.o)
                0x00000000000203ee                rpl_get_mode
                0x00000000000203f8                rpl_set_mode
                0x0000000000020486                rpl_purge_routes
                0x0000000000020580                rpl_remove_routes
                0x00000000000205c6                rpl_remove_routes_by_nexthop
                0x0000000000020632                rpl_add_route
                0x00000000000206ad                rpl_link_neighbor_callback
                0x00000000000207b2                rpl_ipv6_neighbor_callback
                0x0000000000020821                rpl_purge_dags
                0x0000000000020903                rpl_init
 .text          0x0000000000020989      0x3f5 obj_cooja/mtype989.a(framer-802154.o)
 .text          0x0000000000020d7e       0x5e obj_cooja/mtype989.a(nullmac.o)
 .text          0x0000000000020ddc      0x4b0 obj_cooja/mtype989.a(nullrdc.o)
 .text          0x000000000002128c       0x82 obj_cooja/mtype989.a(linkaddr.o)
                0x000000000002128c                linkaddr_copy
                0x00000000000212ae                linkaddr_cmp
                0x00000000000212d8                linkaddr_set_node_addr
                0x00000000000212f3                linkaddr_set_node_long_addr
 .text          0x000000000002130e      0x892 obj_cooja/mtype989.a(nbr-table.o)
                0x000000000002130e                lladdr_map_add_lr
                0x00000000000213ce                lladdr_map_rm_lr
                0x0000000000021896                nbr_table_register
                0x00000000000218de                nbr_table_head
                0x000000000002193a                nbr_table_next
                0x00000000000219a1                nbr_table_add_lladdr
                0x0000000000021a7d                nbr_table_get_from_lladdr
                0x0000000000021aca                nbr_table_remove
                0x0000000000021b1c                nbr_table_lock
                0x0000000000021b46                nbr_table_unlock
                0x0000000000021b70                nbr_table_get_lladdr
 .text          0x0000000000021ba0       0x2b obj_cooja/mtype989.a(netstack.o)
                0x0000000000021ba0                netstack_init
 .text          0x0000000000021bcb      0x3cd obj_cooja/mtype989.a(packetbuf.o)
                0x0000000000021bcb                packetbuf_clear
                0x0000000000021bf5                packetbuf_copyfrom
                0x0000000000021c47                packetbuf_compact
                0x0000000000021cc4                packetbuf_copyto
                0x0000000000021d5b                packetbuf_hdralloc
                0x0000000000021dd8                packetbuf_hdrreduce
                0x0000000000021e20                packetbuf_set_datalen
                0x0000000000021e39                packetbuf_dataptr
                0x0000000000021e56                packetbuf_hdrptr
                0x0000000000021e60                packetbuf_datalen
                0x0000000000021e6c                packetbuf_hdrlen
                0x0000000000021e83                packetbuf_totlen
                0x0000000000021e99                packetbuf_attr_clear
                0x0000000000021eeb                packetbuf_attr_copyto
                0x0000000000021f34                packetbuf_attr_copyfrom
                0x0000000000021f7c                packetbuf_holds_broadcast
 .text          0x0000000000021f98      0x2b4 obj_cooja/mtype989.a(queuebuf.o)
                0x0000000000021fa2                queuebuf_init
                0x0000000000021fc2                queuebuf_numfree
                0x0000000000021fd6                queuebuf_new_from_packetbuf
                0x0000000000022066                queuebuf_update_attr_from_packetbuf
                0x0000000000022099                queuebuf_update_from_packetbuf
                0x00000000000220e3                queuebuf_free
                0x000000000002212a                queuebuf_to_packetbuf
                0x0000000000022190                queuebuf_dataptr
                0x00000000000221c7                queuebuf_datalen
                0x00000000000221ea                queuebuf_addr
                0x000000000002221c                queuebuf_attr
                0x0000000000022247                queuebuf_debug_print
 .text          0x000000000002224c       0x6e obj_cooja/mtype989.a(nullsec.o)
 .text          0x00000000000222ba       0x19 obj_cooja/mtype989.a(watchdog.o)
                0x00000000000222ba                watchdog_init
                0x00000000000222bf                watchdog_start
                0x00000000000222c4                watchdog_periodic
                0x00000000000222c9                watchdog_stop
                0x00000000000222ce                watchdog_reboot
 .text          0x00000000000222d3        0x0 obj_cooja/mtype989.a(rimestats.o)
 .text          0x00000000000222d3       0xa3 obj_cooja/mtype989.a(stimer.o)
                0x00000000000222d3                stimer_set
                0x00000000000222ee                stimer_reset
                0x0000000000022305                stimer_restart
                0x0000000000022317                stimer_expired
                0x000000000002233e                stimer_remaining
                0x0000000000022362                stimer_elapsed
 .text          0x0000000000022376      0x1c1 obj_cooja/mtype989.a(memb.o)
                0x0000000000022376                memb_init
                0x00000000000223d4                memb_alloc
                0x0000000000022439                memb_free
                0x00000000000224b4                memb_inmemb
                0x00000000000224f3                memb_numfree
 .text          0x0000000000022537      0x918 obj_cooja/mtype989.a(uip-ds6-route.o)
                0x00000000000225ae                uip_ds6_notification_add
                0x00000000000225df                uip_ds6_notification_rm
                0x00000000000225fb                uip_ds6_route_init
                0x0000000000022683                uip_ds6_route_nexthop
                0x00000000000226ab                uip_ds6_route_head
                0x00000000000226c0                uip_ds6_route_next
                0x00000000000226e6                uip_ds6_route_is_nexthop
                0x0000000000022725                uip_ds6_route_num_routes
                0x000000000002272f                uip_ds6_route_lookup
                0x00000000000227f1                uip_ds6_route_add
                0x0000000000022a27                uip_ds6_route_rm
                0x0000000000022bbb                uip_ds6_route_rm_by_nexthop
                0x0000000000022bf3                uip_ds6_defrt_add
                0x0000000000022ca4                uip_ds6_defrt_rm
                0x0000000000022d23                uip_ds6_defrt_lookup
                0x0000000000022d7c                uip_ds6_defrt_choose
                0x0000000000022de7                uip_ds6_defrt_periodic
 .text          0x0000000000022e4f      0xab2 obj_cooja/mtype989.a(uip-icmp6.o)
                0x0000000000022ebd                uip_icmp6_input
                0x0000000000022f13                uip_icmp6_register_input_handler
                0x00000000000231db                uip_icmp6_error_output
                0x0000000000023520                uip_icmp6_send
                0x0000000000023894                uip_icmp6_echo_reply_callback_add
                0x00000000000238c5                uip_icmp6_echo_reply_callback_rm
                0x00000000000238e1                uip_icmp6_init
 .text          0x0000000000023901      0x358 obj_cooja/mtype989.a(uip-nd6.o)
                0x0000000000023955                uip_nd6_ns_output
                0x0000000000023c54                uip_nd6_init
 .text          0x0000000000023c59      0x421 obj_cooja/mtype989.a(rpl-nbr-policy.)
                0x0000000000023e94                find_removable_dis
                0x0000000000023ed7                find_removable_dio
                0x0000000000023fc7                find_removable_dao
                0x0000000000024023                rpl_nbr_policy_find_removable
 .text          0x000000000002407a      0x97c obj_cooja/mtype989.a(frame802154.o)
                0x00000000000240ab                frame802154_get_pan_id
                0x00000000000240b7                frame802154_set_pan_id
                0x00000000000240d0                frame802154_has_panid
                0x00000000000241bc                frame802154_check_dest_panid
                0x0000000000024224                frame802154_is_broadcast_addr
                0x0000000000024271                frame802154_extract_linkaddr
                0x00000000000244b1                frame802154_hdrlen
                0x0000000000024502                frame802154_create
                0x00000000000246ed                frame802154_parse
 .text          0x00000000000249f6      0x181 obj_cooja/mtype989.a(mac-sequence.o)
                0x0000000000024a2d                mac_sequence_is_duplicate
                0x0000000000024ab0                mac_sequence_register_seqno
 .text          0x0000000000024b77       0x3c obj_cooja/mtype989.a(mac.o)
                0x0000000000024b77                mac_call_sent_callback
 .text          0x0000000000024bb3        0x0 /usr/lib/gcc/i686-linux-gnu/4.8/crtendS.o
 .text          0x0000000000024bb3        0x0 /usr/lib/gcc/i686-linux-gnu/4.8/../../../i386-linux-gnu/crtn.o
 *(.gnu.warning)

.fini           0x0000000000024bb4       0x14
 *(SORT(.fini))
 .fini          0x0000000000024bb4        0xf /usr/lib/gcc/i686-linux-gnu/4.8/../../../i386-linux-gnu/crti.o
                0x0000000000024bb4                _fini
 .fini          0x0000000000024bc3        0x5 /usr/lib/gcc/i686-linux-gnu/4.8/../../../i386-linux-gnu/crtn.o
                0x0000000000024bc8                PROVIDE (__etext, .)
                0x0000000000024bc8                PROVIDE (_etext, .)
                0x0000000000024bc8                PROVIDE (etext, .)

.rodata         0x0000000000024be0      0xca1
 *(.rodata .rodata.* .gnu.linkonce.r.*)
 .rodata        0x0000000000024be0       0x1c log_test.co
                0x0000000000024bf4                autostart_processes
 .rodata        0x0000000000024bfc      0x1e6 obj_cooja/mtype989.o
 *fill*         0x0000000000024de2        0x2 
 .rodata        0x0000000000024de4        0x8 obj_cooja/mtype989.a(beep.o)
                0x0000000000024de4                beep_interface
 .rodata        0x0000000000024dec       0x20 obj_cooja/mtype989.a(button-sensor.o)
                0x0000000000024dec                button_interface
                0x0000000000024dfc                button_sensor
 .rodata        0x0000000000024e0c        0x8 obj_cooja/mtype989.a(leds-arch.o)
                0x0000000000024e0c                leds_interface
 .rodata        0x0000000000024e14        0x8 obj_cooja/mtype989.a(moteid.o)
                0x0000000000024e14                moteid_interface
 .rodata        0x0000000000024e1c       0x1c obj_cooja/mtype989.a(pir-sensor.o)
                0x0000000000024e1c                pir_interface
                0x0000000000024e28                pir_sensor
 .rodata        0x0000000000024e38        0xe obj_cooja/mtype989.a(rs232.o)
                0x0000000000024e38                rs232_interface
 *fill*         0x0000000000024e46        0x2 
 .rodata        0x0000000000024e48       0x24 obj_cooja/mtype989.a(vib-sensor.o)
                0x0000000000024e48                vib_interface
                0x0000000000024e5c                vib_sensor
 .rodata        0x0000000000024e6c        0x8 obj_cooja/mtype989.a(clock.o)
                0x0000000000024e6c                clock_interface
 .rodata        0x0000000000024e74        0x8 obj_cooja/mtype989.a(log.o)
                0x0000000000024e74                simlog_interface
 .rodata        0x0000000000024e7c       0x2f obj_cooja/mtype989.a(cfs-cooja.o)
                0x0000000000024e7c                cfs_interface
 *fill*         0x0000000000024eab       0x15 
 .rodata        0x0000000000024ec0      0x100 obj_cooja/mtype989.a(cooja-radio.o)
                0x0000000000024f80                cooja_radio_driver
                0x0000000000024fb8                radio_interface
 .rodata        0x0000000000024fc0        0x8 obj_cooja/mtype989.a(eeprom.o)
                0x0000000000024fc0                eeprom_interface
 .rodata        0x0000000000024fc8        0x8 obj_cooja/mtype989.a(sensors.o)
 .rodata        0x0000000000024fd0      0x1f5 obj_cooja/mtype989.a(dual_conf.o)
 .rodata        0x00000000000251c5        0xf obj_cooja/mtype989.a(ctimer.o)
 .rodata        0x00000000000251d4        0xc obj_cooja/mtype989.a(etimer.o)
 .rodata        0x00000000000251e0       0x73 obj_cooja/mtype989.a(log_message.o)
 *fill*         0x0000000000025253        0x1 
 .rodata        0x0000000000025254       0x20 obj_cooja/mtype989.a(residual.o)
 .rodata        0x0000000000025274        0xe obj_cooja/mtype989.a(serial-line.o)
 *fill*         0x0000000000025282        0x2 
 .rodata        0x0000000000025284       0x2c obj_cooja/mtype989.a(sicslowpan.o)
                0x0000000000025284                unc_llconf
                0x0000000000025288                unc_ctxconf
                0x000000000002528c                unc_mxconf
                0x0000000000025290                llprefix
                0x00000000000252a4                sicslowpan_driver
 .rodata        0x00000000000252b0      0x13c obj_cooja/mtype989.a(uip6.o)
 .rodata        0x00000000000253ec      0x13a obj_cooja/mtype989.a(tcpip.o)
 .rodata        0x0000000000025526       0x3e obj_cooja/mtype989.a(uip-debug.o)
 .rodata        0x0000000000025564       0xdc obj_cooja/mtype989.a(rpl-dag.o)
 .rodata        0x0000000000025640       0x21 obj_cooja/mtype989.a(rpl-icmp6.o)
 *fill*         0x0000000000025661        0x3 
 .rodata        0x0000000000025664        0xc obj_cooja/mtype989.a(framer-802154.o)
                0x0000000000025664                framer_802154
 .rodata        0x0000000000025670       0x24 obj_cooja/mtype989.a(nullmac.o)
                0x0000000000025678                nullmac_driver
 *fill*         0x0000000000025694        0xc 
 .rodata        0x00000000000256a0       0x40 obj_cooja/mtype989.a(nullrdc.o)
                0x00000000000256c0                nullrdc_driver
 .rodata        0x00000000000256e0        0x8 obj_cooja/mtype989.a(linkaddr.o)
                0x00000000000256e0                linkaddr_null
 .rodata        0x00000000000256e8       0x18 obj_cooja/mtype989.a(nullsec.o)
                0x00000000000256f0                nullsec_driver
 .rodata        0x0000000000025700      0x181 obj_cooja/mtype989.a(rpl-nbr-policy.)

.rodata1
 *(.rodata1)

.eh_frame_hdr   0x0000000000025884     0x134c
 *(.eh_frame_hdr)
 .eh_frame_hdr  0x0000000000025884     0x134c log_test.co

.eh_frame       0x0000000000026bd0     0x4e7c
 *(.eh_frame)
 .eh_frame      0x0000000000026bd0       0x3c /usr/lib/gcc/i686-linux-gnu/4.8/../../../i386-linux-gnu/crti.o
                                         0x40 (size before relaxing)
 .eh_frame      0x0000000000026c0c       0x20 log_test.co
                                         0x38 (size before relaxing)
 .eh_frame      0x0000000000026c2c      0x148 obj_cooja/mtype989.o
                                        0x160 (size before relaxing)
 .eh_frame      0x0000000000026d74       0x40 obj_cooja/mtype989.a(simEnvChange.o)
                                         0x58 (size before relaxing)
 .eh_frame      0x0000000000026db4       0xc0 obj_cooja/mtype989.a(cooja_mt.o)
                                         0xd8 (size before relaxing)
 .eh_frame      0x0000000000026e74      0x120 obj_cooja/mtype989.a(cooja_mtarch.o)
                                        0x138 (size before relaxing)
 .eh_frame      0x0000000000026f94       0xc0 obj_cooja/mtype989.a(rtimer-arch.o)
                                         0xd8 (size before relaxing)
 .eh_frame      0x0000000000027054      0x160 obj_cooja/mtype989.a(beep.o)
                                        0x178 (size before relaxing)
 .eh_frame      0x00000000000271b4       0xa0 obj_cooja/mtype989.a(button-sensor.o)
                                         0xb8 (size before relaxing)
 .eh_frame      0x0000000000027254       0xa0 obj_cooja/mtype989.a(leds-arch.o)
                                         0xb8 (size before relaxing)
 .eh_frame      0x00000000000272f4       0x40 obj_cooja/mtype989.a(moteid.o)
                                         0x58 (size before relaxing)
 .eh_frame      0x0000000000027334       0xa0 obj_cooja/mtype989.a(pir-sensor.o)
                                         0xb8 (size before relaxing)
 .eh_frame      0x00000000000273d4      0x100 obj_cooja/mtype989.a(rs232.o)
                                        0x118 (size before relaxing)
 .eh_frame      0x00000000000274d4       0xa0 obj_cooja/mtype989.a(vib-sensor.o)
                                         0xb8 (size before relaxing)
 .eh_frame      0x0000000000027574       0xc0 obj_cooja/mtype989.a(clock.o)
                                         0xd8 (size before relaxing)
 .eh_frame      0x0000000000027634      0x120 obj_cooja/mtype989.a(log.o)
                                        0x138 (size before relaxing)
 .eh_frame      0x0000000000027754      0x160 obj_cooja/mtype989.a(cfs-cooja.o)
                                        0x178 (size before relaxing)
 .eh_frame      0x00000000000278b4      0x2e0 obj_cooja/mtype989.a(cooja-radio.o)
                                        0x2f8 (size before relaxing)
 .eh_frame      0x0000000000027b94       0xa0 obj_cooja/mtype989.a(eeprom.o)
                                         0xb8 (size before relaxing)
 .eh_frame      0x0000000000027c34       0x40 obj_cooja/mtype989.a(random.o)
                                         0x58 (size before relaxing)
 .eh_frame      0x0000000000027c74       0xc0 obj_cooja/mtype989.a(sensors.o)
                                         0xd8 (size before relaxing)
 .eh_frame      0x0000000000027d34      0x160 obj_cooja/mtype989.a(dual_conf.o)
                                        0x178 (size before relaxing)
 .eh_frame      0x0000000000027e94       0x40 obj_cooja/mtype989.a(autostart.o)
                                         0x58 (size before relaxing)
 .eh_frame      0x0000000000027ed4      0x100 obj_cooja/mtype989.a(ctimer.o)
                                        0x118 (size before relaxing)
 .eh_frame      0x0000000000027fd4      0x1e0 obj_cooja/mtype989.a(etimer.o)
                                        0x1f8 (size before relaxing)
 .eh_frame      0x00000000000281b4       0x40 obj_cooja/mtype989.a(log_message.o)
                                         0x58 (size before relaxing)
 .eh_frame      0x00000000000281f4      0x1c8 obj_cooja/mtype989.a(process.o)
                                        0x1e0 (size before relaxing)
 .eh_frame      0x00000000000283bc       0x2c obj_cooja/mtype989.a(residual.o)
                                         0x44 (size before relaxing)
 .eh_frame      0x00000000000283e8       0x60 obj_cooja/mtype989.a(rtimer.o)
                                         0x78 (size before relaxing)
 .eh_frame      0x0000000000028448       0xa4 obj_cooja/mtype989.a(timer.o)
                                         0xbc (size before relaxing)
 .eh_frame      0x00000000000284ec       0x60 obj_cooja/mtype989.a(serial-line.o)
                                         0x78 (size before relaxing)
 .eh_frame      0x000000000002854c      0x180 obj_cooja/mtype989.a(list.o)
                                        0x198 (size before relaxing)
 .eh_frame      0x00000000000286cc       0xa0 obj_cooja/mtype989.a(ringbuf.o)
                                         0xb8 (size before relaxing)
 .eh_frame      0x000000000002876c      0x350 obj_cooja/mtype989.a(sicslowpan.o)
                                        0x368 (size before relaxing)
 .eh_frame      0x0000000000028abc      0x180 obj_cooja/mtype989.a(uip-ds6-nbr.o)
                                        0x198 (size before relaxing)
 .eh_frame      0x0000000000028c3c      0x3c8 obj_cooja/mtype989.a(uip-ds6.o)
                                        0x3e0 (size before relaxing)
 .eh_frame      0x0000000000029004      0x27c obj_cooja/mtype989.a(uip6.o)
                                        0x294 (size before relaxing)
 .eh_frame      0x0000000000029280      0x270 obj_cooja/mtype989.a(tcpip.o)
                                        0x288 (size before relaxing)
 .eh_frame      0x00000000000294f0       0x48 obj_cooja/mtype989.a(uip-debug.o)
                                         0x60 (size before relaxing)
 .eh_frame      0x0000000000029538       0xe0 obj_cooja/mtype989.a(uip-packetqueue)
                                         0xf8 (size before relaxing)
 .eh_frame      0x0000000000029618      0x75c obj_cooja/mtype989.a(rpl-dag.o)
                                        0x774 (size before relaxing)
 .eh_frame      0x0000000000029d74      0x10c obj_cooja/mtype989.a(rpl-ext-header.)
                                        0x124 (size before relaxing)
 .eh_frame      0x0000000000029e80      0x2f8 obj_cooja/mtype989.a(rpl-icmp6.o)
                                        0x310 (size before relaxing)
 .eh_frame      0x000000000002a178       0xe8 obj_cooja/mtype989.a(rpl-ltmax-of.o)
                                        0x100 (size before relaxing)
 .eh_frame      0x000000000002a260      0x2b0 obj_cooja/mtype989.a(rpl-timers.o)
                                        0x2c8 (size before relaxing)
 .eh_frame      0x000000000002a510      0x140 obj_cooja/mtype989.a(rpl.o)
                                        0x158 (size before relaxing)
 .eh_frame      0x000000000002a650      0x108 obj_cooja/mtype989.a(framer-802154.o)
                                        0x120 (size before relaxing)
 .eh_frame      0x000000000002a758       0xc0 obj_cooja/mtype989.a(nullmac.o)
                                         0xd8 (size before relaxing)
 .eh_frame      0x000000000002a818      0x16c obj_cooja/mtype989.a(nullrdc.o)
                                        0x184 (size before relaxing)
 .eh_frame      0x000000000002a984       0x80 obj_cooja/mtype989.a(linkaddr.o)
                                         0x98 (size before relaxing)
 .eh_frame      0x000000000002aa04      0x2ac obj_cooja/mtype989.a(nbr-table.o)
                                        0x2c4 (size before relaxing)
 .eh_frame      0x000000000002acb0       0x20 obj_cooja/mtype989.a(netstack.o)
                                         0x38 (size before relaxing)
 .eh_frame      0x000000000002acd0      0x214 obj_cooja/mtype989.a(packetbuf.o)
                                        0x22c (size before relaxing)
 .eh_frame      0x000000000002aee4      0x1a0 obj_cooja/mtype989.a(queuebuf.o)
                                        0x1b8 (size before relaxing)
 .eh_frame      0x000000000002b084       0x80 obj_cooja/mtype989.a(nullsec.o)
                                         0x98 (size before relaxing)
 .eh_frame      0x000000000002b104       0xa0 obj_cooja/mtype989.a(watchdog.o)
                                         0xb8 (size before relaxing)
 .eh_frame      0x000000000002b1a4       0xc4 obj_cooja/mtype989.a(stimer.o)
                                         0xdc (size before relaxing)
 .eh_frame      0x000000000002b268       0xa0 obj_cooja/mtype989.a(memb.o)
                                         0xb8 (size before relaxing)
 .eh_frame      0x000000000002b308      0x2a0 obj_cooja/mtype989.a(uip-ds6-route.o)
                                        0x2b8 (size before relaxing)
 .eh_frame      0x000000000002b5a8      0x164 obj_cooja/mtype989.a(uip-icmp6.o)
                                        0x17c (size before relaxing)
 .eh_frame      0x000000000002b70c       0x68 obj_cooja/mtype989.a(uip-nd6.o)
                                         0x80 (size before relaxing)
 .eh_frame      0x000000000002b774       0xc8 obj_cooja/mtype989.a(rpl-nbr-policy.)
                                         0xe0 (size before relaxing)
 .eh_frame      0x000000000002b83c      0x164 obj_cooja/mtype989.a(frame802154.o)
                                        0x17c (size before relaxing)
 .eh_frame      0x000000000002b9a0       0x88 obj_cooja/mtype989.a(mac-sequence.o)
                                         0xa0 (size before relaxing)
 .eh_frame      0x000000000002ba28       0x20 obj_cooja/mtype989.a(mac.o)
                                         0x38 (size before relaxing)
 .eh_frame      0x000000000002ba48        0x4 /usr/lib/gcc/i686-linux-gnu/4.8/crtendS.o

.gcc_except_table
 *(.gcc_except_table .gcc_except_table.*)

.exception_ranges
 *(.exception_ranges .exception_ranges*)
                0x000000000002ba4c                . = (ALIGN (0x1000) - ((0x1000 - .) & 0xfff))
                0x000000000002cef8                . = DATA_SEGMENT_ALIGN (0x1000, 0x1000)

.eh_frame
 *(.eh_frame)

.gcc_except_table
 *(.gcc_except_table .gcc_except_table.*)

.exception_ranges
 *(.exception_ranges .exception_ranges*)

.tdata
 *(.tdata .tdata.* .gnu.linkonce.td.*)

.tbss
 *(.tbss .tbss.* .gnu.linkonce.tb.*)
 *(.tcommon)

.preinit_array
 *(.preinit_array)

.init_array     0x000000000002cef8        0x4
 *(SORT(.init_array.*) SORT(.ctors.*))
 *(.init_array EXCLUDE_FILE(*crtend?.o *crtend.o *crtbegin?.o *crtbegin.o) .ctors)
 .init_array    0x000000000002cef8        0x4 /usr/lib/gcc/i686-linux-gnu/4.8/crtbeginS.o

.fini_array     0x000000000002cefc        0x4
 *(SORT(.fini_array.*) SORT(.dtors.*))
 *(.fini_array EXCLUDE_FILE(*crtend?.o *crtend.o *crtbegin?.o *crtbegin.o) .dtors)
 .fini_array    0x000000000002cefc        0x4 /usr/lib/gcc/i686-linux-gnu/4.8/crtbeginS.o

.ctors
 *crtbegin.o(.ctors)
 *crtbegin?.o(.ctors)
 *(EXCLUDE_FILE(*crtend?.o *crtend.o) .ctors)
 *(SORT(.ctors.*))
 *(.ctors)

.dtors
 *crtbegin.o(.dtors)
 *crtbegin?.o(.dtors)
 *(EXCLUDE_FILE(*crtend?.o *crtend.o) .dtors)
 *(SORT(.dtors.*))
 *(.dtors)

.jcr            0x000000000002cf00        0x4
 *(.jcr)
 .jcr           0x000000000002cf00        0x0 /usr/lib/gcc/i686-linux-gnu/4.8/crtbeginS.o
 .jcr           0x000000000002cf00        0x4 /usr/lib/gcc/i686-linux-gnu/4.8/crtendS.o

.data.rel.ro
 *(.data.rel.ro.local* .gnu.linkonce.d.rel.ro.local.*)
 *(.data.rel.ro .data.rel.ro.* .gnu.linkonce.d.rel.ro.*)

.dynamic        0x000000000002cf04       0xe8
 *(.dynamic)
 .dynamic       0x000000000002cf04       0xe8 /usr/lib/gcc/i686-linux-gnu/4.8/../../../i386-linux-gnu/crti.o
                0x000000000002cf04                _DYNAMIC

.got            0x000000000002cfec       0x14
 *(.got)
 .got           0x000000000002cfec       0x14 /usr/lib/gcc/i686-linux-gnu/4.8/../../../i386-linux-gnu/crti.o
 *(.igot)
                0x000000000002dff4                . = DATA_SEGMENT_RELRO_END (., (SIZEOF (.got.plt) >= 0xc)?0xc:0x0)

.got.plt        0x000000000002d000       0x14
 *(.got.plt)
 .got.plt       0x000000000002d000       0x14 /usr/lib/gcc/i686-linux-gnu/4.8/../../../i386-linux-gnu/crti.o
                0x000000000002d000                _GLOBAL_OFFSET_TABLE_
 *(.igot.plt)

.data           0x000000000002d020      0x25a
 *(.data .data.* .gnu.linkonce.d.*)
 .data          0x000000000002d020        0x0 /usr/lib/gcc/i686-linux-gnu/4.8/../../../i386-linux-gnu/crti.o
 .data          0x000000000002d020        0x0 /usr/lib/gcc/i686-linux-gnu/4.8/crtbeginS.o
 .data.rel      0x000000000002d020        0x4 /usr/lib/gcc/i686-linux-gnu/4.8/crtbeginS.o
                0x000000000002d020                __dso_handle
 .data          0x000000000002d024       0x10 log_test.co
                0x000000000002d024                hello_world_process
 *fill*         0x000000000002d034        0xc 
 .data          0x000000000002d040       0x44 obj_cooja/mtype989.o
                0x000000000002d040                simInterfaces
                0x000000000002d074                sensors
 .data          0x000000000002d084        0x0 obj_cooja/mtype989.a(simEnvChange.o)
 .data          0x000000000002d084        0x0 obj_cooja/mtype989.a(cooja_mt.o)
 .data          0x000000000002d084        0x0 obj_cooja/mtype989.a(cooja_mtarch.o)
 .data          0x000000000002d084        0x0 obj_cooja/mtype989.a(rtimer-arch.o)
 .data          0x000000000002d084        0x0 obj_cooja/mtype989.a(beep.o)
 .data          0x000000000002d084        0x0 obj_cooja/mtype989.a(button-sensor.o)
 .data          0x000000000002d084        0x0 obj_cooja/mtype989.a(leds-arch.o)
 .data          0x000000000002d084        0x0 obj_cooja/mtype989.a(moteid.o)
 .data          0x000000000002d084        0x0 obj_cooja/mtype989.a(pir-sensor.o)
 .data          0x000000000002d084        0x0 obj_cooja/mtype989.a(rs232.o)
 .data          0x000000000002d084        0x0 obj_cooja/mtype989.a(vib-sensor.o)
 .data          0x000000000002d084        0x0 obj_cooja/mtype989.a(clock.o)
 .data          0x000000000002d084        0x0 obj_cooja/mtype989.a(log.o)
 .data          0x000000000002d084        0x0 obj_cooja/mtype989.a(cfs-cooja.o)
 .data          0x000000000002d084       0x38 obj_cooja/mtype989.a(cooja-radio.o)
                0x000000000002d084                simRadioChannel
                0x000000000002d088                simRadioChannelLR
                0x000000000002d08c                simRadioHWOn
                0x000000000002d08d                simRadioHWOnLR
                0x000000000002d090                simSignalStrength
                0x000000000002d094                simSignalStrengthLR
                0x000000000002d098                simLastSignalStrength
                0x000000000002d09c                simLastSignalStrengthLR
                0x000000000002d0a0                simPower
                0x000000000002d0a1                simPowerLR
                0x000000000002d0a4                simLQI
                0x000000000002d0a8                simLQILR
                0x000000000002d0ac                cooja_radio_process
 .data          0x000000000002d0bc        0x0 obj_cooja/mtype989.a(eeprom.o)
 .data          0x000000000002d0bc        0x0 obj_cooja/mtype989.a(random.o)
 .data          0x000000000002d0bc       0x10 obj_cooja/mtype989.a(sensors.o)
                0x000000000002d0bc                sensors_process
 .data          0x000000000002d0cc       0x34 obj_cooja/mtype989.a(dual_conf.o)
                0x000000000002d0cc                radio_received
                0x000000000002d0d0                dual_dio_broadcast
                0x000000000002d0e0                dual_dis_broadcast
                0x000000000002d0f0                dual_dio_ack_broadcast
 .data          0x000000000002d100        0x0 obj_cooja/mtype989.a(autostart.o)
 .data          0x000000000002d100       0x14 obj_cooja/mtype989.a(ctimer.o)
                0x000000000002d104                ctimer_process
 .data          0x000000000002d114       0x10 obj_cooja/mtype989.a(etimer.o)
                0x000000000002d114                etimer_process
 .data          0x000000000002d124        0x0 obj_cooja/mtype989.a(log_message.o)
 .data          0x000000000002d124        0x0 obj_cooja/mtype989.a(process.o)
 .data          0x000000000002d124        0x0 obj_cooja/mtype989.a(residual.o)
 .data          0x000000000002d124        0x0 obj_cooja/mtype989.a(rtimer.o)
 .data          0x000000000002d124        0x0 obj_cooja/mtype989.a(timer.o)
 .data          0x000000000002d124       0x10 obj_cooja/mtype989.a(serial-line.o)
                0x000000000002d124                serial_line_process
 .data          0x000000000002d134        0x0 obj_cooja/mtype989.a(list.o)
 .data          0x000000000002d134        0x0 obj_cooja/mtype989.a(ringbuf.o)
 .data          0x000000000002d134        0x0 obj_cooja/mtype989.a(sicslowpan.o)
 .data          0x000000000002d134       0x14 obj_cooja/mtype989.a(uip-ds6-nbr.o)
                0x000000000002d144                ds6_neighbors
 .data          0x000000000002d148        0x0 obj_cooja/mtype989.a(uip-ds6.o)
 .data          0x000000000002d148        0x0 obj_cooja/mtype989.a(uip6.o)
 .data          0x000000000002d148       0x10 obj_cooja/mtype989.a(tcpip.o)
                0x000000000002d148                tcpip_process
 .data          0x000000000002d158        0x0 obj_cooja/mtype989.a(uip-debug.o)
 .data          0x000000000002d158        0xc obj_cooja/mtype989.a(uip-packetqueue)
 .data          0x000000000002d164       0x28 obj_cooja/mtype989.a(rpl-dag.o)
                0x000000000002d174                rpl_parents
                0x000000000002d188                rpl_children
 .data          0x000000000002d18c        0x0 obj_cooja/mtype989.a(rpl-ext-header.)
 .data          0x000000000002d18c       0x40 obj_cooja/mtype989.a(rpl-icmp6.o)
 .data          0x000000000002d1cc       0x1c obj_cooja/mtype989.a(rpl-ltmax-of.o)
                0x000000000002d1cc                rpl_ltmax_of
 .data          0x000000000002d1e8        0x0 obj_cooja/mtype989.a(rpl-timers.o)
 .data          0x000000000002d1e8        0x0 obj_cooja/mtype989.a(rpl.o)
 .data          0x000000000002d1e8        0x0 obj_cooja/mtype989.a(framer-802154.o)
 .data          0x000000000002d1e8        0x0 obj_cooja/mtype989.a(nullmac.o)
 .data          0x000000000002d1e8        0x0 obj_cooja/mtype989.a(nullrdc.o)
 .data          0x000000000002d1e8        0x0 obj_cooja/mtype989.a(linkaddr.o)
 .data          0x000000000002d1e8       0x10 obj_cooja/mtype989.a(nbr-table.o)
 .data          0x000000000002d1f8        0x0 obj_cooja/mtype989.a(netstack.o)
 .data          0x000000000002d1f8        0x4 obj_cooja/mtype989.a(packetbuf.o)
 .data          0x000000000002d1fc       0x18 obj_cooja/mtype989.a(queuebuf.o)
 .data          0x000000000002d214        0x0 obj_cooja/mtype989.a(nullsec.o)
 .data          0x000000000002d214        0x0 obj_cooja/mtype989.a(watchdog.o)
 .data          0x000000000002d214        0x0 obj_cooja/mtype989.a(rimestats.o)
 .data          0x000000000002d214        0x0 obj_cooja/mtype989.a(stimer.o)
 .data          0x000000000002d214        0x0 obj_cooja/mtype989.a(memb.o)
 .data          0x000000000002d214       0x44 obj_cooja/mtype989.a(uip-ds6-route.o)
                0x000000000002d224                nbr_routes
 .data          0x000000000002d258       0x20 obj_cooja/mtype989.a(uip-icmp6.o)
 .data          0x000000000002d278        0x0 obj_cooja/mtype989.a(uip-nd6.o)
 .data          0x000000000002d278        0x0 obj_cooja/mtype989.a(rpl-nbr-policy.)
 .data          0x000000000002d278        0x2 obj_cooja/mtype989.a(frame802154.o)
 .data          0x000000000002d27a        0x0 obj_cooja/mtype989.a(mac-sequence.o)
 .data          0x000000000002d27a        0x0 obj_cooja/mtype989.a(mac.o)
 .data          0x000000000002d27a        0x0 /usr/lib/gcc/i686-linux-gnu/4.8/crtendS.o
 .data          0x000000000002d27a        0x0 /usr/lib/gcc/i686-linux-gnu/4.8/../../../i386-linux-gnu/crtn.o

.tm_clone_table
                0x000000000002d27c        0x0
 .tm_clone_table
                0x000000000002d27c        0x0 /usr/lib/gcc/i686-linux-gnu/4.8/crtbeginS.o
 .tm_clone_table
                0x000000000002d27c        0x0 /usr/lib/gcc/i686-linux-gnu/4.8/crtendS.o

.data1
 *(.data1)
                0x000000000002d27c                _edata = .
                0x000000000002d27c                PROVIDE (edata, .)
                0x000000000002d27c                . = .
                0x000000000002d27c                __bss_start = .

.bss            0x000000000002d280    0x11268
 *(.dynbss)
 .dynbss        0x0000000000000000        0x0 /usr/lib/gcc/i686-linux-gnu/4.8/../../../i386-linux-gnu/crti.o
 *(.bss .bss.* .gnu.linkonce.b.*)
 .bss           0x000000000002d280        0x0 /usr/lib/gcc/i686-linux-gnu/4.8/../../../i386-linux-gnu/crti.o
 .bss           0x000000000002d280        0x1 /usr/lib/gcc/i686-linux-gnu/4.8/crtbeginS.o
 .bss           0x000000000002d281        0x0 log_test.co
 *fill*         0x000000000002d281       0x1f 
 .bss           0x000000000002d2a0     0x2030 obj_cooja/mtype989.o
 .bss           0x000000000002f2d0        0x1 obj_cooja/mtype989.a(simEnvChange.o)
                0x000000000002f2d0                simDontFallAsleep
 *fill*         0x000000000002f2d1        0x3 
 .bss           0x000000000002f2d4        0x4 obj_cooja/mtype989.a(cooja_mt.o)
 .bss           0x000000000002f2d8        0x4 obj_cooja/mtype989.a(cooja_mtarch.o)
 .bss           0x000000000002f2dc        0xc obj_cooja/mtype989.a(rtimer-arch.o)
 .bss           0x000000000002f2e8        0x0 obj_cooja/mtype989.a(beep.o)
 .bss           0x000000000002f2e8        0x8 obj_cooja/mtype989.a(button-sensor.o)
 .bss           0x000000000002f2f0        0x0 obj_cooja/mtype989.a(leds-arch.o)
 .bss           0x000000000002f2f0        0x0 obj_cooja/mtype989.a(moteid.o)
 .bss           0x000000000002f2f0        0x1 obj_cooja/mtype989.a(pir-sensor.o)
                0x000000000002f2f0                simPirValue
 *fill*         0x000000000002f2f1        0x3 
 .bss           0x000000000002f2f4        0x4 obj_cooja/mtype989.a(rs232.o)
 .bss           0x000000000002f2f8        0x1 obj_cooja/mtype989.a(vib-sensor.o)
                0x000000000002f2f8                simVibValue
 .bss           0x000000000002f2f9        0x0 obj_cooja/mtype989.a(clock.o)
 *fill*         0x000000000002f2f9        0x7 
 .bss           0x000000000002f300      0x420 obj_cooja/mtype989.a(log.o)
 .bss           0x000000000002f720      0xfc0 obj_cooja/mtype989.a(cfs-cooja.o)
                0x000000000002f720                simCFSData
                0x00000000000306c0                simCFSSize
                0x00000000000306c4                simCFSChanged
                0x00000000000306c8                simCFSRead
                0x00000000000306cc                simCFSWritten
 .bss           0x00000000000306e0       0x20 obj_cooja/mtype989.a(cooja-radio.o)
                0x00000000000306e0                simReceiving
                0x00000000000306e1                simReceivingLR
                0x00000000000306e4                simInSize
                0x00000000000306e8                simInSizeLR
                0x00000000000306ec                simOutSize
                0x00000000000306f0                simOutSizeLR
                0x00000000000306f4                LongRangeTransmit
                0x00000000000306f8                LongRangeReceiving
 .bss           0x0000000000030700        0xc obj_cooja/mtype989.a(eeprom.o)
                0x0000000000030700                simEEPROMChanged
                0x0000000000030704                simEEPROMRead
                0x0000000000030708                simEEPROMWritten
 .bss           0x000000000003070c        0x0 obj_cooja/mtype989.a(random.o)
 .bss           0x000000000003070c        0xc obj_cooja/mtype989.a(sensors.o)
 .bss           0x0000000000030718       0x38 obj_cooja/mtype989.a(dual_conf.o)
                0x0000000000030718                long_range_radio
 .bss           0x0000000000030750        0x0 obj_cooja/mtype989.a(autostart.o)
 .bss           0x0000000000030750        0x5 obj_cooja/mtype989.a(ctimer.o)
 *fill*         0x0000000000030755        0x3 
 .bss           0x0000000000030758        0x8 obj_cooja/mtype989.a(etimer.o)
 .bss           0x0000000000030760        0x0 obj_cooja/mtype989.a(log_message.o)
 .bss           0x0000000000030760      0x1b1 obj_cooja/mtype989.a(process.o)
                0x0000000000030760                process_list
                0x0000000000030764                process_current
 .bss           0x0000000000030911        0x0 obj_cooja/mtype989.a(residual.o)
 *fill*         0x0000000000030911        0x3 
 .bss           0x0000000000030914        0x4 obj_cooja/mtype989.a(rtimer.o)
 .bss           0x0000000000030918        0x0 obj_cooja/mtype989.a(timer.o)
 *fill*         0x0000000000030918        0x8 
 .bss           0x0000000000030920      0x140 obj_cooja/mtype989.a(serial-line.o)
 .bss           0x0000000000030a60        0x0 obj_cooja/mtype989.a(list.o)
 .bss           0x0000000000030a60        0x0 obj_cooja/mtype989.a(ringbuf.o)
 .bss           0x0000000000030a60      0x70c obj_cooja/mtype989.a(sicslowpan.o)
 *fill*         0x000000000003116c       0x14 
 .bss           0x0000000000031180     0x1c20 obj_cooja/mtype989.a(uip-ds6-nbr.o)
 .bss           0x0000000000032da0       0x30 obj_cooja/mtype989.a(uip-ds6.o)
 .bss           0x0000000000032dd0        0xe obj_cooja/mtype989.a(uip6.o)
                0x0000000000032dd0                uip_ext_bitmap
                0x0000000000032dd1                uip_ext_len
                0x0000000000032dd2                uip_ext_opt_offset
 *fill*         0x0000000000032dde        0x2 
 .bss           0x0000000000032de0       0x6a obj_cooja/mtype989.a(tcpip.o)
 .bss           0x0000000000032e4a        0x0 obj_cooja/mtype989.a(uip-debug.o)
 *fill*         0x0000000000032e4a       0x16 
 .bss           0x0000000000032e60      0xcf8 obj_cooja/mtype989.a(uip-packetqueue)
 *fill*         0x0000000000033b58        0x8 
 .bss           0x0000000000033b60     0x18ac obj_cooja/mtype989.a(rpl-dag.o)
 .bss           0x000000000003540c        0x0 obj_cooja/mtype989.a(rpl-ext-header.)
 .bss           0x000000000003540c        0x0 obj_cooja/mtype989.a(rpl-icmp6.o)
 .bss           0x000000000003540c        0x0 obj_cooja/mtype989.a(rpl-ltmax-of.o)
 *fill*         0x000000000003540c       0x14 
 .bss           0x0000000000035420       0x23 obj_cooja/mtype989.a(rpl-timers.o)
 *fill*         0x0000000000035443        0x1 
 .bss           0x0000000000035444        0x4 obj_cooja/mtype989.a(rpl.o)
 .bss           0x0000000000035448        0x2 obj_cooja/mtype989.a(framer-802154.o)
 .bss           0x000000000003544a        0x0 obj_cooja/mtype989.a(nullmac.o)
 .bss           0x000000000003544a        0x0 obj_cooja/mtype989.a(nullrdc.o)
 .bss           0x000000000003544a        0x0 obj_cooja/mtype989.a(linkaddr.o)
 *fill*         0x000000000003544a       0x16 
 .bss           0x0000000000035460     0x1214 obj_cooja/mtype989.a(nbr-table.o)
 .bss           0x0000000000036674        0x0 obj_cooja/mtype989.a(netstack.o)
 *fill*         0x0000000000036674        0xc 
 .bss           0x0000000000036680       0xa0 obj_cooja/mtype989.a(packetbuf.o)
 .bss           0x0000000000036720      0xb80 obj_cooja/mtype989.a(queuebuf.o)
 .bss           0x00000000000372a0        0x0 obj_cooja/mtype989.a(nullsec.o)
 .bss           0x00000000000372a0        0x0 obj_cooja/mtype989.a(watchdog.o)
 .bss           0x00000000000372a0        0x0 obj_cooja/mtype989.a(rimestats.o)
 .bss           0x00000000000372a0        0x0 obj_cooja/mtype989.a(stimer.o)
 .bss           0x00000000000372a0        0x0 obj_cooja/mtype989.a(memb.o)
 .bss           0x00000000000372a0     0x44a8 obj_cooja/mtype989.a(uip-ds6-route.o)
 .bss           0x000000000003b748       0x18 obj_cooja/mtype989.a(uip-icmp6.o)
 .bss           0x000000000003b760        0x0 obj_cooja/mtype989.a(uip-nd6.o)
 .bss           0x000000000003b760       0x44 obj_cooja/mtype989.a(rpl-nbr-policy.)
 .bss           0x000000000003b7a4        0x0 obj_cooja/mtype989.a(frame802154.o)
 *fill*         0x000000000003b7a4       0x1c 
 .bss           0x000000000003b7c0       0x90 obj_cooja/mtype989.a(mac-sequence.o)
 .bss           0x000000000003b850        0x0 obj_cooja/mtype989.a(mac.o)
 .bss           0x000000000003b850        0x0 /usr/lib/gcc/i686-linux-gnu/4.8/crtendS.o
 .bss           0x000000000003b850        0x0 /usr/lib/gcc/i686-linux-gnu/4.8/../../../i386-linux-gnu/crtn.o
 *(COMMON)
 COMMON         0x000000000003b850       0x28 obj_cooja/mtype989.o
                0x000000000003b850                COOJA_radioRxLong
                0x000000000003b854                COOJA_radioTx
                0x000000000003b858                referenceVar
                0x000000000003b85c                COOJA_radioTxLong
                0x000000000003b860                COOJA_radioRx
                0x000000000003b864                debugfp
                0x000000000003b868                COOJA_radioOn
                0x000000000003b86c                COOJA_duration
                0x000000000003b870                COOJA_radioOnLong
                0x000000000003b874                sensors_flags
 COMMON         0x000000000003b878        0xc obj_cooja/mtype989.a(simEnvChange.o)
                0x000000000003b878                simEtimerPending
                0x000000000003b87c                simProcessRunValue
                0x000000000003b880                simNextExpirationTime
 COMMON         0x000000000003b884        0x1 obj_cooja/mtype989.a(beep.o)
                0x000000000003b884                simBeeped
 COMMON         0x000000000003b885        0x3 obj_cooja/mtype989.a(button-sensor.o)
                0x000000000003b885                simButtonIsActive
                0x000000000003b886                simButtonIsDown
                0x000000000003b887                simButtonChanged
 COMMON         0x000000000003b888        0x1 obj_cooja/mtype989.a(leds-arch.o)
                0x000000000003b888                simLedsValue
 *fill*         0x000000000003b889        0x3 
 COMMON         0x000000000003b88c        0xc obj_cooja/mtype989.a(moteid.o)
                0x000000000003b88c                simRandomSeed
                0x000000000003b890                simMoteIDChanged
                0x000000000003b894                simMoteID
 COMMON         0x000000000003b898        0x2 obj_cooja/mtype989.a(pir-sensor.o)
                0x000000000003b898                simPirIsActive
                0x000000000003b899                simPirChanged
 *fill*         0x000000000003b89a        0x6 
 COMMON         0x000000000003b8a0      0x820 obj_cooja/mtype989.a(rs232.o)
                0x000000000003b8a0                simSerialReceivingFlag
                0x000000000003b8a4                simSerialReceivingLength
                0x000000000003b8c0                simSerialReceivingData
 COMMON         0x000000000003c0c0        0x2 obj_cooja/mtype989.a(vib-sensor.o)
                0x000000000003c0c0                simVibChanged
                0x000000000003c0c1                simVibIsActive
 *fill*         0x000000000003c0c2        0x2 
 COMMON         0x000000000003c0c4        0x4 obj_cooja/mtype989.a(clock.o)
                0x000000000003c0c4                simCurrentTime
 *fill*         0x000000000003c0c8       0x18 
 COMMON         0x000000000003c0e0      0x420 obj_cooja/mtype989.a(log.o)
                0x000000000003c0e0                simLoggedLength
                0x000000000003c0e4                simLoggedFlag
                0x000000000003c100                simLoggedData
 COMMON         0x000000000003c500      0x240 obj_cooja/mtype989.a(cooja-radio.o)
                0x000000000003c500                my_weight
                0x000000000003c520                simOutDataBuffer
                0x000000000003c5a0                simInDataBufferLR
                0x000000000003c620                simOutDataBufferLR
                0x000000000003c6a0                my_sink_reachability
                0x000000000003c6c0                simInDataBuffer
 COMMON         0x000000000003c740      0x400 obj_cooja/mtype989.a(eeprom.o)
                0x000000000003c740                simEEPROMData
 COMMON         0x000000000003cb40        0x1 obj_cooja/mtype989.a(sensors.o)
                0x000000000003cb40                sensors_event
 *fill*         0x000000000003cb41        0x3 
 COMMON         0x000000000003cb44        0x4 obj_cooja/mtype989.a(log_message.o)
                0x000000000003cb44                log_fp
 COMMON         0x000000000003cb48        0x1 obj_cooja/mtype989.a(serial-line.o)
                0x000000000003cb48                serial_line_event_message
 *fill*         0x000000000003cb49       0x17 
 COMMON         0x000000000003cb60      0xbb8 obj_cooja/mtype989.a(uip-ds6-nbr.o)
                0x000000000003cb60                ds6_lr_addrmap
 *fill*         0x000000000003d718        0x8 
 COMMON         0x000000000003d720      0x298 obj_cooja/mtype989.a(uip-ds6.o)
                0x000000000003d720                uip_ds6_prefix_list
                0x000000000003d780                uip_ds6_timer_periodic
                0x000000000003d790                uip_ds6_netif_addr_list_offset
                0x000000000003d7a0                uip_ds6_if
                0x000000000003d898                uip_ds6_timer_ra
                0x000000000003d8a0                uip_ds6_addr_size
                0x000000000003d8c0                long_uip_ds6_if
 *fill*         0x000000000003d9b8        0x8 
 COMMON         0x000000000003d9c0      0x8ec obj_cooja/mtype989.a(uip6.o)
                0x000000000003d9c0                uip_slen
                0x000000000003d9c2                uip_acc32
                0x000000000003d9e0                uip_conns
                0x000000000003daa0                uip_lladdr
                0x000000000003daa8                uip_appdata
                0x000000000003daac                uip_flags
                0x000000000003dac0                uip_aligned_buf
                0x000000000003e100                uip_listenports
                0x000000000003e110                uip_len
                0x000000000003e112                uip_long_lladdr
                0x000000000003e11c                uip_sappdata
                0x000000000003e120                uip_udp_conns
                0x000000000003e2a0                uip_udp_conn
                0x000000000003e2a4                uip_next_hdr
                0x000000000003e2a8                uip_conn
 COMMON         0x000000000003e2ac        0x1 obj_cooja/mtype989.a(tcpip.o)
                0x000000000003e2ac                tcpip_event
 *fill*         0x000000000003e2ad       0x13 
 COMMON         0x000000000003e2c0      0x190 obj_cooja/mtype989.a(rpl-dag.o)
                0x000000000003e2c0                default_instance
                0x000000000003e2e0                instance_table
 COMMON         0x000000000003e450       0x10 obj_cooja/mtype989.a(linkaddr.o)
                0x000000000003e450                linkaddr_node_addr
                0x000000000003e458                long_linkaddr_node_addr
 COMMON         0x000000000003e460       0x2e obj_cooja/mtype989.a(packetbuf.o)
                0x000000000003e460                packetbuf_attrs
                0x000000000003e47e                packetbuf_addrs
 *fill*         0x000000000003e48e       0x12 
 COMMON         0x000000000003e4a0       0x48 obj_cooja/mtype989.a(rimestats.o)
                0x000000000003e4a0                rimestats
                0x000000000003e4e8                . = ALIGN ((. != 0x0)?0x4:0x1)
                0x000000000003e4e8                . = ALIGN (0x4)
                0x000000000003e4e8                . = SEGMENT_START ("ldata-segment", .)
                0x000000000003e4e8                . = ALIGN (0x4)
                0x000000000003e4e8                _end = .
                0x000000000003e4e8                PROVIDE (end, .)
                0x000000000003e4e8                . = DATA_SEGMENT_END (.)

.stab
 *(.stab)

.stabstr
 *(.stabstr)

.stab.excl
 *(.stab.excl)

.stab.exclstr
 *(.stab.exclstr)

.stab.index
 *(.stab.index)

.stab.indexstr
 *(.stab.indexstr)

.comment        0x0000000000000000       0x2b
 *(.comment)
 .comment       0x0000000000000000       0x2b /usr/lib/gcc/i686-linux-gnu/4.8/crtbeginS.o
                                         0x2c (size before relaxing)
 .comment       0x0000000000000000       0x2c log_test.co
 .comment       0x0000000000000000       0x2c obj_cooja/mtype989.o
 .comment       0x0000000000000000       0x2c obj_cooja/mtype989.a(simEnvChange.o)
 .comment       0x0000000000000000       0x2c obj_cooja/mtype989.a(cooja_mt.o)
 .comment       0x0000000000000000       0x2c obj_cooja/mtype989.a(cooja_mtarch.o)
 .comment       0x0000000000000000       0x2c obj_cooja/mtype989.a(rtimer-arch.o)
 .comment       0x0000000000000000       0x2c obj_cooja/mtype989.a(beep.o)
 .comment       0x0000000000000000       0x2c obj_cooja/mtype989.a(button-sensor.o)
 .comment       0x0000000000000000       0x2c obj_cooja/mtype989.a(leds-arch.o)
 .comment       0x0000000000000000       0x2c obj_cooja/mtype989.a(moteid.o)
 .comment       0x0000000000000000       0x2c obj_cooja/mtype989.a(pir-sensor.o)
 .comment       0x0000000000000000       0x2c obj_cooja/mtype989.a(rs232.o)
 .comment       0x0000000000000000       0x2c obj_cooja/mtype989.a(vib-sensor.o)
 .comment       0x0000000000000000       0x2c obj_cooja/mtype989.a(clock.o)
 .comment       0x0000000000000000       0x2c obj_cooja/mtype989.a(log.o)
 .comment       0x0000000000000000       0x2c obj_cooja/mtype989.a(cfs-cooja.o)
 .comment       0x0000000000000000       0x2c obj_cooja/mtype989.a(cooja-radio.o)
 .comment       0x0000000000000000       0x2c obj_cooja/mtype989.a(eeprom.o)
 .comment       0x0000000000000000       0x2c obj_cooja/mtype989.a(random.o)
 .comment       0x0000000000000000       0x2c obj_cooja/mtype989.a(sensors.o)
 .comment       0x0000000000000000       0x2c obj_cooja/mtype989.a(dual_conf.o)
 .comment       0x0000000000000000       0x2c obj_cooja/mtype989.a(autostart.o)
 .comment       0x0000000000000000       0x2c obj_cooja/mtype989.a(ctimer.o)
 .comment       0x0000000000000000       0x2c obj_cooja/mtype989.a(etimer.o)
 .comment       0x0000000000000000       0x2c obj_cooja/mtype989.a(log_message.o)
 .comment       0x0000000000000000       0x2c obj_cooja/mtype989.a(process.o)
 .comment       0x0000000000000000       0x2c obj_cooja/mtype989.a(residual.o)
 .comment       0x0000000000000000       0x2c obj_cooja/mtype989.a(rtimer.o)
 .comment       0x0000000000000000       0x2c obj_cooja/mtype989.a(timer.o)
 .comment       0x0000000000000000       0x2c obj_cooja/mtype989.a(serial-line.o)
 .comment       0x0000000000000000       0x2c obj_cooja/mtype989.a(list.o)
 .comment       0x0000000000000000       0x2c obj_cooja/mtype989.a(ringbuf.o)
 .comment       0x0000000000000000       0x2c obj_cooja/mtype989.a(sicslowpan.o)
 .comment       0x0000000000000000       0x2c obj_cooja/mtype989.a(uip-ds6-nbr.o)
 .comment       0x0000000000000000       0x2c obj_cooja/mtype989.a(uip-ds6.o)
 .comment       0x0000000000000000       0x2c obj_cooja/mtype989.a(uip6.o)
 .comment       0x0000000000000000       0x2c obj_cooja/mtype989.a(tcpip.o)
 .comment       0x0000000000000000       0x2c obj_cooja/mtype989.a(uip-debug.o)
 .comment       0x0000000000000000       0x2c obj_cooja/mtype989.a(uip-packetqueue)
 .comment       0x0000000000000000       0x2c obj_cooja/mtype989.a(rpl-dag.o)
 .comment       0x0000000000000000       0x2c obj_cooja/mtype989.a(rpl-ext-header.)
 .comment       0x0000000000000000       0x2c obj_cooja/mtype989.a(rpl-icmp6.o)
 .comment       0x0000000000000000       0x2c obj_cooja/mtype989.a(rpl-ltmax-of.o)
 .comment       0x0000000000000000       0x2c obj_cooja/mtype989.a(rpl-timers.o)
 .comment       0x0000000000000000       0x2c obj_cooja/mtype989.a(rpl.o)
 .comment       0x0000000000000000       0x2c obj_cooja/mtype989.a(framer-802154.o)
 .comment       0x0000000000000000       0x2c obj_cooja/mtype989.a(nullmac.o)
 .comment       0x0000000000000000       0x2c obj_cooja/mtype989.a(nullrdc.o)
 .comment       0x0000000000000000       0x2c obj_cooja/mtype989.a(linkaddr.o)
 .comment       0x0000000000000000       0x2c obj_cooja/mtype989.a(nbr-table.o)
 .comment       0x0000000000000000       0x2c obj_cooja/mtype989.a(netstack.o)
 .comment       0x0000000000000000       0x2c obj_cooja/mtype989.a(packetbuf.o)
 .comment       0x0000000000000000       0x2c obj_cooja/mtype989.a(queuebuf.o)
 .comment       0x0000000000000000       0x2c obj_cooja/mtype989.a(nullsec.o)
 .comment       0x0000000000000000       0x2c obj_cooja/mtype989.a(watchdog.o)
 .comment       0x0000000000000000       0x2c obj_cooja/mtype989.a(rimestats.o)
 .comment       0x0000000000000000       0x2c obj_cooja/mtype989.a(stimer.o)
 .comment       0x0000000000000000       0x2c obj_cooja/mtype989.a(memb.o)
 .comment       0x0000000000000000       0x2c obj_cooja/mtype989.a(uip-ds6-route.o)
 .comment       0x0000000000000000       0x2c obj_cooja/mtype989.a(uip-icmp6.o)
 .comment       0x0000000000000000       0x2c obj_cooja/mtype989.a(uip-nd6.o)
 .comment       0x0000000000000000       0x2c obj_cooja/mtype989.a(rpl-nbr-policy.)
 .comment       0x0000000000000000       0x2c obj_cooja/mtype989.a(frame802154.o)
 .comment       0x0000000000000000       0x2c obj_cooja/mtype989.a(mac-sequence.o)
 .comment       0x0000000000000000       0x2c obj_cooja/mtype989.a(mac.o)
 .comment       0x0000000000000000       0x2c /usr/lib/gcc/i686-linux-gnu/4.8/crtendS.o

.debug
 *(.debug)

.line
 *(.line)

.debug_srcinfo
 *(.debug_srcinfo)

.debug_sfnames
 *(.debug_sfnames)

.debug_aranges  0x0000000000000000      0x818
 *(.debug_aranges)
 .debug_aranges
                0x0000000000000000       0x20 log_test.co
 .debug_aranges
                0x0000000000000020       0x20 obj_cooja/mtype989.o
 .debug_aranges
                0x0000000000000040       0x20 obj_cooja/mtype989.a(simEnvChange.o)
 .debug_aranges
                0x0000000000000060       0x20 obj_cooja/mtype989.a(cooja_mt.o)
 .debug_aranges
                0x0000000000000080       0x20 obj_cooja/mtype989.a(cooja_mtarch.o)
 .debug_aranges
                0x00000000000000a0       0x20 obj_cooja/mtype989.a(rtimer-arch.o)
 .debug_aranges
                0x00000000000000c0       0x20 obj_cooja/mtype989.a(beep.o)
 .debug_aranges
                0x00000000000000e0       0x20 obj_cooja/mtype989.a(button-sensor.o)
 .debug_aranges
                0x0000000000000100       0x20 obj_cooja/mtype989.a(leds-arch.o)
 .debug_aranges
                0x0000000000000120       0x20 obj_cooja/mtype989.a(moteid.o)
 .debug_aranges
                0x0000000000000140       0x20 obj_cooja/mtype989.a(pir-sensor.o)
 .debug_aranges
                0x0000000000000160       0x20 obj_cooja/mtype989.a(rs232.o)
 .debug_aranges
                0x0000000000000180       0x20 obj_cooja/mtype989.a(vib-sensor.o)
 .debug_aranges
                0x00000000000001a0       0x20 obj_cooja/mtype989.a(clock.o)
 .debug_aranges
                0x00000000000001c0       0x20 obj_cooja/mtype989.a(log.o)
 .debug_aranges
                0x00000000000001e0       0x20 obj_cooja/mtype989.a(cfs-cooja.o)
 .debug_aranges
                0x0000000000000200       0x20 obj_cooja/mtype989.a(cooja-radio.o)
 .debug_aranges
                0x0000000000000220       0x20 obj_cooja/mtype989.a(eeprom.o)
 .debug_aranges
                0x0000000000000240       0x20 obj_cooja/mtype989.a(random.o)
 .debug_aranges
                0x0000000000000260       0x20 obj_cooja/mtype989.a(sensors.o)
 .debug_aranges
                0x0000000000000280       0x20 obj_cooja/mtype989.a(dual_conf.o)
 .debug_aranges
                0x00000000000002a0       0x20 obj_cooja/mtype989.a(autostart.o)
 .debug_aranges
                0x00000000000002c0       0x20 obj_cooja/mtype989.a(ctimer.o)
 .debug_aranges
                0x00000000000002e0       0x20 obj_cooja/mtype989.a(etimer.o)
 .debug_aranges
                0x0000000000000300       0x20 obj_cooja/mtype989.a(log_message.o)
 .debug_aranges
                0x0000000000000320       0x20 obj_cooja/mtype989.a(process.o)
 .debug_aranges
                0x0000000000000340       0x20 obj_cooja/mtype989.a(residual.o)
 .debug_aranges
                0x0000000000000360       0x20 obj_cooja/mtype989.a(rtimer.o)
 .debug_aranges
                0x0000000000000380       0x20 obj_cooja/mtype989.a(timer.o)
 .debug_aranges
                0x00000000000003a0       0x20 obj_cooja/mtype989.a(serial-line.o)
 .debug_aranges
                0x00000000000003c0       0x20 obj_cooja/mtype989.a(list.o)
 .debug_aranges
                0x00000000000003e0       0x20 obj_cooja/mtype989.a(ringbuf.o)
 .debug_aranges
                0x0000000000000400       0x20 obj_cooja/mtype989.a(sicslowpan.o)
 .debug_aranges
                0x0000000000000420       0x20 obj_cooja/mtype989.a(uip-ds6-nbr.o)
 .debug_aranges
                0x0000000000000440       0x20 obj_cooja/mtype989.a(uip-ds6.o)
 .debug_aranges
                0x0000000000000460       0x20 obj_cooja/mtype989.a(uip6.o)
 .debug_aranges
                0x0000000000000480       0x20 obj_cooja/mtype989.a(tcpip.o)
 .debug_aranges
                0x00000000000004a0       0x20 obj_cooja/mtype989.a(uip-debug.o)
 .debug_aranges
                0x00000000000004c0       0x20 obj_cooja/mtype989.a(uip-packetqueue)
 .debug_aranges
                0x00000000000004e0       0x20 obj_cooja/mtype989.a(rpl-dag.o)
 .debug_aranges
                0x0000000000000500       0x20 obj_cooja/mtype989.a(rpl-ext-header.)
 .debug_aranges
                0x0000000000000520       0x20 obj_cooja/mtype989.a(rpl-icmp6.o)
 .debug_aranges
                0x0000000000000540       0x20 obj_cooja/mtype989.a(rpl-ltmax-of.o)
 .debug_aranges
                0x0000000000000560       0x20 obj_cooja/mtype989.a(rpl-timers.o)
 .debug_aranges
                0x0000000000000580       0x20 obj_cooja/mtype989.a(rpl.o)
 .debug_aranges
                0x00000000000005a0       0x20 obj_cooja/mtype989.a(framer-802154.o)
 .debug_aranges
                0x00000000000005c0       0x20 obj_cooja/mtype989.a(nullmac.o)
 .debug_aranges
                0x00000000000005e0       0x20 obj_cooja/mtype989.a(nullrdc.o)
 .debug_aranges
                0x0000000000000600       0x20 obj_cooja/mtype989.a(linkaddr.o)
 .debug_aranges
                0x0000000000000620       0x20 obj_cooja/mtype989.a(nbr-table.o)
 .debug_aranges
                0x0000000000000640       0x20 obj_cooja/mtype989.a(netstack.o)
 .debug_aranges
                0x0000000000000660       0x20 obj_cooja/mtype989.a(packetbuf.o)
 .debug_aranges
                0x0000000000000680       0x20 obj_cooja/mtype989.a(queuebuf.o)
 .debug_aranges
                0x00000000000006a0       0x20 obj_cooja/mtype989.a(nullsec.o)
 .debug_aranges
                0x00000000000006c0       0x20 obj_cooja/mtype989.a(watchdog.o)
 .debug_aranges
                0x00000000000006e0       0x18 obj_cooja/mtype989.a(rimestats.o)
 .debug_aranges
                0x00000000000006f8       0x20 obj_cooja/mtype989.a(stimer.o)
 .debug_aranges
                0x0000000000000718       0x20 obj_cooja/mtype989.a(memb.o)
 .debug_aranges
                0x0000000000000738       0x20 obj_cooja/mtype989.a(uip-ds6-route.o)
 .debug_aranges
                0x0000000000000758       0x20 obj_cooja/mtype989.a(uip-icmp6.o)
 .debug_aranges
                0x0000000000000778       0x20 obj_cooja/mtype989.a(uip-nd6.o)
 .debug_aranges
                0x0000000000000798       0x20 obj_cooja/mtype989.a(rpl-nbr-policy.)
 .debug_aranges
                0x00000000000007b8       0x20 obj_cooja/mtype989.a(frame802154.o)
 .debug_aranges
                0x00000000000007d8       0x20 obj_cooja/mtype989.a(mac-sequence.o)
 .debug_aranges
                0x00000000000007f8       0x20 obj_cooja/mtype989.a(mac.o)

.debug_pubnames
 *(.debug_pubnames)

.debug_info     0x0000000000000000    0x1ba45
 *(.debug_info .gnu.linkonce.wi.*)
 .debug_info    0x0000000000000000      0x1d7 log_test.co
 .debug_info    0x00000000000001d7     0x3a36 obj_cooja/mtype989.o
 .debug_info    0x0000000000003c0d      0x15a obj_cooja/mtype989.a(simEnvChange.o)
 .debug_info    0x0000000000003d67      0x1e2 obj_cooja/mtype989.a(cooja_mt.o)
 .debug_info    0x0000000000003f49      0x2e7 obj_cooja/mtype989.a(cooja_mtarch.o)
 .debug_info    0x0000000000004230      0x16b obj_cooja/mtype989.a(rtimer-arch.o)
 .debug_info    0x000000000000439b      0x1f3 obj_cooja/mtype989.a(beep.o)
 .debug_info    0x000000000000458e      0x257 obj_cooja/mtype989.a(button-sensor.o)
 .debug_info    0x00000000000047e5      0x132 obj_cooja/mtype989.a(leds-arch.o)
 .debug_info    0x0000000000004917      0x10a obj_cooja/mtype989.a(moteid.o)
 .debug_info    0x0000000000004a21      0x216 obj_cooja/mtype989.a(pir-sensor.o)
 .debug_info    0x0000000000004c37      0x21e obj_cooja/mtype989.a(rs232.o)
 .debug_info    0x0000000000004e55      0x216 obj_cooja/mtype989.a(vib-sensor.o)
 .debug_info    0x000000000000506b      0x152 obj_cooja/mtype989.a(clock.o)
 .debug_info    0x00000000000051bd      0x2bb obj_cooja/mtype989.a(log.o)
 .debug_info    0x0000000000005478      0x3cf obj_cooja/mtype989.a(cfs-cooja.o)
 .debug_info    0x0000000000005847      0xcda obj_cooja/mtype989.a(cooja-radio.o)
 .debug_info    0x0000000000006521      0x1d5 obj_cooja/mtype989.a(eeprom.o)
 .debug_info    0x00000000000066f6       0xb3 obj_cooja/mtype989.a(random.o)
 .debug_info    0x00000000000067a9      0x36d obj_cooja/mtype989.a(sensors.o)
 .debug_info    0x0000000000006b16      0xa9c obj_cooja/mtype989.a(dual_conf.o)
 .debug_info    0x00000000000075b2      0x1a5 obj_cooja/mtype989.a(autostart.o)
 .debug_info    0x0000000000007757      0x46c obj_cooja/mtype989.a(ctimer.o)
 .debug_info    0x0000000000007bc3      0x49c obj_cooja/mtype989.a(etimer.o)
 .debug_info    0x000000000000805f      0x339 obj_cooja/mtype989.a(log_message.o)
 .debug_info    0x0000000000008398      0x4ba obj_cooja/mtype989.a(process.o)
 .debug_info    0x0000000000008852      0x164 obj_cooja/mtype989.a(residual.o)
 .debug_info    0x00000000000089b6      0x1ab obj_cooja/mtype989.a(rtimer.o)
 .debug_info    0x0000000000008b61      0x16c obj_cooja/mtype989.a(timer.o)
 .debug_info    0x0000000000008ccd      0x2de obj_cooja/mtype989.a(serial-line.o)
 .debug_info    0x0000000000008fab      0x2ed obj_cooja/mtype989.a(list.o)
 .debug_info    0x0000000000009298      0x1aa obj_cooja/mtype989.a(ringbuf.o)
 .debug_info    0x0000000000009442     0x105e obj_cooja/mtype989.a(sicslowpan.o)
 .debug_info    0x000000000000a4a0      0x8c9 obj_cooja/mtype989.a(uip-ds6-nbr.o)
 .debug_info    0x000000000000ad69      0xc3b obj_cooja/mtype989.a(uip-ds6.o)
 .debug_info    0x000000000000b9a4      0xec2 obj_cooja/mtype989.a(uip6.o)
 .debug_info    0x000000000000c866     0x150f obj_cooja/mtype989.a(tcpip.o)