Archive member included to satisfy reference by file (symbol)

obj_cooja/mtype146.a(simEnvChange.o)
                              obj_cooja/mtype146.o (simDontFallAsleep)
obj_cooja/mtype146.a(cooja_mt.o)
                              obj_cooja/mtype146.o (cooja_mt_start)
obj_cooja/mtype146.a(cooja_mtarch.o)
                              obj_cooja/mtype146.a(cooja_mt.o) (cooja_mtarch_init)
obj_cooja/mtype146.a(rtimer-arch.o)
                              obj_cooja/mtype146.o (rtimer_arch_next)
obj_cooja/mtype146.a(beep.o)  obj_cooja/mtype146.o (beep_interface)
obj_cooja/mtype146.a(button-sensor.o)
                              obj_cooja/mtype146.o (button_interface)
obj_cooja/mtype146.a(leds-arch.o)
                              obj_cooja/mtype146.o (leds_interface)
obj_cooja/mtype146.a(moteid.o)
                              obj_cooja/mtype146.o (moteid_interface)
obj_cooja/mtype146.a(pir-sensor.o)
                              obj_cooja/mtype146.o (pir_interface)
obj_cooja/mtype146.a(rs232.o)
                              obj_cooja/mtype146.o (rs232_interface)
obj_cooja/mtype146.a(vib-sensor.o)
                              obj_cooja/mtype146.o (vib_interface)
obj_cooja/mtype146.a(clock.o)
                              obj_cooja/mtype146.o (clock_interface)
obj_cooja/mtype146.a(log.o)   obj_cooja/mtype146.o (simlog_interface)
obj_cooja/mtype146.a(cfs-cooja.o)
                              obj_cooja/mtype146.o (cfs_interface)
obj_cooja/mtype146.a(cooja-radio.o)
                              obj_cooja/mtype146.o (radio_interface)
obj_cooja/mtype146.a(eeprom.o)
                              obj_cooja/mtype146.o (eeprom_interface)
obj_cooja/mtype146.a(random.o)
                              obj_cooja/mtype146.a(moteid.o) (random_init)
obj_cooja/mtype146.a(sensors.o)
                              obj_cooja/mtype146.o (sensors_process)
obj_cooja/mtype146.a(dual_conf.o)
                              obj_cooja/mtype146.a(cooja-radio.o) (long_range_radio)
obj_cooja/mtype146.a(autostart.o)
                              obj_cooja/mtype146.o (autostart_start)
obj_cooja/mtype146.a(ctimer.o)
                              obj_cooja/mtype146.o (ctimer_init)
obj_cooja/mtype146.a(etimer.o)
                              obj_cooja/mtype146.o (etimer_process)
obj_cooja/mtype146.a(log_message.o)
                              log_test.co (log_initialization)
obj_cooja/mtype146.a(process.o)
                              obj_cooja/mtype146.a(ctimer.o) (process_current)
obj_cooja/mtype146.a(rtimer.o)
                              obj_cooja/mtype146.a(rtimer-arch.o) (rtimer_run_next)
obj_cooja/mtype146.a(timer.o)
                              obj_cooja/mtype146.a(button-sensor.o) (timer_set)
obj_cooja/mtype146.a(serial-line.o)
                              obj_cooja/mtype146.a(rs232.o) (serial_line_input_byte)
obj_cooja/mtype146.a(list.o)  obj_cooja/mtype146.a(ctimer.o) (list_init)
obj_cooja/mtype146.a(ringbuf.o)
                              obj_cooja/mtype146.a(serial-line.o) (ringbuf_init)
obj_cooja/mtype146.a(sicslowpan.o)
                              obj_cooja/mtype146.o (sicslowpan_driver)
obj_cooja/mtype146.a(uip-ds6-nbr.o)
                              obj_cooja/mtype146.a(sicslowpan.o) (uip_ds6_link_neighbor_callback)
obj_cooja/mtype146.a(uip-ds6.o)
                              obj_cooja/mtype146.o (uip_ds6_set_addr_iid)
obj_cooja/mtype146.a(uip6.o)  obj_cooja/mtype146.o (uip_lladdr)
obj_cooja/mtype146.a(tcpip.o)
                              obj_cooja/mtype146.a(sicslowpan.o) (tcpip_set_outputfunc)
obj_cooja/mtype146.a(uip-packetqueue)
                              obj_cooja/mtype146.a(uip-ds6-nbr.o) (uip_packetqueue_new)
obj_cooja/mtype146.a(rpl-dag.o)
                              obj_cooja/mtype146.a(tcpip.o) (rpl_repair_root)
obj_cooja/mtype146.a(rpl-ext-header.)
                              obj_cooja/mtype146.a(uip6.o) (rpl_verify_header)
obj_cooja/mtype146.a(rpl-icmp6.o)
                              obj_cooja/mtype146.a(rpl-dag.o) (rpl_icmp6_update_nbr_table)
obj_cooja/mtype146.a(rpl-ltmax-of.o)
                              obj_cooja/mtype146.a(rpl-dag.o) (rpl_ltmax_of)
obj_cooja/mtype146.a(rpl-timers.o)
                              obj_cooja/mtype146.a(rpl-dag.o) (rpl_reset_dio_timer)
obj_cooja/mtype146.a(rpl.o)   obj_cooja/mtype146.a(rpl-icmp6.o) (rpl_get_mode)
obj_cooja/mtype146.a(framer-802154.o)
                              obj_cooja/mtype146.a(sicslowpan.o) (framer_802154)
obj_cooja/mtype146.a(nullmac.o)
                              obj_cooja/mtype146.o (nullmac_driver)
obj_cooja/mtype146.a(nullrdc.o)
                              obj_cooja/mtype146.o (nullrdc_driver)
obj_cooja/mtype146.a(linkaddr.o)
                              obj_cooja/mtype146.o (linkaddr_node_addr)
obj_cooja/mtype146.a(nbr-table.o)
                              obj_cooja/mtype146.a(uip-ds6-nbr.o) (lladdr_map_add_lr)
obj_cooja/mtype146.a(netstack.o)
                              obj_cooja/mtype146.o (netstack_init)
[...]
Memory Configuration

Name             Origin             Length             Attributes
*default*        0x0000000000000000 0xffffffffffffffff

Linker script and memory map

LOAD /usr/lib/gcc/i686-linux-gnu/4.8/../../../i386-linux-gnu/crti.o
LOAD /usr/lib/gcc/i686-linux-gnu/4.8/crtbeginS.o
LOAD log_test.co
LOAD obj_cooja/mtype146.o
LOAD obj_cooja/mtype146.a
LOAD /usr/lib/gcc/i686-linux-gnu/4.8/libgcc.a
LOAD /usr/lib/gcc/i686-linux-gnu/4.8/libgcc_s.so
LOAD /usr/lib/gcc/i686-linux-gnu/4.8/../../../i386-linux-gnu/libc.so
START GROUP
LOAD /lib/i386-linux-gnu/libc.so.6
LOAD /usr/lib/i386-linux-gnu/libc_nonshared.a
LOAD /lib/i386-linux-gnu/ld-linux.so.2
END GROUP
LOAD /usr/lib/gcc/i686-linux-gnu/4.8/libgcc.a
LOAD /usr/lib/gcc/i686-linux-gnu/4.8/libgcc_s.so
LOAD /usr/lib/gcc/i686-linux-gnu/4.8/crtendS.o
LOAD /usr/lib/gcc/i686-linux-gnu/4.8/../../../i386-linux-gnu/crtn.o
                0x0000000000000114                . = (0x0 + SIZEOF_HEADERS)

.note.gnu.build-id
                0x0000000000000114       0x24
 *(.note.gnu.build-id)
 .note.gnu.build-id
                0x0000000000000114       0x24 /usr/lib/gcc/i686-linux-gnu/4.8/../../../i386-linux-gnu/crti.o

.hash
 *(.hash)

.gnu.hash       0x0000000000000138     0x130c
 *(.gnu.hash)
 .gnu.hash      0x0000000000000138     0x130c /usr/lib/gcc/i686-linux-gnu/4.8/../../../i386-linux-gnu/crti.o

.dynsym         0x0000000000001444     0x2480
 *(.dynsym)
 .dynsym        0x0000000000001444     0x2480 /usr/lib/gcc/i686-linux-gnu/4.8/../../../i386-linux-gnu/crti.o

.dynstr         0x00000000000038c4     0x25c5
 *(.dynstr)
 .dynstr        0x00000000000038c4     0x25c5 /usr/lib/gcc/i686-linux-gnu/4.8/../../../i386-linux-gnu/crti.o

.gnu.version    0x0000000000005e8a      0x490
 *(.gnu.version)
 .gnu.version   0x0000000000005e8a      0x490 /usr/lib/gcc/i686-linux-gnu/4.8/../../../i386-linux-gnu/crti.o

.gnu.version_d  0x000000000000631c        0x0
 *(.gnu.version_d)
 .gnu.version_d
                0x0000000000000000        0x0 /usr/lib/gcc/i686-linux-gnu/4.8/../../../i386-linux-gnu/crti.o

.gnu.version_r  0x000000000000631c       0x50
 *(.gnu.version_r)
 .gnu.version_r
                0x000000000000631c       0x50 /usr/lib/gcc/i686-linux-gnu/4.8/../../../i386-linux-gnu/crti.o

.rel.dyn        0x000000000000636c     0x8a90
 *(.rel.init)
 .rel.init      0x0000000000000000        0x0 /usr/lib/gcc/i686-linux-gnu/4.8/../../../i386-linux-gnu/crti.o
 *(.rel.text .rel.text.* .rel.gnu.linkonce.t.*)
 .rel.text      0x000000000000636c     0x8300 /usr/lib/gcc/i686-linux-gnu/4.8/../../../i386-linux-gnu/crti.o
 *(.rel.fini)
 .rel.fini      0x0000000000000000        0x0 /usr/lib/gcc/i686-linux-gnu/4.8/../../../i386-linux-gnu/crti.o
 *(.rel.rodata .rel.rodata.* .rel.gnu.linkonce.r.*)
 .rel.rodata    0x000000000000e66c      0x4e0 /usr/lib/gcc/i686-linux-gnu/4.8/../../../i386-linux-gnu/crti.o
 *(.rel.data.rel.ro .rel.data.rel.ro.* .rel.gnu.linkonce.d.rel.ro.*)
 *(.rel.data .rel.data.* .rel.gnu.linkonce.d.*)
 .rel.data.rel  0x000000000000eb4c        0x8 /usr/lib/gcc/i686-linux-gnu/4.8/../../../i386-linux-gnu/crti.o
 .rel.data      0x000000000000eb54      0x270 /usr/lib/gcc/i686-linux-gnu/4.8/../../../i386-linux-gnu/crti.o
 *(.rel.tdata .rel.tdata.* .rel.gnu.linkonce.td.*)
 *(.rel.tbss .rel.tbss.* .rel.gnu.linkonce.tb.*)
 *(.rel.ctors)
 *(.rel.dtors)
 *(.rel.got)
 .rel.got       0x000000000000edc4       0x28 /usr/lib/gcc/i686-linux-gnu/4.8/../../../i386-linux-gnu/crti.o
 *(.rel.bss .rel.bss.* .rel.gnu.linkonce.b.*)
 *(.rel.ifunc)
 .rel.ifunc     0x0000000000000000        0x0 /usr/lib/gcc/i686-linux-gnu/4.8/../../../i386-linux-gnu/crti.o
 .rel.fini_array
                0x000000000000edec        0x8 /usr/lib/gcc/i686-linux-gnu/4.8/../../../i386-linux-gnu/crti.o
 .rel.init_array
                0x000000000000edf4        0x8 /usr/lib/gcc/i686-linux-gnu/4.8/../../../i386-linux-gnu/crti.o

.rel.plt        0x000000000000edfc       0x10
 *(.rel.plt)
 .rel.plt       0x000000000000edfc       0x10 /usr/lib/gcc/i686-linux-gnu/4.8/../../../i386-linux-gnu/crti.o
 *(.rel.iplt)

.init           0x000000000000ee0c       0x23
 *(SORT(.init))
 .init          0x000000000000ee0c       0x1e /usr/lib/gcc/i686-linux-gnu/4.8/../../../i386-linux-gnu/crti.o
                0x000000000000ee0c                _init
 .init          0x000000000000ee2a        0x5 /usr/lib/gcc/i686-linux-gnu/4.8/../../../i386-linux-gnu/crtn.o

.plt            0x000000000000ee30       0x30
 *(.plt)
 .plt           0x000000000000ee30       0x30 /usr/lib/gcc/i686-linux-gnu/4.8/../../../i386-linux-gnu/crti.o
 *(.iplt)

.text           0x000000000000ee60    0x15994
 *(.text.unlikely .text.*_unlikely .text.unlikely.*)
 *(.text.exit .text.exit.*)
 *(.text.startup .text.startup.*)
 *(.text.hot .text.hot.*)
 *(.text .stub .text.* .gnu.linkonce.t.*)
 .text          0x000000000000ee60        0x0 /usr/lib/gcc/i686-linux-gnu/4.8/../../../i386-linux-gnu/crti.o
 .gnu.linkonce.t.__x86.get_pc_thunk.bx
                0x000000000000ee60        0x4 /usr/lib/gcc/i686-linux-gnu/4.8/../../../i386-linux-gnu/crti.o
                0x000000000000ee60                __x86.get_pc_thunk.bx
 *fill*         0x000000000000ee64        0xc 
 .text          0x000000000000ee70      0x11b /usr/lib/gcc/i686-linux-gnu/4.8/crtbeginS.o
 .text          0x000000000000ef8b       0x3a log_test.co
 .text          0x000000000000efc5      0x944 obj_cooja/mtype146.o
                0x000000000000f173                contiki_init
                0x000000000000f720                Java_org_contikios_cooja_corecomm_Lib1_init
                0x000000000000f760                Java_org_contikios_cooja_corecomm_Lib1_getMemory
                0x000000000000f7a0                Java_org_contikios_cooja_corecomm_Lib1_setMemory
                0x000000000000f817                Java_org_contikios_cooja_corecomm_Lib1_tick
                0x000000000000f8f7                Java_org_contikios_cooja_corecomm_Lib1_setReferenceAddress
 .text          0x000000000000f909       0x63 obj_cooja/mtype146.a(simEnvChange.o)
                0x000000000000f909                doActionsBeforeTick
                0x000000000000f93a                doActionsAfterTick
 .text          0x000000000000f96c       0xbc obj_cooja/mtype146.a(cooja_mt.o)
                0x000000000000f96c                cooja_mt_init
                0x000000000000f979                cooja_mt_remove
                0x000000000000f986                cooja_mt_start
                0x000000000000f9b3                cooja_mt_exec
                0x000000000000f9e4                cooja_mt_exit
                0x000000000000fa06                cooja_mt_yield
 .text          0x000000000000fa28      0x115 obj_cooja/mtype146.a(cooja_mtarch.o)
                0x000000000000fa28                cooja_mtarch_init
                0x000000000000fa2d                cooja_mtarch_start
                0x000000000000faa8                cooja_sw
                0x000000000000faca                cooja_mtarch_exec
                0x000000000000fae6                cooja_mtarch_remove
                0x000000000000faeb                cooja_mtarch_yield
                0x000000000000faf5                cooja_mtarch_pstop
                0x000000000000fafa                cooja_mtarch_pstart
                0x000000000000faff                cooja_mtarch_stack_usage
 .text          0x000000000000fb3d       0xc2 obj_cooja/mtype146.a(rtimer-arch.o)
                0x000000000000fb3d                rtimer_arch_init
                0x000000000000fb60                rtimer_arch_schedule
                0x000000000000fb77                rtimer_arch_next
                0x000000000000fb81                rtimer_arch_pending
                0x000000000000fb8b                rtimer_arch_check
                0x000000000000fbbd                rtimer_arch_now
 .text          0x000000000000fbff       0x76 obj_cooja/mtype146.a(beep.o)
                0x000000000000fbff                beep_alarm
                0x000000000000fc0b                beep_beep
                0x000000000000fc17                beep
                0x000000000000fc23                beep_down
                0x000000000000fc2f                beep_on
                0x000000000000fc3b                beep_off
                0x000000000000fc47                beep_spinup
                0x000000000000fc53                beep_quick
                0x000000000000fc5f                beep_long
 .text          0x000000000000fc75      0x103 obj_cooja/mtype146.a(button-sensor.o)
 .text          0x000000000000fd78       0x45 obj_cooja/mtype146.a(leds-arch.o)
                0x000000000000fd78                leds_arch_init
                0x000000000000fd84                leds_arch_get
                0x000000000000fd90                leds_arch_set
 .text          0x000000000000fdbd       0x2f obj_cooja/mtype146.a(moteid.o)
 .text          0x000000000000fdec       0xb1 obj_cooja/mtype146.a(pir-sensor.o)
 .text          0x000000000000fe9d      0x131 obj_cooja/mtype146.a(rs232.o)
                0x000000000000fe9d                rs232_init
                0x000000000000fea2                rs232_set_speed
                0x000000000000feb0                rs232_set_input
                0x000000000000febd                rs232_send
                0x000000000000fedf                rs232_print
                0x000000000000fefa                slip_arch_writeb
 .text          0x000000000000ffce       0xb1 obj_cooja/mtype146.a(vib-sensor.o)
 .text          0x000000000001007f       0x34 obj_cooja/mtype146.a(clock.o)
                0x000000000001007f                clock_init
                0x0000000000010084                clock_time
                0x000000000001008e                clock_seconds
                0x00000000000100a4                clock_delay
 .text          0x00000000000100b3      0x1ed obj_cooja/mtype146.a(log.o)
                0x00000000000100b3                simlog_char
                0x00000000000100f5                simlog
                0x0000000000010162                log_message
                0x000000000001018a                log_set_putchar_with_slip
                0x0000000000010197                log_putchar
                0x000000000001021b                log_puts
                0x000000000001023f                log_printf
 .text          0x00000000000102a0      0x2c4 obj_cooja/mtype146.a(cfs-cooja.o)
                0x00000000000102a0                cfs_open
                0x0000000000010309                cfs_close
                0x0000000000010315                cfs_read
                0x00000000000103b3                cfs_write
                0x0000000000010490                cfs_seek
                0x0000000000010518                cfs_remove
                0x0000000000010541                cfs_opendir
                0x000000000001054b                cfs_readdir
                0x0000000000010555                cfs_closedir
 .text          0x0000000000010564      0x5b3 obj_cooja/mtype146.a(cooja-radio.o)
                0x000000000001058e                radio_set_channel
                0x00000000000105a3                radio_set_txpower
                0x00000000000105c3                radio_signal_strength_last
                0x00000000000105cd                radio_signal_strength_current
                0x00000000000105d7                radio_LQI
 .text          0x0000000000010b17       0xef obj_cooja/mtype146.a(eeprom.o)
                0x0000000000010b17                eeprom_init
                0x0000000000010b1c                eeprom_read
                0x0000000000010b8c                eeprom_write
 .text          0x0000000000010c06       0x28 obj_cooja/mtype146.a(random.o)
                0x0000000000010c06                random_init
                0x0000000000010c21                random_rand
 .text          0x0000000000010c2e      0x2a1 obj_cooja/mtype146.a(sensors.o)
                0x0000000000010c69                sensors_first
                0x0000000000010c73                sensors_next
                0x0000000000010c90                sensors_changed
                0x0000000000010cbf                sensors_find
 .text          0x0000000000010ecf      0x3c2 obj_cooja/mtype146.a(dual_conf.o)
                0x0000000000010ecf                dual_radio_switch
                0x0000000000010f0f                dual_radio_change
                0x0000000000010f49                sending_in_LR
                0x0000000000010f74                dual_radio_received
                0x0000000000010fc7                radio_received_is_longrange
                0x000000000001121e                dio_broadcast
                0x0000000000011247                dis_broadcast
                0x0000000000011268                dio_ack_broadcast
 .text          0x0000000000011291       0x8e obj_cooja/mtype146.a(autostart.o)
                0x0000000000011291                autostart_start
                0x00000000000112dc                autostart_exit
 .text          0x000000000001131f      0x334 obj_cooja/mtype146.a(ctimer.o)
                0x0000000000011436                ctimer_init
                0x0000000000011466                ctimer_set
                0x0000000000011497                ctimer_set_with_process
                0x0000000000011513                ctimer_reset
                0x0000000000011562                ctimer_restart
                0x00000000000115b1                ctimer_stop
                0x00000000000115fc                ctimer_expired
 .text          0x0000000000011653      0x40b obj_cooja/mtype146.a(etimer.o)
                0x0000000000011866                etimer_request_poll
                0x00000000000118ea                etimer_set
                0x000000000001190f                etimer_reset_with_new_interval
                0x0000000000011936                etimer_reset
                0x0000000000011954                etimer_restart
                0x0000000000011972                etimer_adjust
                0x000000000001198e                etimer_expired
                0x00000000000119a1                etimer_expiration_time
                0x00000000000119b3                etimer_start_time
                0x00000000000119bd                etimer_pending
                0x00000000000119cf                etimer_next_expiration_time
                0x00000000000119e9                etimer_stop
 .text          0x0000000000011a5e       0x4e obj_cooja/mtype146.a(log_message.o)
                0x0000000000011a5e                log_initialization
                0x0000000000011a8b                log_finisher
 .text          0x0000000000011aac      0x560 obj_cooja/mtype146.a(process.o)
                0x0000000000011aac                process_alloc_event
                0x0000000000011ac1                process_start
                0x0000000000011caa                process_exit
                0x0000000000011cc6                process_init
                0x0000000000011e97                process_run
                0x0000000000011eca                process_nevents
                0x0000000000011ee5                process_post
                0x0000000000011f91                process_post_synch
                0x0000000000011fc9                process_poll
                0x0000000000011ff8                process_is_running
 .text          0x000000000001200c       0xba obj_cooja/mtype146.a(rtimer.o)
                0x000000000001200c                rtimer_init
                0x0000000000012019                rtimer_set
                0x0000000000012070                rtimer_run_next
 .text          0x00000000000120c6       0x91 obj_cooja/mtype146.a(timer.o)
                0x00000000000120c6                timer_set
                0x00000000000120e1                timer_reset
                0x00000000000120f8                timer_restart
                0x000000000001210a                timer_expired
                0x0000000000012133                timer_remaining
 .text          0x0000000000012157      0x1fb obj_cooja/mtype146.a(serial-line.o)
                0x0000000000012157                serial_line_input_byte
                0x000000000001231a                serial_line_init
 .text          0x0000000000012352      0x244 obj_cooja/mtype146.a(list.o)
                0x0000000000012352                list_init
                0x0000000000012360                list_head
                0x000000000001236a                list_copy
                0x0000000000012379                list_tail
                0x00000000000123af                list_add
                0x00000000000123f8                list_push
                0x0000000000012424                list_chop
                0x000000000001248e                list_pop
                0x00000000000124b6                list_remove
                0x000000000001251d                list_length
                0x000000000001254b                list_insert
                0x000000000001257f                list_item_next
 .text          0x0000000000012596      0x155 obj_cooja/mtype146.a(ringbuf.o)
                0x0000000000012596                ringbuf_init
                0x00000000000125c7                ringbuf_put
                0x0000000000012645                ringbuf_get
                0x00000000000126b2                ringbuf_size
                0x00000000000126c4                ringbuf_elements
 .text          0x00000000000126eb     0x258b obj_cooja/mtype146.a(sicslowpan.o)
                0x0000000000012c75                rime_sniffer_add
                0x0000000000012c82                rime_sniffer_remove
                0x0000000000014c15                sicslowpan_init
                0x0000000000014c6c                sicslowpan_get_last_rssi
 .text          0x0000000000014c76      0x2dc obj_cooja/mtype146.a(uip-ds6-nbr.o)
                0x0000000000014c93                uip_ds6_neighbors_init
                0x0000000000014cb0                uip_ds6_nbr_add
                0x0000000000014d61                uip_ds6_nbr_rm
                0x0000000000014dbe                uip_ds6_nbr_get_ipaddr
                0x0000000000014dd3                uip_ds6_nbr_get_ll
                0x0000000000014def                uip_ds6_nbr_num
                0x0000000000014e34                uip_ds6_nbr_lookup
                0x0000000000014e99                uip_ds6_nbr_ll_lookup
                0x0000000000014eb5                uip_ds6_nbr_ipaddr_from_lladdr
                0x0000000000014edb                uip_ds6_nbr_lladdr_from_ipaddr
                0x0000000000014f09                uip_ds6_link_neighbor_callback
 .text          0x0000000000014f52     0x12ad obj_cooja/mtype146.a(uip-ds6.o)
                0x0000000000014f52                uip_ds6_init
                0x00000000000152a7                uip_ds6_periodic
                0x000000000001537f                uip_ds6_list_loop
                0x0000000000015426                uip_ds6_prefix_add
                0x00000000000154e4                uip_ds6_prefix_rm
                0x00000000000154f6                uip_ds6_prefix_lookup
                0x0000000000015547                uip_ds6_is_addr_onlink
                0x00000000000155bb                uip_ds6_addr_add
                0x00000000000156e9                uip_ds6_long_addr_add
                0x0000000000015817                uip_ds6_addr_rm
                0x00000000000158b7                uip_ds6_addr_lookup
                0x0000000000015902                uip_ds6_long_addr_lookup
                0x000000000001594d                uip_ds6_get_link_local
                0x00000000000159cc                uip_ds6_long_get_link_local
                0x0000000000015a4b                uip_ds6_get_global
                0x0000000000015aca                uip_ds6_long_get_global
                0x0000000000015b49                uip_ds6_maddr_add
                0x0000000000015bbb                uip_ds6_long_maddr_add
                0x0000000000015c2d                uip_ds6_maddr_rm
                0x0000000000015c3f                uip_ds6_maddr_lookup
                0x0000000000015c8a                uip_ds6_long_maddr_lookup
                0x0000000000015cd5                uip_ds6_aaddr_add
                0x0000000000015d47                uip_ds6_long_aaddr_add
                0x0000000000015db9                uip_ds6_aaddr_rm
                0x0000000000015dcb                uip_ds6_aaddr_lookup
                0x0000000000015e16                uip_ds6_long_aaddr_lookup
                0x0000000000015e61                uip_ds6_select_src
                0x00000000000160ea                uip_ds6_set_addr_iid
                0x0000000000016121                get_match_length
                0x00000000000161b3                uip_ds6_compute_reachable_time
 .text          0x00000000000161ff     0x29f3 obj_cooja/mtype146.a(uip6.o)
                0x00000000000161ff                uip_add32
                0x0000000000016398                uip_chksum
                0x0000000000016486                uip_icmp6chksum
                0x000000000001649a                uip_tcpchksum
                0x00000000000164ae                uip_udpchksum
                0x00000000000164c2                uip_init
                0x0000000000016592                uip_connect
                0x0000000000016741                remove_ext_hdr
                0x0000000000016816                uip_udp_new
                0x0000000000016972                uip_unlisten
                0x00000000000169d2                uip_listen
                0x0000000000016c94                uip_process
                0x0000000000018ae6                uip_htons
                0x0000000000018b08                uip_htonl
                0x0000000000018b48                uip_send
 .text          0x0000000000018bf2      0xa69 obj_cooja/mtype146.a(tcpip.o)
                0x0000000000018bf2                tcpip_output
                0x0000000000018c20                tcpip_set_outputfunc
                0x0000000000018cb4                tcp_connect
                0x0000000000018d09                tcp_unlisten
                0x0000000000018d64                tcp_listen
                0x0000000000018dbd                tcp_attach
                0x0000000000018de2                udp_attach
                0x0000000000018e07                udp_new
                0x0000000000018e59                udp_broadcast_new
                0x00000000000190cd                tcpip_input
                0x0000000000019101                tcpip_ipv6_output
                0x00000000000194a1                tcpip_poll_udp
                0x00000000000194c4                tcpip_poll_tcp
                0x00000000000194e7                tcpip_uipcall
 .text          0x000000000001965b      0x141 obj_cooja/mtype146.a(uip-packetqueue)
                0x0000000000019687                uip_packetqueue_new
                0x0000000000019695                uip_packetqueue_alloc
                0x00000000000196f5                uip_packetqueue_free
                0x0000000000019736                uip_packetqueue_buf
                0x0000000000019753                uip_packetqueue_buflen
                0x0000000000019774                uip_packetqueue_set_buflen
 .text          0x000000000001979c     0x266a obj_cooja/mtype146.a(rpl-dag.o)
                0x000000000001979c                rpl_print_neighbor_list
                0x0000000000019971                rpl_print_child_neighbor_list
                0x0000000000019a29                rpl_get_nbr
                0x0000000000019a83                rpl_get_nbr_child
                0x0000000000019add                rpl_dag_init
                0x0000000000019b0f                rpl_get_parent
                0x0000000000019b31                rpl_get_parent_rank
                0x0000000000019b64                rpl_get_parent_link_metric
                0x0000000000019b97                rpl_get_parent_ipaddr
                0x0000000000019bc1                rpl_get_child_ipaddr
                0x0000000000019ed5                rpl_set_root
                0x000000000001a0fc                rpl_repair_root
                0x000000000001a338                rpl_set_prefix
                0x000000000001a437                rpl_set_default_route
                0x000000000001a4c3                rpl_alloc_instance
                0x000000000001a556                rpl_alloc_dag
                0x000000000001a607                rpl_set_default_instance
                0x000000000001a614                rpl_get_default_instance
                0x000000000001a61e                rpl_free_instance
                0x000000000001a6cd                rpl_free_dag
                0x000000000001a733                rpl_add_parent
                0x000000000001a81a                rpl_find_parent
                0x000000000001a84a                rpl_add_child
                0x000000000001a8ee                rpl_find_child
                0x000000000001a93c                rpl_find_parent_any_dag
                0x000000000001a978                rpl_select_dag
                0x000000000001ad68                rpl_select_parent
                0x000000000001adca                rpl_remove_parent
                0x000000000001adf1                rpl_remove_child
                0x000000000001ae0d                rpl_nullify_parent
                0x000000000001aeab                rpl_move_parent
                0x000000000001af48                rpl_has_downward_route
                0x000000000001af9b                rpl_get_any_dag
                0x000000000001affd                rpl_get_instance
                0x000000000001b060                rpl_find_of
                0x000000000001b09d                rpl_join_instance
                0x000000000001b318                rpl_add_dag
                0x000000000001b707                rpl_local_repair
                0x000000000001b7cb                rpl_recalculate_ranks
                0x000000000001b851                rpl_process_parent_event
                0x000000000001b903                rpl_process_dio
 .text          0x000000000001be06      0xbf3 obj_cooja/mtype146.a(rpl-ext-header.)
                0x000000000001be23                rpl_verify_header
                0x000000000001c29d                rpl_update_header_empty
                0x000000000001c5b4                rpl_update_header_final
                0x000000000001c743                rpl_remove_header
                0x000000000001c84d                rpl_invert_header
                0x000000000001c9d7                rpl_insert_header
 .text          0x000000000001c9f9     0x2763 obj_cooja/mtype146.a(rpl-icmp6.o)
                0x000000000001ccc2                rpl_icmp6_update_nbr_table
                0x000000000001cdb2                dis_output
                0x000000000001d6d1                dio_output
                0x000000000001e185                dio_ack_output
                0x000000000001ecc5                dao_output
                0x000000000001ed80                dao_output_target
                0x000000000001f104                dao_ack_output
                0x000000000001f118                rpl_icmp6_register_handlers
 .text          0x000000000001f15c      0x40e obj_cooja/mtype146.a(rpl-ltmax-of.o)
 .text          0x000000000001f56a      0x904 obj_cooja/mtype146.a(rpl-timers.o)
                0x000000000001f7b0                rpl_reset_periodic_timer
                0x000000000001f805                rpl_reset_dio_timer
                0x000000000001fa3f                rpl_schedule_dao
                0x000000000001fa5a                rpl_schedule_dao_immediately
                0x000000000001fa75                rpl_cancel_dao
                0x000000000001fba0                rpl_schedule_dio_ack
                0x000000000001fbbb                rpl_schedule_dio_ack_immediately
                0x000000000001fbd6                rpl_cancel_dio_ack
                0x000000000001fc28                rpl_schedule_unicast_dio_immediately
                0x000000000001fe16                rpl_schedule_probing
 .text          0x000000000001fe6e      0x59b obj_cooja/mtype146.a(rpl.o)
                0x000000000001fe6e                rpl_get_mode
                0x000000000001fe78                rpl_set_mode
                0x000000000001ff06                rpl_purge_routes
                0x0000000000020000                rpl_remove_routes
                0x0000000000020046                rpl_remove_routes_by_nexthop
                0x00000000000200b2                rpl_add_route
                0x000000000002012d                rpl_link_neighbor_callback
                0x0000000000020232                rpl_ipv6_neighbor_callback
                0x00000000000202a1                rpl_purge_dags
                0x0000000000020383                rpl_init
 .text          0x0000000000020409      0x3f5 obj_cooja/mtype146.a(framer-802154.o)
 .text          0x00000000000207fe       0x5e obj_cooja/mtype146.a(nullmac.o)
 .text          0x000000000002085c      0x4b0 obj_cooja/mtype146.a(nullrdc.o)
 .text          0x0000000000020d0c       0x82 obj_cooja/mtype146.a(linkaddr.o)
                0x0000000000020d0c                linkaddr_copy
                0x0000000000020d2e                linkaddr_cmp
                0x0000000000020d58                linkaddr_set_node_addr
                0x0000000000020d73                linkaddr_set_node_long_addr
 .text          0x0000000000020d8e      0x892 obj_cooja/mtype146.a(nbr-table.o)
                0x0000000000020d8e                lladdr_map_add_lr
                0x0000000000020e4e                lladdr_map_rm_lr
                0x0000000000021316                nbr_table_register
                0x000000000002135e                nbr_table_head
                0x00000000000213ba                nbr_table_next
                0x0000000000021421                nbr_table_add_lladdr
                0x00000000000214fd                nbr_table_get_from_lladdr
                0x000000000002154a                nbr_table_remove
                0x000000000002159c                nbr_table_lock
                0x00000000000215c6                nbr_table_unlock
                0x00000000000215f0                nbr_table_get_lladdr
 .text          0x0000000000021620       0x2b obj_cooja/mtype146.a(netstack.o)
                0x0000000000021620                netstack_init
 .text          0x000000000002164b      0x3cd obj_cooja/mtype146.a(packetbuf.o)
                0x000000000002164b                packetbuf_clear
                0x0000000000021675                packetbuf_copyfrom
                0x00000000000216c7                packetbuf_compact
                0x0000000000021744                packetbuf_copyto
                0x00000000000217db                packetbuf_hdralloc
                0x0000000000021858                packetbuf_hdrreduce
                0x00000000000218a0                packetbuf_set_datalen
                0x00000000000218b9                packetbuf_dataptr
                0x00000000000218d6                packetbuf_hdrptr
                0x00000000000218e0                packetbuf_datalen
                0x00000000000218ec                packetbuf_hdrlen
                0x0000000000021903                packetbuf_totlen
                0x0000000000021919                packetbuf_attr_clear
                0x000000000002196b                packetbuf_attr_copyto
                0x00000000000219b4                packetbuf_attr_copyfrom
                0x00000000000219fc                packetbuf_holds_broadcast
 .text          0x0000000000021a18      0x2b4 obj_cooja/mtype146.a(queuebuf.o)
                0x0000000000021a22                queuebuf_init
                0x0000000000021a42                queuebuf_numfree
                0x0000000000021a56                queuebuf_new_from_packetbuf
                0x0000000000021ae6                queuebuf_update_attr_from_packetbuf
                0x0000000000021b19                queuebuf_update_from_packetbuf
                0x0000000000021b63                queuebuf_free
                0x0000000000021baa                queuebuf_to_packetbuf
                0x0000000000021c10                queuebuf_dataptr
                0x0000000000021c47                queuebuf_datalen
                0x0000000000021c6a                queuebuf_addr
                0x0000000000021c9c                queuebuf_attr
                0x0000000000021cc7                queuebuf_debug_print
 .text          0x0000000000021ccc       0x6e obj_cooja/mtype146.a(nullsec.o)
 .text          0x0000000000021d3a       0x19 obj_cooja/mtype146.a(watchdog.o)
                0x0000000000021d3a                watchdog_init
                0x0000000000021d3f                watchdog_start
                0x0000000000021d44                watchdog_periodic
                0x0000000000021d49                watchdog_stop
                0x0000000000021d4e                watchdog_reboot
 .text          0x0000000000021d53        0x0 obj_cooja/mtype146.a(rimestats.o)
 .text          0x0000000000021d53       0xa3 obj_cooja/mtype146.a(stimer.o)
                0x0000000000021d53                stimer_set
                0x0000000000021d6e                stimer_reset
                0x0000000000021d85                stimer_restart
                0x0000000000021d97                stimer_expired
                0x0000000000021dbe                stimer_remaining
                0x0000000000021de2                stimer_elapsed
 .text          0x0000000000021df6      0x1c1 obj_cooja/mtype146.a(memb.o)
                0x0000000000021df6                memb_init
                0x0000000000021e54                memb_alloc
                0x0000000000021eb9                memb_free
                0x0000000000021f34                memb_inmemb
                0x0000000000021f73                memb_numfree
 .text          0x0000000000021fb7      0x918 obj_cooja/mtype146.a(uip-ds6-route.o)
                0x000000000002202e                uip_ds6_notification_add
                0x000000000002205f                uip_ds6_notification_rm
                0x000000000002207b                uip_ds6_route_init
                0x0000000000022103                uip_ds6_route_nexthop
                0x000000000002212b                uip_ds6_route_head
                0x0000000000022140                uip_ds6_route_next
                0x0000000000022166                uip_ds6_route_is_nexthop
                0x00000000000221a5                uip_ds6_route_num_routes
                0x00000000000221af                uip_ds6_route_lookup
                0x0000000000022271                uip_ds6_route_add
                0x00000000000224a7                uip_ds6_route_rm
                0x000000000002263b                uip_ds6_route_rm_by_nexthop
                0x0000000000022673                uip_ds6_defrt_add
                0x0000000000022724                uip_ds6_defrt_rm
                0x00000000000227a3                uip_ds6_defrt_lookup
                0x00000000000227fc                uip_ds6_defrt_choose
                0x0000000000022867                uip_ds6_defrt_periodic
 .text          0x00000000000228cf      0xab2 obj_cooja/mtype146.a(uip-icmp6.o)
                0x000000000002293d                uip_icmp6_input
                0x0000000000022993                uip_icmp6_register_input_handler
                0x0000000000022c5b                uip_icmp6_error_output
                0x0000000000022fa0                uip_icmp6_send
                0x0000000000023314                uip_icmp6_echo_reply_callback_add
                0x0000000000023345                uip_icmp6_echo_reply_callback_rm
                0x0000000000023361                uip_icmp6_init
 .text          0x0000000000023381      0x358 obj_cooja/mtype146.a(uip-nd6.o)
                0x00000000000233d5                uip_nd6_ns_output
                0x00000000000236d4                uip_nd6_init
 .text          0x00000000000236d9      0x1c1 obj_cooja/mtype146.a(uip-debug.o)
                0x00000000000236d9                uip_debug_ipaddr_print
                0x000000000002383b                uip_debug_lladdr_print
 .text          0x000000000002389a      0x421 obj_cooja/mtype146.a(rpl-nbr-policy.)
                0x0000000000023ad5                find_removable_dis
                0x0000000000023b18                find_removable_dio
                0x0000000000023c08                find_removable_dao
                0x0000000000023c64                rpl_nbr_policy_find_removable
 .text          0x0000000000023cbb      0x97c obj_cooja/mtype146.a(frame802154.o)
                0x0000000000023cec                frame802154_get_pan_id
                0x0000000000023cf8                frame802154_set_pan_id
                0x0000000000023d11                frame802154_has_panid
                0x0000000000023dfd                frame802154_check_dest_panid
                0x0000000000023e65                frame802154_is_broadcast_addr
                0x0000000000023eb2                frame802154_extract_linkaddr
                0x00000000000240f2                frame802154_hdrlen
                0x0000000000024143                frame802154_create
                0x000000000002432e                frame802154_parse
 .text          0x0000000000024637      0x181 obj_cooja/mtype146.a(mac-sequence.o)
                0x000000000002466e                mac_sequence_is_duplicate
                0x00000000000246f1                mac_sequence_register_seqno
 .text          0x00000000000247b8       0x3c obj_cooja/mtype146.a(mac.o)
                0x00000000000247b8                mac_call_sent_callback
 .text          0x00000000000247f4        0x0 /usr/lib/gcc/i686-linux-gnu/4.8/crtendS.o
 .text          0x00000000000247f4        0x0 /usr/lib/gcc/i686-linux-gnu/4.8/../../../i386-linux-gnu/crtn.o
 *(.gnu.warning)

.fini           0x00000000000247f4       0x14
 *(SORT(.fini))
 .fini          0x00000000000247f4        0xf /usr/lib/gcc/i686-linux-gnu/4.8/../../../i386-linux-gnu/crti.o
                0x00000000000247f4                _fini
 .fini          0x0000000000024803        0x5 /usr/lib/gcc/i686-linux-gnu/4.8/../../../i386-linux-gnu/crtn.o
                0x0000000000024808                PROVIDE (__etext, .)
                0x0000000000024808                PROVIDE (_etext, .)
                0x0000000000024808                PROVIDE (etext, .)

.rodata         0x0000000000024820      0xae1
 *(.rodata .rodata.* .gnu.linkonce.r.*)
 .rodata        0x0000000000024820       0x1c log_test.co
                0x0000000000024834                autostart_processes
 .rodata        0x000000000002483c      0x1b6 obj_cooja/mtype146.o
 *fill*         0x00000000000249f2        0x2 
 .rodata        0x00000000000249f4        0x8 obj_cooja/mtype146.a(beep.o)
                0x00000000000249f4                beep_interface
 .rodata        0x00000000000249fc       0x20 obj_cooja/mtype146.a(button-sensor.o)
                0x00000000000249fc                button_interface
                0x0000000000024a0c                button_sensor
 .rodata        0x0000000000024a1c        0x8 obj_cooja/mtype146.a(leds-arch.o)
                0x0000000000024a1c                leds_interface
 .rodata        0x0000000000024a24        0x8 obj_cooja/mtype146.a(moteid.o)
                0x0000000000024a24                moteid_interface
 .rodata        0x0000000000024a2c       0x1c obj_cooja/mtype146.a(pir-sensor.o)
                0x0000000000024a2c                pir_interface
                0x0000000000024a38                pir_sensor
 .rodata        0x0000000000024a48        0xe obj_cooja/mtype146.a(rs232.o)
                0x0000000000024a48                rs232_interface
 *fill*         0x0000000000024a56        0x2 
 .rodata        0x0000000000024a58       0x24 obj_cooja/mtype146.a(vib-sensor.o)
                0x0000000000024a58                vib_interface
                0x0000000000024a6c                vib_sensor
 .rodata        0x0000000000024a7c        0x8 obj_cooja/mtype146.a(clock.o)
                0x0000000000024a7c                clock_interface
 .rodata        0x0000000000024a84        0x8 obj_cooja/mtype146.a(log.o)
                0x0000000000024a84                simlog_interface
 .rodata        0x0000000000024a8c       0x2f obj_cooja/mtype146.a(cfs-cooja.o)
                0x0000000000024a8c                cfs_interface
 *fill*         0x0000000000024abb        0x5 
 .rodata        0x0000000000024ac0      0x100 obj_cooja/mtype146.a(cooja-radio.o)
                0x0000000000024b80                cooja_radio_driver
                0x0000000000024bb8                radio_interface
 .rodata        0x0000000000024bc0        0x8 obj_cooja/mtype146.a(eeprom.o)
                0x0000000000024bc0                eeprom_interface
 .rodata        0x0000000000024bc8        0x8 obj_cooja/mtype146.a(sensors.o)
 .rodata        0x0000000000024bd0      0x1f5 obj_cooja/mtype146.a(dual_conf.o)
 .rodata        0x0000000000024dc5        0xf obj_cooja/mtype146.a(ctimer.o)
 .rodata        0x0000000000024dd4        0xc obj_cooja/mtype146.a(etimer.o)
 .rodata        0x0000000000024de0       0x56 obj_cooja/mtype146.a(log_message.o)
 .rodata        0x0000000000024e36        0xe obj_cooja/mtype146.a(serial-line.o)
 .rodata        0x0000000000024e44       0x2c obj_cooja/mtype146.a(sicslowpan.o)
                0x0000000000024e44                unc_llconf
                0x0000000000024e48                unc_ctxconf
                0x0000000000024e4c                unc_mxconf
                0x0000000000024e50                llprefix
                0x0000000000024e64                sicslowpan_driver
 .rodata        0x0000000000024e70      0x13c obj_cooja/mtype146.a(uip6.o)
 .rodata        0x0000000000024fac       0x29 obj_cooja/mtype146.a(tcpip.o)
 *fill*         0x0000000000024fd5        0x3 
 .rodata        0x0000000000024fd8       0xc3 obj_cooja/mtype146.a(rpl-dag.o)
 *fill*         0x000000000002509b        0x1 
 .rodata        0x000000000002509c        0xc obj_cooja/mtype146.a(framer-802154.o)
                0x000000000002509c                framer_802154
 .rodata        0x00000000000250a8       0x24 obj_cooja/mtype146.a(nullmac.o)
                0x00000000000250b0                nullmac_driver
 *fill*         0x00000000000250cc       0x14 
 .rodata        0x00000000000250e0       0x40 obj_cooja/mtype146.a(nullrdc.o)
                0x0000000000025100                nullrdc_driver
 .rodata        0x0000000000025120        0x8 obj_cooja/mtype146.a(linkaddr.o)
                0x0000000000025120                linkaddr_null
 .rodata        0x0000000000025128       0x18 obj_cooja/mtype146.a(nullsec.o)
                0x0000000000025130                nullsec_driver
 .rodata        0x0000000000025140       0x3e obj_cooja/mtype146.a(uip-debug.o)
 *fill*         0x000000000002517e        0x2 
 .rodata        0x0000000000025180      0x181 obj_cooja/mtype146.a(rpl-nbr-policy.)

.rodata1
 *(.rodata1)

.eh_frame_hdr   0x0000000000025304     0x1344
 *(.eh_frame_hdr)
 .eh_frame_hdr  0x0000000000025304     0x1344 log_test.co

.eh_frame       0x0000000000026648     0x4e50
 *(.eh_frame)
 .eh_frame      0x0000000000026648       0x3c /usr/lib/gcc/i686-linux-gnu/4.8/../../../i386-linux-gnu/crti.o
                                         0x40 (size before relaxing)
 .eh_frame      0x0000000000026684       0x20 log_test.co
                                         0x38 (size before relaxing)
 .eh_frame      0x00000000000266a4      0x148 obj_cooja/mtype146.o
                                        0x160 (size before relaxing)
 .eh_frame      0x00000000000267ec       0x40 obj_cooja/mtype146.a(simEnvChange.o)
                                         0x58 (size before relaxing)
 .eh_frame      0x000000000002682c       0xc0 obj_cooja/mtype146.a(cooja_mt.o)
                                         0xd8 (size before relaxing)
 .eh_frame      0x00000000000268ec      0x120 obj_cooja/mtype146.a(cooja_mtarch.o)
                                        0x138 (size before relaxing)
 .eh_frame      0x0000000000026a0c       0xc0 obj_cooja/mtype146.a(rtimer-arch.o)
                                         0xd8 (size before relaxing)
 .eh_frame      0x0000000000026acc      0x160 obj_cooja/mtype146.a(beep.o)
                                        0x178 (size before relaxing)
 .eh_frame      0x0000000000026c2c       0xa0 obj_cooja/mtype146.a(button-sensor.o)
                                         0xb8 (size before relaxing)
 .eh_frame      0x0000000000026ccc       0xa0 obj_cooja/mtype146.a(leds-arch.o)
                                         0xb8 (size before relaxing)
 .eh_frame      0x0000000000026d6c       0x40 obj_cooja/mtype146.a(moteid.o)
                                         0x58 (size before relaxing)
 .eh_frame      0x0000000000026dac       0xa0 obj_cooja/mtype146.a(pir-sensor.o)
                                         0xb8 (size before relaxing)
 .eh_frame      0x0000000000026e4c      0x100 obj_cooja/mtype146.a(rs232.o)
                                        0x118 (size before relaxing)
 .eh_frame      0x0000000000026f4c       0xa0 obj_cooja/mtype146.a(vib-sensor.o)
                                         0xb8 (size before relaxing)
 .eh_frame      0x0000000000026fec       0xc0 obj_cooja/mtype146.a(clock.o)
                                         0xd8 (size before relaxing)
 .eh_frame      0x00000000000270ac      0x120 obj_cooja/mtype146.a(log.o)
                                        0x138 (size before relaxing)
 .eh_frame      0x00000000000271cc      0x160 obj_cooja/mtype146.a(cfs-cooja.o)
                                        0x178 (size before relaxing)
 .eh_frame      0x000000000002732c      0x2e0 obj_cooja/mtype146.a(cooja-radio.o)
                                        0x2f8 (size before relaxing)
 .eh_frame      0x000000000002760c       0xa0 obj_cooja/mtype146.a(eeprom.o)
                                         0xb8 (size before relaxing)
 .eh_frame      0x00000000000276ac       0x40 obj_cooja/mtype146.a(random.o)
                                         0x58 (size before relaxing)
 .eh_frame      0x00000000000276ec       0xc0 obj_cooja/mtype146.a(sensors.o)
                                         0xd8 (size before relaxing)
 .eh_frame      0x00000000000277ac      0x160 obj_cooja/mtype146.a(dual_conf.o)
                                        0x178 (size before relaxing)
 .eh_frame      0x000000000002790c       0x40 obj_cooja/mtype146.a(autostart.o)
                                         0x58 (size before relaxing)
 .eh_frame      0x000000000002794c      0x100 obj_cooja/mtype146.a(ctimer.o)
                                        0x118 (size before relaxing)
 .eh_frame      0x0000000000027a4c      0x1e0 obj_cooja/mtype146.a(etimer.o)
                                        0x1f8 (size before relaxing)
 .eh_frame      0x0000000000027c2c       0x40 obj_cooja/mtype146.a(log_message.o)
                                         0x58 (size before relaxing)
 .eh_frame      0x0000000000027c6c      0x1c8 obj_cooja/mtype146.a(process.o)
                                        0x1e0 (size before relaxing)
 .eh_frame      0x0000000000027e34       0x60 obj_cooja/mtype146.a(rtimer.o)
                                         0x78 (size before relaxing)
 .eh_frame      0x0000000000027e94       0xa4 obj_cooja/mtype146.a(timer.o)
                                         0xbc (size before relaxing)
 .eh_frame      0x0000000000027f38       0x60 obj_cooja/mtype146.a(serial-line.o)
                                         0x78 (size before relaxing)
 .eh_frame      0x0000000000027f98      0x180 obj_cooja/mtype146.a(list.o)
                                        0x198 (size before relaxing)
 .eh_frame      0x0000000000028118       0xa0 obj_cooja/mtype146.a(ringbuf.o)
                                         0xb8 (size before relaxing)
 .eh_frame      0x00000000000281b8      0x350 obj_cooja/mtype146.a(sicslowpan.o)
                                        0x368 (size before relaxing)
 .eh_frame      0x0000000000028508      0x180 obj_cooja/mtype146.a(uip-ds6-nbr.o)
                                        0x198 (size before relaxing)
 .eh_frame      0x0000000000028688      0x3c8 obj_cooja/mtype146.a(uip-ds6.o)
                                        0x3e0 (size before relaxing)
 .eh_frame      0x0000000000028a50      0x27c obj_cooja/mtype146.a(uip6.o)
                                        0x294 (size before relaxing)
 .eh_frame      0x0000000000028ccc      0x270 obj_cooja/mtype146.a(tcpip.o)
                                        0x288 (size before relaxing)
 .eh_frame      0x0000000000028f3c       0xe0 obj_cooja/mtype146.a(uip-packetqueue)
                                         0xf8 (size before relaxing)
 .eh_frame      0x000000000002901c      0x75c obj_cooja/mtype146.a(rpl-dag.o)
                                        0x774 (size before relaxing)
 .eh_frame      0x0000000000029778      0x10c obj_cooja/mtype146.a(rpl-ext-header.)
                                        0x124 (size before relaxing)
 .eh_frame      0x0000000000029884      0x2f8 obj_cooja/mtype146.a(rpl-icmp6.o)
                                        0x310 (size before relaxing)
 .eh_frame      0x0000000000029b7c       0xe8 obj_cooja/mtype146.a(rpl-ltmax-of.o)
                                        0x100 (size before relaxing)
 .eh_frame      0x0000000000029c64      0x2b0 obj_cooja/mtype146.a(rpl-timers.o)
                                        0x2c8 (size before relaxing)
 .eh_frame      0x0000000000029f14      0x140 obj_cooja/mtype146.a(rpl.o)
                                        0x158 (size before relaxing)
 .eh_frame      0x000000000002a054      0x108 obj_cooja/mtype146.a(framer-802154.o)
                                        0x120 (size before relaxing)
 .eh_frame      0x000000000002a15c       0xc0 obj_cooja/mtype146.a(nullmac.o)
                                         0xd8 (size before relaxing)
 .eh_frame      0x000000000002a21c      0x16c obj_cooja/mtype146.a(nullrdc.o)
                                        0x184 (size before relaxing)
 .eh_frame      0x000000000002a388       0x80 obj_cooja/mtype146.a(linkaddr.o)
                                         0x98 (size before relaxing)
 .eh_frame      0x000000000002a408      0x2ac obj_cooja/mtype146.a(nbr-table.o)
                                        0x2c4 (size before relaxing)
 .eh_frame      0x000000000002a6b4       0x20 obj_cooja/mtype146.a(netstack.o)
                                         0x38 (size before relaxing)
 .eh_frame      0x000000000002a6d4      0x214 obj_cooja/mtype146.a(packetbuf.o)
                                        0x22c (size before relaxing)
 .eh_frame      0x000000000002a8e8      0x1a0 obj_cooja/mtype146.a(queuebuf.o)
                                        0x1b8 (size before relaxing)
 .eh_frame      0x000000000002aa88       0x80 obj_cooja/mtype146.a(nullsec.o)
                                         0x98 (size before relaxing)
 .eh_frame      0x000000000002ab08       0xa0 obj_cooja/mtype146.a(watchdog.o)
                                         0xb8 (size before relaxing)
 .eh_frame      0x000000000002aba8       0xc4 obj_cooja/mtype146.a(stimer.o)
                                         0xdc (size before relaxing)
 .eh_frame      0x000000000002ac6c       0xa0 obj_cooja/mtype146.a(memb.o)
                                         0xb8 (size before relaxing)
 .eh_frame      0x000000000002ad0c      0x2a0 obj_cooja/mtype146.a(uip-ds6-route.o)
                                        0x2b8 (size before relaxing)
 .eh_frame      0x000000000002afac      0x164 obj_cooja/mtype146.a(uip-icmp6.o)
                                        0x17c (size before relaxing)
 .eh_frame      0x000000000002b110       0x68 obj_cooja/mtype146.a(uip-nd6.o)
                                         0x80 (size before relaxing)
 .eh_frame      0x000000000002b178       0x48 obj_cooja/mtype146.a(uip-debug.o)
                                         0x60 (size before relaxing)
 .eh_frame      0x000000000002b1c0       0xc8 obj_cooja/mtype146.a(rpl-nbr-policy.)
                                         0xe0 (size before relaxing)
 .eh_frame      0x000000000002b288      0x164 obj_cooja/mtype146.a(frame802154.o)
                                        0x17c (size before relaxing)
 .eh_frame      0x000000000002b3ec       0x88 obj_cooja/mtype146.a(mac-sequence.o)
                                         0xa0 (size before relaxing)
 .eh_frame      0x000000000002b474       0x20 obj_cooja/mtype146.a(mac.o)
                                         0x38 (size before relaxing)
 .eh_frame      0x000000000002b494        0x4 /usr/lib/gcc/i686-linux-gnu/4.8/crtendS.o

.gcc_except_table
 *(.gcc_except_table .gcc_except_table.*)

.exception_ranges
 *(.exception_ranges .exception_ranges*)
                0x000000000002b498                . = (ALIGN (0x1000) - ((0x1000 - .) & 0xfff))
                0x000000000002cef8                . = DATA_SEGMENT_ALIGN (0x1000, 0x1000)

.eh_frame
 *(.eh_frame)

.gcc_except_table
 *(.gcc_except_table .gcc_except_table.*)

.exception_ranges
 *(.exception_ranges .exception_ranges*)

.tdata
 *(.tdata .tdata.* .gnu.linkonce.td.*)

.tbss
 *(.tbss .tbss.* .gnu.linkonce.tb.*)
 *(.tcommon)

.preinit_array
 *(.preinit_array)

.init_array     0x000000000002cef8        0x4
 *(SORT(.init_array.*) SORT(.ctors.*))
 *(.init_array EXCLUDE_FILE(*crtend?.o *crtend.o *crtbegin?.o *crtbegin.o) .ctors)
 .init_array    0x000000000002cef8        0x4 /usr/lib/gcc/i686-linux-gnu/4.8/crtbeginS.o

.fini_array     0x000000000002cefc        0x4
 *(SORT(.fini_array.*) SORT(.dtors.*))
 *(.fini_array EXCLUDE_FILE(*crtend?.o *crtend.o *crtbegin?.o *crtbegin.o) .dtors)
 .fini_array    0x000000000002cefc        0x4 /usr/lib/gcc/i686-linux-gnu/4.8/crtbeginS.o

.ctors
 *crtbegin.o(.ctors)
 *crtbegin?.o(.ctors)
 *(EXCLUDE_FILE(*crtend?.o *crtend.o) .ctors)
 *(SORT(.ctors.*))
 *(.ctors)

.dtors
 *crtbegin.o(.dtors)
 *crtbegin?.o(.dtors)
 *(EXCLUDE_FILE(*crtend?.o *crtend.o) .dtors)
 *(SORT(.dtors.*))
 *(.dtors)

.jcr            0x000000000002cf00        0x4
 *(.jcr)
 .jcr           0x000000000002cf00        0x0 /usr/lib/gcc/i686-linux-gnu/4.8/crtbeginS.o
 .jcr           0x000000000002cf00        0x4 /usr/lib/gcc/i686-linux-gnu/4.8/crtendS.o

.data.rel.ro
 *(.data.rel.ro.local* .gnu.linkonce.d.rel.ro.local.*)
 *(.data.rel.ro .data.rel.ro.* .gnu.linkonce.d.rel.ro.*)

.dynamic        0x000000000002cf04       0xe8
 *(.dynamic)
 .dynamic       0x000000000002cf04       0xe8 /usr/lib/gcc/i686-linux-gnu/4.8/../../../i386-linux-gnu/crti.o
                0x000000000002cf04                _DYNAMIC

.got            0x000000000002cfec       0x14
 *(.got)
 .got           0x000000000002cfec       0x14 /usr/lib/gcc/i686-linux-gnu/4.8/../../../i386-linux-gnu/crti.o
 *(.igot)
                0x000000000002dff4                . = DATA_SEGMENT_RELRO_END (., (SIZEOF (.got.plt) >= 0xc)?0xc:0x0)

.got.plt        0x000000000002d000       0x14
 *(.got.plt)
 .got.plt       0x000000000002d000       0x14 /usr/lib/gcc/i686-linux-gnu/4.8/../../../i386-linux-gnu/crti.o
                0x000000000002d000                _GLOBAL_OFFSET_TABLE_
 *(.igot.plt)

.data           0x000000000002d020      0x25a
 *(.data .data.* .gnu.linkonce.d.*)
 .data          0x000000000002d020        0x0 /usr/lib/gcc/i686-linux-gnu/4.8/../../../i386-linux-gnu/crti.o
 .data          0x000000000002d020        0x0 /usr/lib/gcc/i686-linux-gnu/4.8/crtbeginS.o
 .data.rel      0x000000000002d020        0x4 /usr/lib/gcc/i686-linux-gnu/4.8/crtbeginS.o
                0x000000000002d020                __dso_handle
 .data          0x000000000002d024       0x10 log_test.co
                0x000000000002d024                hello_world_process
 *fill*         0x000000000002d034        0xc 
 .data          0x000000000002d040       0x44 obj_cooja/mtype146.o
                0x000000000002d040                simInterfaces
                0x000000000002d074                sensors
 .data          0x000000000002d084        0x0 obj_cooja/mtype146.a(simEnvChange.o)
 .data          0x000000000002d084        0x0 obj_cooja/mtype146.a(cooja_mt.o)
 .data          0x000000000002d084        0x0 obj_cooja/mtype146.a(cooja_mtarch.o)
 .data          0x000000000002d084        0x0 obj_cooja/mtype146.a(rtimer-arch.o)
 .data          0x000000000002d084        0x0 obj_cooja/mtype146.a(beep.o)
 .data          0x000000000002d084        0x0 obj_cooja/mtype146.a(button-sensor.o)
 .data          0x000000000002d084        0x0 obj_cooja/mtype146.a(leds-arch.o)
 .data          0x000000000002d084        0x0 obj_cooja/mtype146.a(moteid.o)
 .data          0x000000000002d084        0x0 obj_cooja/mtype146.a(pir-sensor.o)
 .data          0x000000000002d084        0x0 obj_cooja/mtype146.a(rs232.o)
 .data          0x000000000002d084        0x0 obj_cooja/mtype146.a(vib-sensor.o)
 .data          0x000000000002d084        0x0 obj_cooja/mtype146.a(clock.o)
 .data          0x000000000002d084        0x0 obj_cooja/mtype146.a(log.o)
 .data          0x000000000002d084        0x0 obj_cooja/mtype146.a(cfs-cooja.o)
 .data          0x000000000002d084       0x38 obj_cooja/mtype146.a(cooja-radio.o)
                0x000000000002d084                simRadioChannel
                0x000000000002d088                simRadioChannelLR
                0x000000000002d08c                simRadioHWOn
                0x000000000002d08d                simRadioHWOnLR
                0x000000000002d090                simSignalStrength
                0x000000000002d094                simSignalStrengthLR
                0x000000000002d098                simLastSignalStrength
                0x000000000002d09c                simLastSignalStrengthLR
                0x000000000002d0a0                simPower
                0x000000000002d0a1                simPowerLR
                0x000000000002d0a4                simLQI
                0x000000000002d0a8                simLQILR
                0x000000000002d0ac                cooja_radio_process
 .data          0x000000000002d0bc        0x0 obj_cooja/mtype146.a(eeprom.o)
 .data          0x000000000002d0bc        0x0 obj_cooja/mtype146.a(random.o)
 .data          0x000000000002d0bc       0x10 obj_cooja/mtype146.a(sensors.o)
                0x000000000002d0bc                sensors_process
 .data          0x000000000002d0cc       0x34 obj_cooja/mtype146.a(dual_conf.o)
                0x000000000002d0cc                radio_received
                0x000000000002d0d0                dual_dio_broadcast
                0x000000000002d0e0                dual_dis_broadcast
                0x000000000002d0f0                dual_dio_ack_broadcast
 .data          0x000000000002d100        0x0 obj_cooja/mtype146.a(autostart.o)
 .data          0x000000000002d100       0x14 obj_cooja/mtype146.a(ctimer.o)
                0x000000000002d104                ctimer_process
 .data          0x000000000002d114       0x10 obj_cooja/mtype146.a(etimer.o)
                0x000000000002d114                etimer_process
 .data          0x000000000002d124        0x0 obj_cooja/mtype146.a(log_message.o)
 .data          0x000000000002d124        0x0 obj_cooja/mtype146.a(process.o)
 .data          0x000000000002d124        0x0 obj_cooja/mtype146.a(rtimer.o)
 .data          0x000000000002d124        0x0 obj_cooja/mtype146.a(timer.o)
 .data          0x000000000002d124       0x10 obj_cooja/mtype146.a(serial-line.o)
                0x000000000002d124                serial_line_process
 .data          0x000000000002d134        0x0 obj_cooja/mtype146.a(list.o)
 .data          0x000000000002d134        0x0 obj_cooja/mtype146.a(ringbuf.o)
 .data          0x000000000002d134        0x0 obj_cooja/mtype146.a(sicslowpan.o)
 .data          0x000000000002d134       0x14 obj_cooja/mtype146.a(uip-ds6-nbr.o)
                0x000000000002d144                ds6_neighbors
 .data          0x000000000002d148        0x0 obj_cooja/mtype146.a(uip-ds6.o)
 .data          0x000000000002d148        0x0 obj_cooja/mtype146.a(uip6.o)
 .data          0x000000000002d148       0x10 obj_cooja/mtype146.a(tcpip.o)
                0x000000000002d148                tcpip_process
 .data          0x000000000002d158        0xc obj_cooja/mtype146.a(uip-packetqueue)
 .data          0x000000000002d164       0x28 obj_cooja/mtype146.a(rpl-dag.o)
                0x000000000002d174                rpl_parents
                0x000000000002d188                rpl_children
 .data          0x000000000002d18c        0x0 obj_cooja/mtype146.a(rpl-ext-header.)
 .data          0x000000000002d18c       0x40 obj_cooja/mtype146.a(rpl-icmp6.o)
 .data          0x000000000002d1cc       0x1c obj_cooja/mtype146.a(rpl-ltmax-of.o)
                0x000000000002d1cc                rpl_ltmax_of
 .data          0x000000000002d1e8        0x0 obj_cooja/mtype146.a(rpl-timers.o)
 .data          0x000000000002d1e8        0x0 obj_cooja/mtype146.a(rpl.o)
 .data          0x000000000002d1e8        0x0 obj_cooja/mtype146.a(framer-802154.o)
 .data          0x000000000002d1e8        0x0 obj_cooja/mtype146.a(nullmac.o)
 .data          0x000000000002d1e8        0x0 obj_cooja/mtype146.a(nullrdc.o)
 .data          0x000000000002d1e8        0x0 obj_cooja/mtype146.a(linkaddr.o)
 .data          0x000000000002d1e8       0x10 obj_cooja/mtype146.a(nbr-table.o)
 .data          0x000000000002d1f8        0x0 obj_cooja/mtype146.a(netstack.o)
 .data          0x000000000002d1f8        0x4 obj_cooja/mtype146.a(packetbuf.o)
 .data          0x000000000002d1fc       0x18 obj_cooja/mtype146.a(queuebuf.o)
 .data          0x000000000002d214        0x0 obj_cooja/mtype146.a(nullsec.o)
 .data          0x000000000002d214        0x0 obj_cooja/mtype146.a(watchdog.o)
 .data          0x000000000002d214        0x0 obj_cooja/mtype146.a(rimestats.o)
 .data          0x000000000002d214        0x0 obj_cooja/mtype146.a(stimer.o)
 .data          0x000000000002d214        0x0 obj_cooja/mtype146.a(memb.o)
 .data          0x000000000002d214       0x44 obj_cooja/mtype146.a(uip-ds6-route.o)
                0x000000000002d224                nbr_routes
 .data          0x000000000002d258       0x20 obj_cooja/mtype146.a(uip-icmp6.o)
 .data          0x000000000002d278        0x0 obj_cooja/mtype146.a(uip-nd6.o)
 .data          0x000000000002d278        0x0 obj_cooja/mtype146.a(uip-debug.o)
 .data          0x000000000002d278        0x0 obj_cooja/mtype146.a(rpl-nbr-policy.)
 .data          0x000000000002d278        0x2 obj_cooja/mtype146.a(frame802154.o)
 .data          0x000000000002d27a        0x0 obj_cooja/mtype146.a(mac-sequence.o)
 .data          0x000000000002d27a        0x0 obj_cooja/mtype146.a(mac.o)
 .data          0x000000000002d27a        0x0 /usr/lib/gcc/i686-linux-gnu/4.8/crtendS.o
 .data          0x000000000002d27a        0x0 /usr/lib/gcc/i686-linux-gnu/4.8/../../../i386-linux-gnu/crtn.o

.tm_clone_table
                0x000000000002d27c        0x0
 .tm_clone_table
                0x000000000002d27c        0x0 /usr/lib/gcc/i686-linux-gnu/4.8/crtbeginS.o
 .tm_clone_table
                0x000000000002d27c        0x0 /usr/lib/gcc/i686-linux-gnu/4.8/crtendS.o

.data1
 *(.data1)
                0x000000000002d27c                _edata = .
                0x000000000002d27c                PROVIDE (edata, .)
                0x000000000002d27c                . = .
                0x000000000002d27c                __bss_start = .

.bss            0x000000000002d280    0x10d88
 *(.dynbss)
 .dynbss        0x0000000000000000        0x0 /usr/lib/gcc/i686-linux-gnu/4.8/../../../i386-linux-gnu/crti.o
 *(.bss .bss.* .gnu.linkonce.b.*)
 .bss           0x000000000002d280        0x0 /usr/lib/gcc/i686-linux-gnu/4.8/../../../i386-linux-gnu/crti.o
 .bss           0x000000000002d280        0x1 /usr/lib/gcc/i686-linux-gnu/4.8/crtbeginS.o
 .bss           0x000000000002d281        0x0 log_test.co
 *fill*         0x000000000002d281       0x1f 
 .bss           0x000000000002d2a0     0x2030 obj_cooja/mtype146.o
 .bss           0x000000000002f2d0        0x1 obj_cooja/mtype146.a(simEnvChange.o)
                0x000000000002f2d0                simDontFallAsleep
 *fill*         0x000000000002f2d1        0x3 
 .bss           0x000000000002f2d4        0x4 obj_cooja/mtype146.a(cooja_mt.o)
 .bss           0x000000000002f2d8        0x4 obj_cooja/mtype146.a(cooja_mtarch.o)
 .bss           0x000000000002f2dc        0xc obj_cooja/mtype146.a(rtimer-arch.o)
 .bss           0x000000000002f2e8        0x0 obj_cooja/mtype146.a(beep.o)
 .bss           0x000000000002f2e8        0x8 obj_cooja/mtype146.a(button-sensor.o)
 .bss           0x000000000002f2f0        0x0 obj_cooja/mtype146.a(leds-arch.o)
 .bss           0x000000000002f2f0        0x0 obj_cooja/mtype146.a(moteid.o)
 .bss           0x000000000002f2f0        0x1 obj_cooja/mtype146.a(pir-sensor.o)
                0x000000000002f2f0                simPirValue
 *fill*         0x000000000002f2f1        0x3 
 .bss           0x000000000002f2f4        0x4 obj_cooja/mtype146.a(rs232.o)
 .bss           0x000000000002f2f8        0x1 obj_cooja/mtype146.a(vib-sensor.o)
                0x000000000002f2f8                simVibValue
 .bss           0x000000000002f2f9        0x0 obj_cooja/mtype146.a(clock.o)
 *fill*         0x000000000002f2f9        0x7 
 .bss           0x000000000002f300      0x420 obj_cooja/mtype146.a(log.o)
 .bss           0x000000000002f720      0xfc0 obj_cooja/mtype146.a(cfs-cooja.o)
                0x000000000002f720                simCFSData
                0x00000000000306c0                simCFSSize
                0x00000000000306c4                simCFSChanged
                0x00000000000306c8                simCFSRead
                0x00000000000306cc                simCFSWritten
 .bss           0x00000000000306e0       0x20 obj_cooja/mtype146.a(cooja-radio.o)
                0x00000000000306e0                simReceiving
                0x00000000000306e1                simReceivingLR
                0x00000000000306e4                simInSize
                0x00000000000306e8                simInSizeLR
                0x00000000000306ec                simOutSize
                0x00000000000306f0                simOutSizeLR
                0x00000000000306f4                LongRangeTransmit
                0x00000000000306f8                LongRangeReceiving
 .bss           0x0000000000030700        0xc obj_cooja/mtype146.a(eeprom.o)
                0x0000000000030700                simEEPROMChanged
                0x0000000000030704                simEEPROMRead
                0x0000000000030708                simEEPROMWritten
 .bss           0x000000000003070c        0x0 obj_cooja/mtype146.a(random.o)
 .bss           0x000000000003070c        0xc obj_cooja/mtype146.a(sensors.o)
 .bss           0x0000000000030718       0x38 obj_cooja/mtype146.a(dual_conf.o)
                0x0000000000030718                long_range_radio
 .bss           0x0000000000030750        0x0 obj_cooja/mtype146.a(autostart.o)
 .bss           0x0000000000030750        0x5 obj_cooja/mtype146.a(ctimer.o)
 *fill*         0x0000000000030755        0x3 
 .bss           0x0000000000030758        0x8 obj_cooja/mtype146.a(etimer.o)
 .bss           0x0000000000030760        0x0 obj_cooja/mtype146.a(log_message.o)
 .bss           0x0000000000030760      0x1b1 obj_cooja/mtype146.a(process.o)
                0x0000000000030760                process_list
                0x0000000000030764                process_current
 *fill*         0x0000000000030911        0x3 
 .bss           0x0000000000030914        0x4 obj_cooja/mtype146.a(rtimer.o)
 .bss           0x0000000000030918        0x0 obj_cooja/mtype146.a(timer.o)
 *fill*         0x0000000000030918        0x8 
 .bss           0x0000000000030920      0x140 obj_cooja/mtype146.a(serial-line.o)
 .bss           0x0000000000030a60        0x0 obj_cooja/mtype146.a(list.o)
 .bss           0x0000000000030a60        0x0 obj_cooja/mtype146.a(ringbuf.o)
 .bss           0x0000000000030a60      0x70c obj_cooja/mtype146.a(sicslowpan.o)
 *fill*         0x000000000003116c       0x14 
 .bss           0x0000000000031180     0x1c20 obj_cooja/mtype146.a(uip-ds6-nbr.o)
 .bss           0x0000000000032da0       0x30 obj_cooja/mtype146.a(uip-ds6.o)
 .bss           0x0000000000032dd0        0xe obj_cooja/mtype146.a(uip6.o)
                0x0000000000032dd0                uip_ext_bitmap
                0x0000000000032dd1                uip_ext_len
                0x0000000000032dd2                uip_ext_opt_offset
 *fill*         0x0000000000032dde        0x2 
 .bss           0x0000000000032de0       0x6a obj_cooja/mtype146.a(tcpip.o)
 *fill*         0x0000000000032e4a       0x16 
 .bss           0x0000000000032e60      0xcf8 obj_cooja/mtype146.a(uip-packetqueue)
 *fill*         0x0000000000033b58        0x8 
 .bss           0x0000000000033b60     0x13ec obj_cooja/mtype146.a(rpl-dag.o)
 .bss           0x0000000000034f4c        0x0 obj_cooja/mtype146.a(rpl-ext-header.)
 .bss           0x0000000000034f4c        0x0 obj_cooja/mtype146.a(rpl-icmp6.o)
 .bss           0x0000000000034f4c        0x0 obj_cooja/mtype146.a(rpl-ltmax-of.o)
 *fill*         0x0000000000034f4c       0x14 
 .bss           0x0000000000034f60       0x23 obj_cooja/mtype146.a(rpl-timers.o)
 *fill*         0x0000000000034f83        0x1 
 .bss           0x0000000000034f84        0x4 obj_cooja/mtype146.a(rpl.o)
 .bss           0x0000000000034f88        0x2 obj_cooja/mtype146.a(framer-802154.o)
 .bss           0x0000000000034f8a        0x0 obj_cooja/mtype146.a(nullmac.o)
 .bss           0x0000000000034f8a        0x0 obj_cooja/mtype146.a(nullrdc.o)
 .bss           0x0000000000034f8a        0x0 obj_cooja/mtype146.a(linkaddr.o)
 *fill*         0x0000000000034f8a       0x16 
 .bss           0x0000000000034fa0     0x1214 obj_cooja/mtype146.a(nbr-table.o)
 .bss           0x00000000000361b4        0x0 obj_cooja/mtype146.a(netstack.o)
 *fill*         0x00000000000361b4        0xc 
 .bss           0x00000000000361c0       0xa0 obj_cooja/mtype146.a(packetbuf.o)
 .bss           0x0000000000036260      0xb80 obj_cooja/mtype146.a(queuebuf.o)
 .bss           0x0000000000036de0        0x0 obj_cooja/mtype146.a(nullsec.o)
 .bss           0x0000000000036de0        0x0 obj_cooja/mtype146.a(watchdog.o)
 .bss           0x0000000000036de0        0x0 obj_cooja/mtype146.a(rimestats.o)
 .bss           0x0000000000036de0        0x0 obj_cooja/mtype146.a(stimer.o)
 .bss           0x0000000000036de0        0x0 obj_cooja/mtype146.a(memb.o)
 .bss           0x0000000000036de0     0x44a8 obj_cooja/mtype146.a(uip-ds6-route.o)
 .bss           0x000000000003b288       0x18 obj_cooja/mtype146.a(uip-icmp6.o)
 .bss           0x000000000003b2a0        0x0 obj_cooja/mtype146.a(uip-nd6.o)
 .bss           0x000000000003b2a0        0x0 obj_cooja/mtype146.a(uip-debug.o)
 .bss           0x000000000003b2a0       0x44 obj_cooja/mtype146.a(rpl-nbr-policy.)
 .bss           0x000000000003b2e4        0x0 obj_cooja/mtype146.a(frame802154.o)
 *fill*         0x000000000003b2e4       0x1c 
 .bss           0x000000000003b300       0x90 obj_cooja/mtype146.a(mac-sequence.o)
 .bss           0x000000000003b390        0x0 obj_cooja/mtype146.a(mac.o)
 .bss           0x000000000003b390        0x0 /usr/lib/gcc/i686-linux-gnu/4.8/crtendS.o
 .bss           0x000000000003b390        0x0 /usr/lib/gcc/i686-linux-gnu/4.8/../../../i386-linux-gnu/crtn.o
 *(COMMON)
 COMMON         0x000000000003b390       0x24 obj_cooja/mtype146.o
                0x000000000003b390                COOJA_radioRxLong
                0x000000000003b394                COOJA_radioTx
                0x000000000003b398                referenceVar
                0x000000000003b39c                COOJA_radioTxLong
                0x000000000003b3a0                COOJA_radioRx
                0x000000000003b3a4                COOJA_radioOn
                0x000000000003b3a8                COOJA_duration
                0x000000000003b3ac                COOJA_radioOnLong
                0x000000000003b3b0                sensors_flags
 COMMON         0x000000000003b3b4        0xc obj_cooja/mtype146.a(simEnvChange.o)
                0x000000000003b3b4                simEtimerPending
                0x000000000003b3b8                simProcessRunValue
                0x000000000003b3bc                simNextExpirationTime
 COMMON         0x000000000003b3c0        0x1 obj_cooja/mtype146.a(beep.o)
                0x000000000003b3c0                simBeeped
 COMMON         0x000000000003b3c1        0x3 obj_cooja/mtype146.a(button-sensor.o)
                0x000000000003b3c1                simButtonIsActive
                0x000000000003b3c2                simButtonIsDown
                0x000000000003b3c3                simButtonChanged
 COMMON         0x000000000003b3c4        0x1 obj_cooja/mtype146.a(leds-arch.o)
                0x000000000003b3c4                simLedsValue
 *fill*         0x000000000003b3c5        0x3 
 COMMON         0x000000000003b3c8        0xc obj_cooja/mtype146.a(moteid.o)
                0x000000000003b3c8                simRandomSeed
                0x000000000003b3cc                simMoteIDChanged
                0x000000000003b3d0                simMoteID
 COMMON         0x000000000003b3d4        0x2 obj_cooja/mtype146.a(pir-sensor.o)
                0x000000000003b3d4                simPirIsActive
                0x000000000003b3d5                simPirChanged
 *fill*         0x000000000003b3d6        0xa 
 COMMON         0x000000000003b3e0      0x820 obj_cooja/mtype146.a(rs232.o)
                0x000000000003b3e0                simSerialReceivingFlag
                0x000000000003b3e4                simSerialReceivingLength
                0x000000000003b400                simSerialReceivingData
 COMMON         0x000000000003bc00        0x2 obj_cooja/mtype146.a(vib-sensor.o)
                0x000000000003bc00                simVibChanged
                0x000000000003bc01                simVibIsActive
 *fill*         0x000000000003bc02        0x2 
 COMMON         0x000000000003bc04        0x4 obj_cooja/mtype146.a(clock.o)
                0x000000000003bc04                simCurrentTime
 *fill*         0x000000000003bc08       0x18 
 COMMON         0x000000000003bc20      0x420 obj_cooja/mtype146.a(log.o)
                0x000000000003bc20                simLoggedLength
                0x000000000003bc24                simLoggedFlag
                0x000000000003bc40                simLoggedData
 COMMON         0x000000000003c040      0x220 obj_cooja/mtype146.a(cooja-radio.o)
                0x000000000003c040                my_weight
                0x000000000003c060                simOutDataBuffer
                0x000000000003c0e0                simInDataBufferLR
                0x000000000003c160                simOutDataBufferLR
                0x000000000003c1e0                simInDataBuffer
 COMMON         0x000000000003c260      0x400 obj_cooja/mtype146.a(eeprom.o)
                0x000000000003c260                simEEPROMData
 COMMON         0x000000000003c660        0x1 obj_cooja/mtype146.a(sensors.o)
                0x000000000003c660                sensors_event
 *fill*         0x000000000003c661        0x3 
 COMMON         0x000000000003c664        0x4 obj_cooja/mtype146.a(log_message.o)
                0x000000000003c664                log_fp
 COMMON         0x000000000003c668        0x1 obj_cooja/mtype146.a(serial-line.o)
                0x000000000003c668                serial_line_event_message
 *fill*         0x000000000003c669       0x17 
 COMMON         0x000000000003c680      0xbb8 obj_cooja/mtype146.a(uip-ds6-nbr.o)
                0x000000000003c680                ds6_lr_addrmap
 *fill*         0x000000000003d238        0x8 
 COMMON         0x000000000003d240      0x298 obj_cooja/mtype146.a(uip-ds6.o)
                0x000000000003d240                uip_ds6_prefix_list
                0x000000000003d2a0                uip_ds6_timer_periodic
                0x000000000003d2b0                uip_ds6_netif_addr_list_offset
                0x000000000003d2c0                uip_ds6_if
                0x000000000003d3b8                uip_ds6_timer_ra
                0x000000000003d3c0                uip_ds6_addr_size
                0x000000000003d3e0                long_uip_ds6_if
 *fill*         0x000000000003d4d8        0x8 
 COMMON         0x000000000003d4e0      0x8ec obj_cooja/mtype146.a(uip6.o)
                0x000000000003d4e0                uip_slen
                0x000000000003d4e2                uip_acc32
                0x000000000003d500                uip_conns
                0x000000000003d5c0                uip_lladdr
                0x000000000003d5c8                uip_appdata
                0x000000000003d5cc                uip_flags
                0x000000000003d5e0                uip_aligned_buf
                0x000000000003dc20                uip_listenports
                0x000000000003dc30                uip_len
                0x000000000003dc32                uip_long_lladdr
                0x000000000003dc3c                uip_sappdata
                0x000000000003dc40                uip_udp_conns
                0x000000000003ddc0                uip_udp_conn
                0x000000000003ddc4                uip_next_hdr
                0x000000000003ddc8                uip_conn
 COMMON         0x000000000003ddcc        0x1 obj_cooja/mtype146.a(tcpip.o)
                0x000000000003ddcc                tcpip_event
 *fill*         0x000000000003ddcd       0x13 
 COMMON         0x000000000003dde0      0x198 obj_cooja/mtype146.a(rpl-dag.o)
                0x000000000003dde0                default_instance
                0x000000000003de00                instance_table
 COMMON         0x000000000003df78       0x10 obj_cooja/mtype146.a(linkaddr.o)
                0x000000000003df78                linkaddr_node_addr
                0x000000000003df80                long_linkaddr_node_addr
 COMMON         0x000000000003df88       0x2e obj_cooja/mtype146.a(packetbuf.o)
                0x000000000003df88                packetbuf_attrs
                0x000000000003dfa6                packetbuf_addrs
 *fill*         0x000000000003dfb6        0xa 
 COMMON         0x000000000003dfc0       0x48 obj_cooja/mtype146.a(rimestats.o)
                0x000000000003dfc0                rimestats
                0x000000000003e008                . = ALIGN ((. != 0x0)?0x4:0x1)
                0x000000000003e008                . = ALIGN (0x4)
                0x000000000003e008                . = SEGMENT_START ("ldata-segment", .)
                0x000000000003e008                . = ALIGN (0x4)
                0x000000000003e008                _end = .
                0x000000000003e008                PROVIDE (end, .)
                0x000000000003e008                . = DATA_SEGMENT_END (.)

.stab
 *(.stab)

.stabstr
 *(.stabstr)

.stab.excl
 *(.stab.excl)

.stab.exclstr
 *(.stab.exclstr)

.stab.index
 *(.stab.index)

.stab.indexstr
 *(.stab.indexstr)

.comment        0x0000000000000000       0x2b
 *(.comment)
 .comment       0x0000000000000000       0x2b /usr/lib/gcc/i686-linux-gnu/4.8/crtbeginS.o
                                         0x2c (size before relaxing)
 .comment       0x0000000000000000       0x2c log_test.co
 .comment       0x0000000000000000       0x2c obj_cooja/mtype146.o
 .comment       0x0000000000000000       0x2c obj_cooja/mtype146.a(simEnvChange.o)
 .comment       0x0000000000000000       0x2c obj_cooja/mtype146.a(cooja_mt.o)
 .comment       0x0000000000000000       0x2c obj_cooja/mtype146.a(cooja_mtarch.o)
 .comment       0x0000000000000000       0x2c obj_cooja/mtype146.a(rtimer-arch.o)
 .comment       0x0000000000000000       0x2c obj_cooja/mtype146.a(beep.o)
 .comment       0x0000000000000000       0x2c obj_cooja/mtype146.a(button-sensor.o)
 .comment       0x0000000000000000       0x2c obj_cooja/mtype146.a(leds-arch.o)
 .comment       0x0000000000000000       0x2c obj_cooja/mtype146.a(moteid.o)
 .comment       0x0000000000000000       0x2c obj_cooja/mtype146.a(pir-sensor.o)
 .comment       0x0000000000000000       0x2c obj_cooja/mtype146.a(rs232.o)
 .comment       0x0000000000000000       0x2c obj_cooja/mtype146.a(vib-sensor.o)
 .comment       0x0000000000000000       0x2c obj_cooja/mtype146.a(clock.o)
 .comment       0x0000000000000000       0x2c obj_cooja/mtype146.a(log.o)
 .comment       0x0000000000000000       0x2c obj_cooja/mtype146.a(cfs-cooja.o)
 .comment       0x0000000000000000       0x2c obj_cooja/mtype146.a(cooja-radio.o)
 .comment       0x0000000000000000       0x2c obj_cooja/mtype146.a(eeprom.o)
 .comment       0x0000000000000000       0x2c obj_cooja/mtype146.a(random.o)
 .comment       0x0000000000000000       0x2c obj_cooja/mtype146.a(sensors.o)
 .comment       0x0000000000000000       0x2c obj_cooja/mtype146.a(dual_conf.o)
 .comment       0x0000000000000000       0x2c obj_cooja/mtype146.a(autostart.o)
 .comment       0x0000000000000000       0x2c obj_cooja/mtype146.a(ctimer.o)
 .comment       0x0000000000000000       0x2c obj_cooja/mtype146.a(etimer.o)
 .comment       0x0000000000000000       0x2c obj_cooja/mtype146.a(log_message.o)
 .comment       0x0000000000000000       0x2c obj_cooja/mtype146.a(process.o)
 .comment       0x0000000000000000       0x2c obj_cooja/mtype146.a(rtimer.o)
 .comment       0x0000000000000000       0x2c obj_cooja/mtype146.a(timer.o)
 .comment       0x0000000000000000       0x2c obj_cooja/mtype146.a(serial-line.o)
 .comment       0x0000000000000000       0x2c obj_cooja/mtype146.a(list.o)
 .comment       0x0000000000000000       0x2c obj_cooja/mtype146.a(ringbuf.o)
 .comment       0x0000000000000000       0x2c obj_cooja/mtype146.a(sicslowpan.o)
 .comment       0x0000000000000000       0x2c obj_cooja/mtype146.a(uip-ds6-nbr.o)
 .comment       0x0000000000000000       0x2c obj_cooja/mtype146.a(uip-ds6.o)
 .comment       0x0000000000000000       0x2c obj_cooja/mtype146.a(uip6.o)
 .comment       0x0000000000000000       0x2c obj_cooja/mtype146.a(tcpip.o)
 .comment       0x0000000000000000       0x2c obj_cooja/mtype146.a(uip-packetqueue)
 .comment       0x0000000000000000       0x2c obj_cooja/mtype146.a(rpl-dag.o)
 .comment       0x0000000000000000       0x2c obj_cooja/mtype146.a(rpl-ext-header.)
 .comment       0x0000000000000000       0x2c obj_cooja/mtype146.a(rpl-icmp6.o)
 .comment       0x0000000000000000       0x2c obj_cooja/mtype146.a(rpl-ltmax-of.o)
 .comment       0x0000000000000000       0x2c obj_cooja/mtype146.a(rpl-timers.o)
 .comment       0x0000000000000000       0x2c obj_cooja/mtype146.a(rpl.o)
 .comment       0x0000000000000000       0x2c obj_cooja/mtype146.a(framer-802154.o)
 .comment       0x0000000000000000       0x2c obj_cooja/mtype146.a(nullmac.o)
 .comment       0x0000000000000000       0x2c obj_cooja/mtype146.a(nullrdc.o)
 .comment       0x0000000000000000       0x2c obj_cooja/mtype146.a(linkaddr.o)
 .comment       0x0000000000000000       0x2c obj_cooja/mtype146.a(nbr-table.o)
 .comment       0x0000000000000000       0x2c obj_cooja/mtype146.a(netstack.o)
 .comment       0x0000000000000000       0x2c obj_cooja/mtype146.a(packetbuf.o)
 .comment       0x0000000000000000       0x2c obj_cooja/mtype146.a(queuebuf.o)
 .comment       0x0000000000000000       0x2c obj_cooja/mtype146.a(nullsec.o)
 .comment       0x0000000000000000       0x2c obj_cooja/mtype146.a(watchdog.o)
 .comment       0x0000000000000000       0x2c obj_cooja/mtype146.a(rimestats.o)
 .comment       0x0000000000000000       0x2c obj_cooja/mtype146.a(stimer.o)
 .comment       0x0000000000000000       0x2c obj_cooja/mtype146.a(memb.o)
 .comment       0x0000000000000000       0x2c obj_cooja/mtype146.a(uip-ds6-route.o)
 .comment       0x0000000000000000       0x2c obj_cooja/mtype146.a(uip-icmp6.o)
 .comment       0x0000000000000000       0x2c obj_cooja/mtype146.a(uip-nd6.o)
 .comment       0x0000000000000000       0x2c obj_cooja/mtype146.a(uip-debug.o)
 .comment       0x0000000000000000       0x2c obj_cooja/mtype146.a(rpl-nbr-policy.)
 .comment       0x0000000000000000       0x2c obj_cooja/mtype146.a(frame802154.o)
 .comment       0x0000000000000000       0x2c obj_cooja/mtype146.a(mac-sequence.o)
 .comment       0x0000000000000000       0x2c obj_cooja/mtype146.a(mac.o)
 .comment       0x0000000000000000       0x2c /usr/lib/gcc/i686-linux-gnu/4.8/crtendS.o

.debug
 *(.debug)

.line
 *(.line)

.debug_srcinfo
 *(.debug_srcinfo)

.debug_sfnames
 *(.debug_sfnames)

.debug_aranges  0x0000000000000000      0x7f8
 *(.debug_aranges)
 .debug_aranges
                0x0000000000000000       0x20 log_test.co
 .debug_aranges
                0x0000000000000020       0x20 obj_cooja/mtype146.o
 .debug_aranges
                0x0000000000000040       0x20 obj_cooja/mtype146.a(simEnvChange.o)
 .debug_aranges
                0x0000000000000060       0x20 obj_cooja/mtype146.a(cooja_mt.o)
 .debug_aranges
                0x0000000000000080       0x20 obj_cooja/mtype146.a(cooja_mtarch.o)
 .debug_aranges
                0x00000000000000a0       0x20 obj_cooja/mtype146.a(rtimer-arch.o)
 .debug_aranges
                0x00000000000000c0       0x20 obj_cooja/mtype146.a(beep.o)
 .debug_aranges
                0x00000000000000e0       0x20 obj_cooja/mtype146.a(button-sensor.o)
 .debug_aranges
                0x0000000000000100       0x20 obj_cooja/mtype146.a(leds-arch.o)
 .debug_aranges
                0x0000000000000120       0x20 obj_cooja/mtype146.a(moteid.o)
 .debug_aranges
                0x0000000000000140       0x20 obj_cooja/mtype146.a(pir-sensor.o)
 .debug_aranges
                0x0000000000000160       0x20 obj_cooja/mtype146.a(rs232.o)
 .debug_aranges
                0x0000000000000180       0x20 obj_cooja/mtype146.a(vib-sensor.o)
 .debug_aranges
                0x00000000000001a0       0x20 obj_cooja/mtype146.a(clock.o)
 .debug_aranges
                0x00000000000001c0       0x20 obj_cooja/mtype146.a(log.o)
 .debug_aranges
                0x00000000000001e0       0x20 obj_cooja/mtype146.a(cfs-cooja.o)
 .debug_aranges
                0x0000000000000200       0x20 obj_cooja/mtype146.a(cooja-radio.o)
 .debug_aranges
                0x0000000000000220       0x20 obj_cooja/mtype146.a(eeprom.o)
 .debug_aranges
                0x0000000000000240       0x20 obj_cooja/mtype146.a(random.o)
 .debug_aranges
                0x0000000000000260       0x20 obj_cooja/mtype146.a(sensors.o)
 .debug_aranges
                0x0000000000000280       0x20 obj_cooja/mtype146.a(dual_conf.o)
 .debug_aranges
                0x00000000000002a0       0x20 obj_cooja/mtype146.a(autostart.o)
 .debug_aranges
                0x00000000000002c0       0x20 obj_cooja/mtype146.a(ctimer.o)
 .debug_aranges
                0x00000000000002e0       0x20 obj_cooja/mtype146.a(etimer.o)
 .debug_aranges
                0x0000000000000300       0x20 obj_cooja/mtype146.a(log_message.o)
 .debug_aranges
                0x0000000000000320       0x20 obj_cooja/mtype146.a(process.o)
 .debug_aranges
                0x0000000000000340       0x20 obj_cooja/mtype146.a(rtimer.o)
 .debug_aranges
                0x0000000000000360       0x20 obj_cooja/mtype146.a(timer.o)
 .debug_aranges
                0x0000000000000380       0x20 obj_cooja/mtype146.a(serial-line.o)
 .debug_aranges
                0x00000000000003a0       0x20 obj_cooja/mtype146.a(list.o)
 .debug_aranges
                0x00000000000003c0       0x20 obj_cooja/mtype146.a(ringbuf.o)
 .debug_aranges
                0x00000000000003e0       0x20 obj_cooja/mtype146.a(sicslowpan.o)
 .debug_aranges
                0x0000000000000400       0x20 obj_cooja/mtype146.a(uip-ds6-nbr.o)
 .debug_aranges
                0x0000000000000420       0x20 obj_cooja/mtype146.a(uip-ds6.o)
 .debug_aranges
                0x0000000000000440       0x20 obj_cooja/mtype146.a(uip6.o)
 .debug_aranges
                0x0000000000000460       0x20 obj_cooja/mtype146.a(tcpip.o)
 .debug_aranges
                0x0000000000000480       0x20 obj_cooja/mtype146.a(uip-packetqueue)
 .debug_aranges
                0x00000000000004a0       0x20 obj_cooja/mtype146.a(rpl-dag.o)
 .debug_aranges
                0x00000000000004c0       0x20 obj_cooja/mtype146.a(rpl-ext-header.)
 .debug_aranges
                0x00000000000004e0       0x20 obj_cooja/mtype146.a(rpl-icmp6.o)
 .debug_aranges
                0x0000000000000500       0x20 obj_cooja/mtype146.a(rpl-ltmax-of.o)
 .debug_aranges
                0x0000000000000520       0x20 obj_cooja/mtype146.a(rpl-timers.o)
 .debug_aranges
                0x0000000000000540       0x20 obj_cooja/mtype146.a(rpl.o)
 .debug_aranges
                0x0000000000000560       0x20 obj_cooja/mtype146.a(framer-802154.o)
 .debug_aranges
                0x0000000000000580       0x20 obj_cooja/mtype146.a(nullmac.o)
 .debug_aranges
                0x00000000000005a0       0x20 obj_cooja/mtype146.a(nullrdc.o)
 .debug_aranges
                0x00000000000005c0       0x20 obj_cooja/mtype146.a(linkaddr.o)
 .debug_aranges
                0x00000000000005e0       0x20 obj_cooja/mtype146.a(nbr-table.o)
 .debug_aranges
                0x0000000000000600       0x20 obj_cooja/mtype146.a(netstack.o)
 .debug_aranges
                0x0000000000000620       0x20 obj_cooja/mtype146.a(packetbuf.o)
 .debug_aranges
                0x0000000000000640       0x20 obj_cooja/mtype146.a(queuebuf.o)
 .debug_aranges
                0x0000000000000660       0x20 obj_cooja/mtype146.a(nullsec.o)
 .debug_aranges
                0x0000000000000680       0x20 obj_cooja/mtype146.a(watchdog.o)
 .debug_aranges
                0x00000000000006a0       0x18 obj_cooja/mtype146.a(rimestats.o)
 .debug_aranges
                0x00000000000006b8       0x20 obj_cooja/mtype146.a(stimer.o)
 .debug_aranges
                0x00000000000006d8       0x20 obj_cooja/mtype146.a(memb.o)
 .debug_aranges
                0x00000000000006f8       0x20 obj_cooja/mtype146.a(uip-ds6-route.o)
 .debug_aranges
                0x0000000000000718       0x20 obj_cooja/mtype146.a(uip-icmp6.o)
 .debug_aranges
                0x0000000000000738       0x20 obj_cooja/mtype146.a(uip-nd6.o)
 .debug_aranges
                0x0000000000000758       0x20 obj_cooja/mtype146.a(uip-debug.o)
 .debug_aranges
                0x0000000000000778       0x20 obj_cooja/mtype146.a(rpl-nbr-policy.)
 .debug_aranges
                0x0000000000000798       0x20 obj_cooja/mtype146.a(frame802154.o)
 .debug_aranges
                0x00000000000007b8       0x20 obj_cooja/mtype146.a(mac-sequence.o)
 .debug_aranges
                0x00000000000007d8       0x20 obj_cooja/mtype146.a(mac.o)

.debug_pubnames
 *(.debug_pubnames)

.debug_info     0x0000000000000000    0x1b330
 *(.debug_info .gnu.linkonce.wi.*)
 .debug_info    0x0000000000000000      0x1d7 log_test.co
 .debug_info    0x00000000000001d7     0x37fe obj_cooja/mtype146.o
 .debug_info    0x00000000000039d5      0x15a obj_cooja/mtype146.a(simEnvChange.o)
 .debug_info    0x0000000000003b2f      0x1e2 obj_cooja/mtype146.a(cooja_mt.o)
 .debug_info    0x0000000000003d11      0x2e7 obj_cooja/mtype146.a(cooja_mtarch.o)
 .debug_info    0x0000000000003ff8      0x16b obj_cooja/mtype146.a(rtimer-arch.o)
 .debug_info    0x0000000000004163      0x1f3 obj_cooja/mtype146.a(beep.o)
 .debug_info    0x0000000000004356      0x257 obj_cooja/mtype146.a(button-sensor.o)
 .debug_info    0x00000000000045ad      0x132 obj_cooja/mtype146.a(leds-arch.o)
 .debug_info    0x00000000000046df      0x10a obj_cooja/mtype146.a(moteid.o)
 .debug_info    0x00000000000047e9      0x216 obj_cooja/mtype146.a(pir-sensor.o)
 .debug_info    0x00000000000049ff      0x21e obj_cooja/mtype146.a(rs232.o)
 .debug_info    0x0000000000004c1d      0x216 obj_cooja/mtype146.a(vib-sensor.o)
 .debug_info    0x0000000000004e33      0x152 obj_cooja/mtype146.a(clock.o)
 .debug_info    0x0000000000004f85      0x2bb obj_cooja/mtype146.a(log.o)
 .debug_info    0x0000000000005240      0x3cf obj_cooja/mtype146.a(cfs-cooja.o)
 .debug_info    0x000000000000560f      0xcc9 obj_cooja/mtype146.a(cooja-radio.o)
 .debug_info    0x00000000000062d8      0x1d5 obj_cooja/mtype146.a(eeprom.o)
 .debug_info    0x00000000000064ad       0xb3 obj_cooja/mtype146.a(random.o)
 .debug_info    0x0000000000006560      0x36d obj_cooja/mtype146.a(sensors.o)
 .debug_info    0x00000000000068cd      0xa9b obj_cooja/mtype146.a(dual_conf.o)
 .debug_info    0x0000000000007368      0x1a5 obj_cooja/mtype146.a(autostart.o)
 .debug_info    0x000000000000750d      0x46c obj_cooja/mtype146.a(ctimer.o)
 .debug_info    0x0000000000007979      0x49c obj_cooja/mtype146.a(etimer.o)
 .debug_info    0x0000000000007e15      0x2dc obj_cooja/mtype146.a(log_message.o)
 .debug_info    0x00000000000080f1      0x4ba obj_cooja/mtype146.a(process.o)
 .debug_info    0x00000000000085ab      0x1ab obj_cooja/mtype146.a(rtimer.o)
 .debug_info    0x0000000000008756      0x16c obj_cooja/mtype146.a(timer.o)
 .debug_info    0x00000000000088c2      0x2de obj_cooja/mtype146.a(serial-line.o)
 .debug_info    0x0000000000008ba0      0x2ed obj_cooja/mtype146.a(list.o)
 .debug_info    0x0000000000008e8d      0x1aa obj_cooja/mtype146.a(ringbuf.o)
 .debug_info    0x0000000000009037     0x105e obj_cooja/mtype146.a(sicslowpan.o)
 .debug_info    0x000000000000a095      0x8c9 obj_cooja/mtype146.a(uip-ds6-nbr.o)
 .debug_info    0x000000000000a95e      0xc2a obj_cooja/mtype146.a(uip-ds6.o)
 .debug_info    0x000000000000b588      0xeb1 obj_cooja/mtype146.a(uip6.o)
 .debug_info    0x000000000000c439     0x150e obj_cooja/mtype146.a(tcpip.o)
 .debug_info    0x000000000000d947      0x470 obj_cooja/mtype146.a(uip-packetqueue)
 .debug_info    0x000000000000ddb7     0x1bd7 obj_cooja/mtype146.a(rpl-dag.o)
 .debug_info    0x000000000000f98e      0xe85 obj_cooja/mtype146.a(rpl-ext-header.)
 .debug_info    0x0000000000010813     0x1a35 obj_cooja/mtype146.a(rpl-icmp6.o)
 .debug_info    0x0000000000012248      0xb60 obj_cooja/mtype146.a(rpl-ltmax-of.o)
 .debug_info    0x0000000000012da8      0xd31 obj_cooja/mtype146.a(rpl-timers.o)
 .debug_info    0x0000000000013ad9      0xd38 obj_cooja/mtype146.a(rpl.o)
 .debug_info    0x0000000000014811      0x5ed obj_cooja/mtype146.a(framer-802154.o)
 .debug_info    0x0000000000014dfe      0x3d5 obj_cooja/mtype146.a(nullmac.o)
 .debug_info    0x00000000000151d3      0xc7e obj_cooja/mtype146.a(nullrdc.o)
 .debug_info    0x0000000000015e51      0x198 obj_cooja/mtype146.a(linkaddr.o)
 .debug_info    0x0000000000015fe9      0x9d8 obj_cooja/mtype146.a(nbr-table.o)