Archive member included because of file (symbol)

contiki-z1.a(contiki-z1-plat)
                              obj_z1/contiki-z1-main.o (init_platform)
contiki-z1.a(msp430.o)        obj_z1/contiki-z1-main.o (splhigh_)
contiki-z1.a(leds.o)          obj_z1/contiki-z1-main.o (leds_init)
contiki-z1.a(watchdog.o)      obj_z1/contiki-z1-main.o (watchdog_start)
contiki-z1.a(xmem.o)          obj_z1/contiki-z1-main.o (xmem_init)
contiki-z1.a(spi.o)           contiki-z1.a(xmem.o) (spi_init)
contiki-z1.a(cc2420.o)        obj_z1/contiki-z1-main.o (cc2420_set_pan_addr)
contiki-z1.a(cc2420-arch.o)   contiki-z1.a(cc2420.o) (cc2420_arch_init)
contiki-z1.a(node-id.o)       obj_z1/contiki-z1-main.o (node_id_restore)
contiki-z1.a(sensors.o)       contiki-z1.a(contiki-z1-plat) (sensors_process)
contiki-z1.a(button-sensor.o)
                              obj_z1/contiki-z1-main.o (button_sensor)
contiki-z1.a(uart0.o)         obj_z1/contiki-z1-main.o (uart0_active)
contiki-z1.a(uart0-putchar.o)
                              obj_z1/contiki-z1-main.o (putchar)
contiki-z1.a(cc1200.o)        obj_z1/contiki-z1-main.o (cc1200_init)
contiki-z1.a(cc1200-802154g-)
                              contiki-z1.a(cc1200.o) (cc1200_802154g_863_870_fsk_50kbps)
contiki-z1.a(cc1200-z1-arch.)
                              contiki-z1.a(cc1200.o) (cc1200_arch_spi_select)
contiki-z1.a(adxl345.o)       obj_z1/contiki-z1-main.o (accm_init)
contiki-z1.a(dual_radio.o)    example-longrange-unicast.co (long_range_radio)
contiki-z1.a(clock.o)         obj_z1/contiki-z1-main.o (clock_init)
contiki-z1.a(leds-arch.o)     contiki-z1.a(leds.o) (leds_arch_init)
contiki-z1.a(rtimer-arch.o)   obj_z1/contiki-z1-main.o (rtimer_arch_now)
contiki-z1.a(autostart.o)     obj_z1/contiki-z1-main.o (autostart_start)
contiki-z1.a(energest.o)      obj_z1/contiki-z1-main.o (energest_init)
contiki-z1.a(etimer.o)        contiki-z1.a(clock.o) (etimer_request_poll)
contiki-z1.a(ctimer.o)        obj_z1/contiki-z1-main.o (ctimer_init)
contiki-z1.a(process.o)       contiki-z1.a(etimer.o) (process_current)
contiki-z1.a(rtimer.o)        obj_z1/contiki-z1-main.o (rtimer_init)
contiki-z1.a(timer.o)         contiki-z1.a(button-sensor.o) (timer_set)
contiki-z1.a(serial-line.o)   obj_z1/contiki-z1-main.o (serial_line_input_byte)
contiki-z1.a(ringbuf.o)       contiki-z1.a(serial-line.o) (ringbuf_init)
contiki-z1.a(list.o)          contiki-z1.a(ctimer.o) (list_init)
contiki-z1.a(random.o)        obj_z1/contiki-z1-main.o (random_init)
contiki-z1.a(rime.o)          obj_z1/contiki-z1-main.o (rime_driver)
contiki-z1.a(broadcast-annou)
                              contiki-z1.a(rime.o) (broadcast_announcement_init)
contiki-z1.a(announcement.o)  contiki-z1.a(rime.o) (announcement_init)
contiki-z1.a(chameleon.o)     contiki-z1.a(rime.o) (chameleon_init)
contiki-z1.a(channel.o)       contiki-z1.a(chameleon.o) (channel_init)
contiki-z1.a(broadcast.o)     contiki-z1.a(broadcast-annou) (broadcast_open)
contiki-z1.a(unicast.o)       example-longrange-unicast.co (unicast_open)
contiki-z1.a(abc.o)           contiki-z1.a(broadcast.o) (abc_open)
contiki-z1.a(queuebuf.o)      contiki-z1.a(rime.o) (queuebuf_init)
contiki-z1.a(packetbuf.o)     contiki-z1.a(cc2420.o) (packetbuf_set_datalen)
contiki-z1.a(linkaddr.o)      obj_z1/contiki-z1-main.o (linkaddr_copy)
contiki-z1.a(nullmac.o)       obj_z1/contiki-z1-main.o (nullmac_driver)
contiki-z1.a(frame802154.o)   contiki-z1.a(cc1200.o) (frame802154_parse)
contiki-z1.a(nullrdc.o)       obj_z1/contiki-z1-main.o (nullrdc_driver)
contiki-z1.a(contikimac-fram)
                              contiki-z1.a(nullrdc.o) (contikimac_framer)
contiki-z1.a(nullsec.o)       contiki-z1.a(rime.o) (nullsec_driver)
contiki-z1.a(i2cmaster.o)     contiki-z1.a(adxl345.o) (i2c_receiveinit)
contiki-z1.a(memb.o)          contiki-z1.a(queuebuf.o) (memb_init)
contiki-z1.a(chameleon-bitop)
                              contiki-z1.a(chameleon.o) (chameleon_bitopt)
contiki-z1.a(framer-802154.o)
                              contiki-z1.a(contikimac-fram) (framer_802154)
contiki-z1.a(mac.o)           contiki-z1.a(nullrdc.o) (mac_call_sent_callback)
/opt/msp430-47-expr/bin/../lib/gcc/msp430/4.7.0/mcpu-430x/mmpy-16/msr20/mc20/libgcc.a(_udivmod16.o)
                              contiki-z1.a(cc1200-z1-arch.) (__udivhi3)
/opt/msp430-47-expr/bin/../lib/gcc/msp430/4.7.0/mcpu-430x/mmpy-16/msr20/mc20/libgcc.a(_udivmod32.o)
                              obj_z1/contiki-z1-main.o (__udivsi3)
/opt/msp430-47-expr/bin/../lib/gcc/msp430/4.7.0/../../../../msp430/lib/mcpu-430x/mmpy-16/msr20/mc20/libc.a(printf.o)
                              example-longrange-unicast.co (printf)
/opt/msp430-47-expr/bin/../lib/gcc/msp430/4.7.0/../../../../msp430/lib/mcpu-430x/mmpy-16/msr20/mc20/libc.a(sprintf.o)
                              example-longrange-unicast.co (sprintf)
/opt/msp430-47-expr/bin/../lib/gcc/msp430/4.7.0/../../../../msp430/lib/mcpu-430x/mmpy-16/msr20/mc20/libc.a(vuprintf.o)
[...]
Memory Configuration

Name             Origin             Length             Attributes
sfr              0x0000000000000000 0x0000000000000010
peripheral_8bit  0x0000000000000010 0x00000000000000f0
peripheral_16bit 0x0000000000000100 0x0000000000000100
ram_mirror       0x0000000000000200 0x0000000000000800 xw
infomem          0x0000000000001000 0x0000000000000100
infod            0x0000000000001000 0x0000000000000040
infoc            0x0000000000001040 0x0000000000000040
infob            0x0000000000001080 0x0000000000000040
infoa            0x00000000000010c0 0x0000000000000040
ram              0x0000000000001100 0x0000000000002000 xw
rom              0x0000000000003100 0x000000000000cebe xr
vectors          0x000000000000ffc0 0x0000000000000040
far_rom          0x0000000000010000 0x000000000000a000
bsl              0x0000000000000000 0x0000000000000000
ram2             0x0000000000000000 0x0000000000000000 xw
usbram           0x0000000000000000 0x0000000000000000 xw
*default*        0x0000000000000000 0xffffffffffffffff

Linker script and memory map

LOAD /opt/msp430-47-expr/bin/../lib/gcc/msp430/4.7.0/mcpu-430x/mmpy-16/msr20/mc20/crt0ivtbl32.o
                0x0000000000000041                __P1SEL2 = 0x41
                0x0000000000000045                __P5SEL2 = 0x45
LOAD example-longrange-unicast.co
LOAD obj_z1/contiki-z1-main.o
LOAD contiki-z1.a
LOAD /opt/msp430-47-expr/bin/../lib/gcc/msp430/4.7.0/mcpu-430x/mmpy-16/msr20/mc20/libgcc.a
LOAD /opt/msp430-47-expr/bin/../lib/gcc/msp430/4.7.0/../../../../msp430/lib/mcpu-430x/mmpy-16/msr20/mc20/libc.a
LOAD /opt/msp430-47-expr/bin/../lib/gcc/msp430/4.7.0/mcpu-430x/mmpy-16/msr20/mc20/libgcc.a
LOAD /opt/msp430-47-expr/bin/../lib/gcc/msp430/4.7.0/mcpu-430x/mmpy-16/msr20/mc20/libcrt0.a
                0x0000000000000040                PROVIDE (__info_segment_size, 0x40)
                0x0000000000001000                PROVIDE (__infod, 0x1000)
                0x0000000000001040                PROVIDE (__infoc, 0x1040)
                0x0000000000001080                PROVIDE (__infob, 0x1080)
                0x00000000000010c0                PROVIDE (__infoa, 0x10c0)
                0x0000000000000000                __IE1 = 0x0
                0x0000000000000002                __IFG1 = 0x2
                0x0000000000000001                __IE2 = 0x1
                0x0000000000000003                __IFG2 = 0x3
                0x0000000000000006                __UC1IE = 0x6
                0x0000000000000007                __UC1IFG = 0x7
                0x00000000000001a0                __ADC12CTL0 = 0x1a0
                0x00000000000001a2                __ADC12CTL1 = 0x1a2
                0x00000000000001a4                __ADC12IFG = 0x1a4
                0x00000000000001a6                __ADC12IE = 0x1a6
                0x00000000000001a8                __ADC12IV = 0x1a8
                0x0000000000000140                __ADC12MEM0 = 0x140
                0x0000000000000142                __ADC12MEM1 = 0x142
                0x0000000000000144                __ADC12MEM2 = 0x144
                0x0000000000000146                __ADC12MEM3 = 0x146
                0x0000000000000148                __ADC12MEM4 = 0x148
                0x000000000000014a                __ADC12MEM5 = 0x14a
                0x000000000000014c                __ADC12MEM6 = 0x14c
                0x000000000000014e                __ADC12MEM7 = 0x14e
                0x0000000000000150                __ADC12MEM8 = 0x150
                0x0000000000000152                __ADC12MEM9 = 0x152
                0x0000000000000154                __ADC12MEM10 = 0x154
                0x0000000000000156                __ADC12MEM11 = 0x156
                0x0000000000000158                __ADC12MEM12 = 0x158
                0x000000000000015a                __ADC12MEM13 = 0x15a
                0x000000000000015c                __ADC12MEM14 = 0x15c
                0x000000000000015e                __ADC12MEM15 = 0x15e
                0x0000000000000080                __ADC12MCTL0 = 0x80
                0x0000000000000081                __ADC12MCTL1 = 0x81
                0x0000000000000082                __ADC12MCTL2 = 0x82
                0x0000000000000083                __ADC12MCTL3 = 0x83
                0x0000000000000084                __ADC12MCTL4 = 0x84
                0x0000000000000085                __ADC12MCTL5 = 0x85
                0x0000000000000086                __ADC12MCTL6 = 0x86
                0x0000000000000087                __ADC12MCTL7 = 0x87
                0x0000000000000088                __ADC12MCTL8 = 0x88
                0x0000000000000089                __ADC12MCTL9 = 0x89
                0x000000000000008a                __ADC12MCTL10 = 0x8a
                0x000000000000008b                __ADC12MCTL11 = 0x8b
                0x000000000000008c                __ADC12MCTL12 = 0x8c
                0x000000000000008d                __ADC12MCTL13 = 0x8d
                0x000000000000008e                __ADC12MCTL14 = 0x8e
                0x000000000000008f                __ADC12MCTL15 = 0x8f
                0x0000000000000056                __DCOCTL = 0x56
                0x0000000000000057                __BCSCTL1 = 0x57
                0x0000000000000058                __BCSCTL2 = 0x58
                0x0000000000000053                __BCSCTL3 = 0x53
                0x0000000000000059                __CACTL1 = 0x59
                0x000000000000005a                __CACTL2 = 0x5a
                0x000000000000005b                __CAPD = 0x5b
                0x00000000000001c0                __DAC12_0CTL = 0x1c0
                0x00000000000001c2                __DAC12_1CTL = 0x1c2
                0x00000000000001c8                __DAC12_0DAT = 0x1c8
                0x00000000000001ca                __DAC12_1DAT = 0x1ca
                0x0000000000000122                __DMACTL0 = 0x122
                0x0000000000000124                __DMACTL1 = 0x124
                0x0000000000000126                __DMAIV = 0x126
                0x00000000000001d0                __DMA0CTL = 0x1d0
                0x00000000000001dc                __DMA1CTL = 0x1dc
                0x00000000000001e8                __DMA2CTL = 0x1e8
                0x00000000000001d2                __DMA0SA = 0x1d2
                0x00000000000001d2                __DMA0SAL = 0x1d2
                0x00000000000001d6                __DMA0DA = 0x1d6
                0x00000000000001d6                __DMA0DAL = 0x1d6
                0x00000000000001da                __DMA0SZ = 0x1da
                0x00000000000001de                __DMA1SA = 0x1de
                0x00000000000001de                __DMA1SAL = 0x1de
                0x00000000000001e2                __DMA1DA = 0x1e2
                0x00000000000001e2                __DMA1DAL = 0x1e2
                0x00000000000001e6                __DMA1SZ = 0x1e6
                0x00000000000001ea                __DMA2SA = 0x1ea
                0x00000000000001ea                __DMA2SAL = 0x1ea
                0x00000000000001ee                __DMA2DA = 0x1ee
                0x00000000000001ee                __DMA2DAL = 0x1ee
                0x00000000000001f2                __DMA2SZ = 0x1f2
                0x0000000000000128                __FCTL1 = 0x128
                0x000000000000012a                __FCTL2 = 0x12a
                0x000000000000012c                __FCTL3 = 0x12c
                0x00000000000001be                __FCTL4 = 0x1be
                0x0000000000000130                __MPY = 0x130
                0x0000000000000132                __MPYS = 0x132
                0x0000000000000134                __MAC = 0x134
                0x0000000000000136                __MACS = 0x136
                0x0000000000000138                __OP2 = 0x138
                0x000000000000013a                __RESLO = 0x13a
                0x000000000000013c                __RESHI = 0x13c
                0x000000000000013e                __SUMEXT = 0x13e
                0x0000000000000020                __P1IN = 0x20
                0x0000000000000021                __P1OUT = 0x21
                0x0000000000000022                __P1DIR = 0x22
                0x0000000000000023                __P1IFG = 0x23
                0x0000000000000024                __P1IES = 0x24
                0x0000000000000025                __P1IE = 0x25
                0x0000000000000026                __P1SEL = 0x26
                0x0000000000000027                __P1REN = 0x27
                0x0000000000000028                __P2IN = 0x28
                0x0000000000000029                __P2OUT = 0x29
                0x000000000000002a                __P2DIR = 0x2a
                0x000000000000002b                __P2IFG = 0x2b
                0x000000000000002c                __P2IES = 0x2c
                0x000000000000002d                __P2IE = 0x2d
                0x000000000000002e                __P2SEL = 0x2e
                0x000000000000002f                __P2REN = 0x2f
                0x0000000000000018                __P3IN = 0x18
                0x0000000000000019                __P3OUT = 0x19
                0x000000000000001a                __P3DIR = 0x1a
                0x000000000000001b                __P3SEL = 0x1b
                0x0000000000000010                __P3REN = 0x10
                0x000000000000001c                __P4IN = 0x1c
                0x000000000000001d                __P4OUT = 0x1d
                0x000000000000001e                __P4DIR = 0x1e
                0x000000000000001f                __P4SEL = 0x1f
                0x0000000000000011                __P4REN = 0x11
                0x0000000000000030                __P5IN = 0x30
                0x0000000000000031                __P5OUT = 0x31
                0x0000000000000032                __P5DIR = 0x32
                0x0000000000000033                __P5SEL = 0x33
                0x0000000000000012                __P5REN = 0x12
                0x0000000000000034                __P6IN = 0x34
                0x0000000000000035                __P6OUT = 0x35
                0x0000000000000036                __P6DIR = 0x36
                0x0000000000000037                __P6SEL = 0x37
                0x0000000000000013                __P6REN = 0x13
                0x0000000000000038                __P7IN = 0x38
                0x000000000000003a                __P7OUT = 0x3a
                0x000000000000003c                __P7DIR = 0x3c
                0x000000000000003e                __P7SEL = 0x3e
                0x0000000000000014                __P7REN = 0x14
                0x0000000000000039                __P8IN = 0x39
                0x000000000000003b                __P8OUT = 0x3b
                0x000000000000003d                __P8DIR = 0x3d
                0x000000000000003f                __P8SEL = 0x3f
                0x0000000000000015                __P8REN = 0x15
                0x0000000000000038                __PAIN = 0x38
                0x000000000000003a                __PAOUT = 0x3a
                0x000000000000003c                __PADIR = 0x3c
                0x000000000000003e                __PASEL = 0x3e
                0x0000000000000014                __PAREN = 0x14
                0x0000000000000055                __SVSCTL = 0x55
                0x000000000000012e                __TAIV = 0x12e
                0x0000000000000160                __TACTL = 0x160
                0x0000000000000162                __TACCTL0 = 0x162
                0x0000000000000164                __TACCTL1 = 0x164
                0x0000000000000166                __TACCTL2 = 0x166
                0x0000000000000170                __TAR = 0x170
                0x0000000000000172                __TACCR0 = 0x172
                0x0000000000000174                __TACCR1 = 0x174
                0x0000000000000176                __TACCR2 = 0x176
                0x000000000000011e                __TBIV = 0x11e
                0x0000000000000180                __TBCTL = 0x180
                0x0000000000000182                __TBCCTL0 = 0x182
                0x0000000000000184                __TBCCTL1 = 0x184
                0x0000000000000186                __TBCCTL2 = 0x186
                0x0000000000000188                __TBCCTL3 = 0x188
                0x000000000000018a                __TBCCTL4 = 0x18a
                0x000000000000018c                __TBCCTL5 = 0x18c
                0x000000000000018e                __TBCCTL6 = 0x18e
                0x0000000000000190                __TBR = 0x190
                0x0000000000000192                __TBCCR0 = 0x192
                0x0000000000000194                __TBCCR1 = 0x194
                0x0000000000000196                __TBCCR2 = 0x196
                0x0000000000000198                __TBCCR3 = 0x198
                0x000000000000019a                __TBCCR4 = 0x19a
                0x000000000000019c                __TBCCR5 = 0x19c
                0x000000000000019e                __TBCCR6 = 0x19e
                0x0000000000000060                __UCA0CTL0 = 0x60
                0x0000000000000061                __UCA0CTL1 = 0x61
                0x0000000000000062                __UCA0BR0 = 0x62
                0x0000000000000063                __UCA0BR1 = 0x63
                0x0000000000000064                __UCA0MCTL = 0x64
                0x0000000000000065                __UCA0STAT = 0x65
                0x0000000000000066                __UCA0RXBUF = 0x66
                0x0000000000000067                __UCA0TXBUF = 0x67
                0x000000000000005d                __UCA0ABCTL = 0x5d
                0x000000000000005e                __UCA0IRTCTL = 0x5e
                0x000000000000005f                __UCA0IRRCTL = 0x5f
                0x0000000000000068                __UCB0CTL0 = 0x68
                0x0000000000000069                __UCB0CTL1 = 0x69
                0x000000000000006a                __UCB0BR0 = 0x6a
                0x000000000000006b                __UCB0BR1 = 0x6b
                0x000000000000006c                __UCB0I2CIE = 0x6c
                0x000000000000006d                __UCB0STAT = 0x6d
                0x000000000000006e                __UCB0RXBUF = 0x6e
                0x000000000000006f                __UCB0TXBUF = 0x6f
                0x0000000000000118                __UCB0I2COA = 0x118
                0x000000000000011a                __UCB0I2CSA = 0x11a
                0x00000000000000d0                __UCA1CTL0 = 0xd0
                0x00000000000000d1                __UCA1CTL1 = 0xd1
                0x00000000000000d2                __UCA1BR0 = 0xd2
                0x00000000000000d3                __UCA1BR1 = 0xd3
                0x00000000000000d4                __UCA1MCTL = 0xd4
                0x00000000000000d5                __UCA1STAT = 0xd5
                0x00000000000000d6                __UCA1RXBUF = 0xd6
                0x00000000000000d7                __UCA1TXBUF = 0xd7
                0x00000000000000cd                __UCA1ABCTL = 0xcd
                0x00000000000000ce                __UCA1IRTCTL = 0xce
                0x00000000000000cf                __UCA1IRRCTL = 0xcf
                0x00000000000000d8                __UCB1CTL0 = 0xd8
                0x00000000000000d9                __UCB1CTL1 = 0xd9
                0x00000000000000da                __UCB1BR0 = 0xda
                0x00000000000000db                __UCB1BR1 = 0xdb
                0x00000000000000dc                __UCB1I2CIE = 0xdc
                0x00000000000000dd                __UCB1STAT = 0xdd
                0x00000000000000de                __UCB1RXBUF = 0xde
                0x00000000000000df                __UCB1TXBUF = 0xdf
                0x000000000000017c                __UCB1I2COA = 0x17c
                0x000000000000017e                __UCB1I2CSA = 0x17e
                0x0000000000000120                __WDTCTL = 0x120
                0x00000000000010c0                __TLV_CHECKSUM = 0x10c0
                0x00000000000010f6                __TLV_DCO_30_TAG = 0x10f6
                0x00000000000010f7                __TLV_DCO_30_LEN = 0x10f7
                0x00000000000010da                __TLV_ADC12_1_TAG = 0x10da
                0x00000000000010db                __TLV_ADC12_1_LEN = 0x10db
                0x00000000000010f8                __CALDCO_16MHZ = 0x10f8
                0x00000000000010f9                __CALBC1_16MHZ = 0x10f9
                0x00000000000010fa                __CALDCO_12MHZ = 0x10fa
                0x00000000000010fb                __CALBC1_12MHZ = 0x10fb
                0x00000000000010fc                __CALDCO_8MHZ = 0x10fc
                0x00000000000010fd                __CALBC1_8MHZ = 0x10fd
                0x00000000000010fe                __CALDCO_1MHZ = 0x10fe
                0x00000000000010ff                __CALBC1_1MHZ = 0x10ff

.hash
 *(.hash)

.dynsym
 *(.dynsym)

.dynstr
 *(.dynstr)

.gnu.version
 *(.gnu.version)

.gnu.version_d
 *(.gnu.version_d)

.gnu.version_r
 *(.gnu.version_r)

.rel.init
 *(.rel.init)

.rela.init
 *(.rela.init)

.rel.fini
 *(.rel.fini)

.rela.fini
 *(.rela.fini)

.rel.text
 *(.rel.text .rel.text.* .rel.gnu.linkonce.t.*)

.rela.text
 *(.rela.text .rela.text.* .rela.gnu.linkonce.t.*)

.rel.rodata
 *(.rel.rodata .rel.rodata.* .rel.gnu.linkonce.r.*)

.rela.rodata
 *(.rela.rodata .rela.rodata.* .rela.gnu.linkonce.r.*)

.rel.data
 *(.rel.data .rel.data.* .rel.gnu.linkonce.d.*)

.rela.data
 *(.rela.data .rela.data.* .rela.gnu.linkonce.d.*)

.rel.bss
 *(.rel.bss .rel.bss.* .rel.gnu.linkonce.b.*)

.rela.bss
 *(.rela.bss .rela.bss.* .rela.gnu.linkonce.b.*)

.rel.ctors
 *(.rel.ctors)

.rela.ctors
 *(.rela.ctors)

.rel.dtors
 *(.rel.dtors)

.rela.dtors
 *(.rela.dtors)

.rel.got
 *(.rel.got)

.rela.got
 *(.rela.got)

.rel.plt
 *(.rel.plt)

.rela.plt
 *(.rela.plt)

.text           0x0000000000003100     0x5626
                0x0000000000003100                . = ALIGN (0x2)
 *(.init .init.*)
 *(.init0)
 .init0         0x0000000000003100        0x0 /opt/msp430-47-expr/bin/../lib/gcc/msp430/4.7.0/mcpu-430x/mmpy-16/msr20/mc20/libcrt0.a(_reset_vector__.o)
                0x0000000000003100                _reset_vector__
 *(.init1)
 .init1         0x0000000000003100        0xc /opt/msp430-47-expr/bin/../lib/gcc/msp430/4.7.0/mcpu-430x/mmpy-16/msr20/mc20/libcrt0.a(__watchdog_support.o)
                0x0000000000003100                __watchdog_support
 *(.init2)
 .init2         0x000000000000310c        0x4 /opt/msp430-47-expr/bin/../lib/gcc/msp430/4.7.0/mcpu-430x/mmpy-16/msr20/mc20/libcrt0.a(__init_stack.o)
                0x000000000000310c                __init_stack
 *(.init3)
 .init3         0x0000000000003110        0x0 /opt/msp430-47-expr/bin/../lib/gcc/msp430/4.7.0/mcpu-430x/mmpy-16/msr20/mc20/libcrt0.a(__low_level_init.o)
                0x0000000000003110                __low_level_init
 *(.init4)
 .init4         0x0000000000003110       0x18 /opt/msp430-47-expr/bin/../lib/gcc/msp430/4.7.0/mcpu-430x/mmpy-16/msr20/mc20/libcrt0.a(_copy_data.o)
                0x0000000000003110                __do_copy_data
 .init4         0x0000000000003128       0x16 /opt/msp430-47-expr/bin/../lib/gcc/msp430/4.7.0/mcpu-430x/mmpy-16/msr20/mc20/libcrt0.a(_clear_bss.o)
                0x0000000000003128                __do_clear_bss
 *(.init5)
 *(.init6)
 *(.init7)
 *(.init8)
 *(.init9)
 .init9         0x000000000000313e      0x3e4 obj_z1/contiki-z1-main.o
                0x000000000000313e                main
 *(.fini9)
 .fini9         0x0000000000003522        0x0 /opt/msp430-47-expr/bin/../lib/gcc/msp430/4.7.0/mcpu-430x/mmpy-16/msr20/mc20/libcrt0.a(__stop_progExec__.o)
                0x0000000000003522                __stop_progExec__
 *(.fini8)
 *(.fini7)
 *(.fini6)
 *(.fini5)
 *(.fini4)
 *(.fini3)
 *(.fini2)
 *(.fini1)
 *(.fini0)
 .fini0         0x0000000000003522        0x6 /opt/msp430-47-expr/bin/../lib/gcc/msp430/4.7.0/mcpu-430x/mmpy-16/msr20/mc20/libcrt0.a(_endless_loop__.o)
                0x0000000000003522                _endless_loop__
 *(.fini .fini.*)
                0x0000000000003528                . = ALIGN (0x2)
                0x0000000000003528                __ctors_start = .
 *(.ctors)
                0x0000000000003528                __ctors_end = .
                0x0000000000003528                __dtors_start = .
 *(.dtors)
                0x0000000000003528                __dtors_end = .
                0x0000000000003528                . = ALIGN (0x2)
 *(.text .text.* .gnu.linkonce.t.*)
 .text          0x0000000000003528        0x4 /opt/msp430-47-expr/bin/../lib/gcc/msp430/4.7.0/mcpu-430x/mmpy-16/msr20/mc20/crt0ivtbl32.o
                0x0000000000003528                __isr_14
                0x0000000000003528                __isr_4
                0x0000000000003528                __isr_29
                0x0000000000003528                __isr_11
                0x0000000000003528                __isr_5
                0x0000000000003528                __isr_2
                0x0000000000003528                __isr_10
                0x0000000000003528                __isr_7
                0x0000000000003528                __isr_0
                0x0000000000003528                __isr_28
                0x0000000000003528                __isr_8
                0x0000000000003528                __isr_20
                0x0000000000003528                __isr_3
                0x0000000000003528                __isr_12
                0x0000000000003528                __isr_13
                0x0000000000003528                __isr_27
                0x0000000000003528                __isr_9
                0x0000000000003528                __isr_30
                0x0000000000003528                __isr_6
                0x0000000000003528                __isr_22
                0x0000000000003528                __isr_1
                0x0000000000003528                __isr_15
                0x0000000000003528                __isr_21
 .text.libgcc   0x000000000000352c       0x22 /opt/msp430-47-expr/bin/../lib/gcc/msp430/4.7.0/mcpu-430x/mmpy-16/msr20/mc20/libgcc.a(_udivmod16.o)
                0x000000000000352c                __udivhi3
                0x000000000000352c                __ext_udivmod16
                0x0000000000003546                __umodhi3
 .text.libgcc   0x000000000000354e       0x38 /opt/msp430-47-expr/bin/../lib/gcc/msp430/4.7.0/mcpu-430x/mmpy-16/msr20/mc20/libgcc.a(_udivmod32.o)
                0x000000000000354e                __udivsi3
                0x000000000000354e                __ext_udivmod32
                0x000000000000357c                __umodsi3
 .text.libgcc   0x0000000000003586       0x26 /opt/msp430-47-expr/bin/../lib/gcc/msp430/4.7.0/mcpu-430x/mmpy-16/msr20/mc20/libgcc.a(_mulsi3.o)
                0x0000000000003586                __mulsi3
 .text.libgcc   0x00000000000035ac       0xbc /opt/msp430-47-expr/bin/../lib/gcc/msp430/4.7.0/mcpu-430x/mmpy-16/msr20/mc20/libgcc.a(_udivmod64.o)
                0x00000000000035ac                __xabi_udivmod64
                0x00000000000035fe                __udivdi3
                0x0000000000003618                __umoddi3
                0x000000000000363a                __udivmoddi4
 .text.crt0     0x0000000000003668        0x2 /opt/msp430-47-expr/bin/../lib/gcc/msp430/4.7.0/mcpu-430x/mmpy-16/msr20/mc20/libcrt0.a(_unexpected_.o)
                0x0000000000003668                _unexpected_
 *(.near.text .near.text.*)
 .near.text.watchdog_interrupt
                0x000000000000366a        0x6 contiki-z1.a(watchdog.o)
                0x000000000000366a                __isr_26
                0x000000000000366a                watchdog_interrupt
 .near.text.irq_p2
                0x0000000000003670       0x76 contiki-z1.a(button-sensor.o)
                0x0000000000003670                irq_p2
                0x0000000000003670                __isr_19
 .near.text.uart0_rx_interrupt
                0x00000000000036e6       0x64 contiki-z1.a(uart0.o)
                0x00000000000036e6                __isr_23
                0x00000000000036e6                uart0_rx_interrupt
 .near.text.port1_isr
                0x000000000000374a       0xf4 contiki-z1.a(adxl345.o)
                0x000000000000374a                port1_isr
                0x000000000000374a                __isr_18
 .near.text.timera1
                0x000000000000383e      0x10a contiki-z1.a(clock.o)
                0x000000000000383e                __isr_24
                0x000000000000383e                timera1
 .near.text.timera0
                0x0000000000003948       0x5c contiki-z1.a(rtimer-arch.o)
                0x0000000000003948                __isr_25
                0x0000000000003948                timera0
 .near.text.i2c_tx_interrupt
                0x00000000000039a4       0x84 contiki-z1.a(i2cmaster.o)
                0x00000000000039a4                __isr_16
                0x00000000000039a4                i2c_tx_interrupt
 .near.text.i2c_rx_interrupt
                0x0000000000003a28       0x14 contiki-z1.a(i2cmaster.o)
                0x0000000000003a28                i2c_rx_interrupt
                0x0000000000003a28                __isr_17
 .any.text.process_thread_example_unicast_process
                0x0000000000003a3c       0xf6 example-longrange-unicast.co
 .any.text.recv_uc
                0x0000000000003b32       0x7e example-longrange-unicast.co
 .any.text.init_platform
                0x0000000000003bb0        0xc contiki-z1.a(contiki-z1-plat)
                0x0000000000003bb0                init_platform
 .any.text.msp430_init_dco
                0x0000000000003bbc       0x28 contiki-z1.a(msp430.o)
                0x0000000000003bbc                msp430_init_dco
 .any.text.splhigh_
                0x0000000000003be4        0x8 contiki-z1.a(msp430.o)
                0x0000000000003be4                splhigh_
 .any.text.msp430_sync_dco
                0x0000000000003bec       0x6e contiki-z1.a(msp430.o)
                0x0000000000003bec                msp430_sync_dco
 .any.text.msp430_cpu_init
                0x0000000000003c5a       0x2e contiki-z1.a(msp430.o)
                0x0000000000003c5a                msp430_cpu_init
 .any.text.show_leds
                0x0000000000003c88       0xe8 contiki-z1.a(leds.o)
 .any.text.leds_init
                0x0000000000003d70        0xa contiki-z1.a(leds.o)
                0x0000000000003d70                leds_init
 .any.text.leds_on
                0x0000000000003d7a        0xa contiki-z1.a(leds.o)
                0x0000000000003d7a                leds_on
 .any.text.leds_off
                0x0000000000003d84        0xe contiki-z1.a(leds.o)
                0x0000000000003d84                leds_off
 .any.text.watchdog_start
                0x0000000000003d92       0x14 contiki-z1.a(watchdog.o)
                0x0000000000003d92                watchdog_start
 .any.text.watchdog_periodic
                0x0000000000003da6       0x12 contiki-z1.a(watchdog.o)
                0x0000000000003da6                watchdog_periodic
 .any.text.watchdog_stop
                0x0000000000003db8       0x16 contiki-z1.a(watchdog.o)
                0x0000000000003db8                watchdog_stop
 .any.text.watchdog_init
                0x0000000000003dce       0x12 contiki-z1.a(watchdog.o)
                0x0000000000003dce                watchdog_init
 .any.text.wait_ready
                0x0000000000003de0       0x46 contiki-z1.a(xmem.o)
 .any.text.xmem_init
                0x0000000000003e26       0x1e contiki-z1.a(xmem.o)
                0x0000000000003e26                xmem_init
 .any.text.xmem_pread
                0x0000000000003e44       0xc2 contiki-z1.a(xmem.o)
                0x0000000000003e44                xmem_pread
 .any.text.spi_init
                0x0000000000003f06       0x32 contiki-z1.a(spi.o)
                0x0000000000003f06                spi_init
 .any.text.get_object
                0x0000000000003f38        0x4 contiki-z1.a(cc2420.o)
 .any.text.set_object
                0x0000000000003f3c        0x4 contiki-z1.a(cc2420.o)
 .any.text.strobe
                0x0000000000003f40       0x1a contiki-z1.a(cc2420.o)
 .any.text.getreg
                0x0000000000003f5a       0x46 contiki-z1.a(cc2420.o)
 .any.text.setreg
                0x0000000000003fa0       0x44 contiki-z1.a(cc2420.o)
 .any.text.write_ram
                0x0000000000003fe4       0x72 contiki-z1.a(cc2420.o)
 .any.text.write_fifo_buf
                0x0000000000004056       0x38 contiki-z1.a(cc2420.o)
 .any.text.get_status
                0x000000000000408e       0x1e contiki-z1.a(cc2420.o)
 .any.text.set_txpower
                0x00000000000040ac       0x24 contiki-z1.a(cc2420.o)
 .any.text.cc2420_receiving_packet
                0x00000000000040d0        0xa contiki-z1.a(cc2420.o)
 .any.text.pending_packet
                0x00000000000040da        0xa contiki-z1.a(cc2420.o)
 .any.text.on   0x00000000000040e4       0x26 contiki-z1.a(cc2420.o)
 .any.text.wait_for_transmission
                0x000000000000410a       0x22 contiki-z1.a(cc2420.o)
 .any.text.wait_for_status
                0x000000000000412c       0x24 contiki-z1.a(cc2420.o)
 .any.text.getrxdata
                0x0000000000004150       0x4c contiki-z1.a(cc2420.o)
 .any.text.flushrx
                0x000000000000419c       0x1a contiki-z1.a(cc2420.o)
 .any.text.off  0x00000000000041b6       0x5a contiki-z1.a(cc2420.o)
 .any.text.RELEASE_LOCK
                0x0000000000004210       0x28 contiki-z1.a(cc2420.o)
 .any.text.set_frame_filtering
                0x0000000000004238       0x30 contiki-z1.a(cc2420.o)
 .any.text.set_auto_ack
                0x0000000000004268       0x30 contiki-z1.a(cc2420.o)
 .any.text.set_poll_mode
                0x0000000000004298       0x2c contiki-z1.a(cc2420.o)
 .any.text.cc2420_prepare
                0x00000000000042c4       0x4c contiki-z1.a(cc2420.o)
 .any.text.cc2420_on
                0x0000000000004310       0x22 contiki-z1.a(cc2420.o)
                0x0000000000004310                cc2420_on
 .any.text.cc2420_off
                0x0000000000004332       0x30 contiki-z1.a(cc2420.o)
                0x0000000000004332                cc2420_off
 .any.text.cc2420_cca
                0x0000000000004362       0x54 contiki-z1.a(cc2420.o)
 .any.text.cc2420_read
                0x00000000000043b6       0xb8 contiki-z1.a(cc2420.o)
 .any.text.process_thread_cc2420_process
                0x000000000000446e       0x6c contiki-z1.a(cc2420.o)
 .any.text.cc2420_set_channel
                0x00000000000044da       0x3a contiki-z1.a(cc2420.o)
                0x00000000000044da                cc2420_set_channel
 .any.text.cc2420_set_pan_addr
                0x0000000000004514       0x4c contiki-z1.a(cc2420.o)
                0x0000000000004514                cc2420_set_pan_addr
 .any.text.cc2420_interrupt
                0x0000000000004560       0x16 contiki-z1.a(cc2420.o)
                0x0000000000004560                cc2420_interrupt
 .any.text.cc2420_set_txpower
                0x0000000000004576        0xe contiki-z1.a(cc2420.o)
                0x0000000000004576                cc2420_set_txpower
 .any.text.cc2420_get_txpower
                0x0000000000004584       0x1e contiki-z1.a(cc2420.o)
                0x0000000000004584                cc2420_get_txpower
 .any.text.cc2420_transmit
                0x00000000000045a2      0x136 contiki-z1.a(cc2420.o)
 .any.text.cc2420_send
                0x00000000000046d8       0x12 contiki-z1.a(cc2420.o)
 .any.text.cc2420_rssi
                0x00000000000046ea       0x48 contiki-z1.a(cc2420.o)
                0x00000000000046ea                cc2420_rssi
 .any.text.get_value
                0x0000000000004732      0x104 contiki-z1.a(cc2420.o)
 .any.text.cc2420_set_cca_threshold
                0x0000000000004836       0x16 contiki-z1.a(cc2420.o)
                0x0000000000004836                cc2420_set_cca_threshold
 .any.text.set_value
                0x000000000000484c       0xb2 contiki-z1.a(cc2420.o)
 .any.text.cc2420_init
                0x00000000000048fe       0xea contiki-z1.a(cc2420.o)
                0x00000000000048fe                cc2420_init
 .any.text.cc2420_arch_init
                0x00000000000049e8       0x1a contiki-z1.a(cc2420-arch.o)
                0x00000000000049e8                cc2420_arch_init
 .any.text.node_id_restore
                0x0000000000004a02       0x88 contiki-z1.a(node-id.o)
                0x0000000000004a02                node_id_restore
 .any.text.process_thread_sensors_process
                0x0000000000004a8a       0xc2 contiki-z1.a(sensors.o)
 .any.text.sensors_changed
                0x0000000000004b4c       0x2a contiki-z1.a(sensors.o)
                0x0000000000004b4c                sensors_changed
 .any.text.status
                0x0000000000004b76       0x18 contiki-z1.a(button-sensor.o)
 .any.text.value
                0x0000000000004b8e       0x20 contiki-z1.a(button-sensor.o)
 .any.text.configure
                0x0000000000004bae       0x4e contiki-z1.a(button-sensor.o)
 .any.text.uart0_active
                0x0000000000004bfc        0xe contiki-z1.a(uart0.o)
                0x0000000000004bfc                uart0_active
 .any.text.uart0_set_input
                0x0000000000004c0a        0x6 contiki-z1.a(uart0.o)
                0x0000000000004c0a                uart0_set_input
 .any.text.uart0_writeb
                0x0000000000004c10       0x16 contiki-z1.a(uart0.o)
                0x0000000000004c10                uart0_writeb
 .any.text.uart0_init
                0x0000000000004c26       0x40 contiki-z1.a(uart0.o)
                0x0000000000004c26                uart0_init
 .any.text.putchar
                0x0000000000004c66       0x10 contiki-z1.a(uart0-putchar.o)
                0x0000000000004c66                putchar
 .any.text.pending_packet
                0x0000000000004c76        0xe contiki-z1.a(cc1200.o)
 .any.text.get_value
                0x0000000000004c84       0x7e contiki-z1.a(cc1200.o)
 .any.text.get_object
                0x0000000000004d02        0x4 contiki-z1.a(cc1200.o)
 .any.text.set_object
                0x0000000000004d06        0x4 contiki-z1.a(cc1200.o)
 .any.text.strobe
                0x0000000000004d0a       0x20 contiki-z1.a(cc1200.o)
 .any.text.state
                0x0000000000004d2a        0xe contiki-z1.a(cc1200.o)
 .any.text.idle
                0x0000000000004d38       0xd2 contiki-z1.a(cc1200.o)
 .any.text.single_write
                0x0000000000004e0a       0x30 contiki-z1.a(cc1200.o)
 .any.text.single_read
                0x0000000000004e3a       0x36 contiki-z1.a(cc1200.o)
 .any.text.update_txpower
                0x0000000000004e70       0x32 contiki-z1.a(cc1200.o)
 .any.text.rx_rx
                0x0000000000004ea2       0xdc contiki-z1.a(cc1200.o)
 .any.text.calibrate
                0x0000000000004f7e       0xc0 contiki-z1.a(cc1200.o)
 .any.text.idle_calibrate_rx
                0x000000000000503e       0xa2 contiki-z1.a(cc1200.o)
 .any.text.off  0x00000000000050e0       0x3a contiki-z1.a(cc1200.o)
 .any.text.on   0x000000000000511a       0x74 contiki-z1.a(cc1200.o)
 .any.text.receiving_packet
                0x000000000000518e       0x28 contiki-z1.a(cc1200.o)
 .any.text.set_channel
                0x00000000000051b6      0x102 contiki-z1.a(cc1200.o)
 .any.text.set_value
                0x00000000000052b8       0x80 contiki-z1.a(cc1200.o)
 .any.text.channel_clear
                0x0000000000005338       0xae contiki-z1.a(cc1200.o)
 .any.text.read
                0x00000000000053e6       0x62 contiki-z1.a(cc1200.o)
 .any.text.prepare
                0x0000000000005448       0x2a contiki-z1.a(cc1200.o)
 .any.text.burst_read.constprop.9
                0x0000000000005472       0x22 contiki-z1.a(cc1200.o)
 .any.text.burst_write.constprop.11
                0x0000000000005494       0x24 contiki-z1.a(cc1200.o)
 .any.text.idle_tx_rx
                0x00000000000054b8      0x232 contiki-z1.a(cc1200.o)
 .any.text.transmit
                0x00000000000056ea       0xec contiki-z1.a(cc1200.o)
 .any.text.send
                0x00000000000057d6       0x16 contiki-z1.a(cc1200.o)
 .any.text.cc1200_init
                0x00000000000057ec      0x184 contiki-z1.a(cc1200.o)
                0x00000000000057ec                cc1200_init
 .any.text.cc1200_rx_interrupt
                0x0000000000005970      0x21e contiki-z1.a(cc1200.o)
                0x0000000000005970                cc1200_rx_interrupt
 .any.text.process_thread_cc1200_process
                0x0000000000005b8e       0x8c contiki-z1.a(cc1200.o)
 .any.text.cc1200_arch_spi_select
                0x0000000000005c1a        0xe contiki-z1.a(cc1200-z1-arch.)
                0x0000000000005c1a                cc1200_arch_spi_select
 .any.text.cc1200_arch_spi_deselect
                0x0000000000005c28        0x8 contiki-z1.a(cc1200-z1-arch.)
                0x0000000000005c28                cc1200_arch_spi_deselect
 .any.text.cc1200_arch_spi_rw_byte
                0x0000000000005c30       0x1e contiki-z1.a(cc1200-z1-arch.)
                0x0000000000005c30                cc1200_arch_spi_rw_byte
 .any.text.cc1200_arch_spi_rw
                0x0000000000005c4e       0x96 contiki-z1.a(cc1200-z1-arch.)
                0x0000000000005c4e                cc1200_arch_spi_rw
 .any.text.cc1200_arch_init
                0x0000000000005ce4       0x56 contiki-z1.a(cc1200-z1-arch.)
                0x0000000000005ce4                cc1200_arch_init
 .any.text.cc1200_arch_gpio0_setup_irq
                0x0000000000005d3a       0x28 contiki-z1.a(cc1200-z1-arch.)
                0x0000000000005d3a                cc1200_arch_gpio0_setup_irq
 .any.text.cc1200_arch_gpio2_setup_irq
                0x0000000000005d62       0x32 contiki-z1.a(cc1200-z1-arch.)
                0x0000000000005d62                cc1200_arch_gpio2_setup_irq
 .any.text.cc1200_arch_gpio0_enable_irq
                0x0000000000005d94        0xa contiki-z1.a(cc1200-z1-arch.)
                0x0000000000005d94                cc1200_arch_gpio0_enable_irq
 .any.text.cc1200_arch_gpio0_disable_irq
                0x0000000000005d9e        0x6 contiki-z1.a(cc1200-z1-arch.)
                0x0000000000005d9e                cc1200_arch_gpio0_disable_irq
 .any.text.cc1200_arch_gpio2_enable_irq
                0x0000000000005da4        0xe contiki-z1.a(cc1200-z1-arch.)
                0x0000000000005da4                cc1200_arch_gpio2_enable_irq
 .any.text.cc1200_arch_gpio2_disable_irq
                0x0000000000005db2        0x8 contiki-z1.a(cc1200-z1-arch.)
                0x0000000000005db2                cc1200_arch_gpio2_disable_irq
 .any.text.cc1200_arch_gpio0_read_pin
                0x0000000000005dba        0x8 contiki-z1.a(cc1200-z1-arch.)
                0x0000000000005dba                cc1200_arch_gpio0_read_pin
 .any.text.cc1200_arch_gpio2_read_pin
                0x0000000000005dc2        0xa contiki-z1.a(cc1200-z1-arch.)
                0x0000000000005dc2                cc1200_arch_gpio2_read_pin
 .any.text.accm_write_reg
                0x0000000000005dcc       0x2e contiki-z1.a(adxl345.o)
 .any.text.accm_write_stream
                0x0000000000005dfa       0x2a contiki-z1.a(adxl345.o)
 .any.text.accm_read_reg
                0x0000000000005e24       0x54 contiki-z1.a(adxl345.o)
 .any.text.process_thread_accmeter_process
                0x0000000000005e78       0x56 contiki-z1.a(adxl345.o)
 .any.text.accm_init
                0x0000000000005ece       0x78 contiki-z1.a(adxl345.o)
                0x0000000000005ece                accm_init
 .any.text.dual_radio_switch.part.0
                0x0000000000005f46       0x2a contiki-z1.a(dual_radio.o)
 .any.text.dual_radio_switch
                0x0000000000005f70       0x36 contiki-z1.a(dual_radio.o)
                0x0000000000005f70                dual_radio_switch
 .any.text.sending_in_LR
                0x0000000000005fa6       0x16 contiki-z1.a(dual_radio.o)
                0x0000000000005fa6                sending_in_LR
 .any.text.dual_radio_received
                0x0000000000005fbc       0x1a contiki-z1.a(dual_radio.o)
                0x0000000000005fbc                dual_radio_received
 .any.text.clock_time
                0x0000000000005fd6       0x1a contiki-z1.a(clock.o)
                0x0000000000005fd6                clock_time
 .any.text.clock_init
                0x0000000000005ff0       0x28 contiki-z1.a(clock.o)
                0x0000000000005ff0                clock_init
 .any.text.clock_delay
                0x0000000000006018        0xc contiki-z1.a(clock.o)
                0x0000000000006018                clock_delay
 .any.text.clock_wait
                0x0000000000006024       0x24 contiki-z1.a(clock.o)
                0x0000000000006024                clock_wait
 .any.text.clock_seconds
                0x0000000000006048       0x1a contiki-z1.a(clock.o)
                0x0000000000006048                clock_seconds
 .any.text.leds_arch_init
                0x0000000000006062        0xe contiki-z1.a(leds-arch.o)
                0x0000000000006062                leds_arch_init
 .any.text.leds_arch_set
                0x0000000000006070       0x38 contiki-z1.a(leds-arch.o)
                0x0000000000006070                leds_arch_set
 .any.text.rtimer_arch_init
                0x00000000000060a8        0xe contiki-z1.a(rtimer-arch.o)
                0x00000000000060a8                rtimer_arch_init
 .any.text.rtimer_arch_now
                0x00000000000060b6        0xe contiki-z1.a(rtimer-arch.o)
                0x00000000000060b6                rtimer_arch_now
 .any.text.rtimer_arch_schedule
                0x00000000000060c4        0x6 contiki-z1.a(rtimer-arch.o)
                0x00000000000060c4                rtimer_arch_schedule
 .any.text.autostart_start
                0x00000000000060ca       0x16 contiki-z1.a(autostart.o)
                0x00000000000060ca                autostart_start
 .any.text.energest_init
                0x00000000000060e0       0x24 contiki-z1.a(energest.o)
                0x00000000000060e0                energest_init
 .any.text.energest_type_time
                0x0000000000006104       0x3c contiki-z1.a(energest.o)
                0x0000000000006104                energest_type_time
 .any.text.energest_type_set
                0x0000000000006140        0xc contiki-z1.a(energest.o)
                0x0000000000006140                energest_type_set
 .any.text.energest_flush
                0x000000000000614c       0x38 contiki-z1.a(energest.o)
                0x000000000000614c                energest_flush
 .any.text.update_time
                0x0000000000006184       0x70 contiki-z1.a(etimer.o)
 .any.text.etimer_request_poll
                0x00000000000061f4        0xa contiki-z1.a(etimer.o)
                0x00000000000061f4                etimer_request_poll
 .any.text.process_thread_etimer_process
                0x00000000000061fe       0xc4 contiki-z1.a(etimer.o)
 .any.text.add_timer
                0x00000000000062c2       0x40 contiki-z1.a(etimer.o)
 .any.text.etimer_set
                0x0000000000006302       0x12 contiki-z1.a(etimer.o)
                0x0000000000006302                etimer_set
 .any.text.etimer_expired
                0x0000000000006314        0xe contiki-z1.a(etimer.o)
                0x0000000000006314                etimer_expired
 .any.text.etimer_pending
                0x0000000000006322        0xc contiki-z1.a(etimer.o)
                0x0000000000006322                etimer_pending
 .any.text.etimer_next_expiration_time
                0x000000000000632e       0x16 contiki-z1.a(etimer.o)
                0x000000000000632e                etimer_next_expiration_time
 .any.text.process_thread_ctimer_process
                0x0000000000006344       0xa0 contiki-z1.a(ctimer.o)
 .any.text.ctimer_init
                0x00000000000063e4       0x18 contiki-z1.a(ctimer.o)
                0x00000000000063e4                ctimer_init
 .any.text.ctimer_set_with_process
                0x00000000000063fc       0x4a contiki-z1.a(ctimer.o)
                0x00000000000063fc                ctimer_set_with_process
 .any.text.ctimer_set
                0x0000000000006446       0x10 contiki-z1.a(ctimer.o)
                0x0000000000006446                ctimer_set
 .any.text.call_process
                0x0000000000006456       0x40 contiki-z1.a(process.o)
 .any.text.exit_process
                0x0000000000006496       0x88 contiki-z1.a(process.o)
 .any.text.do_poll
                0x000000000000651e       0x30 contiki-z1.a(process.o)
 .any.text.process_alloc_event
                0x000000000000654e        0xe contiki-z1.a(process.o)
                0x000000000000654e                process_alloc_event
 .any.text.process_init
                0x000000000000655c       0x1c contiki-z1.a(process.o)
                0x000000000000655c                process_init
 .any.text.process_run
                0x0000000000006578       0xa4 contiki-z1.a(process.o)
                0x0000000000006578                process_run
 .any.text.process_nevents
                0x000000000000661c        0xe contiki-z1.a(process.o)
                0x000000000000661c                process_nevents
 .any.text.process_post
                0x000000000000662a       0x50 contiki-z1.a(process.o)
                0x000000000000662a                process_post
 .any.text.process_post_synch
                0x000000000000667a       0x12 contiki-z1.a(process.o)
                0x000000000000667a                process_post_synch
 .any.text.process_start
                0x000000000000668c       0x36 contiki-z1.a(process.o)
                0x000000000000668c                process_start
 .any.text.process_poll
                0x00000000000066c2       0x18 contiki-z1.a(process.o)
                0x00000000000066c2                process_poll
 .any.text.rtimer_init
                0x00000000000066da        0x6 contiki-z1.a(rtimer.o)
                0x00000000000066da                rtimer_init
 .any.text.rtimer_run_next
                0x00000000000066e0       0x26 contiki-z1.a(rtimer.o)
                0x00000000000066e0                rtimer_run_next
 .any.text.timer_set
                0x0000000000006706       0x1c contiki-z1.a(timer.o)
                0x0000000000006706                timer_set
 .any.text.timer_expired
                0x0000000000006722       0x2a contiki-z1.a(timer.o)
                0x0000000000006722                timer_expired
 .any.text.process_thread_serial_line_process
                0x000000000000674c       0x9e contiki-z1.a(serial-line.o)
 .any.text.serial_line_input_byte
                0x00000000000067ea       0x4a contiki-z1.a(serial-line.o)
                0x00000000000067ea                serial_line_input_byte
 .any.text.serial_line_init
                0x0000000000006834       0x1c contiki-z1.a(serial-line.o)
                0x0000000000006834                serial_line_init
 .any.text.ringbuf_init
                0x0000000000006850       0x14 contiki-z1.a(ringbuf.o)
                0x0000000000006850                ringbuf_init
 .any.text.ringbuf_put
                0x0000000000006864       0x38 contiki-z1.a(ringbuf.o)
                0x0000000000006864                ringbuf_put
 .any.text.ringbuf_get
                0x000000000000689c       0x2e contiki-z1.a(ringbuf.o)
                0x000000000000689c                ringbuf_get
 .any.text.list_init
                0x00000000000068ca        0x6 contiki-z1.a(list.o)
                0x00000000000068ca                list_init
 .any.text.list_head
                0x00000000000068d0        0x4 contiki-z1.a(list.o)
                0x00000000000068d0                list_head
 .any.text.list_tail
                0x00000000000068d4       0x12 contiki-z1.a(list.o)
                0x00000000000068d4                list_tail
 .any.text.list_remove
                0x00000000000068e6       0x34 contiki-z1.a(list.o)
                0x00000000000068e6                list_remove
 .any.text.list_add
                0x000000000000691a       0x26 contiki-z1.a(list.o)
                0x000000000000691a                list_add
 .any.text.list_item_next
                0x0000000000006940        0xc contiki-z1.a(list.o)
                0x0000000000006940                list_item_next
 .any.text.random_init
                0x000000000000694c        0x6 contiki-z1.a(random.o)
                0x000000000000694c                random_init
 .any.text.random_rand
                0x0000000000006952        0x6 contiki-z1.a(random.o)
                0x0000000000006952                random_rand
 .any.text.input
                0x0000000000006958       0x36 contiki-z1.a(rime.o)
 .any.text.init
                0x000000000000698e       0x2e contiki-z1.a(rime.o)
 .any.text.packet_sent
                0x00000000000069bc       0x38 contiki-z1.a(rime.o)
 .any.text.rime_output
                0x00000000000069f4       0x24 contiki-z1.a(rime.o)
                0x00000000000069f4                rime_output
 .any.text.adv_packet_sent
                0x0000000000006a18        0x2 contiki-z1.a(broadcast-annou)
 .any.text.adv_packet_received
                0x0000000000006a1a       0x56 contiki-z1.a(broadcast-annou)
 .any.text.set_timers
                0x0000000000006a70       0x4a contiki-z1.a(broadcast-annou)
 .any.text.send_timer
                0x0000000000006aba       0x32 contiki-z1.a(broadcast-annou)
 .any.text.send_adv
                0x0000000000006aec       0x60 contiki-z1.a(broadcast-annou)
 .any.text.new_announcement
                0x0000000000006b4c       0x18 contiki-z1.a(broadcast-annou)
 .any.text.broadcast_announcement_init
                0x0000000000006b64       0x44 contiki-z1.a(broadcast-annou)
                0x0000000000006b64                broadcast_announcement_init
 .any.text.announcement_init
                0x0000000000006ba8        0xa contiki-z1.a(announcement.o)
                0x0000000000006ba8                announcement_init
 .any.text.announcement_register_observer_callback
                0x0000000000006bb2        0x6 contiki-z1.a(announcement.o)
                0x0000000000006bb2                announcement_register_observer_callback
 .any.text.announcement_list
                0x0000000000006bb8        0xa contiki-z1.a(announcement.o)
                0x0000000000006bb8                announcement_list
 .any.text.announcement_heard
                0x0000000000006bc2       0x36 contiki-z1.a(announcement.o)
                0x0000000000006bc2                announcement_heard
 .any.text.chameleon_init
                0x0000000000006bf8        0x6 contiki-z1.a(chameleon.o)
                0x0000000000006bf8                chameleon_init
 .any.text.chameleon_parse
                0x0000000000006bfe       0x10 contiki-z1.a(chameleon.o)
                0x0000000000006bfe                chameleon_parse
 .any.text.chameleon_create
                0x0000000000006c0e       0x1c contiki-z1.a(chameleon.o)
                0x0000000000006c0e                chameleon_create
 .any.text.chameleon_hdrsize
                0x0000000000006c2a        0x6 contiki-z1.a(chameleon.o)
                0x0000000000006c2a                chameleon_hdrsize
 .any.text.channel_init
                0x0000000000006c30        0xa contiki-z1.a(channel.o)
                0x0000000000006c30                channel_init
 .any.text.channel_open
                0x0000000000006c3a       0x10 contiki-z1.a(channel.o)
                0x0000000000006c3a                channel_open
 .any.text.channel_close
                0x0000000000006c4a        0xc contiki-z1.a(channel.o)
                0x0000000000006c4a                channel_close
 .any.text.channel_lookup
                0x0000000000006c56       0x20 contiki-z1.a(channel.o)
                0x0000000000006c56                channel_lookup
 .any.text.channel_set_attributes
                0x0000000000006c76       0x20 contiki-z1.a(channel.o)
                0x0000000000006c76                channel_set_attributes
 .any.text.sent_by_abc
                0x0000000000006c96       0x10 contiki-z1.a(broadcast.o)
 .any.text.recv_from_abc
                0x0000000000006ca6       0x26 contiki-z1.a(broadcast.o)
 .any.text.broadcast_open
                0x0000000000006ccc       0x22 contiki-z1.a(broadcast.o)
                0x0000000000006ccc                broadcast_open
 .any.text.broadcast_close
                0x0000000000006cee        0x6 contiki-z1.a(broadcast.o)
                0x0000000000006cee                broadcast_close
 .any.text.broadcast_send
                0x0000000000006cf4       0x1a contiki-z1.a(broadcast.o)
                0x0000000000006cf4                broadcast_send
 .any.text.sent_by_broadcast
                0x0000000000006d0e       0x10 contiki-z1.a(unicast.o)
 .any.text.recv_from_broadcast
                0x0000000000006d1e       0x2a contiki-z1.a(unicast.o)
 .any.text.unicast_open
                0x0000000000006d48       0x22 contiki-z1.a(unicast.o)
                0x0000000000006d48                unicast_open
 .any.text.unicast_close
                0x0000000000006d6a        0x6 contiki-z1.a(unicast.o)
                0x0000000000006d6a                unicast_close
 .any.text.unicast_send
                0x0000000000006d70       0x16 contiki-z1.a(unicast.o)
                0x0000000000006d70                unicast_send
 .any.text.abc_open
                0x0000000000006d86       0x1e contiki-z1.a(abc.o)
                0x0000000000006d86                abc_open
 .any.text.abc_close
                0x0000000000006da4        0x6 contiki-z1.a(abc.o)
                0x0000000000006da4                abc_close
 .any.text.abc_send
                0x0000000000006daa        0x6 contiki-z1.a(abc.o)
                0x0000000000006daa                abc_send
 .any.text.abc_input
                0x0000000000006db0        0xe contiki-z1.a(abc.o)
                0x0000000000006db0                abc_input
 .any.text.abc_sent
                0x0000000000006dbe       0x10 contiki-z1.a(abc.o)
                0x0000000000006dbe                abc_sent
 .any.text.queuebuf_init
                0x0000000000006dce       0x12 contiki-z1.a(queuebuf.o)
                0x0000000000006dce                queuebuf_init
 .any.text.queuebuf_to_packetbuf
                0x0000000000006de0       0x32 contiki-z1.a(queuebuf.o)
                0x0000000000006de0                queuebuf_to_packetbuf
 .any.text.packetbuf_hdrreduce
                0x0000000000006e12       0x1a contiki-z1.a(packetbuf.o)
                0x0000000000006e12                packetbuf_hdrreduce
 .any.text.packetbuf_set_datalen
                0x0000000000006e2c        0x6 contiki-z1.a(packetbuf.o)
                0x0000000000006e2c                packetbuf_set_datalen
 .any.text.packetbuf_hdrptr
                0x0000000000006e32        0x6 contiki-z1.a(packetbuf.o)
                0x0000000000006e32                packetbuf_hdrptr
 .any.text.packetbuf_datalen
                0x0000000000006e38        0x6 contiki-z1.a(packetbuf.o)
                0x0000000000006e38                packetbuf_datalen
 .any.text.packetbuf_hdrlen
                0x0000000000006e3e        0xa contiki-z1.a(packetbuf.o)
                0x0000000000006e3e                packetbuf_hdrlen
 .any.text.packetbuf_dataptr
                0x0000000000006e48        0xc contiki-z1.a(packetbuf.o)
                0x0000000000006e48                packetbuf_dataptr
 .any.text.packetbuf_compact
                0x0000000000006e54       0x3c contiki-z1.a(packetbuf.o)
                0x0000000000006e54                packetbuf_compact
 .any.text.packetbuf_totlen
                0x0000000000006e90        0xc contiki-z1.a(packetbuf.o)
                0x0000000000006e90                packetbuf_totlen
 .any.text.packetbuf_hdralloc
                0x0000000000006e9c       0x3c contiki-z1.a(packetbuf.o)
                0x0000000000006e9c                packetbuf_hdralloc
 .any.text.packetbuf_attr_clear
                0x0000000000006ed8       0x2c contiki-z1.a(packetbuf.o)
                0x0000000000006ed8                packetbuf_attr_clear
 .any.text.packetbuf_clear
                0x0000000000006f04       0x12 contiki-z1.a(packetbuf.o)
                0x0000000000006f04                packetbuf_clear
 .any.text.packetbuf_copyfrom
                0x0000000000006f16       0x2a contiki-z1.a(packetbuf.o)
                0x0000000000006f16                packetbuf_copyfrom
 .any.text.packetbuf_attr_copyfrom
                0x0000000000006f40       0x22 contiki-z1.a(packetbuf.o)
                0x0000000000006f40                packetbuf_attr_copyfrom
 .any.text.packetbuf_holds_broadcast
                0x0000000000006f62        0xe contiki-z1.a(packetbuf.o)
                0x0000000000006f62                packetbuf_holds_broadcast
 .any.text.linkaddr_copy
                0x0000000000006f70        0xc contiki-z1.a(linkaddr.o)
                0x0000000000006f70                linkaddr_copy
 .any.text.linkaddr_cmp
                0x0000000000006f7c       0x12 contiki-z1.a(linkaddr.o)
                0x0000000000006f7c                linkaddr_cmp
 .any.text.linkaddr_set_node_addr
                0x0000000000006f8e        0xc contiki-z1.a(linkaddr.o)
                0x0000000000006f8e                linkaddr_set_node_addr
 .any.text.linkaddr_set_node_long_addr
                0x0000000000006f9a        0xc contiki-z1.a(linkaddr.o)
                0x0000000000006f9a                linkaddr_set_node_long_addr
 .any.text.send_packet
                0x0000000000006fa6        0x6 contiki-z1.a(nullmac.o)
 .any.text.packet_input
                0x0000000000006fac        0x6 contiki-z1.a(nullmac.o)
 .any.text.on   0x0000000000006fb2        0x6 contiki-z1.a(nullmac.o)
 .any.text.off  0x0000000000006fb8        0x6 contiki-z1.a(nullmac.o)
 .any.text.channel_check_interval
                0x0000000000006fbe        0x4 contiki-z1.a(nullmac.o)
 .any.text.init
                0x0000000000006fc2        0x2 contiki-z1.a(nullmac.o)
 .any.text.frame802154_get_pan_id
                0x0000000000006fc4        0x6 contiki-z1.a(frame802154.o)
                0x0000000000006fc4                frame802154_get_pan_id
 .any.text.frame802154_has_panid
                0x0000000000006fca       0x64 contiki-z1.a(frame802154.o)
                0x0000000000006fca                frame802154_has_panid
 .any.text.field_len
                0x000000000000702e       0xa8 contiki-z1.a(frame802154.o)
 .any.text.frame802154_is_broadcast_addr
                0x00000000000070d6       0x28 contiki-z1.a(frame802154.o)
                0x00000000000070d6                frame802154_is_broadcast_addr
 .any.text.frame802154_hdrlen
                0x00000000000070fe       0x32 contiki-z1.a(frame802154.o)
                0x00000000000070fe                frame802154_hdrlen
 .any.text.frame802154_create
                0x0000000000007130      0x136 contiki-z1.a(frame802154.o)
                0x0000000000007130                frame802154_create
 .any.text.frame802154_parse
                0x0000000000007266      0x1be contiki-z1.a(frame802154.o)
                0x0000000000007266                frame802154_parse
 .any.text.on   0x0000000000007424        0x6 contiki-z1.a(nullrdc.o)
 .any.text.channel_check_interval
                0x000000000000742a        0x4 contiki-z1.a(nullrdc.o)
 .any.text.init
                0x000000000000742e        0x6 contiki-z1.a(nullrdc.o)
 .any.text.off  0x0000000000007434       0x10 contiki-z1.a(nullrdc.o)
 .any.text.packet_input
                0x0000000000007444       0x38 contiki-z1.a(nullrdc.o)
 .any.text.send_one_packet
                0x000000000000747c       0x76 contiki-z1.a(nullrdc.o)
 .any.text.send_list
                0x00000000000074f2       0x28 contiki-z1.a(nullrdc.o)
 .any.text.send_packet
                0x000000000000751a        0x6 contiki-z1.a(nullrdc.o)
 .any.text.hdr_length
                0x0000000000007520        0x8 contiki-z1.a(contikimac-fram)
 .any.text.parse
                0x0000000000007528       0x36 contiki-z1.a(contikimac-fram)
 .any.text.create
                0x000000000000755e       0x70 contiki-z1.a(contikimac-fram)
 .any.text.init
                0x00000000000075ce        0x2 contiki-z1.a(nullsec.o)
 .any.text.send
                0x00000000000075d0        0xa contiki-z1.a(nullsec.o)
 .any.text.input
                0x00000000000075da        0x6 contiki-z1.a(nullsec.o)
 .any.text.i2c_receiveinit
                0x00000000000075e0       0x36 contiki-z1.a(i2cmaster.o)
                0x00000000000075e0                i2c_receiveinit
 .any.text.i2c_transmitinit
                0x0000000000007616       0x30 contiki-z1.a(i2cmaster.o)
                0x0000000000007616                i2c_transmitinit
 .any.text.i2c_receive_n
                0x0000000000007646       0x3e contiki-z1.a(i2cmaster.o)
                0x0000000000007646                i2c_receive_n
 .any.text.i2c_busy
                0x0000000000007684        0xa contiki-z1.a(i2cmaster.o)
                0x0000000000007684                i2c_busy
 .any.text.i2c_enable
                0x000000000000768e       0x22 contiki-z1.a(i2cmaster.o)
                0x000000000000768e                i2c_enable
 .any.text.i2c_transmit_n
                0x00000000000076b0       0x14 contiki-z1.a(i2cmaster.o)
                0x00000000000076b0                i2c_transmit_n
 .any.text.memb_init
                0x00000000000076c4       0x36 contiki-z1.a(memb.o)
                0x00000000000076c4                memb_init
 .any.text.memb_inmemb
                0x00000000000076fa       0x2a contiki-z1.a(memb.o)
                0x00000000000076fa                memb_inmemb
 .any.text.get_bits_in_byte
                0x0000000000007724       0x36 contiki-z1.a(chameleon-bitop)
 .any.text.header_size
                0x000000000000775a       0x16 contiki-z1.a(chameleon-bitop)
 .any.text.get_bits
                0x0000000000007770       0x8a contiki-z1.a(chameleon-bitop)
                0x0000000000007770                get_bits
 .any.text.unpack_header
                0x00000000000077fa       0xba contiki-z1.a(chameleon-bitop)
 .any.text.set_bits
                0x00000000000078b4       0xe2 contiki-z1.a(chameleon-bitop)
                0x00000000000078b4                set_bits
 .any.text.pack_header
                0x0000000000007996       0xa8 contiki-z1.a(chameleon-bitop)
 .any.text.create_frame.isra.0
                0x0000000000007a3e      0x110 contiki-z1.a(framer-802154.o)
 .any.text.create
                0x0000000000007b4e        0x8 contiki-z1.a(framer-802154.o)
 .any.text.hdr_length
                0x0000000000007b56        0x8 contiki-z1.a(framer-802154.o)
 .any.text.parse
                0x0000000000007b5e       0xa4 contiki-z1.a(framer-802154.o)
 .any.text.mac_call_sent_callback
                0x0000000000007c02       0x14 contiki-z1.a(mac.o)
                0x0000000000007c02                mac_call_sent_callback
 .any.text.printf
                0x0000000000007c16       0x10 /opt/msp430-47-expr/bin/../lib/gcc/msp430/4.7.0/../../../../msp430/lib/mcpu-430x/mmpy-16/msr20/mc20/libc.a(printf.o)
                0x0000000000007c16                printf
 .any.text.append
                0x0000000000007c26       0x22 /opt/msp430-47-expr/bin/../lib/gcc/msp430/4.7.0/../../../../msp430/lib/mcpu-430x/mmpy-16/msr20/mc20/libc.a(sprintf.o)
 .any.text.call_vuprintf
                0x0000000000007c48       0x36 /opt/msp430-47-expr/bin/../lib/gcc/msp430/4.7.0/../../../../msp430/lib/mcpu-430x/mmpy-16/msr20/mc20/libc.a(sprintf.o)
 .any.text.sprintf
                0x0000000000007c7e       0x1a /opt/msp430-47-expr/bin/../lib/gcc/msp430/4.7.0/../../../../msp430/lib/mcpu-430x/mmpy-16/msr20/mc20/libc.a(sprintf.o)
                0x0000000000007c7e                sprintf
 .any.text.print_field
                0x0000000000007c98      0x176 /opt/msp430-47-expr/bin/../lib/gcc/msp430/4.7.0/../../../../msp430/lib/mcpu-430x/mmpy-16/msr20/mc20/libc.a(vuprintf.o)
 .any.text.vuprintf
                0x0000000000007e0e      0x74c /opt/msp430-47-expr/bin/../lib/gcc/msp430/4.7.0/../../../../msp430/lib/mcpu-430x/mmpy-16/msr20/mc20/libc.a(vuprintf.o)
                0x0000000000007e0e                vuprintf
 .any.text.puts
                0x000000000000855a       0x2c /opt/msp430-47-expr/bin/../lib/gcc/msp430/4.7.0/../../../../msp430/lib/mcpu-430x/mmpy-16/msr20/mc20/libc.a(puts.o)
                0x000000000000855a                puts
 .any.text.rand
                0x0000000000008586       0x26 /opt/msp430-47-expr/bin/../lib/gcc/msp430/4.7.0/../../../../msp430/lib/mcpu-430x/mmpy-16/msr20/mc20/libc.a(rand.o)
                0x0000000000008586                rand
 .any.text.srand
                0x00000000000085ac        0xa /opt/msp430-47-expr/bin/../lib/gcc/msp430/4.7.0/../../../../msp430/lib/mcpu-430x/mmpy-16/msr20/mc20/libc.a(rand.o)
                0x00000000000085ac                srand
 .any.text.memcmp
                0x00000000000085b6       0x2c /opt/msp430-47-expr/bin/../lib/gcc/msp430/4.7.0/../../../../msp430/lib/mcpu-430x/mmpy-16/msr20/mc20/libc.a(memcmp.o)
                0x00000000000085b6                memcmp
 .any.text.memcpy
                0x00000000000085e2       0xe8 /opt/msp430-47-expr/bin/../lib/gcc/msp430/4.7.0/../../../../msp430/lib/mcpu-430x/mmpy-16/msr20/mc20/libc.a(memcpy.o)
                0x00000000000085e2                memcpy
 .any.text.memset
                0x00000000000086ca       0x5c /opt/msp430-47-expr/bin/../lib/gcc/msp430/4.7.0/../../../../msp430/lib/mcpu-430x/mmpy-16/msr20/mc20/libc.a(memset.o)
                0x00000000000086ca                memset

.rodata         0x0000000000008728      0x9ff
                0x0000000000008728                . = ALIGN (0x2)
 *(.rodata .rodata.* .gnu.linkonce.r.*)
 .rodata.process_thread_example_unicast_process
                0x0000000000008728       0x11 example-longrange-unicast.co
 .rodata.recv_uc
                0x0000000000008739       0x7f example-longrange-unicast.co
 .rodata.autostart_processes
                0x00000000000087b8        0x4 example-longrange-unicast.co
                0x00000000000087b8                autostart_processes
 .rodata        0x00000000000087bc       0x10 example-longrange-unicast.co
 .rodata.unicast_callbacks
                0x00000000000087cc        0x8 example-longrange-unicast.co
 .rodata        0x00000000000087d4      0x18a obj_z1/contiki-z1-main.o
 .rodata.cc2420_prepare
                0x000000000000895e       0x47 contiki-z1.a(cc2420.o)
 .rodata.process_thread_cc2420_process
                0x00000000000089a5       0x42 contiki-z1.a(cc2420.o)
 .rodata.cc2420_transmit
                0x00000000000089e7       0x2d contiki-z1.a(cc2420.o)
 .rodata.get_value
                0x0000000000008a14       0x44 contiki-z1.a(cc2420.o)
 .rodata.set_value
                0x0000000000008a58       0x20 contiki-z1.a(cc2420.o)
 .rodata.cc2420_driver
                0x0000000000008a78       0x38 contiki-z1.a(cc2420.o)
                0x0000000000008a78                cc2420_driver
 .rodata        0x0000000000008ab0        0xe contiki-z1.a(cc2420.o)
 .rodata.output_power
                0x0000000000008abe       0x10 contiki-z1.a(cc2420.o)
 .rodata.node_id_restore
                0x0000000000008ace       0x2d contiki-z1.a(node-id.o)
 .rodata        0x0000000000008afb        0x8 contiki-z1.a(sensors.o)
 .rodata        0x0000000000008b03        0x7 contiki-z1.a(button-sensor.o)
 .rodata.button_sensor
                0x0000000000008b0a        0xe contiki-z1.a(button-sensor.o)
                0x0000000000008b0a                button_sensor
 .rodata.get_value
                0x0000000000008b18       0x44 contiki-z1.a(cc1200.o)
 .rodata.idle   0x0000000000008b5c       0x22 contiki-z1.a(cc1200.o)
 .rodata.rx_rx  0x0000000000008b7e       0x24 contiki-z1.a(cc1200.o)
 .rodata.idle_calibrate_rx
                0x0000000000008ba2       0x60 contiki-z1.a(cc1200.o)
 *fill*         0x0000000000008c02        0x2 00
 .rodata.set_value
                0x0000000000008c04       0x20 contiki-z1.a(cc1200.o)
 .rodata.read   0x0000000000008c24       0x25 contiki-z1.a(cc1200.o)
 .rodata.prepare
                0x0000000000008c49       0x1c contiki-z1.a(cc1200.o)
 .rodata.idle_tx_rx
                0x0000000000008c65       0x80 contiki-z1.a(cc1200.o)
 .rodata.transmit
                0x0000000000008ce5       0x18 contiki-z1.a(cc1200.o)
 .rodata.cc1200_init
                0x0000000000008cfd       0x66 contiki-z1.a(cc1200.o)
 .rodata.cc1200_rx_interrupt
                0x0000000000008d63       0x5d contiki-z1.a(cc1200.o)
 .rodata.process_thread_cc1200_process
                0x0000000000008dc0       0x16 contiki-z1.a(cc1200.o)
 .rodata        0x0000000000008dd6        0xe contiki-z1.a(cc1200.o)
 .rodata.cc1200_driver
                0x0000000000008de4       0x38 contiki-z1.a(cc1200.o)
                0x0000000000008de4                cc1200_driver
 .rodata.cc1200_802154g_863_870_fsk_50kbps
                0x0000000000008e1c       0x12 contiki-z1.a(cc1200-802154g-)
                0x0000000000008e1c                cc1200_802154g_863_870_fsk_50kbps
 .rodata.rf_cfg_descriptor
                0x0000000000008e2e       0x24 contiki-z1.a(cc1200-802154g-)
 .rodata.preferredSettings
                0x0000000000008e52       0xd0 contiki-z1.a(cc1200-802154g-)
 .rodata.cc1200_arch_gpio0_setup_irq
                0x0000000000008f22       0x39 contiki-z1.a(cc1200-z1-arch.)
 .rodata.cc1200_arch_gpio2_setup_irq
                0x0000000000008f5b       0x39 contiki-z1.a(cc1200-z1-arch.)
 .rodata.port1_isr
                0x0000000000008f94       0x7a contiki-z1.a(adxl345.o)
 .rodata        0x000000000000900e       0x25 contiki-z1.a(adxl345.o)
 .rodata        0x0000000000009033        0xc contiki-z1.a(etimer.o)
 .rodata        0x000000000000903f        0xf contiki-z1.a(ctimer.o)
 .rodata        0x000000000000904e        0xe contiki-z1.a(serial-line.o)
 .rodata        0x000000000000905c        0x5 contiki-z1.a(rime.o)
 *fill*         0x0000000000009061        0x1 00
 .rodata.rime_driver
                0x0000000000009062        0xa contiki-z1.a(rime.o)
                0x0000000000009062                rime_driver
 .rodata.broadcast_callbacks
                0x000000000000906c        0x8 contiki-z1.a(broadcast-annou)
 .rodata.broadcast
                0x0000000000009074        0x8 contiki-z1.a(broadcast.o)
 .rodata.attributes
                0x000000000000907c        0x4 contiki-z1.a(broadcast.o)
 .rodata.uc     0x0000000000009080        0x8 contiki-z1.a(unicast.o)
 .rodata.attributes
                0x0000000000009088        0x6 contiki-z1.a(unicast.o)
 .rodata.attributes
                0x000000000000908e        0x2 contiki-z1.a(abc.o)
 .rodata.linkaddr_null
                0x0000000000009090        0x2 contiki-z1.a(linkaddr.o)
                0x0000000000009090                linkaddr_null
 .rodata        0x0000000000009092        0x8 contiki-z1.a(nullmac.o)
 .rodata.nullmac_driver
                0x000000000000909a       0x1a contiki-z1.a(nullmac.o)
                0x000000000000909a                nullmac_driver
 .rodata.CSWTCH.16
                0x00000000000090b4        0x2 contiki-z1.a(frame802154.o)
 .rodata        0x00000000000090b6        0x8 contiki-z1.a(nullrdc.o)
 .rodata.nullrdc_driver
                0x00000000000090be       0x1e contiki-z1.a(nullrdc.o)
                0x00000000000090be                nullrdc_driver
 .rodata.contikimac_framer
                0x00000000000090dc        0xc contiki-z1.a(contikimac-fram)
                0x00000000000090dc                contikimac_framer
 .rodata        0x00000000000090e8        0x8 contiki-z1.a(nullsec.o)
 .rodata.nullsec_driver
                0x00000000000090f0        0xe contiki-z1.a(nullsec.o)
                0x00000000000090f0                nullsec_driver
 .rodata.chameleon_bitopt
                0x00000000000090fe        0xc contiki-z1.a(chameleon-bitop)
                0x00000000000090fe                chameleon_bitopt
 .rodata.bitmask
                0x000000000000910a        0x9 contiki-z1.a(chameleon-bitop)
 *fill*         0x0000000000009113        0x1 00
 .rodata.framer_802154
                0x0000000000009114        0xc contiki-z1.a(framer-802154.o)
                0x0000000000009114                framer_802154
 .rodata.vuprintf
                0x0000000000009120        0x7 /opt/msp430-47-expr/bin/../lib/gcc/msp430/4.7.0/../../../../msp430/lib/mcpu-430x/mmpy-16/msr20/mc20/libc.a(vuprintf.o)
 *(.near.rodata .near.rodata.*)
                0x0000000000009128                . = ALIGN (0x2)
                0x0000000000009128                _etext = .

.data           0x0000000000001100       0x9a load address 0x0000000000009128
                0x0000000000001100                . = ALIGN (0x2)
                0x0000000000001100                __data_start = .
 *(.data .data.* .gnu.linkonce.d.*)
 .data.example_unicast_process
                0x0000000000001100        0xc example-longrange-unicast.co
                0x0000000000001100                example_unicast_process
 .data.transmission_count
                0x000000000000110c        0x2 example-longrange-unicast.co
                0x000000000000110c                transmission_count
 .data.sensors  0x000000000000110e        0x4 obj_z1/contiki-z1-main.o
                0x000000000000110e                sensors
 .data.cur_break
                0x0000000000001112        0x2 contiki-z1.a(msp430.o)
 .data.cc2420_process
                0x0000000000001114        0xc contiki-z1.a(cc2420.o)
                0x0000000000001114                cc2420_process
 .data.send_on_cca
                0x0000000000001120        0x1 contiki-z1.a(cc2420.o)
 *fill*         0x0000000000001121        0x1 00
 .data.sensors_process
                0x0000000000001122        0xc contiki-z1.a(sensors.o)
                0x0000000000001122                sensors_process
 .data.cc1200_process
                0x000000000000112e        0xc contiki-z1.a(cc1200.o)
                0x000000000000112e                cc1200_process
 .data.accmeter_process
                0x000000000000113a        0xc contiki-z1.a(adxl345.o)
                0x000000000000113a                accmeter_process
 .data.adxl345_default_settings
                0x0000000000001146       0x16 contiki-z1.a(adxl345.o)
 .data.radio_received
                0x000000000000115c        0x2 contiki-z1.a(dual_radio.o)
                0x000000000000115c                radio_received
 .data.etimer_process
                0x000000000000115e        0xc contiki-z1.a(etimer.o)
                0x000000000000115e                etimer_process
 .data.ctimer_process
                0x000000000000116a        0xc contiki-z1.a(ctimer.o)
                0x000000000000116a                ctimer_process
 .data.serial_line_process
                0x0000000000001176        0xc contiki-z1.a(serial-line.o)
                0x0000000000001176                serial_line_process
 .data.buframmem
                0x0000000000001182        0x8 contiki-z1.a(queuebuf.o)
 .data.bufmem   0x000000000000118a        0x8 contiki-z1.a(queuebuf.o)
 .data.mac_pan_id
                0x0000000000001192        0x2 contiki-z1.a(frame802154.o)
 .data.prescale_lsb
                0x0000000000001194        0x1 contiki-z1.a(i2cmaster.o)
                0x0000000000001194                prescale_lsb
 *fill*         0x0000000000001195        0x1 00
 .data.next     0x0000000000001196        0x4 /opt/msp430-47-expr/bin/../lib/gcc/msp430/4.7.0/../../../../msp430/lib/mcpu-430x/mmpy-16/msr20/mc20/libc.a(rand.o)
 *(.near.data .near.data.*)
                0x000000000000119a                . = ALIGN (0x2)
                0x000000000000119a                _edata = .
                0x0000000000009128                __data_load_start = LOADADDR (.data)
                0x000000000000009a                __data_size = SIZEOF (.data)

.bss            0x000000000000119a      0xbc0 load address 0x00000000000091c2
                0x000000000000119a                __bss_start = .
 *(.bss .bss.*)
 .bss.LongRangeReceiving
                0x000000000000119a        0x2 example-longrange-unicast.co
                0x000000000000119a                LongRangeReceiving
 .bss.LongRangeTransmit
                0x000000000000119c        0x2 example-longrange-unicast.co
                0x000000000000119c                LongRangeTransmit
 .bss.uc        0x000000000000119e        0xe example-longrange-unicast.co
 .bss.count.4628
                0x00000000000011ac        0x2 example-longrange-unicast.co
 .bss.et.4629   0x00000000000011ae        0xc example-longrange-unicast.co
 .bss.str.4627  0x00000000000011ba        0xf example-longrange-unicast.co
 *fill*         0x00000000000011c9        0x1 00
 .bss.irq_energest.3936
                0x00000000000011ca        0x4 obj_z1/contiki-z1-main.o
 .bss.leds      0x00000000000011ce        0x1 contiki-z1.a(leds.o)
 *fill*         0x00000000000011cf        0x1 00
 .bss.counter   0x00000000000011d0        0x2 contiki-z1.a(watchdog.o)
 .bss.poll_mode
                0x00000000000011d2        0x1 contiki-z1.a(cc2420.o)
 *fill*         0x00000000000011d3        0x1 00
 .bss.last_packet_timestamp
                0x00000000000011d4        0x2 contiki-z1.a(cc2420.o)
 .bss.locked    0x00000000000011d6        0x1 contiki-z1.a(cc2420.o)
 .bss.lock_on   0x00000000000011d7        0x1 contiki-z1.a(cc2420.o)
 .bss.lock_off  0x00000000000011d8        0x1 contiki-z1.a(cc2420.o)
 .bss.receive_on
                0x00000000000011d9        0x1 contiki-z1.a(cc2420.o)
 .bss.channel   0x00000000000011da        0x2 contiki-z1.a(cc2420.o)
 .bss.node_id   0x00000000000011dc        0x2 contiki-z1.a(node-id.o)
                0x00000000000011dc                node_id
 .bss.num_sensors
                0x00000000000011de        0x1 contiki-z1.a(sensors.o)
 *fill*         0x00000000000011df        0x1 00
 .bss.i.2195    0x00000000000011e0        0x2 contiki-z1.a(sensors.o)
 .bss.events.2196
                0x00000000000011e2        0x2 contiki-z1.a(sensors.o)
 .bss.debouncetimer
                0x00000000000011e4        0x8 contiki-z1.a(button-sensor.o)
 .bss.transmitting
                0x00000000000011ec        0x1 contiki-z1.a(uart0.o)
 *fill*         0x00000000000011ed        0x1 00
 .bss.uart0_input_handler
                0x00000000000011ee        0x4 contiki-z1.a(uart0.o)
 .bss.rx_pkt_len
                0x00000000000011f2        0x2 contiki-z1.a(cc1200.o)
 .bss.spi_locked
                0x00000000000011f4        0x1 contiki-z1.a(cc1200.o)
 .bss.rf_flags  0x00000000000011f5        0x1 contiki-z1.a(cc1200.o)
 .bss.rx_mode_value
                0x00000000000011f6        0x2 contiki-z1.a(cc1200.o)
 .bss.tx_mode_value
                0x00000000000011f8        0x2 contiki-z1.a(cc1200.o)
 .bss.new_txpower
                0x00000000000011fa        0x1 contiki-z1.a(cc1200.o)
 .bss.new_cca_threshold
                0x00000000000011fb        0x1 contiki-z1.a(cc1200.o)
 .bss.new_rf_channel
                0x00000000000011fc        0x1 contiki-z1.a(cc1200.o)
 .bss.rf_channel
                0x00000000000011fd        0x1 contiki-z1.a(cc1200.o)
 .bss.cal_timer
                0x00000000000011fe        0x4 contiki-z1.a(cc1200.o)
 .bss.txpower   0x0000000000001202        0x1 contiki-z1.a(cc1200.o)
 .bss.cca_threshold
                0x0000000000001203        0x1 contiki-z1.a(cc1200.o)
 .bss.rx_pkt    0x0000000000001204       0x81 contiki-z1.a(cc1200.o)
 *fill*         0x0000000000001285        0x1 00
 .bss.tx_pkt_len
                0x0000000000001286        0x2 contiki-z1.a(cc1200.o)
 .bss.tx_pkt    0x0000000000001288       0x7f contiki-z1.a(cc1200.o)
 *fill*         0x0000000000001307        0x1 00
 .bss.payload_len.4231
                0x0000000000001308        0x2 contiki-z1.a(cc1200.o)
 .bss.bytes_read.4232
                0x000000000000130a        0x2 contiki-z1.a(cc1200.o)
 .bss.buf.4233  0x000000000000130c       0x81 contiki-z1.a(cc1200.o)
 .bss.enabled   0x000000000000138d        0x1 contiki-z1.a(adxl345.o)
 .bss.int1_mask
                0x000000000000138e        0x2 contiki-z1.a(adxl345.o)
 .bss.int2_mask
                0x0000000000001390        0x2 contiki-z1.a(adxl345.o)
 .bss.suppressTimer1
                0x0000000000001392        0x8 contiki-z1.a(adxl345.o)
 .bss.suppressTimer2
                0x000000000000139a        0x8 contiki-z1.a(adxl345.o)
 .bss.long_range_radio
                0x00000000000013a2        0x2 contiki-z1.a(dual_radio.o)
                0x00000000000013a2                long_range_radio
 .bss.last_tar  0x00000000000013a4        0x2 contiki-z1.a(clock.o)
 .bss.count     0x00000000000013a6        0x4 contiki-z1.a(clock.o)
 .bss.seconds   0x00000000000013aa        0x4 contiki-z1.a(clock.o)
 .bss.timerlist
                0x00000000000013ae        0x2 contiki-z1.a(etimer.o)
 .bss.next_expiration
                0x00000000000013b0        0x4 contiki-z1.a(etimer.o)
 .bss.initialized
                0x00000000000013b4        0x1 contiki-z1.a(ctimer.o)
 *fill*         0x00000000000013b5        0x1 00
 .bss.ctimer_list_list
                0x00000000000013b6        0x2 contiki-z1.a(ctimer.o)
 .bss.poll_requested
                0x00000000000013b8        0x1 contiki-z1.a(process.o)
 *fill*         0x00000000000013b9        0x1 00
 .bss.process_current
                0x00000000000013ba        0x2 contiki-z1.a(process.o)
                0x00000000000013ba                process_current
 .bss.process_list
                0x00000000000013bc        0x2 contiki-z1.a(process.o)
                0x00000000000013bc                process_list
 .bss.lastevent
                0x00000000000013be        0x1 contiki-z1.a(process.o)
 .bss.fevent    0x00000000000013bf        0x1 contiki-z1.a(process.o)
 .bss.nevents   0x00000000000013c0        0x1 contiki-z1.a(process.o)
 *fill*         0x00000000000013c1        0x1 00
 .bss.events    0x00000000000013c2       0x30 contiki-z1.a(process.o)
 .bss.ev.1962   0x00000000000013f2        0x1 contiki-z1.a(process.o)
 *fill*         0x00000000000013f3        0x1 00
 .bss.data.1963
                0x00000000000013f4        0x2 contiki-z1.a(process.o)
 .bss.receiver.1964
                0x00000000000013f6        0x2 contiki-z1.a(process.o)
 .bss.p.1965    0x00000000000013f8        0x2 contiki-z1.a(process.o)
 .bss.snum.1980
                0x00000000000013fa        0x1 contiki-z1.a(process.o)
 *fill*         0x00000000000013fb        0x1 00
 .bss.next_rtimer
                0x00000000000013fc        0x2 contiki-z1.a(rtimer.o)
 .bss.overflow.2173
                0x00000000000013fe        0x1 contiki-z1.a(serial-line.o)
 *fill*         0x00000000000013ff        0x1 00
 .bss.rxbuf     0x0000000000001400        0x6 contiki-z1.a(serial-line.o)
 .bss.rxbuf_data
                0x0000000000001406       0x80 contiki-z1.a(serial-line.o)
 .bss.ptr.2180  0x0000000000001486        0x2 contiki-z1.a(serial-line.o)
 .bss.buf.2179  0x0000000000001488       0x80 contiki-z1.a(serial-line.o)
 .bss.sniffers_list
                0x0000000000001508        0x2 contiki-z1.a(rime.o)
 .bss.c         0x000000000000150a       0x4a contiki-z1.a(broadcast-annou)
 .bss.announcements_list
                0x0000000000001554        0x2 contiki-z1.a(announcement.o)
 .bss.observer_callback
                0x0000000000001556        0x4 contiki-z1.a(announcement.o)
 .bss.channel_list_list
                0x000000000000155a        0x2 contiki-z1.a(channel.o)
 .bss.buframmem_memb_count
                0x000000000000155c        0x8 contiki-z1.a(queuebuf.o)
 .bss.buframmem_memb_mem
                0x0000000000001564      0x5f0 contiki-z1.a(queuebuf.o)
 .bss.bufmem_memb_count
                0x0000000000001b54        0x8 contiki-z1.a(queuebuf.o)
 .bss.bufmem_memb_mem
                0x0000000000001b5c       0x10 contiki-z1.a(queuebuf.o)
 .bss.bufptr    0x0000000000001b6c        0x2 contiki-z1.a(packetbuf.o)
 .bss.buflen    0x0000000000001b6e        0x2 contiki-z1.a(packetbuf.o)
 .bss.hdrlen    0x0000000000001b70        0x1 contiki-z1.a(packetbuf.o)
 *fill*         0x0000000000001b71        0x1 00
 .bss.packetbuf_aligned
                0x0000000000001b72       0x80 contiki-z1.a(packetbuf.o)
 .bss.tx_byte_tot
                0x0000000000001bf2        0x1 contiki-z1.a(i2cmaster.o)
 .bss.rx_byte_tot
                0x0000000000001bf3        0x1 contiki-z1.a(i2cmaster.o)
 .bss.prescale_msb
                0x0000000000001bf4        0x1 contiki-z1.a(i2cmaster.o)
                0x0000000000001bf4                prescale_msb
 .bss.initialized
                0x0000000000001bf5        0x1 contiki-z1.a(framer-802154.o)
 .bss.mac_dsn   0x0000000000001bf6        0x1 contiki-z1.a(framer-802154.o)
 *fill*         0x0000000000001bf7        0x1 00
 .bss.destination_
                0x0000000000001bf8        0x2 /opt/msp430-47-expr/bin/../lib/gcc/msp430/4.7.0/../../../../msp430/lib/mcpu-430x/mmpy-16/msr20/mc20/libc.a(sprintf.o)
 .bss.available_
                0x0000000000001bfa        0x2 /opt/msp430-47-expr/bin/../lib/gcc/msp430/4.7.0/../../../../msp430/lib/mcpu-430x/mmpy-16/msr20/mc20/libc.a(sprintf.o)
 *(.near.bss .near.bss.*)
 *(COMMON)
 COMMON         0x0000000000001bfc       0x7b example-longrange-unicast.co
                0x0000000000001bfc                my_weight
                0x0000000000001bfd                LSA_lr_child
                0x0000000000001bfe                my_parent_number
                0x0000000000001bff                LSA_broadcast_count
                0x0000000000001c00                LSA_message_input
                0x0000000000001c01                LSA_converge
                0x0000000000001c02                NETSTACK_RADIO
                0x0000000000001c3a                LSA_SR_preamble
                0x0000000000001c3b                LSA_message_flag
                0x0000000000001c3c                my_sink_reachability
                0x0000000000001c3e                NETSTACK_CONF_RADIO
                0x0000000000001c76                dual_duty_cycle_count
 COMMON         0x0000000000001c77        0x2 obj_z1/contiki-z1-main.o
                0x0000000000001c77                sensors_flags
 *fill*         0x0000000000001c79        0x1 00
 COMMON         0x0000000000001c7a        0x2 contiki-z1.a(msp430.o)
                0x0000000000001c7a                msp430_dco_required
 COMMON         0x0000000000001c7c       0x10 contiki-z1.a(cc2420.o)
                0x0000000000001c7c                cc2420_last_rssi
                0x0000000000001c7e                cc2420_sfd_start_time
                0x0000000000001c80                cc2420_time_of_departure
                0x0000000000001c82                cc2420_time_of_arrival
                0x0000000000001c84                cc2420_last_correlation
                0x0000000000001c86                cc2420_authority_level_of_sender
                0x0000000000001c88                cc2420_sfd_counter
                0x0000000000001c8a                cc2420_sfd_end_time
 COMMON         0x0000000000001c8c       0x10 contiki-z1.a(node-id.o)
                0x0000000000001c8c                node_mac_long
                0x0000000000001c94                node_mac
 COMMON         0x0000000000001c9c        0x1 contiki-z1.a(sensors.o)
                0x0000000000001c9c                sensors_event
 *fill*         0x0000000000001c9d        0x1 00
 COMMON         0x0000000000001c9e        0x8 contiki-z1.a(adxl345.o)
                0x0000000000001c9e                accm_int2_cb
                0x0000000000001ca2                accm_int1_cb
 COMMON         0x0000000000001ca6       0x64 contiki-z1.a(energest.o)
                0x0000000000001ca6                energest_total_time
                0x0000000000001cde                energest_total_count
                0x0000000000001ce0                energest_current_mode
                0x0000000000001cee                energest_current_time
 COMMON         0x0000000000001d0a        0x1 contiki-z1.a(process.o)
                0x0000000000001d0a                process_maxevents
 COMMON         0x0000000000001d0b        0x1 contiki-z1.a(serial-line.o)
                0x0000000000001d0b                serial_line_event_message
 COMMON         0x0000000000001d0c       0x3c contiki-z1.a(packetbuf.o)
                0x0000000000001d0c                packetbuf_addrs
                0x0000000000001d14                packetbuf_attrs
 COMMON         0x0000000000001d48        0x4 contiki-z1.a(linkaddr.o)
                0x0000000000001d48                long_linkaddr_node_addr
                0x0000000000001d4a                linkaddr_node_addr
 COMMON         0x0000000000001d4c        0xe contiki-z1.a(i2cmaster.o)
                0x0000000000001d4c                transmit_data1
                0x0000000000001d4d                rx_byte_ctr
                0x0000000000001d4e                tx_buf_ptr
                0x0000000000001d50                tx_byte_ctr
                0x0000000000001d52                i
                0x0000000000001d54                receive_data
                0x0000000000001d55                rx_buf
                0x0000000000001d57                transmit_data2
                0x0000000000001d58                rx_buf_ptr
                0x0000000000001d5a                . = ALIGN (0x2)
                0x0000000000001d5a                __bss_end = .
                0x0000000000000bc0                __bss_size = SIZEOF (.bss)

.noinit         0x0000000000001d5a        0x2 load address 0x00000000000091c2
                0x0000000000001d5a                . = ALIGN (0x2)
                0x0000000000001d5a                __noinit_start = .
 *(.noinit .noinit.*)
 .noinit.crt0   0x0000000000001d5a        0x2 /opt/msp430-47-expr/bin/../lib/gcc/msp430/4.7.0/mcpu-430x/mmpy-16/msr20/mc20/libcrt0.a(__watchdog_support.o)
                0x0000000000001d5a                __wdt_clear_value
                0x0000000000001d5c                . = ALIGN (0x2)
                0x0000000000001d5c                __noinit_end = .
                0x0000000000001d5c                . = ALIGN (0x2)
                0x0000000000001d5c                _end = .

.infomem        0x0000000000001000        0x0
                0x0000000000001000                . = ALIGN (0x2)
 *(.infomem .infomem.*)

.infomemnobits  0x0000000000001000        0x0
                0x0000000000001000                . = ALIGN (0x2)
 *(.infomemnobits .infomemnobits.*)

.infoa          0x00000000000010c0        0x0
                0x00000000000010c0                . = ALIGN (0x2)
 *(.infoa .infoa.*)

.infob          0x0000000000001080        0x0
                0x0000000000001080                . = ALIGN (0x2)
 *(.infob .infob.*)

.infoc          0x0000000000001040        0x0
                0x0000000000001040                . = ALIGN (0x2)
 *(.infoc .infoc.*)

.infod          0x0000000000001000        0x0
                0x0000000000001000                . = ALIGN (0x2)
 *(.infod .infod.*)
                0x000000000000ffff                PROVIDE (__vte_0, 0xffff)
                0x000000000000ffff                PROVIDE (__vte_1, 0xffff)
                0x000000000000ffff                PROVIDE (__vte_2, 0xffff)
                0x000000000000ffff                PROVIDE (__vte_3, 0xffff)
                0x000000000000ffff                PROVIDE (__vte_4, 0xffff)
                0x000000000000ffff                PROVIDE (__vte_5, 0xffff)
                0x000000000000ffff                PROVIDE (__vte_6, 0xffff)
                0x000000000000ffff                PROVIDE (__vte_7, 0xffff)
                0x000000000000ffff                PROVIDE (__vte_8, 0xffff)
                0x000000000000ffff                PROVIDE (__vte_9, 0xffff)
                0x000000000000ffff                PROVIDE (__vte_10, 0xffff)
                0x000000000000ffff                PROVIDE (__vte_11, 0xffff)
                0x000000000000ffff                PROVIDE (__vte_12, 0xffff)
                0x000000000000ffff                PROVIDE (__vte_13, 0xffff)
                0x000000000000ffff                PROVIDE (__vte_14, 0xffff)
                0x000000000000ffff                PROVIDE (__vte_15, 0xffff)
                0x000000000000ffff                PROVIDE (__vte_16, 0xffff)
                0x000000000000ffff                PROVIDE (__vte_17, 0xffff)
                0x000000000000ffff                PROVIDE (__vte_18, 0xffff)
                0x000000000000ffff                PROVIDE (__vte_19, 0xffff)
                0x000000000000ffff                PROVIDE (__vte_20, 0xffff)
                0x000000000000ffff                PROVIDE (__vte_21, 0xffff)
                0x000000000000ffff                PROVIDE (__vte_22, 0xffff)
                0x000000000000ffff                PROVIDE (__vte_23, 0xffff)
                0x000000000000ffff                PROVIDE (__vte_24, 0xffff)
                0x000000000000ffff                PROVIDE (__vte_25, 0xffff)
                0x000000000000ffff                PROVIDE (__vte_26, 0xffff)
                0x000000000000ffff                PROVIDE (__vte_27, 0xffff)
                0x000000000000ffff                PROVIDE (__vte_28, 0xffff)
                0x000000000000ffff                PROVIDE (__vte_29, 0xffff)
                0x000000000000ffff                PROVIDE (__vte_30, 0xffff)
                0x000000000000ffff                PROVIDE (__vte_31, 0xffff)

.vectors        0x000000000000ffc0       0x40
                0x000000000000ffc0                __vectors_start = .
 *(.vectors*)
 .vectors       0x000000000000ffc0       0x40 /opt/msp430-47-expr/bin/../lib/gcc/msp430/4.7.0/mcpu-430x/mmpy-16/msr20/mc20/crt0ivtbl32.o
                0x000000000000ffc0                __ivtbl_32
                0x0000000000010000                _vectors_end = .

.fartext        0x0000000000010000        0x0
                0x0000000000010000                . = ALIGN (0x2)
 *(.fartext .fartext.*)

.far.text       0x0000000000010000        0x0
                0x0000000000010000                . = ALIGN (0x2)
 *(.far.text .far.text.*)

.far.rodata     0x0000000000010000        0x0
                0x0000000000010000                . = ALIGN (0x2)
 *(.far.rodata .far.rodata.*)
                0x0000000000010000                . = ALIGN (0x2)
                0x0000000000010000                _efartext = .
