Archive member included to satisfy reference by file (symbol)

obj_cooja/mtype85.a(simEnvChange.o)
                              obj_cooja/mtype85.o (simDontFallAsleep)
obj_cooja/mtype85.a(cooja_mt.o)
                              obj_cooja/mtype85.o (cooja_mt_start)
obj_cooja/mtype85.a(cooja_mtarch.o)
                              obj_cooja/mtype85.a(cooja_mt.o) (cooja_mtarch_init)
obj_cooja/mtype85.a(rtimer-arch.o)
                              obj_cooja/mtype85.o (rtimer_arch_next)
obj_cooja/mtype85.a(beep.o)   obj_cooja/mtype85.o (beep_interface)
obj_cooja/mtype85.a(button-sensor.o)
                              obj_cooja/mtype85.o (button_interface)
obj_cooja/mtype85.a(leds-arch.o)
                              obj_cooja/mtype85.o (leds_interface)
obj_cooja/mtype85.a(moteid.o)
                              obj_cooja/mtype85.o (moteid_interface)
obj_cooja/mtype85.a(pir-sensor.o)
                              obj_cooja/mtype85.o (pir_interface)
obj_cooja/mtype85.a(rs232.o)  obj_cooja/mtype85.o (rs232_interface)
obj_cooja/mtype85.a(vib-sensor.o)
                              obj_cooja/mtype85.o (vib_interface)
obj_cooja/mtype85.a(clock.o)  obj_cooja/mtype85.o (clock_interface)
obj_cooja/mtype85.a(log.o)    obj_cooja/mtype85.o (simlog_interface)
obj_cooja/mtype85.a(cfs-cooja.o)
                              obj_cooja/mtype85.o (cfs_interface)
obj_cooja/mtype85.a(cooja-radio.o)
                              obj_cooja/mtype85.o (radio_interface)
obj_cooja/mtype85.a(eeprom.o)
                              obj_cooja/mtype85.o (eeprom_interface)
obj_cooja/mtype85.a(random.o)
                              obj_cooja/mtype85.a(moteid.o) (random_init)
obj_cooja/mtype85.a(sensors.o)
                              obj_cooja/mtype85.o (sensors_process)
obj_cooja/mtype85.a(dual_conf.o)
                              obj_cooja/mtype85.a(cooja-radio.o) (long_range_radio)
obj_cooja/mtype85.a(autostart.o)
                              obj_cooja/mtype85.o (autostart_start)
obj_cooja/mtype85.a(ctimer.o)
                              obj_cooja/mtype85.o (ctimer_init)
obj_cooja/mtype85.a(etimer.o)
                              obj_cooja/mtype85.o (etimer_process)
obj_cooja/mtype85.a(log_message.o)
                              log_test.co (log_initialization)
obj_cooja/mtype85.a(process.o)
                              obj_cooja/mtype85.a(ctimer.o) (process_current)
obj_cooja/mtype85.a(rtimer.o)
                              obj_cooja/mtype85.a(rtimer-arch.o) (rtimer_run_next)
obj_cooja/mtype85.a(timer.o)  obj_cooja/mtype85.a(button-sensor.o) (timer_set)
obj_cooja/mtype85.a(serial-line.o)
                              obj_cooja/mtype85.a(rs232.o) (serial_line_input_byte)
obj_cooja/mtype85.a(list.o)   obj_cooja/mtype85.a(ctimer.o) (list_init)
obj_cooja/mtype85.a(ringbuf.o)
                              obj_cooja/mtype85.a(serial-line.o) (ringbuf_init)
obj_cooja/mtype85.a(sicslowpan.o)
                              obj_cooja/mtype85.o (sicslowpan_driver)
obj_cooja/mtype85.a(uip-ds6-nbr.o)
                              obj_cooja/mtype85.a(sicslowpan.o) (uip_ds6_link_neighbor_callback)
obj_cooja/mtype85.a(uip-ds6.o)
                              obj_cooja/mtype85.o (uip_ds6_set_addr_iid)
obj_cooja/mtype85.a(uip6.o)   obj_cooja/mtype85.o (uip_lladdr)
obj_cooja/mtype85.a(tcpip.o)  obj_cooja/mtype85.a(sicslowpan.o) (tcpip_set_outputfunc)
obj_cooja/mtype85.a(uip-packetqueue)
                              obj_cooja/mtype85.a(uip-ds6-nbr.o) (uip_packetqueue_new)
obj_cooja/mtype85.a(rpl-dag.o)
                              obj_cooja/mtype85.a(tcpip.o) (rpl_repair_root)
obj_cooja/mtype85.a(rpl-ext-header.)
                              obj_cooja/mtype85.a(uip6.o) (rpl_verify_header)
obj_cooja/mtype85.a(rpl-icmp6.o)
                              obj_cooja/mtype85.a(rpl-dag.o) (rpl_icmp6_update_nbr_table)
obj_cooja/mtype85.a(rpl-ltmax-of.o)
                              obj_cooja/mtype85.a(rpl-dag.o) (rpl_ltmax_of)
obj_cooja/mtype85.a(rpl-timers.o)
                              obj_cooja/mtype85.a(rpl-dag.o) (rpl_reset_dio_timer)
obj_cooja/mtype85.a(rpl.o)    obj_cooja/mtype85.a(rpl-icmp6.o) (rpl_get_mode)
obj_cooja/mtype85.a(framer-802154.o)
                              obj_cooja/mtype85.a(sicslowpan.o) (framer_802154)
obj_cooja/mtype85.a(nullmac.o)
                              obj_cooja/mtype85.o (nullmac_driver)
obj_cooja/mtype85.a(nullrdc.o)
                              obj_cooja/mtype85.o (nullrdc_driver)
obj_cooja/mtype85.a(linkaddr.o)
                              obj_cooja/mtype85.o (linkaddr_node_addr)
obj_cooja/mtype85.a(nbr-table.o)
                              obj_cooja/mtype85.a(uip-ds6-nbr.o) (lladdr_map_add_lr)
obj_cooja/mtype85.a(netstack.o)
                              obj_cooja/mtype85.o (netstack_init)
obj_cooja/mtype85.a(packetbuf.o)
                              obj_cooja/mtype85.a(cooja-radio.o) (packetbuf_attrs)
obj_cooja/mtype85.a(queuebuf.o)
                              obj_cooja/mtype85.o (queuebuf_init)
[...]
Memory Configuration

Name             Origin             Length             Attributes
*default*        0x0000000000000000 0xffffffffffffffff

Linker script and memory map

LOAD /usr/lib/gcc/i686-linux-gnu/4.8/../../../i386-linux-gnu/crti.o
LOAD /usr/lib/gcc/i686-linux-gnu/4.8/crtbeginS.o
LOAD log_test.co
LOAD obj_cooja/mtype85.o
LOAD obj_cooja/mtype85.a
LOAD /usr/lib/gcc/i686-linux-gnu/4.8/libgcc.a
LOAD /usr/lib/gcc/i686-linux-gnu/4.8/libgcc_s.so
LOAD /usr/lib/gcc/i686-linux-gnu/4.8/../../../i386-linux-gnu/libc.so
START GROUP
LOAD /lib/i386-linux-gnu/libc.so.6
LOAD /usr/lib/i386-linux-gnu/libc_nonshared.a
LOAD /lib/i386-linux-gnu/ld-linux.so.2
END GROUP
LOAD /usr/lib/gcc/i686-linux-gnu/4.8/libgcc.a
LOAD /usr/lib/gcc/i686-linux-gnu/4.8/libgcc_s.so
LOAD /usr/lib/gcc/i686-linux-gnu/4.8/crtendS.o
LOAD /usr/lib/gcc/i686-linux-gnu/4.8/../../../i386-linux-gnu/crtn.o
                0x0000000000000114                . = (0x0 + SIZEOF_HEADERS)

.note.gnu.build-id
                0x0000000000000114       0x24
 *(.note.gnu.build-id)
 .note.gnu.build-id
                0x0000000000000114       0x24 /usr/lib/gcc/i686-linux-gnu/4.8/../../../i386-linux-gnu/crti.o

.hash
 *(.hash)

.gnu.hash       0x0000000000000138     0x130c
 *(.gnu.hash)
 .gnu.hash      0x0000000000000138     0x130c /usr/lib/gcc/i686-linux-gnu/4.8/../../../i386-linux-gnu/crti.o

.dynsym         0x0000000000001444     0x2480
 *(.dynsym)
 .dynsym        0x0000000000001444     0x2480 /usr/lib/gcc/i686-linux-gnu/4.8/../../../i386-linux-gnu/crti.o

.dynstr         0x00000000000038c4     0x25c5
 *(.dynstr)
 .dynstr        0x00000000000038c4     0x25c5 /usr/lib/gcc/i686-linux-gnu/4.8/../../../i386-linux-gnu/crti.o

.gnu.version    0x0000000000005e8a      0x490
 *(.gnu.version)
 .gnu.version   0x0000000000005e8a      0x490 /usr/lib/gcc/i686-linux-gnu/4.8/../../../i386-linux-gnu/crti.o

.gnu.version_d  0x000000000000631c        0x0
 *(.gnu.version_d)
 .gnu.version_d
                0x0000000000000000        0x0 /usr/lib/gcc/i686-linux-gnu/4.8/../../../i386-linux-gnu/crti.o

.gnu.version_r  0x000000000000631c       0x50
 *(.gnu.version_r)
 .gnu.version_r
                0x000000000000631c       0x50 /usr/lib/gcc/i686-linux-gnu/4.8/../../../i386-linux-gnu/crti.o

.rel.dyn        0x000000000000636c     0x8a78
 *(.rel.init)
 .rel.init      0x0000000000000000        0x0 /usr/lib/gcc/i686-linux-gnu/4.8/../../../i386-linux-gnu/crti.o
 *(.rel.text .rel.text.* .rel.gnu.linkonce.t.*)
 .rel.text      0x000000000000636c     0x82e8 /usr/lib/gcc/i686-linux-gnu/4.8/../../../i386-linux-gnu/crti.o
 *(.rel.fini)
 .rel.fini      0x0000000000000000        0x0 /usr/lib/gcc/i686-linux-gnu/4.8/../../../i386-linux-gnu/crti.o
 *(.rel.rodata .rel.rodata.* .rel.gnu.linkonce.r.*)
 .rel.rodata    0x000000000000e654      0x4e0 /usr/lib/gcc/i686-linux-gnu/4.8/../../../i386-linux-gnu/crti.o
 *(.rel.data.rel.ro .rel.data.rel.ro.* .rel.gnu.linkonce.d.rel.ro.*)
 *(.rel.data .rel.data.* .rel.gnu.linkonce.d.*)
 .rel.data.rel  0x000000000000eb34        0x8 /usr/lib/gcc/i686-linux-gnu/4.8/../../../i386-linux-gnu/crti.o
 .rel.data      0x000000000000eb3c      0x270 /usr/lib/gcc/i686-linux-gnu/4.8/../../../i386-linux-gnu/crti.o
 *(.rel.tdata .rel.tdata.* .rel.gnu.linkonce.td.*)
 *(.rel.tbss .rel.tbss.* .rel.gnu.linkonce.tb.*)
 *(.rel.ctors)
 *(.rel.dtors)
 *(.rel.got)
 .rel.got       0x000000000000edac       0x28 /usr/lib/gcc/i686-linux-gnu/4.8/../../../i386-linux-gnu/crti.o
 *(.rel.bss .rel.bss.* .rel.gnu.linkonce.b.*)
 *(.rel.ifunc)
 .rel.ifunc     0x0000000000000000        0x0 /usr/lib/gcc/i686-linux-gnu/4.8/../../../i386-linux-gnu/crti.o
 .rel.fini_array
                0x000000000000edd4        0x8 /usr/lib/gcc/i686-linux-gnu/4.8/../../../i386-linux-gnu/crti.o
 .rel.init_array
                0x000000000000eddc        0x8 /usr/lib/gcc/i686-linux-gnu/4.8/../../../i386-linux-gnu/crti.o

.rel.plt        0x000000000000ede4       0x10
 *(.rel.plt)
 .rel.plt       0x000000000000ede4       0x10 /usr/lib/gcc/i686-linux-gnu/4.8/../../../i386-linux-gnu/crti.o
 *(.rel.iplt)

.init           0x000000000000edf4       0x23
 *(SORT(.init))
 .init          0x000000000000edf4       0x1e /usr/lib/gcc/i686-linux-gnu/4.8/../../../i386-linux-gnu/crti.o
                0x000000000000edf4                _init
 .init          0x000000000000ee12        0x5 /usr/lib/gcc/i686-linux-gnu/4.8/../../../i386-linux-gnu/crtn.o

.plt            0x000000000000ee20       0x30
 *(.plt)
 .plt           0x000000000000ee20       0x30 /usr/lib/gcc/i686-linux-gnu/4.8/../../../i386-linux-gnu/crti.o
 *(.iplt)

.text           0x000000000000ee50    0x15983
 *(.text.unlikely .text.*_unlikely .text.unlikely.*)
 *(.text.exit .text.exit.*)
 *(.text.startup .text.startup.*)
 *(.text.hot .text.hot.*)
 *(.text .stub .text.* .gnu.linkonce.t.*)
 .text          0x000000000000ee50        0x0 /usr/lib/gcc/i686-linux-gnu/4.8/../../../i386-linux-gnu/crti.o
 .gnu.linkonce.t.__x86.get_pc_thunk.bx
                0x000000000000ee50        0x4 /usr/lib/gcc/i686-linux-gnu/4.8/../../../i386-linux-gnu/crti.o
                0x000000000000ee50                __x86.get_pc_thunk.bx
 *fill*         0x000000000000ee54        0xc 
 .text          0x000000000000ee60      0x11b /usr/lib/gcc/i686-linux-gnu/4.8/crtbeginS.o
 .text          0x000000000000ef7b       0x41 log_test.co
 .text          0x000000000000efbc      0x944 obj_cooja/mtype85.o
                0x000000000000f16a                contiki_init
                0x000000000000f717                Java_org_contikios_cooja_corecomm_Lib2_init
                0x000000000000f757                Java_org_contikios_cooja_corecomm_Lib2_getMemory
                0x000000000000f797                Java_org_contikios_cooja_corecomm_Lib2_setMemory
                0x000000000000f80e                Java_org_contikios_cooja_corecomm_Lib2_tick
                0x000000000000f8ee                Java_org_contikios_cooja_corecomm_Lib2_setReferenceAddress
 .text          0x000000000000f900       0x63 obj_cooja/mtype85.a(simEnvChange.o)
                0x000000000000f900                doActionsBeforeTick
                0x000000000000f931                doActionsAfterTick
 .text          0x000000000000f963       0xbc obj_cooja/mtype85.a(cooja_mt.o)
                0x000000000000f963                cooja_mt_init
                0x000000000000f970                cooja_mt_remove
                0x000000000000f97d                cooja_mt_start
                0x000000000000f9aa                cooja_mt_exec
                0x000000000000f9db                cooja_mt_exit
                0x000000000000f9fd                cooja_mt_yield
 .text          0x000000000000fa1f      0x115 obj_cooja/mtype85.a(cooja_mtarch.o)
                0x000000000000fa1f                cooja_mtarch_init
                0x000000000000fa24                cooja_mtarch_start
                0x000000000000fa9f                cooja_sw
                0x000000000000fac1                cooja_mtarch_exec
                0x000000000000fadd                cooja_mtarch_remove
                0x000000000000fae2                cooja_mtarch_yield
                0x000000000000faec                cooja_mtarch_pstop
                0x000000000000faf1                cooja_mtarch_pstart
                0x000000000000faf6                cooja_mtarch_stack_usage
 .text          0x000000000000fb34       0xc2 obj_cooja/mtype85.a(rtimer-arch.o)
                0x000000000000fb34                rtimer_arch_init
                0x000000000000fb57                rtimer_arch_schedule
                0x000000000000fb6e                rtimer_arch_next
                0x000000000000fb78                rtimer_arch_pending
                0x000000000000fb82                rtimer_arch_check
                0x000000000000fbb4                rtimer_arch_now
 .text          0x000000000000fbf6       0x76 obj_cooja/mtype85.a(beep.o)
                0x000000000000fbf6                beep_alarm
                0x000000000000fc02                beep_beep
                0x000000000000fc0e                beep
                0x000000000000fc1a                beep_down
                0x000000000000fc26                beep_on
                0x000000000000fc32                beep_off
                0x000000000000fc3e                beep_spinup
                0x000000000000fc4a                beep_quick
                0x000000000000fc56                beep_long
 .text          0x000000000000fc6c      0x103 obj_cooja/mtype85.a(button-sensor.o)
 .text          0x000000000000fd6f       0x45 obj_cooja/mtype85.a(leds-arch.o)
                0x000000000000fd6f                leds_arch_init
                0x000000000000fd7b                leds_arch_get
                0x000000000000fd87                leds_arch_set
 .text          0x000000000000fdb4       0x2f obj_cooja/mtype85.a(moteid.o)
 .text          0x000000000000fde3       0xb1 obj_cooja/mtype85.a(pir-sensor.o)
 .text          0x000000000000fe94      0x131 obj_cooja/mtype85.a(rs232.o)
                0x000000000000fe94                rs232_init
                0x000000000000fe99                rs232_set_speed
                0x000000000000fea7                rs232_set_input
                0x000000000000feb4                rs232_send
                0x000000000000fed6                rs232_print
                0x000000000000fef1                slip_arch_writeb
 .text          0x000000000000ffc5       0xb1 obj_cooja/mtype85.a(vib-sensor.o)
 .text          0x0000000000010076       0x34 obj_cooja/mtype85.a(clock.o)
                0x0000000000010076                clock_init
                0x000000000001007b                clock_time
                0x0000000000010085                clock_seconds
                0x000000000001009b                clock_delay
 .text          0x00000000000100aa      0x1ed obj_cooja/mtype85.a(log.o)
                0x00000000000100aa                simlog_char
                0x00000000000100ec                simlog
                0x0000000000010159                log_message
                0x0000000000010181                log_set_putchar_with_slip
                0x000000000001018e                log_putchar
                0x0000000000010212                log_puts
                0x0000000000010236                log_printf
 .text          0x0000000000010297      0x2c4 obj_cooja/mtype85.a(cfs-cooja.o)
                0x0000000000010297                cfs_open
                0x0000000000010300                cfs_close
                0x000000000001030c                cfs_read
                0x00000000000103aa                cfs_write
                0x0000000000010487                cfs_seek
                0x000000000001050f                cfs_remove
                0x0000000000010538                cfs_opendir
                0x0000000000010542                cfs_readdir
                0x000000000001054c                cfs_closedir
 .text          0x000000000001055b      0x5b3 obj_cooja/mtype85.a(cooja-radio.o)
                0x0000000000010585                radio_set_channel
                0x000000000001059a                radio_set_txpower
                0x00000000000105ba                radio_signal_strength_last
                0x00000000000105c4                radio_signal_strength_current
                0x00000000000105ce                radio_LQI
 .text          0x0000000000010b0e       0xef obj_cooja/mtype85.a(eeprom.o)
                0x0000000000010b0e                eeprom_init
                0x0000000000010b13                eeprom_read
                0x0000000000010b83                eeprom_write
 .text          0x0000000000010bfd       0x28 obj_cooja/mtype85.a(random.o)
                0x0000000000010bfd                random_init
                0x0000000000010c18                random_rand
 .text          0x0000000000010c25      0x2a1 obj_cooja/mtype85.a(sensors.o)
                0x0000000000010c60                sensors_first
                0x0000000000010c6a                sensors_next
                0x0000000000010c87                sensors_changed
                0x0000000000010cb6                sensors_find
 .text          0x0000000000010ec6      0x3c2 obj_cooja/mtype85.a(dual_conf.o)
                0x0000000000010ec6                dual_radio_switch
                0x0000000000010f06                dual_radio_change
                0x0000000000010f40                sending_in_LR
                0x0000000000010f6b                dual_radio_received
                0x0000000000010fbe                radio_received_is_longrange
                0x0000000000011215                dio_broadcast
                0x000000000001123e                dis_broadcast
                0x000000000001125f                dio_ack_broadcast
 .text          0x0000000000011288       0x8e obj_cooja/mtype85.a(autostart.o)
                0x0000000000011288                autostart_start
                0x00000000000112d3                autostart_exit
 .text          0x0000000000011316      0x334 obj_cooja/mtype85.a(ctimer.o)
                0x000000000001142d                ctimer_init
                0x000000000001145d                ctimer_set
                0x000000000001148e                ctimer_set_with_process
                0x000000000001150a                ctimer_reset
                0x0000000000011559                ctimer_restart
                0x00000000000115a8                ctimer_stop
                0x00000000000115f3                ctimer_expired
 .text          0x000000000001164a      0x40b obj_cooja/mtype85.a(etimer.o)
                0x000000000001185d                etimer_request_poll
                0x00000000000118e1                etimer_set
                0x0000000000011906                etimer_reset_with_new_interval
                0x000000000001192d                etimer_reset
                0x000000000001194b                etimer_restart
                0x0000000000011969                etimer_adjust
                0x0000000000011985                etimer_expired
                0x0000000000011998                etimer_expiration_time
                0x00000000000119aa                etimer_start_time
                0x00000000000119b4                etimer_pending
                0x00000000000119c6                etimer_next_expiration_time
                0x00000000000119e0                etimer_stop
 .text          0x0000000000011a55       0x36 obj_cooja/mtype85.a(log_message.o)
                0x0000000000011a55                log_initialization
                0x0000000000011a76                log_finisher
 .text          0x0000000000011a8b      0x560 obj_cooja/mtype85.a(process.o)
                0x0000000000011a8b                process_alloc_event
                0x0000000000011aa0                process_start
                0x0000000000011c89                process_exit
                0x0000000000011ca5                process_init
                0x0000000000011e76                process_run
                0x0000000000011ea9                process_nevents
                0x0000000000011ec4                process_post
                0x0000000000011f70                process_post_synch
                0x0000000000011fa8                process_poll
                0x0000000000011fd7                process_is_running
 .text          0x0000000000011feb       0xba obj_cooja/mtype85.a(rtimer.o)
                0x0000000000011feb                rtimer_init
                0x0000000000011ff8                rtimer_set
                0x000000000001204f                rtimer_run_next
 .text          0x00000000000120a5       0x91 obj_cooja/mtype85.a(timer.o)
                0x00000000000120a5                timer_set
                0x00000000000120c0                timer_reset
                0x00000000000120d7                timer_restart
                0x00000000000120e9                timer_expired
                0x0000000000012112                timer_remaining
 .text          0x0000000000012136      0x1fb obj_cooja/mtype85.a(serial-line.o)
                0x0000000000012136                serial_line_input_byte
                0x00000000000122f9                serial_line_init
 .text          0x0000000000012331      0x244 obj_cooja/mtype85.a(list.o)
                0x0000000000012331                list_init
                0x000000000001233f                list_head
                0x0000000000012349                list_copy
                0x0000000000012358                list_tail
                0x000000000001238e                list_add
                0x00000000000123d7                list_push
                0x0000000000012403                list_chop
                0x000000000001246d                list_pop
                0x0000000000012495                list_remove
                0x00000000000124fc                list_length
                0x000000000001252a                list_insert
                0x000000000001255e                list_item_next
 .text          0x0000000000012575      0x155 obj_cooja/mtype85.a(ringbuf.o)
                0x0000000000012575                ringbuf_init
                0x00000000000125a6                ringbuf_put
                0x0000000000012624                ringbuf_get
                0x0000000000012691                ringbuf_size
                0x00000000000126a3                ringbuf_elements
 .text          0x00000000000126ca     0x258b obj_cooja/mtype85.a(sicslowpan.o)
                0x0000000000012c54                rime_sniffer_add
                0x0000000000012c61                rime_sniffer_remove
                0x0000000000014bf4                sicslowpan_init
                0x0000000000014c4b                sicslowpan_get_last_rssi
 .text          0x0000000000014c55      0x2dc obj_cooja/mtype85.a(uip-ds6-nbr.o)
                0x0000000000014c72                uip_ds6_neighbors_init
                0x0000000000014c8f                uip_ds6_nbr_add
                0x0000000000014d40                uip_ds6_nbr_rm
                0x0000000000014d9d                uip_ds6_nbr_get_ipaddr
                0x0000000000014db2                uip_ds6_nbr_get_ll
                0x0000000000014dce                uip_ds6_nbr_num
                0x0000000000014e13                uip_ds6_nbr_lookup
                0x0000000000014e78                uip_ds6_nbr_ll_lookup
                0x0000000000014e94                uip_ds6_nbr_ipaddr_from_lladdr
                0x0000000000014eba                uip_ds6_nbr_lladdr_from_ipaddr
                0x0000000000014ee8                uip_ds6_link_neighbor_callback
 .text          0x0000000000014f31     0x12ad obj_cooja/mtype85.a(uip-ds6.o)
                0x0000000000014f31                uip_ds6_init
                0x0000000000015286                uip_ds6_periodic
                0x000000000001535e                uip_ds6_list_loop
                0x0000000000015405                uip_ds6_prefix_add
                0x00000000000154c3                uip_ds6_prefix_rm
                0x00000000000154d5                uip_ds6_prefix_lookup
                0x0000000000015526                uip_ds6_is_addr_onlink
                0x000000000001559a                uip_ds6_addr_add
                0x00000000000156c8                uip_ds6_long_addr_add
                0x00000000000157f6                uip_ds6_addr_rm
                0x0000000000015896                uip_ds6_addr_lookup
                0x00000000000158e1                uip_ds6_long_addr_lookup
                0x000000000001592c                uip_ds6_get_link_local
                0x00000000000159ab                uip_ds6_long_get_link_local
                0x0000000000015a2a                uip_ds6_get_global
                0x0000000000015aa9                uip_ds6_long_get_global
                0x0000000000015b28                uip_ds6_maddr_add
                0x0000000000015b9a                uip_ds6_long_maddr_add
                0x0000000000015c0c                uip_ds6_maddr_rm
                0x0000000000015c1e                uip_ds6_maddr_lookup
                0x0000000000015c69                uip_ds6_long_maddr_lookup
                0x0000000000015cb4                uip_ds6_aaddr_add
                0x0000000000015d26                uip_ds6_long_aaddr_add
                0x0000000000015d98                uip_ds6_aaddr_rm
                0x0000000000015daa                uip_ds6_aaddr_lookup
                0x0000000000015df5                uip_ds6_long_aaddr_lookup
                0x0000000000015e40                uip_ds6_select_src
                0x00000000000160c9                uip_ds6_set_addr_iid
                0x0000000000016100                get_match_length
                0x0000000000016192                uip_ds6_compute_reachable_time
 .text          0x00000000000161de     0x29f3 obj_cooja/mtype85.a(uip6.o)
                0x00000000000161de                uip_add32
                0x0000000000016377                uip_chksum
                0x0000000000016465                uip_icmp6chksum
                0x0000000000016479                uip_tcpchksum
                0x000000000001648d                uip_udpchksum
                0x00000000000164a1                uip_init
                0x0000000000016571                uip_connect
                0x0000000000016720                remove_ext_hdr
                0x00000000000167f5                uip_udp_new
                0x0000000000016951                uip_unlisten
                0x00000000000169b1                uip_listen
                0x0000000000016c73                uip_process
                0x0000000000018ac5                uip_htons
                0x0000000000018ae7                uip_htonl
                0x0000000000018b27                uip_send
 .text          0x0000000000018bd1      0xa69 obj_cooja/mtype85.a(tcpip.o)
                0x0000000000018bd1                tcpip_output
                0x0000000000018bff                tcpip_set_outputfunc
                0x0000000000018c93                tcp_connect
                0x0000000000018ce8                tcp_unlisten
                0x0000000000018d43                tcp_listen
                0x0000000000018d9c                tcp_attach
                0x0000000000018dc1                udp_attach
                0x0000000000018de6                udp_new
                0x0000000000018e38                udp_broadcast_new
                0x00000000000190ac                tcpip_input
                0x00000000000190e0                tcpip_ipv6_output
                0x0000000000019480                tcpip_poll_udp
                0x00000000000194a3                tcpip_poll_tcp
                0x00000000000194c6                tcpip_uipcall
 .text          0x000000000001963a      0x141 obj_cooja/mtype85.a(uip-packetqueue)
                0x0000000000019666                uip_packetqueue_new
                0x0000000000019674                uip_packetqueue_alloc
                0x00000000000196d4                uip_packetqueue_free
                0x0000000000019715                uip_packetqueue_buf
                0x0000000000019732                uip_packetqueue_buflen
                0x0000000000019753                uip_packetqueue_set_buflen
 .text          0x000000000001977b     0x266a obj_cooja/mtype85.a(rpl-dag.o)
                0x000000000001977b                rpl_print_neighbor_list
                0x0000000000019950                rpl_print_child_neighbor_list
                0x0000000000019a08                rpl_get_nbr
                0x0000000000019a62                rpl_get_nbr_child
                0x0000000000019abc                rpl_dag_init
                0x0000000000019aee                rpl_get_parent
                0x0000000000019b10                rpl_get_parent_rank
                0x0000000000019b43                rpl_get_parent_link_metric
                0x0000000000019b76                rpl_get_parent_ipaddr
                0x0000000000019ba0                rpl_get_child_ipaddr
                0x0000000000019eb4                rpl_set_root
                0x000000000001a0db                rpl_repair_root
                0x000000000001a317                rpl_set_prefix
                0x000000000001a416                rpl_set_default_route
                0x000000000001a4a2                rpl_alloc_instance
                0x000000000001a535                rpl_alloc_dag
                0x000000000001a5e6                rpl_set_default_instance
                0x000000000001a5f3                rpl_get_default_instance
                0x000000000001a5fd                rpl_free_instance
                0x000000000001a6ac                rpl_free_dag
                0x000000000001a712                rpl_add_parent
                0x000000000001a7f9                rpl_find_parent
                0x000000000001a829                rpl_add_child
                0x000000000001a8cd                rpl_find_child
                0x000000000001a91b                rpl_find_parent_any_dag
                0x000000000001a957                rpl_select_dag
                0x000000000001ad47                rpl_select_parent
                0x000000000001ada9                rpl_remove_parent
                0x000000000001add0                rpl_remove_child
                0x000000000001adec                rpl_nullify_parent
                0x000000000001ae8a                rpl_move_parent
                0x000000000001af27                rpl_has_downward_route
                0x000000000001af7a                rpl_get_any_dag
                0x000000000001afdc                rpl_get_instance
                0x000000000001b03f                rpl_find_of
                0x000000000001b07c                rpl_join_instance
                0x000000000001b2f7                rpl_add_dag
                0x000000000001b6e6                rpl_local_repair
                0x000000000001b7aa                rpl_recalculate_ranks
                0x000000000001b830                rpl_process_parent_event
                0x000000000001b8e2                rpl_process_dio
 .text          0x000000000001bde5      0xbf3 obj_cooja/mtype85.a(rpl-ext-header.)
                0x000000000001be02                rpl_verify_header
                0x000000000001c27c                rpl_update_header_empty
                0x000000000001c593                rpl_update_header_final
                0x000000000001c722                rpl_remove_header
                0x000000000001c82c                rpl_invert_header
                0x000000000001c9b6                rpl_insert_header
 .text          0x000000000001c9d8     0x2763 obj_cooja/mtype85.a(rpl-icmp6.o)
                0x000000000001cca1                rpl_icmp6_update_nbr_table
                0x000000000001cd91                dis_output
                0x000000000001d6b0                dio_output
                0x000000000001e164                dio_ack_output
                0x000000000001eca4                dao_output
                0x000000000001ed5f                dao_output_target
                0x000000000001f0e3                dao_ack_output
                0x000000000001f0f7                rpl_icmp6_register_handlers
 .text          0x000000000001f13b      0x40e obj_cooja/mtype85.a(rpl-ltmax-of.o)
 .text          0x000000000001f549      0x904 obj_cooja/mtype85.a(rpl-timers.o)
                0x000000000001f78f                rpl_reset_periodic_timer
                0x000000000001f7e4                rpl_reset_dio_timer
                0x000000000001fa1e                rpl_schedule_dao
                0x000000000001fa39                rpl_schedule_dao_immediately
                0x000000000001fa54                rpl_cancel_dao
                0x000000000001fb7f                rpl_schedule_dio_ack
                0x000000000001fb9a                rpl_schedule_dio_ack_immediately
                0x000000000001fbb5                rpl_cancel_dio_ack
                0x000000000001fc07                rpl_schedule_unicast_dio_immediately
                0x000000000001fdf5                rpl_schedule_probing
 .text          0x000000000001fe4d      0x59b obj_cooja/mtype85.a(rpl.o)
                0x000000000001fe4d                rpl_get_mode
                0x000000000001fe57                rpl_set_mode
                0x000000000001fee5                rpl_purge_routes
                0x000000000001ffdf                rpl_remove_routes
                0x0000000000020025                rpl_remove_routes_by_nexthop
                0x0000000000020091                rpl_add_route
                0x000000000002010c                rpl_link_neighbor_callback
                0x0000000000020211                rpl_ipv6_neighbor_callback
                0x0000000000020280                rpl_purge_dags
                0x0000000000020362                rpl_init
 .text          0x00000000000203e8      0x3f5 obj_cooja/mtype85.a(framer-802154.o)
 .text          0x00000000000207dd       0x5e obj_cooja/mtype85.a(nullmac.o)
 .text          0x000000000002083b      0x4b0 obj_cooja/mtype85.a(nullrdc.o)
 .text          0x0000000000020ceb       0x82 obj_cooja/mtype85.a(linkaddr.o)
                0x0000000000020ceb                linkaddr_copy
                0x0000000000020d0d                linkaddr_cmp
                0x0000000000020d37                linkaddr_set_node_addr
                0x0000000000020d52                linkaddr_set_node_long_addr
 .text          0x0000000000020d6d      0x892 obj_cooja/mtype85.a(nbr-table.o)
                0x0000000000020d6d                lladdr_map_add_lr
                0x0000000000020e2d                lladdr_map_rm_lr
                0x00000000000212f5                nbr_table_register
                0x000000000002133d                nbr_table_head
                0x0000000000021399                nbr_table_next
                0x0000000000021400                nbr_table_add_lladdr
                0x00000000000214dc                nbr_table_get_from_lladdr
                0x0000000000021529                nbr_table_remove
                0x000000000002157b                nbr_table_lock
                0x00000000000215a5                nbr_table_unlock
                0x00000000000215cf                nbr_table_get_lladdr
 .text          0x00000000000215ff       0x2b obj_cooja/mtype85.a(netstack.o)
                0x00000000000215ff                netstack_init
 .text          0x000000000002162a      0x3cd obj_cooja/mtype85.a(packetbuf.o)
                0x000000000002162a                packetbuf_clear
                0x0000000000021654                packetbuf_copyfrom
                0x00000000000216a6                packetbuf_compact
                0x0000000000021723                packetbuf_copyto
                0x00000000000217ba                packetbuf_hdralloc
                0x0000000000021837                packetbuf_hdrreduce
                0x000000000002187f                packetbuf_set_datalen
                0x0000000000021898                packetbuf_dataptr
                0x00000000000218b5                packetbuf_hdrptr
                0x00000000000218bf                packetbuf_datalen
                0x00000000000218cb                packetbuf_hdrlen
                0x00000000000218e2                packetbuf_totlen
                0x00000000000218f8                packetbuf_attr_clear
                0x000000000002194a                packetbuf_attr_copyto
                0x0000000000021993                packetbuf_attr_copyfrom
                0x00000000000219db                packetbuf_holds_broadcast
 .text          0x00000000000219f7      0x2b4 obj_cooja/mtype85.a(queuebuf.o)
                0x0000000000021a01                queuebuf_init
                0x0000000000021a21                queuebuf_numfree
                0x0000000000021a35                queuebuf_new_from_packetbuf
                0x0000000000021ac5                queuebuf_update_attr_from_packetbuf
                0x0000000000021af8                queuebuf_update_from_packetbuf
                0x0000000000021b42                queuebuf_free
                0x0000000000021b89                queuebuf_to_packetbuf
                0x0000000000021bef                queuebuf_dataptr
                0x0000000000021c26                queuebuf_datalen
                0x0000000000021c49                queuebuf_addr
                0x0000000000021c7b                queuebuf_attr
                0x0000000000021ca6                queuebuf_debug_print
 .text          0x0000000000021cab       0x6e obj_cooja/mtype85.a(nullsec.o)
 .text          0x0000000000021d19       0x19 obj_cooja/mtype85.a(watchdog.o)
                0x0000000000021d19                watchdog_init
                0x0000000000021d1e                watchdog_start
                0x0000000000021d23                watchdog_periodic
                0x0000000000021d28                watchdog_stop
                0x0000000000021d2d                watchdog_reboot
 .text          0x0000000000021d32        0x0 obj_cooja/mtype85.a(rimestats.o)
 .text          0x0000000000021d32       0xa3 obj_cooja/mtype85.a(stimer.o)
                0x0000000000021d32                stimer_set
                0x0000000000021d4d                stimer_reset
                0x0000000000021d64                stimer_restart
                0x0000000000021d76                stimer_expired
                0x0000000000021d9d                stimer_remaining
                0x0000000000021dc1                stimer_elapsed
 .text          0x0000000000021dd5      0x1c1 obj_cooja/mtype85.a(memb.o)
                0x0000000000021dd5                memb_init
                0x0000000000021e33                memb_alloc
                0x0000000000021e98                memb_free
                0x0000000000021f13                memb_inmemb
                0x0000000000021f52                memb_numfree
 .text          0x0000000000021f96      0x918 obj_cooja/mtype85.a(uip-ds6-route.o)
                0x000000000002200d                uip_ds6_notification_add
                0x000000000002203e                uip_ds6_notification_rm
                0x000000000002205a                uip_ds6_route_init
                0x00000000000220e2                uip_ds6_route_nexthop
                0x000000000002210a                uip_ds6_route_head
                0x000000000002211f                uip_ds6_route_next
                0x0000000000022145                uip_ds6_route_is_nexthop
                0x0000000000022184                uip_ds6_route_num_routes
                0x000000000002218e                uip_ds6_route_lookup
                0x0000000000022250                uip_ds6_route_add
                0x0000000000022486                uip_ds6_route_rm
                0x000000000002261a                uip_ds6_route_rm_by_nexthop
                0x0000000000022652                uip_ds6_defrt_add
                0x0000000000022703                uip_ds6_defrt_rm
                0x0000000000022782                uip_ds6_defrt_lookup
                0x00000000000227db                uip_ds6_defrt_choose
                0x0000000000022846                uip_ds6_defrt_periodic
 .text          0x00000000000228ae      0xab2 obj_cooja/mtype85.a(uip-icmp6.o)
                0x000000000002291c                uip_icmp6_input
                0x0000000000022972                uip_icmp6_register_input_handler
                0x0000000000022c3a                uip_icmp6_error_output
                0x0000000000022f7f                uip_icmp6_send
                0x00000000000232f3                uip_icmp6_echo_reply_callback_add
                0x0000000000023324                uip_icmp6_echo_reply_callback_rm
                0x0000000000023340                uip_icmp6_init
 .text          0x0000000000023360      0x358 obj_cooja/mtype85.a(uip-nd6.o)
                0x00000000000233b4                uip_nd6_ns_output
                0x00000000000236b3                uip_nd6_init
 .text          0x00000000000236b8      0x1c1 obj_cooja/mtype85.a(uip-debug.o)
                0x00000000000236b8                uip_debug_ipaddr_print
                0x000000000002381a                uip_debug_lladdr_print
 .text          0x0000000000023879      0x421 obj_cooja/mtype85.a(rpl-nbr-policy.)
                0x0000000000023ab4                find_removable_dis
                0x0000000000023af7                find_removable_dio
                0x0000000000023be7                find_removable_dao
                0x0000000000023c43                rpl_nbr_policy_find_removable
 .text          0x0000000000023c9a      0x97c obj_cooja/mtype85.a(frame802154.o)
                0x0000000000023ccb                frame802154_get_pan_id
                0x0000000000023cd7                frame802154_set_pan_id
                0x0000000000023cf0                frame802154_has_panid
                0x0000000000023ddc                frame802154_check_dest_panid
                0x0000000000023e44                frame802154_is_broadcast_addr
                0x0000000000023e91                frame802154_extract_linkaddr
                0x00000000000240d1                frame802154_hdrlen
                0x0000000000024122                frame802154_create
                0x000000000002430d                frame802154_parse
 .text          0x0000000000024616      0x181 obj_cooja/mtype85.a(mac-sequence.o)
                0x000000000002464d                mac_sequence_is_duplicate
                0x00000000000246d0                mac_sequence_register_seqno
 .text          0x0000000000024797       0x3c obj_cooja/mtype85.a(mac.o)
                0x0000000000024797                mac_call_sent_callback
 .text          0x00000000000247d3        0x0 /usr/lib/gcc/i686-linux-gnu/4.8/crtendS.o
 .text          0x00000000000247d3        0x0 /usr/lib/gcc/i686-linux-gnu/4.8/../../../i386-linux-gnu/crtn.o
 *(.gnu.warning)

.fini           0x00000000000247d4       0x14
 *(SORT(.fini))
 .fini          0x00000000000247d4        0xf /usr/lib/gcc/i686-linux-gnu/4.8/../../../i386-linux-gnu/crti.o
                0x00000000000247d4                _fini
 .fini          0x00000000000247e3        0x5 /usr/lib/gcc/i686-linux-gnu/4.8/../../../i386-linux-gnu/crtn.o
                0x00000000000247e8                PROVIDE (__etext, .)
                0x00000000000247e8                PROVIDE (_etext, .)
                0x00000000000247e8                PROVIDE (etext, .)

.rodata         0x0000000000024800      0xac1
 *(.rodata .rodata.* .gnu.linkonce.r.*)
 .rodata        0x0000000000024800       0x2e log_test.co
                0x0000000000024814                autostart_processes
 *fill*         0x000000000002482e        0x2 
 .rodata        0x0000000000024830      0x1b6 obj_cooja/mtype85.o
 *fill*         0x00000000000249e6        0x2 
 .rodata        0x00000000000249e8        0x8 obj_cooja/mtype85.a(beep.o)
                0x00000000000249e8                beep_interface
 .rodata        0x00000000000249f0       0x20 obj_cooja/mtype85.a(button-sensor.o)
                0x00000000000249f0                button_interface
                0x0000000000024a00                button_sensor
 .rodata        0x0000000000024a10        0x8 obj_cooja/mtype85.a(leds-arch.o)
                0x0000000000024a10                leds_interface
 .rodata        0x0000000000024a18        0x8 obj_cooja/mtype85.a(moteid.o)
                0x0000000000024a18                moteid_interface
 .rodata        0x0000000000024a20       0x1c obj_cooja/mtype85.a(pir-sensor.o)
                0x0000000000024a20                pir_interface
                0x0000000000024a2c                pir_sensor
 .rodata        0x0000000000024a3c        0xe obj_cooja/mtype85.a(rs232.o)
                0x0000000000024a3c                rs232_interface
 *fill*         0x0000000000024a4a        0x2 
 .rodata        0x0000000000024a4c       0x24 obj_cooja/mtype85.a(vib-sensor.o)
                0x0000000000024a4c                vib_interface
                0x0000000000024a60                vib_sensor
 .rodata        0x0000000000024a70        0x8 obj_cooja/mtype85.a(clock.o)
                0x0000000000024a70                clock_interface
 .rodata        0x0000000000024a78        0x8 obj_cooja/mtype85.a(log.o)
                0x0000000000024a78                simlog_interface
 .rodata        0x0000000000024a80       0x2f obj_cooja/mtype85.a(cfs-cooja.o)
                0x0000000000024a80                cfs_interface
 *fill*         0x0000000000024aaf       0x11 
 .rodata        0x0000000000024ac0      0x100 obj_cooja/mtype85.a(cooja-radio.o)
                0x0000000000024b80                cooja_radio_driver
                0x0000000000024bb8                radio_interface
 .rodata        0x0000000000024bc0        0x8 obj_cooja/mtype85.a(eeprom.o)
                0x0000000000024bc0                eeprom_interface
 .rodata        0x0000000000024bc8        0x8 obj_cooja/mtype85.a(sensors.o)
 .rodata        0x0000000000024bd0      0x1f5 obj_cooja/mtype85.a(dual_conf.o)
 .rodata        0x0000000000024dc5        0xf obj_cooja/mtype85.a(ctimer.o)
 .rodata        0x0000000000024dd4        0xc obj_cooja/mtype85.a(etimer.o)
 .rodata        0x0000000000024de0       0x1e obj_cooja/mtype85.a(log_message.o)
 .rodata        0x0000000000024dfe        0xe obj_cooja/mtype85.a(serial-line.o)
 .rodata        0x0000000000024e0c       0x2c obj_cooja/mtype85.a(sicslowpan.o)
                0x0000000000024e0c                unc_llconf
                0x0000000000024e10                unc_ctxconf
                0x0000000000024e14                unc_mxconf
                0x0000000000024e18                llprefix
                0x0000000000024e2c                sicslowpan_driver
 .rodata        0x0000000000024e38      0x13c obj_cooja/mtype85.a(uip6.o)
 .rodata        0x0000000000024f74       0x29 obj_cooja/mtype85.a(tcpip.o)
 *fill*         0x0000000000024f9d        0x3 
 .rodata        0x0000000000024fa0       0xc3 obj_cooja/mtype85.a(rpl-dag.o)
 *fill*         0x0000000000025063        0x1 
 .rodata        0x0000000000025064        0xc obj_cooja/mtype85.a(framer-802154.o)
                0x0000000000025064                framer_802154
 .rodata        0x0000000000025070       0x24 obj_cooja/mtype85.a(nullmac.o)
                0x0000000000025078                nullmac_driver
 *fill*         0x0000000000025094        0xc 
 .rodata        0x00000000000250a0       0x40 obj_cooja/mtype85.a(nullrdc.o)
                0x00000000000250c0                nullrdc_driver
 .rodata        0x00000000000250e0        0x8 obj_cooja/mtype85.a(linkaddr.o)
                0x00000000000250e0                linkaddr_null
 .rodata        0x00000000000250e8       0x18 obj_cooja/mtype85.a(nullsec.o)
                0x00000000000250f0                nullsec_driver
 .rodata        0x0000000000025100       0x3e obj_cooja/mtype85.a(uip-debug.o)
 *fill*         0x000000000002513e        0x2 
 .rodata        0x0000000000025140      0x181 obj_cooja/mtype85.a(rpl-nbr-policy.)

.rodata1
 *(.rodata1)

.eh_frame_hdr   0x00000000000252c4     0x1344
 *(.eh_frame_hdr)
 .eh_frame_hdr  0x00000000000252c4     0x1344 log_test.co

.eh_frame       0x0000000000026608     0x4e50
 *(.eh_frame)
 .eh_frame      0x0000000000026608       0x3c /usr/lib/gcc/i686-linux-gnu/4.8/../../../i386-linux-gnu/crti.o
                                         0x40 (size before relaxing)
 .eh_frame      0x0000000000026644       0x20 log_test.co
                                         0x38 (size before relaxing)
 .eh_frame      0x0000000000026664      0x148 obj_cooja/mtype85.o
                                        0x160 (size before relaxing)
 .eh_frame      0x00000000000267ac       0x40 obj_cooja/mtype85.a(simEnvChange.o)
                                         0x58 (size before relaxing)
 .eh_frame      0x00000000000267ec       0xc0 obj_cooja/mtype85.a(cooja_mt.o)
                                         0xd8 (size before relaxing)
 .eh_frame      0x00000000000268ac      0x120 obj_cooja/mtype85.a(cooja_mtarch.o)
                                        0x138 (size before relaxing)
 .eh_frame      0x00000000000269cc       0xc0 obj_cooja/mtype85.a(rtimer-arch.o)
                                         0xd8 (size before relaxing)
 .eh_frame      0x0000000000026a8c      0x160 obj_cooja/mtype85.a(beep.o)
                                        0x178 (size before relaxing)
 .eh_frame      0x0000000000026bec       0xa0 obj_cooja/mtype85.a(button-sensor.o)
                                         0xb8 (size before relaxing)
 .eh_frame      0x0000000000026c8c       0xa0 obj_cooja/mtype85.a(leds-arch.o)
                                         0xb8 (size before relaxing)
 .eh_frame      0x0000000000026d2c       0x40 obj_cooja/mtype85.a(moteid.o)
                                         0x58 (size before relaxing)
 .eh_frame      0x0000000000026d6c       0xa0 obj_cooja/mtype85.a(pir-sensor.o)
                                         0xb8 (size before relaxing)
 .eh_frame      0x0000000000026e0c      0x100 obj_cooja/mtype85.a(rs232.o)
                                        0x118 (size before relaxing)
 .eh_frame      0x0000000000026f0c       0xa0 obj_cooja/mtype85.a(vib-sensor.o)
                                         0xb8 (size before relaxing)
 .eh_frame      0x0000000000026fac       0xc0 obj_cooja/mtype85.a(clock.o)
                                         0xd8 (size before relaxing)
 .eh_frame      0x000000000002706c      0x120 obj_cooja/mtype85.a(log.o)
                                        0x138 (size before relaxing)
 .eh_frame      0x000000000002718c      0x160 obj_cooja/mtype85.a(cfs-cooja.o)
                                        0x178 (size before relaxing)
 .eh_frame      0x00000000000272ec      0x2e0 obj_cooja/mtype85.a(cooja-radio.o)
                                        0x2f8 (size before relaxing)
 .eh_frame      0x00000000000275cc       0xa0 obj_cooja/mtype85.a(eeprom.o)
                                         0xb8 (size before relaxing)
 .eh_frame      0x000000000002766c       0x40 obj_cooja/mtype85.a(random.o)
                                         0x58 (size before relaxing)
 .eh_frame      0x00000000000276ac       0xc0 obj_cooja/mtype85.a(sensors.o)
                                         0xd8 (size before relaxing)
 .eh_frame      0x000000000002776c      0x160 obj_cooja/mtype85.a(dual_conf.o)
                                        0x178 (size before relaxing)
 .eh_frame      0x00000000000278cc       0x40 obj_cooja/mtype85.a(autostart.o)
                                         0x58 (size before relaxing)
 .eh_frame      0x000000000002790c      0x100 obj_cooja/mtype85.a(ctimer.o)
                                        0x118 (size before relaxing)
 .eh_frame      0x0000000000027a0c      0x1e0 obj_cooja/mtype85.a(etimer.o)
                                        0x1f8 (size before relaxing)
 .eh_frame      0x0000000000027bec       0x40 obj_cooja/mtype85.a(log_message.o)
                                         0x58 (size before relaxing)
 .eh_frame      0x0000000000027c2c      0x1c8 obj_cooja/mtype85.a(process.o)
                                        0x1e0 (size before relaxing)
 .eh_frame      0x0000000000027df4       0x60 obj_cooja/mtype85.a(rtimer.o)
                                         0x78 (size before relaxing)
 .eh_frame      0x0000000000027e54       0xa4 obj_cooja/mtype85.a(timer.o)
                                         0xbc (size before relaxing)
 .eh_frame      0x0000000000027ef8       0x60 obj_cooja/mtype85.a(serial-line.o)
                                         0x78 (size before relaxing)
 .eh_frame      0x0000000000027f58      0x180 obj_cooja/mtype85.a(list.o)
                                        0x198 (size before relaxing)
 .eh_frame      0x00000000000280d8       0xa0 obj_cooja/mtype85.a(ringbuf.o)
                                         0xb8 (size before relaxing)
 .eh_frame      0x0000000000028178      0x350 obj_cooja/mtype85.a(sicslowpan.o)
                                        0x368 (size before relaxing)
 .eh_frame      0x00000000000284c8      0x180 obj_cooja/mtype85.a(uip-ds6-nbr.o)
                                        0x198 (size before relaxing)
 .eh_frame      0x0000000000028648      0x3c8 obj_cooja/mtype85.a(uip-ds6.o)
                                        0x3e0 (size before relaxing)
 .eh_frame      0x0000000000028a10      0x27c obj_cooja/mtype85.a(uip6.o)
                                        0x294 (size before relaxing)
 .eh_frame      0x0000000000028c8c      0x270 obj_cooja/mtype85.a(tcpip.o)
                                        0x288 (size before relaxing)
 .eh_frame      0x0000000000028efc       0xe0 obj_cooja/mtype85.a(uip-packetqueue)
                                         0xf8 (size before relaxing)
 .eh_frame      0x0000000000028fdc      0x75c obj_cooja/mtype85.a(rpl-dag.o)
                                        0x774 (size before relaxing)
 .eh_frame      0x0000000000029738      0x10c obj_cooja/mtype85.a(rpl-ext-header.)
                                        0x124 (size before relaxing)
 .eh_frame      0x0000000000029844      0x2f8 obj_cooja/mtype85.a(rpl-icmp6.o)
                                        0x310 (size before relaxing)
 .eh_frame      0x0000000000029b3c       0xe8 obj_cooja/mtype85.a(rpl-ltmax-of.o)
                                        0x100 (size before relaxing)
 .eh_frame      0x0000000000029c24      0x2b0 obj_cooja/mtype85.a(rpl-timers.o)
                                        0x2c8 (size before relaxing)
 .eh_frame      0x0000000000029ed4      0x140 obj_cooja/mtype85.a(rpl.o)
                                        0x158 (size before relaxing)
 .eh_frame      0x000000000002a014      0x108 obj_cooja/mtype85.a(framer-802154.o)
                                        0x120 (size before relaxing)
 .eh_frame      0x000000000002a11c       0xc0 obj_cooja/mtype85.a(nullmac.o)
                                         0xd8 (size before relaxing)
 .eh_frame      0x000000000002a1dc      0x16c obj_cooja/mtype85.a(nullrdc.o)
                                        0x184 (size before relaxing)
 .eh_frame      0x000000000002a348       0x80 obj_cooja/mtype85.a(linkaddr.o)
                                         0x98 (size before relaxing)
 .eh_frame      0x000000000002a3c8      0x2ac obj_cooja/mtype85.a(nbr-table.o)
                                        0x2c4 (size before relaxing)
 .eh_frame      0x000000000002a674       0x20 obj_cooja/mtype85.a(netstack.o)
                                         0x38 (size before relaxing)
 .eh_frame      0x000000000002a694      0x214 obj_cooja/mtype85.a(packetbuf.o)
                                        0x22c (size before relaxing)
 .eh_frame      0x000000000002a8a8      0x1a0 obj_cooja/mtype85.a(queuebuf.o)
                                        0x1b8 (size before relaxing)
 .eh_frame      0x000000000002aa48       0x80 obj_cooja/mtype85.a(nullsec.o)
                                         0x98 (size before relaxing)
 .eh_frame      0x000000000002aac8       0xa0 obj_cooja/mtype85.a(watchdog.o)
                                         0xb8 (size before relaxing)
 .eh_frame      0x000000000002ab68       0xc4 obj_cooja/mtype85.a(stimer.o)
                                         0xdc (size before relaxing)
 .eh_frame      0x000000000002ac2c       0xa0 obj_cooja/mtype85.a(memb.o)
                                         0xb8 (size before relaxing)
 .eh_frame      0x000000000002accc      0x2a0 obj_cooja/mtype85.a(uip-ds6-route.o)
                                        0x2b8 (size before relaxing)
 .eh_frame      0x000000000002af6c      0x164 obj_cooja/mtype85.a(uip-icmp6.o)
                                        0x17c (size before relaxing)
 .eh_frame      0x000000000002b0d0       0x68 obj_cooja/mtype85.a(uip-nd6.o)
                                         0x80 (size before relaxing)
 .eh_frame      0x000000000002b138       0x48 obj_cooja/mtype85.a(uip-debug.o)
                                         0x60 (size before relaxing)
 .eh_frame      0x000000000002b180       0xc8 obj_cooja/mtype85.a(rpl-nbr-policy.)
                                         0xe0 (size before relaxing)
 .eh_frame      0x000000000002b248      0x164 obj_cooja/mtype85.a(frame802154.o)
                                        0x17c (size before relaxing)
 .eh_frame      0x000000000002b3ac       0x88 obj_cooja/mtype85.a(mac-sequence.o)
                                         0xa0 (size before relaxing)
 .eh_frame      0x000000000002b434       0x20 obj_cooja/mtype85.a(mac.o)
                                         0x38 (size before relaxing)
 .eh_frame      0x000000000002b454        0x4 /usr/lib/gcc/i686-linux-gnu/4.8/crtendS.o

.gcc_except_table
 *(.gcc_except_table .gcc_except_table.*)

.exception_ranges
 *(.exception_ranges .exception_ranges*)
                0x000000000002b458                . = (ALIGN (0x1000) - ((0x1000 - .) & 0xfff))
                0x000000000002cef8                . = DATA_SEGMENT_ALIGN (0x1000, 0x1000)

.eh_frame
 *(.eh_frame)

.gcc_except_table
 *(.gcc_except_table .gcc_except_table.*)

.exception_ranges
 *(.exception_ranges .exception_ranges*)

.tdata
 *(.tdata .tdata.* .gnu.linkonce.td.*)

.tbss
 *(.tbss .tbss.* .gnu.linkonce.tb.*)
 *(.tcommon)

.preinit_array
 *(.preinit_array)

.init_array     0x000000000002cef8        0x4
 *(SORT(.init_array.*) SORT(.ctors.*))
 *(.init_array EXCLUDE_FILE(*crtend?.o *crtend.o *crtbegin?.o *crtbegin.o) .ctors)
 .init_array    0x000000000002cef8        0x4 /usr/lib/gcc/i686-linux-gnu/4.8/crtbeginS.o

.fini_array     0x000000000002cefc        0x4
 *(SORT(.fini_array.*) SORT(.dtors.*))
 *(.fini_array EXCLUDE_FILE(*crtend?.o *crtend.o *crtbegin?.o *crtbegin.o) .dtors)
 .fini_array    0x000000000002cefc        0x4 /usr/lib/gcc/i686-linux-gnu/4.8/crtbeginS.o

.ctors
 *crtbegin.o(.ctors)
 *crtbegin?.o(.ctors)
 *(EXCLUDE_FILE(*crtend?.o *crtend.o) .ctors)
 *(SORT(.ctors.*))
 *(.ctors)

.dtors
 *crtbegin.o(.dtors)
 *crtbegin?.o(.dtors)
 *(EXCLUDE_FILE(*crtend?.o *crtend.o) .dtors)
 *(SORT(.dtors.*))
 *(.dtors)

.jcr            0x000000000002cf00        0x4
 *(.jcr)
 .jcr           0x000000000002cf00        0x0 /usr/lib/gcc/i686-linux-gnu/4.8/crtbeginS.o
 .jcr           0x000000000002cf00        0x4 /usr/lib/gcc/i686-linux-gnu/4.8/crtendS.o

.data.rel.ro
 *(.data.rel.ro.local* .gnu.linkonce.d.rel.ro.local.*)
 *(.data.rel.ro .data.rel.ro.* .gnu.linkonce.d.rel.ro.*)

.dynamic        0x000000000002cf04       0xe8
 *(.dynamic)
 .dynamic       0x000000000002cf04       0xe8 /usr/lib/gcc/i686-linux-gnu/4.8/../../../i386-linux-gnu/crti.o
                0x000000000002cf04                _DYNAMIC

.got            0x000000000002cfec       0x14
 *(.got)
 .got           0x000000000002cfec       0x14 /usr/lib/gcc/i686-linux-gnu/4.8/../../../i386-linux-gnu/crti.o
 *(.igot)
                0x000000000002dff4                . = DATA_SEGMENT_RELRO_END (., (SIZEOF (.got.plt) >= 0xc)?0xc:0x0)

.got.plt        0x000000000002d000       0x14
 *(.got.plt)
 .got.plt       0x000000000002d000       0x14 /usr/lib/gcc/i686-linux-gnu/4.8/../../../i386-linux-gnu/crti.o
                0x000000000002d000                _GLOBAL_OFFSET_TABLE_
 *(.igot.plt)

.data           0x000000000002d020      0x25a
 *(.data .data.* .gnu.linkonce.d.*)
 .data          0x000000000002d020        0x0 /usr/lib/gcc/i686-linux-gnu/4.8/../../../i386-linux-gnu/crti.o
 .data          0x000000000002d020        0x0 /usr/lib/gcc/i686-linux-gnu/4.8/crtbeginS.o
 .data.rel      0x000000000002d020        0x4 /usr/lib/gcc/i686-linux-gnu/4.8/crtbeginS.o
                0x000000000002d020                __dso_handle
 .data          0x000000000002d024       0x10 log_test.co
                0x000000000002d024                hello_world_process
 *fill*         0x000000000002d034        0xc 
 .data          0x000000000002d040       0x44 obj_cooja/mtype85.o
                0x000000000002d040                simInterfaces
                0x000000000002d074                sensors
 .data          0x000000000002d084        0x0 obj_cooja/mtype85.a(simEnvChange.o)
 .data          0x000000000002d084        0x0 obj_cooja/mtype85.a(cooja_mt.o)
 .data          0x000000000002d084        0x0 obj_cooja/mtype85.a(cooja_mtarch.o)
 .data          0x000000000002d084        0x0 obj_cooja/mtype85.a(rtimer-arch.o)
 .data          0x000000000002d084        0x0 obj_cooja/mtype85.a(beep.o)
 .data          0x000000000002d084        0x0 obj_cooja/mtype85.a(button-sensor.o)
 .data          0x000000000002d084        0x0 obj_cooja/mtype85.a(leds-arch.o)
 .data          0x000000000002d084        0x0 obj_cooja/mtype85.a(moteid.o)
 .data          0x000000000002d084        0x0 obj_cooja/mtype85.a(pir-sensor.o)
 .data          0x000000000002d084        0x0 obj_cooja/mtype85.a(rs232.o)
 .data          0x000000000002d084        0x0 obj_cooja/mtype85.a(vib-sensor.o)
 .data          0x000000000002d084        0x0 obj_cooja/mtype85.a(clock.o)
 .data          0x000000000002d084        0x0 obj_cooja/mtype85.a(log.o)
 .data          0x000000000002d084        0x0 obj_cooja/mtype85.a(cfs-cooja.o)
 .data          0x000000000002d084       0x38 obj_cooja/mtype85.a(cooja-radio.o)
                0x000000000002d084                simRadioChannel
                0x000000000002d088                simRadioChannelLR
                0x000000000002d08c                simRadioHWOn
                0x000000000002d08d                simRadioHWOnLR
                0x000000000002d090                simSignalStrength
                0x000000000002d094                simSignalStrengthLR
                0x000000000002d098                simLastSignalStrength
                0x000000000002d09c                simLastSignalStrengthLR
                0x000000000002d0a0                simPower
                0x000000000002d0a1                simPowerLR
                0x000000000002d0a4                simLQI
                0x000000000002d0a8                simLQILR
                0x000000000002d0ac                cooja_radio_process
 .data          0x000000000002d0bc        0x0 obj_cooja/mtype85.a(eeprom.o)
 .data          0x000000000002d0bc        0x0 obj_cooja/mtype85.a(random.o)
 .data          0x000000000002d0bc       0x10 obj_cooja/mtype85.a(sensors.o)
                0x000000000002d0bc                sensors_process
 .data          0x000000000002d0cc       0x34 obj_cooja/mtype85.a(dual_conf.o)
                0x000000000002d0cc                radio_received
                0x000000000002d0d0                dual_dio_broadcast
                0x000000000002d0e0                dual_dis_broadcast
                0x000000000002d0f0                dual_dio_ack_broadcast
 .data          0x000000000002d100        0x0 obj_cooja/mtype85.a(autostart.o)
 .data          0x000000000002d100       0x14 obj_cooja/mtype85.a(ctimer.o)
                0x000000000002d104                ctimer_process
 .data          0x000000000002d114       0x10 obj_cooja/mtype85.a(etimer.o)
                0x000000000002d114                etimer_process
 .data          0x000000000002d124        0x0 obj_cooja/mtype85.a(log_message.o)
 .data          0x000000000002d124        0x0 obj_cooja/mtype85.a(process.o)
 .data          0x000000000002d124        0x0 obj_cooja/mtype85.a(rtimer.o)
 .data          0x000000000002d124        0x0 obj_cooja/mtype85.a(timer.o)
 .data          0x000000000002d124       0x10 obj_cooja/mtype85.a(serial-line.o)
                0x000000000002d124                serial_line_process
 .data          0x000000000002d134        0x0 obj_cooja/mtype85.a(list.o)
 .data          0x000000000002d134        0x0 obj_cooja/mtype85.a(ringbuf.o)
 .data          0x000000000002d134        0x0 obj_cooja/mtype85.a(sicslowpan.o)
 .data          0x000000000002d134       0x14 obj_cooja/mtype85.a(uip-ds6-nbr.o)
                0x000000000002d144                ds6_neighbors
 .data          0x000000000002d148        0x0 obj_cooja/mtype85.a(uip-ds6.o)
 .data          0x000000000002d148        0x0 obj_cooja/mtype85.a(uip6.o)
 .data          0x000000000002d148       0x10 obj_cooja/mtype85.a(tcpip.o)
                0x000000000002d148                tcpip_process
 .data          0x000000000002d158        0xc obj_cooja/mtype85.a(uip-packetqueue)
 .data          0x000000000002d164       0x28 obj_cooja/mtype85.a(rpl-dag.o)
                0x000000000002d174                rpl_parents
                0x000000000002d188                rpl_children
 .data          0x000000000002d18c        0x0 obj_cooja/mtype85.a(rpl-ext-header.)
 .data          0x000000000002d18c       0x40 obj_cooja/mtype85.a(rpl-icmp6.o)
 .data          0x000000000002d1cc       0x1c obj_cooja/mtype85.a(rpl-ltmax-of.o)
                0x000000000002d1cc                rpl_ltmax_of
 .data          0x000000000002d1e8        0x0 obj_cooja/mtype85.a(rpl-timers.o)
 .data          0x000000000002d1e8        0x0 obj_cooja/mtype85.a(rpl.o)
 .data          0x000000000002d1e8        0x0 obj_cooja/mtype85.a(framer-802154.o)
 .data          0x000000000002d1e8        0x0 obj_cooja/mtype85.a(nullmac.o)
 .data          0x000000000002d1e8        0x0 obj_cooja/mtype85.a(nullrdc.o)
 .data          0x000000000002d1e8        0x0 obj_cooja/mtype85.a(linkaddr.o)
 .data          0x000000000002d1e8       0x10 obj_cooja/mtype85.a(nbr-table.o)
 .data          0x000000000002d1f8        0x0 obj_cooja/mtype85.a(netstack.o)
 .data          0x000000000002d1f8        0x4 obj_cooja/mtype85.a(packetbuf.o)
 .data          0x000000000002d1fc       0x18 obj_cooja/mtype85.a(queuebuf.o)
 .data          0x000000000002d214        0x0 obj_cooja/mtype85.a(nullsec.o)
 .data          0x000000000002d214        0x0 obj_cooja/mtype85.a(watchdog.o)
 .data          0x000000000002d214        0x0 obj_cooja/mtype85.a(rimestats.o)
 .data          0x000000000002d214        0x0 obj_cooja/mtype85.a(stimer.o)
 .data          0x000000000002d214        0x0 obj_cooja/mtype85.a(memb.o)
 .data          0x000000000002d214       0x44 obj_cooja/mtype85.a(uip-ds6-route.o)
                0x000000000002d224                nbr_routes
 .data          0x000000000002d258       0x20 obj_cooja/mtype85.a(uip-icmp6.o)
 .data          0x000000000002d278        0x0 obj_cooja/mtype85.a(uip-nd6.o)
 .data          0x000000000002d278        0x0 obj_cooja/mtype85.a(uip-debug.o)
 .data          0x000000000002d278        0x0 obj_cooja/mtype85.a(rpl-nbr-policy.)
 .data          0x000000000002d278        0x2 obj_cooja/mtype85.a(frame802154.o)
 .data          0x000000000002d27a        0x0 obj_cooja/mtype85.a(mac-sequence.o)
 .data          0x000000000002d27a        0x0 obj_cooja/mtype85.a(mac.o)
 .data          0x000000000002d27a        0x0 /usr/lib/gcc/i686-linux-gnu/4.8/crtendS.o
 .data          0x000000000002d27a        0x0 /usr/lib/gcc/i686-linux-gnu/4.8/../../../i386-linux-gnu/crtn.o

.tm_clone_table
                0x000000000002d27c        0x0
 .tm_clone_table
                0x000000000002d27c        0x0 /usr/lib/gcc/i686-linux-gnu/4.8/crtbeginS.o
 .tm_clone_table
                0x000000000002d27c        0x0 /usr/lib/gcc/i686-linux-gnu/4.8/crtendS.o

.data1
 *(.data1)
                0x000000000002d27c                _edata = .
                0x000000000002d27c                PROVIDE (edata, .)
                0x000000000002d27c                . = .
                0x000000000002d27c                __bss_start = .

.bss            0x000000000002d280    0x10d88
 *(.dynbss)
 .dynbss        0x0000000000000000        0x0 /usr/lib/gcc/i686-linux-gnu/4.8/../../../i386-linux-gnu/crti.o
 *(.bss .bss.* .gnu.linkonce.b.*)
 .bss           0x000000000002d280        0x0 /usr/lib/gcc/i686-linux-gnu/4.8/../../../i386-linux-gnu/crti.o
 .bss           0x000000000002d280        0x1 /usr/lib/gcc/i686-linux-gnu/4.8/crtbeginS.o
 .bss           0x000000000002d281        0x0 log_test.co
 *fill*         0x000000000002d281       0x1f 
 .bss           0x000000000002d2a0     0x2030 obj_cooja/mtype85.o
 .bss           0x000000000002f2d0        0x1 obj_cooja/mtype85.a(simEnvChange.o)
                0x000000000002f2d0                simDontFallAsleep
 *fill*         0x000000000002f2d1        0x3 
 .bss           0x000000000002f2d4        0x4 obj_cooja/mtype85.a(cooja_mt.o)
 .bss           0x000000000002f2d8        0x4 obj_cooja/mtype85.a(cooja_mtarch.o)
 .bss           0x000000000002f2dc        0xc obj_cooja/mtype85.a(rtimer-arch.o)
 .bss           0x000000000002f2e8        0x0 obj_cooja/mtype85.a(beep.o)
 .bss           0x000000000002f2e8        0x8 obj_cooja/mtype85.a(button-sensor.o)
 .bss           0x000000000002f2f0        0x0 obj_cooja/mtype85.a(leds-arch.o)
 .bss           0x000000000002f2f0        0x0 obj_cooja/mtype85.a(moteid.o)
 .bss           0x000000000002f2f0        0x1 obj_cooja/mtype85.a(pir-sensor.o)
                0x000000000002f2f0                simPirValue
 *fill*         0x000000000002f2f1        0x3 
 .bss           0x000000000002f2f4        0x4 obj_cooja/mtype85.a(rs232.o)
 .bss           0x000000000002f2f8        0x1 obj_cooja/mtype85.a(vib-sensor.o)
                0x000000000002f2f8                simVibValue
 .bss           0x000000000002f2f9        0x0 obj_cooja/mtype85.a(clock.o)
 *fill*         0x000000000002f2f9        0x7 
 .bss           0x000000000002f300      0x420 obj_cooja/mtype85.a(log.o)
 .bss           0x000000000002f720      0xfc0 obj_cooja/mtype85.a(cfs-cooja.o)
                0x000000000002f720                simCFSData
                0x00000000000306c0                simCFSSize
                0x00000000000306c4                simCFSChanged
                0x00000000000306c8                simCFSRead
                0x00000000000306cc                simCFSWritten
 .bss           0x00000000000306e0       0x20 obj_cooja/mtype85.a(cooja-radio.o)
                0x00000000000306e0                simReceiving
                0x00000000000306e1                simReceivingLR
                0x00000000000306e4                simInSize
                0x00000000000306e8                simInSizeLR
                0x00000000000306ec                simOutSize
                0x00000000000306f0                simOutSizeLR
                0x00000000000306f4                LongRangeTransmit
                0x00000000000306f8                LongRangeReceiving
 .bss           0x0000000000030700        0xc obj_cooja/mtype85.a(eeprom.o)
                0x0000000000030700                simEEPROMChanged
                0x0000000000030704                simEEPROMRead
                0x0000000000030708                simEEPROMWritten
 .bss           0x000000000003070c        0x0 obj_cooja/mtype85.a(random.o)
 .bss           0x000000000003070c        0xc obj_cooja/mtype85.a(sensors.o)
 .bss           0x0000000000030718       0x38 obj_cooja/mtype85.a(dual_conf.o)
                0x0000000000030718                long_range_radio
 .bss           0x0000000000030750        0x0 obj_cooja/mtype85.a(autostart.o)
 .bss           0x0000000000030750        0x5 obj_cooja/mtype85.a(ctimer.o)
 *fill*         0x0000000000030755        0x3 
 .bss           0x0000000000030758        0x8 obj_cooja/mtype85.a(etimer.o)
 .bss           0x0000000000030760        0x0 obj_cooja/mtype85.a(log_message.o)
 .bss           0x0000000000030760      0x1b1 obj_cooja/mtype85.a(process.o)
                0x0000000000030760                process_list
                0x0000000000030764                process_current
 *fill*         0x0000000000030911        0x3 
 .bss           0x0000000000030914        0x4 obj_cooja/mtype85.a(rtimer.o)
 .bss           0x0000000000030918        0x0 obj_cooja/mtype85.a(timer.o)
 *fill*         0x0000000000030918        0x8 
 .bss           0x0000000000030920      0x140 obj_cooja/mtype85.a(serial-line.o)
 .bss           0x0000000000030a60        0x0 obj_cooja/mtype85.a(list.o)
 .bss           0x0000000000030a60        0x0 obj_cooja/mtype85.a(ringbuf.o)
 .bss           0x0000000000030a60      0x70c obj_cooja/mtype85.a(sicslowpan.o)
 *fill*         0x000000000003116c       0x14 
 .bss           0x0000000000031180     0x1c20 obj_cooja/mtype85.a(uip-ds6-nbr.o)
 .bss           0x0000000000032da0       0x30 obj_cooja/mtype85.a(uip-ds6.o)
 .bss           0x0000000000032dd0        0xe obj_cooja/mtype85.a(uip6.o)
                0x0000000000032dd0                uip_ext_bitmap
                0x0000000000032dd1                uip_ext_len
                0x0000000000032dd2                uip_ext_opt_offset
 *fill*         0x0000000000032dde        0x2 
 .bss           0x0000000000032de0       0x6a obj_cooja/mtype85.a(tcpip.o)
 *fill*         0x0000000000032e4a       0x16 
 .bss           0x0000000000032e60      0xcf8 obj_cooja/mtype85.a(uip-packetqueue)
 *fill*         0x0000000000033b58        0x8 
 .bss           0x0000000000033b60     0x13ec obj_cooja/mtype85.a(rpl-dag.o)
 .bss           0x0000000000034f4c        0x0 obj_cooja/mtype85.a(rpl-ext-header.)
 .bss           0x0000000000034f4c        0x0 obj_cooja/mtype85.a(rpl-icmp6.o)
 .bss           0x0000000000034f4c        0x0 obj_cooja/mtype85.a(rpl-ltmax-of.o)
 *fill*         0x0000000000034f4c       0x14 
 .bss           0x0000000000034f60       0x23 obj_cooja/mtype85.a(rpl-timers.o)
 *fill*         0x0000000000034f83        0x1 
 .bss           0x0000000000034f84        0x4 obj_cooja/mtype85.a(rpl.o)
 .bss           0x0000000000034f88        0x2 obj_cooja/mtype85.a(framer-802154.o)
 .bss           0x0000000000034f8a        0x0 obj_cooja/mtype85.a(nullmac.o)
 .bss           0x0000000000034f8a        0x0 obj_cooja/mtype85.a(nullrdc.o)
 .bss           0x0000000000034f8a        0x0 obj_cooja/mtype85.a(linkaddr.o)
 *fill*         0x0000000000034f8a       0x16 
 .bss           0x0000000000034fa0     0x1214 obj_cooja/mtype85.a(nbr-table.o)
 .bss           0x00000000000361b4        0x0 obj_cooja/mtype85.a(netstack.o)
 *fill*         0x00000000000361b4        0xc 
 .bss           0x00000000000361c0       0xa0 obj_cooja/mtype85.a(packetbuf.o)
 .bss           0x0000000000036260      0xb80 obj_cooja/mtype85.a(queuebuf.o)
 .bss           0x0000000000036de0        0x0 obj_cooja/mtype85.a(nullsec.o)
 .bss           0x0000000000036de0        0x0 obj_cooja/mtype85.a(watchdog.o)
 .bss           0x0000000000036de0        0x0 obj_cooja/mtype85.a(rimestats.o)
 .bss           0x0000000000036de0        0x0 obj_cooja/mtype85.a(stimer.o)
 .bss           0x0000000000036de0        0x0 obj_cooja/mtype85.a(memb.o)
 .bss           0x0000000000036de0     0x44a8 obj_cooja/mtype85.a(uip-ds6-route.o)
 .bss           0x000000000003b288       0x18 obj_cooja/mtype85.a(uip-icmp6.o)
 .bss           0x000000000003b2a0        0x0 obj_cooja/mtype85.a(uip-nd6.o)
 .bss           0x000000000003b2a0        0x0 obj_cooja/mtype85.a(uip-debug.o)
 .bss           0x000000000003b2a0       0x44 obj_cooja/mtype85.a(rpl-nbr-policy.)
 .bss           0x000000000003b2e4        0x0 obj_cooja/mtype85.a(frame802154.o)
 *fill*         0x000000000003b2e4       0x1c 
 .bss           0x000000000003b300       0x90 obj_cooja/mtype85.a(mac-sequence.o)
 .bss           0x000000000003b390        0x0 obj_cooja/mtype85.a(mac.o)
 .bss           0x000000000003b390        0x0 /usr/lib/gcc/i686-linux-gnu/4.8/crtendS.o
 .bss           0x000000000003b390        0x0 /usr/lib/gcc/i686-linux-gnu/4.8/../../../i386-linux-gnu/crtn.o
 *(COMMON)
 COMMON         0x000000000003b390       0x24 obj_cooja/mtype85.o
                0x000000000003b390                COOJA_radioRxLong
                0x000000000003b394                COOJA_radioTx
                0x000000000003b398                referenceVar
                0x000000000003b39c                COOJA_radioTxLong
                0x000000000003b3a0                COOJA_radioRx
                0x000000000003b3a4                COOJA_radioOn
                0x000000000003b3a8                COOJA_duration
                0x000000000003b3ac                COOJA_radioOnLong
                0x000000000003b3b0                sensors_flags
 COMMON         0x000000000003b3b4        0xc obj_cooja/mtype85.a(simEnvChange.o)
                0x000000000003b3b4                simEtimerPending
                0x000000000003b3b8                simProcessRunValue
                0x000000000003b3bc                simNextExpirationTime
 COMMON         0x000000000003b3c0        0x1 obj_cooja/mtype85.a(beep.o)
                0x000000000003b3c0                simBeeped
 COMMON         0x000000000003b3c1        0x3 obj_cooja/mtype85.a(button-sensor.o)
                0x000000000003b3c1                simButtonIsActive
                0x000000000003b3c2                simButtonIsDown
                0x000000000003b3c3                simButtonChanged
 COMMON         0x000000000003b3c4        0x1 obj_cooja/mtype85.a(leds-arch.o)
                0x000000000003b3c4                simLedsValue
 *fill*         0x000000000003b3c5        0x3 
 COMMON         0x000000000003b3c8        0xc obj_cooja/mtype85.a(moteid.o)
                0x000000000003b3c8                simRandomSeed
                0x000000000003b3cc                simMoteIDChanged
                0x000000000003b3d0                simMoteID
 COMMON         0x000000000003b3d4        0x2 obj_cooja/mtype85.a(pir-sensor.o)
                0x000000000003b3d4                simPirIsActive
                0x000000000003b3d5                simPirChanged
 *fill*         0x000000000003b3d6        0xa 
 COMMON         0x000000000003b3e0      0x820 obj_cooja/mtype85.a(rs232.o)
                0x000000000003b3e0                simSerialReceivingFlag
                0x000000000003b3e4                simSerialReceivingLength
                0x000000000003b400                simSerialReceivingData
 COMMON         0x000000000003bc00        0x2 obj_cooja/mtype85.a(vib-sensor.o)
                0x000000000003bc00                simVibChanged
                0x000000000003bc01                simVibIsActive
 *fill*         0x000000000003bc02        0x2 
 COMMON         0x000000000003bc04        0x4 obj_cooja/mtype85.a(clock.o)
                0x000000000003bc04                simCurrentTime
 *fill*         0x000000000003bc08       0x18 
 COMMON         0x000000000003bc20      0x420 obj_cooja/mtype85.a(log.o)
                0x000000000003bc20                simLoggedLength
                0x000000000003bc24                simLoggedFlag
                0x000000000003bc40                simLoggedData
 COMMON         0x000000000003c040      0x220 obj_cooja/mtype85.a(cooja-radio.o)
                0x000000000003c040                my_weight
                0x000000000003c060                simOutDataBuffer
                0x000000000003c0e0                simInDataBufferLR
                0x000000000003c160                simOutDataBufferLR
                0x000000000003c1e0                simInDataBuffer
 COMMON         0x000000000003c260      0x400 obj_cooja/mtype85.a(eeprom.o)
                0x000000000003c260                simEEPROMData
 COMMON         0x000000000003c660        0x1 obj_cooja/mtype85.a(sensors.o)
                0x000000000003c660                sensors_event
 *fill*         0x000000000003c661        0x3 
 COMMON         0x000000000003c664        0x4 obj_cooja/mtype85.a(log_message.o)
                0x000000000003c664                log_fp
 COMMON         0x000000000003c668        0x1 obj_cooja/mtype85.a(serial-line.o)
                0x000000000003c668                serial_line_event_message
 *fill*         0x000000000003c669       0x17 
 COMMON         0x000000000003c680      0xbb8 obj_cooja/mtype85.a(uip-ds6-nbr.o)
                0x000000000003c680                ds6_lr_addrmap
 *fill*         0x000000000003d238        0x8 
 COMMON         0x000000000003d240      0x298 obj_cooja/mtype85.a(uip-ds6.o)
                0x000000000003d240                uip_ds6_prefix_list
                0x000000000003d2a0                uip_ds6_timer_periodic
                0x000000000003d2b0                uip_ds6_netif_addr_list_offset
                0x000000000003d2c0                uip_ds6_if
                0x000000000003d3b8                uip_ds6_timer_ra
                0x000000000003d3c0                uip_ds6_addr_size
                0x000000000003d3e0                long_uip_ds6_if
 *fill*         0x000000000003d4d8        0x8 
 COMMON         0x000000000003d4e0      0x8ec obj_cooja/mtype85.a(uip6.o)
                0x000000000003d4e0                uip_slen
                0x000000000003d4e2                uip_acc32
                0x000000000003d500                uip_conns
                0x000000000003d5c0                uip_lladdr
                0x000000000003d5c8                uip_appdata
                0x000000000003d5cc                uip_flags
                0x000000000003d5e0                uip_aligned_buf
                0x000000000003dc20                uip_listenports
                0x000000000003dc30                uip_len
                0x000000000003dc32                uip_long_lladdr
                0x000000000003dc3c                uip_sappdata
                0x000000000003dc40                uip_udp_conns
                0x000000000003ddc0                uip_udp_conn
                0x000000000003ddc4                uip_next_hdr
                0x000000000003ddc8                uip_conn
 COMMON         0x000000000003ddcc        0x1 obj_cooja/mtype85.a(tcpip.o)
                0x000000000003ddcc                tcpip_event
 *fill*         0x000000000003ddcd       0x13 
 COMMON         0x000000000003dde0      0x198 obj_cooja/mtype85.a(rpl-dag.o)
                0x000000000003dde0                default_instance
                0x000000000003de00                instance_table
 COMMON         0x000000000003df78       0x10 obj_cooja/mtype85.a(linkaddr.o)
                0x000000000003df78                linkaddr_node_addr
                0x000000000003df80                long_linkaddr_node_addr
 COMMON         0x000000000003df88       0x2e obj_cooja/mtype85.a(packetbuf.o)
                0x000000000003df88                packetbuf_attrs
                0x000000000003dfa6                packetbuf_addrs
 *fill*         0x000000000003dfb6        0xa 
 COMMON         0x000000000003dfc0       0x48 obj_cooja/mtype85.a(rimestats.o)
                0x000000000003dfc0                rimestats
                0x000000000003e008                . = ALIGN ((. != 0x0)?0x4:0x1)
                0x000000000003e008                . = ALIGN (0x4)
                0x000000000003e008                . = SEGMENT_START ("ldata-segment", .)
                0x000000000003e008                . = ALIGN (0x4)
                0x000000000003e008                _end = .
                0x000000000003e008                PROVIDE (end, .)
                0x000000000003e008                . = DATA_SEGMENT_END (.)

.stab
 *(.stab)

.stabstr
 *(.stabstr)

.stab.excl
 *(.stab.excl)

.stab.exclstr
 *(.stab.exclstr)

.stab.index
 *(.stab.index)

.stab.indexstr
 *(.stab.indexstr)

.comment        0x0000000000000000       0x2b
 *(.comment)
 .comment       0x0000000000000000       0x2b /usr/lib/gcc/i686-linux-gnu/4.8/crtbeginS.o
                                         0x2c (size before relaxing)
 .comment       0x0000000000000000       0x2c log_test.co
 .comment       0x0000000000000000       0x2c obj_cooja/mtype85.o
 .comment       0x0000000000000000       0x2c obj_cooja/mtype85.a(simEnvChange.o)
 .comment       0x0000000000000000       0x2c obj_cooja/mtype85.a(cooja_mt.o)
 .comment       0x0000000000000000       0x2c obj_cooja/mtype85.a(cooja_mtarch.o)
 .comment       0x0000000000000000       0x2c obj_cooja/mtype85.a(rtimer-arch.o)
 .comment       0x0000000000000000       0x2c obj_cooja/mtype85.a(beep.o)
 .comment       0x0000000000000000       0x2c obj_cooja/mtype85.a(button-sensor.o)
 .comment       0x0000000000000000       0x2c obj_cooja/mtype85.a(leds-arch.o)
 .comment       0x0000000000000000       0x2c obj_cooja/mtype85.a(moteid.o)
 .comment       0x0000000000000000       0x2c obj_cooja/mtype85.a(pir-sensor.o)
 .comment       0x0000000000000000       0x2c obj_cooja/mtype85.a(rs232.o)
 .comment       0x0000000000000000       0x2c obj_cooja/mtype85.a(vib-sensor.o)
 .comment       0x0000000000000000       0x2c obj_cooja/mtype85.a(clock.o)
 .comment       0x0000000000000000       0x2c obj_cooja/mtype85.a(log.o)
 .comment       0x0000000000000000       0x2c obj_cooja/mtype85.a(cfs-cooja.o)
 .comment       0x0000000000000000       0x2c obj_cooja/mtype85.a(cooja-radio.o)
 .comment       0x0000000000000000       0x2c obj_cooja/mtype85.a(eeprom.o)
 .comment       0x0000000000000000       0x2c obj_cooja/mtype85.a(random.o)
 .comment       0x0000000000000000       0x2c obj_cooja/mtype85.a(sensors.o)
 .comment       0x0000000000000000       0x2c obj_cooja/mtype85.a(dual_conf.o)
 .comment       0x0000000000000000       0x2c obj_cooja/mtype85.a(autostart.o)
 .comment       0x0000000000000000       0x2c obj_cooja/mtype85.a(ctimer.o)
 .comment       0x0000000000000000       0x2c obj_cooja/mtype85.a(etimer.o)
 .comment       0x0000000000000000       0x2c obj_cooja/mtype85.a(log_message.o)
 .comment       0x0000000000000000       0x2c obj_cooja/mtype85.a(process.o)
 .comment       0x0000000000000000       0x2c obj_cooja/mtype85.a(rtimer.o)
 .comment       0x0000000000000000       0x2c obj_cooja/mtype85.a(timer.o)
 .comment       0x0000000000000000       0x2c obj_cooja/mtype85.a(serial-line.o)
 .comment       0x0000000000000000       0x2c obj_cooja/mtype85.a(list.o)
 .comment       0x0000000000000000       0x2c obj_cooja/mtype85.a(ringbuf.o)
 .comment       0x0000000000000000       0x2c obj_cooja/mtype85.a(sicslowpan.o)
 .comment       0x0000000000000000       0x2c obj_cooja/mtype85.a(uip-ds6-nbr.o)
 .comment       0x0000000000000000       0x2c obj_cooja/mtype85.a(uip-ds6.o)
 .comment       0x0000000000000000       0x2c obj_cooja/mtype85.a(uip6.o)
 .comment       0x0000000000000000       0x2c obj_cooja/mtype85.a(tcpip.o)
 .comment       0x0000000000000000       0x2c obj_cooja/mtype85.a(uip-packetqueue)
 .comment       0x0000000000000000       0x2c obj_cooja/mtype85.a(rpl-dag.o)
 .comment       0x0000000000000000       0x2c obj_cooja/mtype85.a(rpl-ext-header.)
 .comment       0x0000000000000000       0x2c obj_cooja/mtype85.a(rpl-icmp6.o)
 .comment       0x0000000000000000       0x2c obj_cooja/mtype85.a(rpl-ltmax-of.o)
 .comment       0x0000000000000000       0x2c obj_cooja/mtype85.a(rpl-timers.o)
 .comment       0x0000000000000000       0x2c obj_cooja/mtype85.a(rpl.o)
 .comment       0x0000000000000000       0x2c obj_cooja/mtype85.a(framer-802154.o)
 .comment       0x0000000000000000       0x2c obj_cooja/mtype85.a(nullmac.o)
 .comment       0x0000000000000000       0x2c obj_cooja/mtype85.a(nullrdc.o)
 .comment       0x0000000000000000       0x2c obj_cooja/mtype85.a(linkaddr.o)
 .comment       0x0000000000000000       0x2c obj_cooja/mtype85.a(nbr-table.o)
 .comment       0x0000000000000000       0x2c obj_cooja/mtype85.a(netstack.o)
 .comment       0x0000000000000000       0x2c obj_cooja/mtype85.a(packetbuf.o)
 .comment       0x0000000000000000       0x2c obj_cooja/mtype85.a(queuebuf.o)
 .comment       0x0000000000000000       0x2c obj_cooja/mtype85.a(nullsec.o)
 .comment       0x0000000000000000       0x2c obj_cooja/mtype85.a(watchdog.o)
 .comment       0x0000000000000000       0x2c obj_cooja/mtype85.a(rimestats.o)
 .comment       0x0000000000000000       0x2c obj_cooja/mtype85.a(stimer.o)
 .comment       0x0000000000000000       0x2c obj_cooja/mtype85.a(memb.o)
 .comment       0x0000000000000000       0x2c obj_cooja/mtype85.a(uip-ds6-route.o)
 .comment       0x0000000000000000       0x2c obj_cooja/mtype85.a(uip-icmp6.o)
 .comment       0x0000000000000000       0x2c obj_cooja/mtype85.a(uip-nd6.o)
 .comment       0x0000000000000000       0x2c obj_cooja/mtype85.a(uip-debug.o)
 .comment       0x0000000000000000       0x2c obj_cooja/mtype85.a(rpl-nbr-policy.)
 .comment       0x0000000000000000       0x2c obj_cooja/mtype85.a(frame802154.o)
 .comment       0x0000000000000000       0x2c obj_cooja/mtype85.a(mac-sequence.o)
 .comment       0x0000000000000000       0x2c obj_cooja/mtype85.a(mac.o)
 .comment       0x0000000000000000       0x2c /usr/lib/gcc/i686-linux-gnu/4.8/crtendS.o

.debug
 *(.debug)

.line
 *(.line)

.debug_srcinfo
 *(.debug_srcinfo)

.debug_sfnames
 *(.debug_sfnames)

.debug_aranges  0x0000000000000000      0x7f8
 *(.debug_aranges)
 .debug_aranges
                0x0000000000000000       0x20 log_test.co
 .debug_aranges
                0x0000000000000020       0x20 obj_cooja/mtype85.o
 .debug_aranges
                0x0000000000000040       0x20 obj_cooja/mtype85.a(simEnvChange.o)
 .debug_aranges
                0x0000000000000060       0x20 obj_cooja/mtype85.a(cooja_mt.o)
 .debug_aranges
                0x0000000000000080       0x20 obj_cooja/mtype85.a(cooja_mtarch.o)
 .debug_aranges
                0x00000000000000a0       0x20 obj_cooja/mtype85.a(rtimer-arch.o)
 .debug_aranges
                0x00000000000000c0       0x20 obj_cooja/mtype85.a(beep.o)
 .debug_aranges
                0x00000000000000e0       0x20 obj_cooja/mtype85.a(button-sensor.o)
 .debug_aranges
                0x0000000000000100       0x20 obj_cooja/mtype85.a(leds-arch.o)
 .debug_aranges
                0x0000000000000120       0x20 obj_cooja/mtype85.a(moteid.o)
 .debug_aranges
                0x0000000000000140       0x20 obj_cooja/mtype85.a(pir-sensor.o)
 .debug_aranges
                0x0000000000000160       0x20 obj_cooja/mtype85.a(rs232.o)
 .debug_aranges
                0x0000000000000180       0x20 obj_cooja/mtype85.a(vib-sensor.o)
 .debug_aranges
                0x00000000000001a0       0x20 obj_cooja/mtype85.a(clock.o)
 .debug_aranges
                0x00000000000001c0       0x20 obj_cooja/mtype85.a(log.o)
 .debug_aranges
                0x00000000000001e0       0x20 obj_cooja/mtype85.a(cfs-cooja.o)
 .debug_aranges
                0x0000000000000200       0x20 obj_cooja/mtype85.a(cooja-radio.o)
 .debug_aranges
                0x0000000000000220       0x20 obj_cooja/mtype85.a(eeprom.o)
 .debug_aranges
                0x0000000000000240       0x20 obj_cooja/mtype85.a(random.o)
 .debug_aranges
                0x0000000000000260       0x20 obj_cooja/mtype85.a(sensors.o)
 .debug_aranges
                0x0000000000000280       0x20 obj_cooja/mtype85.a(dual_conf.o)
 .debug_aranges
                0x00000000000002a0       0x20 obj_cooja/mtype85.a(autostart.o)
 .debug_aranges
                0x00000000000002c0       0x20 obj_cooja/mtype85.a(ctimer.o)
 .debug_aranges
                0x00000000000002e0       0x20 obj_cooja/mtype85.a(etimer.o)
 .debug_aranges
                0x0000000000000300       0x20 obj_cooja/mtype85.a(log_message.o)
 .debug_aranges
                0x0000000000000320       0x20 obj_cooja/mtype85.a(process.o)
 .debug_aranges
                0x0000000000000340       0x20 obj_cooja/mtype85.a(rtimer.o)
 .debug_aranges
                0x0000000000000360       0x20 obj_cooja/mtype85.a(timer.o)
 .debug_aranges
                0x0000000000000380       0x20 obj_cooja/mtype85.a(serial-line.o)
 .debug_aranges
                0x00000000000003a0       0x20 obj_cooja/mtype85.a(list.o)
 .debug_aranges
                0x00000000000003c0       0x20 obj_cooja/mtype85.a(ringbuf.o)
 .debug_aranges
                0x00000000000003e0       0x20 obj_cooja/mtype85.a(sicslowpan.o)
 .debug_aranges
                0x0000000000000400       0x20 obj_cooja/mtype85.a(uip-ds6-nbr.o)
 .debug_aranges
                0x0000000000000420       0x20 obj_cooja/mtype85.a(uip-ds6.o)
 .debug_aranges
                0x0000000000000440       0x20 obj_cooja/mtype85.a(uip6.o)
 .debug_aranges
                0x0000000000000460       0x20 obj_cooja/mtype85.a(tcpip.o)
 .debug_aranges
                0x0000000000000480       0x20 obj_cooja/mtype85.a(uip-packetqueue)
 .debug_aranges
                0x00000000000004a0       0x20 obj_cooja/mtype85.a(rpl-dag.o)
 .debug_aranges
                0x00000000000004c0       0x20 obj_cooja/mtype85.a(rpl-ext-header.)
 .debug_aranges
                0x00000000000004e0       0x20 obj_cooja/mtype85.a(rpl-icmp6.o)
 .debug_aranges
                0x0000000000000500       0x20 obj_cooja/mtype85.a(rpl-ltmax-of.o)
 .debug_aranges
                0x0000000000000520       0x20 obj_cooja/mtype85.a(rpl-timers.o)
 .debug_aranges
                0x0000000000000540       0x20 obj_cooja/mtype85.a(rpl.o)
 .debug_aranges
                0x0000000000000560       0x20 obj_cooja/mtype85.a(framer-802154.o)
 .debug_aranges
                0x0000000000000580       0x20 obj_cooja/mtype85.a(nullmac.o)
 .debug_aranges
                0x00000000000005a0       0x20 obj_cooja/mtype85.a(nullrdc.o)
 .debug_aranges
                0x00000000000005c0       0x20 obj_cooja/mtype85.a(linkaddr.o)
 .debug_aranges
                0x00000000000005e0       0x20 obj_cooja/mtype85.a(nbr-table.o)
 .debug_aranges
                0x0000000000000600       0x20 obj_cooja/mtype85.a(netstack.o)
 .debug_aranges
                0x0000000000000620       0x20 obj_cooja/mtype85.a(packetbuf.o)
 .debug_aranges
                0x0000000000000640       0x20 obj_cooja/mtype85.a(queuebuf.o)
 .debug_aranges
                0x0000000000000660       0x20 obj_cooja/mtype85.a(nullsec.o)
 .debug_aranges
                0x0000000000000680       0x20 obj_cooja/mtype85.a(watchdog.o)
 .debug_aranges
                0x00000000000006a0       0x18 obj_cooja/mtype85.a(rimestats.o)
 .debug_aranges
                0x00000000000006b8       0x20 obj_cooja/mtype85.a(stimer.o)
 .debug_aranges
                0x00000000000006d8       0x20 obj_cooja/mtype85.a(memb.o)
 .debug_aranges
                0x00000000000006f8       0x20 obj_cooja/mtype85.a(uip-ds6-route.o)
 .debug_aranges
                0x0000000000000718       0x20 obj_cooja/mtype85.a(uip-icmp6.o)
 .debug_aranges
                0x0000000000000738       0x20 obj_cooja/mtype85.a(uip-nd6.o)
 .debug_aranges
                0x0000000000000758       0x20 obj_cooja/mtype85.a(uip-debug.o)
 .debug_aranges
                0x0000000000000778       0x20 obj_cooja/mtype85.a(rpl-nbr-policy.)
 .debug_aranges
                0x0000000000000798       0x20 obj_cooja/mtype85.a(frame802154.o)
 .debug_aranges
                0x00000000000007b8       0x20 obj_cooja/mtype85.a(mac-sequence.o)
 .debug_aranges
                0x00000000000007d8       0x20 obj_cooja/mtype85.a(mac.o)

.debug_pubnames
 *(.debug_pubnames)

.debug_info     0x0000000000000000    0x1b330
 *(.debug_info .gnu.linkonce.wi.*)
 .debug_info    0x0000000000000000      0x1d7 log_test.co
 .debug_info    0x00000000000001d7     0x37fe obj_cooja/mtype85.o
 .debug_info    0x00000000000039d5      0x15a obj_cooja/mtype85.a(simEnvChange.o)
 .debug_info    0x0000000000003b2f      0x1e2 obj_cooja/mtype85.a(cooja_mt.o)
 .debug_info    0x0000000000003d11      0x2e7 obj_cooja/mtype85.a(cooja_mtarch.o)
 .debug_info    0x0000000000003ff8      0x16b obj_cooja/mtype85.a(rtimer-arch.o)
 .debug_info    0x0000000000004163      0x1f3 obj_cooja/mtype85.a(beep.o)
 .debug_info    0x0000000000004356      0x257 obj_cooja/mtype85.a(button-sensor.o)
 .debug_info    0x00000000000045ad      0x132 obj_cooja/mtype85.a(leds-arch.o)
 .debug_info    0x00000000000046df      0x10a obj_cooja/mtype85.a(moteid.o)
 .debug_info    0x00000000000047e9      0x216 obj_cooja/mtype85.a(pir-sensor.o)
 .debug_info    0x00000000000049ff      0x21e obj_cooja/mtype85.a(rs232.o)
 .debug_info    0x0000000000004c1d      0x216 obj_cooja/mtype85.a(vib-sensor.o)
 .debug_info    0x0000000000004e33      0x152 obj_cooja/mtype85.a(clock.o)
 .debug_info    0x0000000000004f85      0x2bb obj_cooja/mtype85.a(log.o)
 .debug_info    0x0000000000005240      0x3cf obj_cooja/mtype85.a(cfs-cooja.o)
 .debug_info    0x000000000000560f      0xcc9 obj_cooja/mtype85.a(cooja-radio.o)
 .debug_info    0x00000000000062d8      0x1d5 obj_cooja/mtype85.a(eeprom.o)
 .debug_info    0x00000000000064ad       0xb3 obj_cooja/mtype85.a(random.o)
 .debug_info    0x0000000000006560      0x36d obj_cooja/mtype85.a(sensors.o)
 .debug_info    0x00000000000068cd      0xa9b obj_cooja/mtype85.a(dual_conf.o)
 .debug_info    0x0000000000007368      0x1a5 obj_cooja/mtype85.a(autostart.o)
 .debug_info    0x000000000000750d      0x46c obj_cooja/mtype85.a(ctimer.o)
 .debug_info    0x0000000000007979      0x49c obj_cooja/mtype85.a(etimer.o)
 .debug_info    0x0000000000007e15      0x2dc obj_cooja/mtype85.a(log_message.o)
 .debug_info    0x00000000000080f1      0x4ba obj_cooja/mtype85.a(process.o)
 .debug_info    0x00000000000085ab      0x1ab obj_cooja/mtype85.a(rtimer.o)
 .debug_info    0x0000000000008756      0x16c obj_cooja/mtype85.a(timer.o)
 .debug_info    0x00000000000088c2      0x2de obj_cooja/mtype85.a(serial-line.o)
 .debug_info    0x0000000000008ba0      0x2ed obj_cooja/mtype85.a(list.o)
 .debug_info    0x0000000000008e8d      0x1aa obj_cooja/mtype85.a(ringbuf.o)
 .debug_info    0x0000000000009037     0x105e obj_cooja/mtype85.a(sicslowpan.o)
 .debug_info    0x000000000000a095      0x8c9 obj_cooja/mtype85.a(uip-ds6-nbr.o)
 .debug_info    0x000000000000a95e      0xc2a obj_cooja/mtype85.a(uip-ds6.o)
 .debug_info    0x000000000000b588      0xeb1 obj_cooja/mtype85.a(uip6.o)
 .debug_info    0x000000000000c439     0x150e obj_cooja/mtype85.a(tcpip.o)
 .debug_info    0x000000000000d947      0x470 obj_cooja/mtype85.a(uip-packetqueue)
 .debug_info    0x000000000000ddb7     0x1bd7 obj_cooja/mtype85.a(rpl-dag.o)
 .debug_info    0x000000000000f98e      0xe85 obj_cooja/mtype85.a(rpl-ext-header.)
 .debug_info    0x0000000000010813     0x1a35 obj_cooja/mtype85.a(rpl-icmp6.o)
 .debug_info    0x0000000000012248      0xb60 obj_cooja/mtype85.a(rpl-ltmax-of.o)
 .debug_info    0x0000000000012da8      0xd31 obj_cooja/mtype85.a(rpl-timers.o)
 .debug_info    0x0000000000013ad9      0xd38 obj_cooja/mtype85.a(rpl.o)
 .debug_info    0x0000000000014811      0x5ed obj_cooja/mtype85.a(framer-802154.o)
 .debug_info    0x0000000000014dfe      0x3d5 obj_cooja/mtype85.a(nullmac.o)
 .debug_info    0x00000000000151d3      0xc7e obj_cooja/mtype85.a(nullrdc.o)
 .debug_info    0x0000000000015e51      0x198 obj_cooja/mtype85.a(linkaddr.o)
 .debug_info    0x0000000000015fe9      0x9d8 obj_cooja/mtype85.a(nbr-table.o)
 .debug_info    0x00000000000169c1      0x4ba obj_cooja/mtype85.a(netstack.o)
 .debug_info    0x0000000000016e7b      0x478 obj_cooja/mtype85.a(packetbuf.o)
 .debug_info    0x00000000000172f3      0x57d obj_cooja/mtype85.a(queuebuf.o)
 .debug_info    0x0000000000017870      0x3aa obj_cooja/mtype85.a(nullsec.o)
 .debug_info    0x0000000000017c1a       0x7b obj_cooja/mtype85.a(watchdog.o)
 .debug_info    0x0000000000017c95      0x119 obj_cooja/mtype85.a(rimestats.o)