Archive member included to satisfy reference by file (symbol)

obj_cooja/mtype327.a(simEnvChange.o)
                              obj_cooja/mtype327.o (simDontFallAsleep)
obj_cooja/mtype327.a(cooja_mt.o)
                              obj_cooja/mtype327.o (cooja_mt_start)
obj_cooja/mtype327.a(cooja_mtarch.o)
                              obj_cooja/mtype327.a(cooja_mt.o) (cooja_mtarch_init)
obj_cooja/mtype327.a(rtimer-arch.o)
                              obj_cooja/mtype327.o (rtimer_arch_next)
obj_cooja/mtype327.a(beep.o)  obj_cooja/mtype327.o (beep_interface)
obj_cooja/mtype327.a(button-sensor.o)
                              obj_cooja/mtype327.o (button_interface)
obj_cooja/mtype327.a(leds-arch.o)
                              obj_cooja/mtype327.o (leds_interface)
obj_cooja/mtype327.a(moteid.o)
                              obj_cooja/mtype327.o (moteid_interface)
obj_cooja/mtype327.a(pir-sensor.o)
                              obj_cooja/mtype327.o (pir_interface)
obj_cooja/mtype327.a(rs232.o)
                              obj_cooja/mtype327.o (rs232_interface)
obj_cooja/mtype327.a(vib-sensor.o)
                              obj_cooja/mtype327.o (vib_interface)
obj_cooja/mtype327.a(clock.o)
                              obj_cooja/mtype327.o (clock_interface)
obj_cooja/mtype327.a(log.o)   obj_cooja/mtype327.o (simlog_interface)
obj_cooja/mtype327.a(cfs-cooja.o)
                              obj_cooja/mtype327.o (cfs_interface)
obj_cooja/mtype327.a(cooja-radio.o)
                              obj_cooja/mtype327.o (radio_interface)
obj_cooja/mtype327.a(eeprom.o)
                              obj_cooja/mtype327.o (eeprom_interface)
obj_cooja/mtype327.a(random.o)
                              obj_cooja/mtype327.a(moteid.o) (random_init)
obj_cooja/mtype327.a(sensors.o)
                              obj_cooja/mtype327.o (sensors_process)
obj_cooja/mtype327.a(dual_conf.o)
                              obj_cooja/mtype327.a(cooja-radio.o) (long_range_radio)
obj_cooja/mtype327.a(autostart.o)
                              obj_cooja/mtype327.o (autostart_start)
obj_cooja/mtype327.a(ctimer.o)
                              obj_cooja/mtype327.o (ctimer_init)
obj_cooja/mtype327.a(etimer.o)
                              obj_cooja/mtype327.o (etimer_process)
obj_cooja/mtype327.a(log_message.o)
                              log_test.co (log_fp)
obj_cooja/mtype327.a(process.o)
                              obj_cooja/mtype327.a(ctimer.o) (process_current)
obj_cooja/mtype327.a(rtimer.o)
                              obj_cooja/mtype327.a(rtimer-arch.o) (rtimer_run_next)
obj_cooja/mtype327.a(timer.o)
                              obj_cooja/mtype327.a(button-sensor.o) (timer_set)
obj_cooja/mtype327.a(serial-line.o)
                              obj_cooja/mtype327.a(rs232.o) (serial_line_input_byte)
obj_cooja/mtype327.a(list.o)  obj_cooja/mtype327.a(ctimer.o) (list_init)
obj_cooja/mtype327.a(ringbuf.o)
                              obj_cooja/mtype327.a(serial-line.o) (ringbuf_init)
obj_cooja/mtype327.a(sicslowpan.o)
                              obj_cooja/mtype327.o (sicslowpan_driver)
obj_cooja/mtype327.a(uip-ds6-nbr.o)
                              obj_cooja/mtype327.a(sicslowpan.o) (uip_ds6_link_neighbor_callback)
obj_cooja/mtype327.a(uip-ds6.o)
                              obj_cooja/mtype327.o (uip_ds6_set_addr_iid)
obj_cooja/mtype327.a(uip6.o)  obj_cooja/mtype327.o (uip_lladdr)
obj_cooja/mtype327.a(tcpip.o)
                              obj_cooja/mtype327.a(sicslowpan.o) (tcpip_set_outputfunc)
obj_cooja/mtype327.a(uip-packetqueue)
                              obj_cooja/mtype327.a(uip-ds6-nbr.o) (uip_packetqueue_new)
obj_cooja/mtype327.a(rpl-dag.o)
                              obj_cooja/mtype327.a(tcpip.o) (rpl_repair_root)
obj_cooja/mtype327.a(rpl-ext-header.)
                              obj_cooja/mtype327.a(uip6.o) (rpl_verify_header)
obj_cooja/mtype327.a(rpl-icmp6.o)
                              obj_cooja/mtype327.a(rpl-dag.o) (rpl_icmp6_update_nbr_table)
obj_cooja/mtype327.a(rpl-ltmax-of.o)
                              obj_cooja/mtype327.a(rpl-dag.o) (rpl_ltmax_of)
obj_cooja/mtype327.a(rpl-timers.o)
                              obj_cooja/mtype327.a(rpl-dag.o) (rpl_reset_dio_timer)
obj_cooja/mtype327.a(rpl.o)   obj_cooja/mtype327.a(rpl-icmp6.o) (rpl_get_mode)
obj_cooja/mtype327.a(framer-802154.o)
                              obj_cooja/mtype327.a(sicslowpan.o) (framer_802154)
obj_cooja/mtype327.a(nullmac.o)
                              obj_cooja/mtype327.o (nullmac_driver)
obj_cooja/mtype327.a(nullrdc.o)
                              obj_cooja/mtype327.o (nullrdc_driver)
obj_cooja/mtype327.a(linkaddr.o)
                              obj_cooja/mtype327.o (linkaddr_node_addr)
obj_cooja/mtype327.a(nbr-table.o)
                              obj_cooja/mtype327.a(uip-ds6-nbr.o) (lladdr_map_add_lr)
obj_cooja/mtype327.a(netstack.o)
                              obj_cooja/mtype327.o (netstack_init)
[...]
Memory Configuration

Name             Origin             Length             Attributes
*default*        0x0000000000000000 0xffffffffffffffff

Linker script and memory map

LOAD /usr/lib/gcc/i686-linux-gnu/4.8/../../../i386-linux-gnu/crti.o
LOAD /usr/lib/gcc/i686-linux-gnu/4.8/crtbeginS.o
LOAD log_test.co
LOAD obj_cooja/mtype327.o
LOAD obj_cooja/mtype327.a
LOAD /usr/lib/gcc/i686-linux-gnu/4.8/libgcc.a
LOAD /usr/lib/gcc/i686-linux-gnu/4.8/libgcc_s.so
LOAD /usr/lib/gcc/i686-linux-gnu/4.8/../../../i386-linux-gnu/libc.so
START GROUP
LOAD /lib/i386-linux-gnu/libc.so.6
LOAD /usr/lib/i386-linux-gnu/libc_nonshared.a
LOAD /lib/i386-linux-gnu/ld-linux.so.2
END GROUP
LOAD /usr/lib/gcc/i686-linux-gnu/4.8/libgcc.a
LOAD /usr/lib/gcc/i686-linux-gnu/4.8/libgcc_s.so
LOAD /usr/lib/gcc/i686-linux-gnu/4.8/crtendS.o
LOAD /usr/lib/gcc/i686-linux-gnu/4.8/../../../i386-linux-gnu/crtn.o
                0x0000000000000114                . = (0x0 + SIZEOF_HEADERS)

.note.gnu.build-id
                0x0000000000000114       0x24
 *(.note.gnu.build-id)
 .note.gnu.build-id
                0x0000000000000114       0x24 /usr/lib/gcc/i686-linux-gnu/4.8/../../../i386-linux-gnu/crti.o

.hash
 *(.hash)

.gnu.hash       0x0000000000000138     0x130c
 *(.gnu.hash)
 .gnu.hash      0x0000000000000138     0x130c /usr/lib/gcc/i686-linux-gnu/4.8/../../../i386-linux-gnu/crti.o

.dynsym         0x0000000000001444     0x2490
 *(.dynsym)
 .dynsym        0x0000000000001444     0x2490 /usr/lib/gcc/i686-linux-gnu/4.8/../../../i386-linux-gnu/crti.o

.dynstr         0x00000000000038d4     0x25cd
 *(.dynstr)
 .dynstr        0x00000000000038d4     0x25cd /usr/lib/gcc/i686-linux-gnu/4.8/../../../i386-linux-gnu/crti.o

.gnu.version    0x0000000000005ea2      0x492
 *(.gnu.version)
 .gnu.version   0x0000000000005ea2      0x492 /usr/lib/gcc/i686-linux-gnu/4.8/../../../i386-linux-gnu/crti.o

.gnu.version_d  0x0000000000006334        0x0
 *(.gnu.version_d)
 .gnu.version_d
                0x0000000000000000        0x0 /usr/lib/gcc/i686-linux-gnu/4.8/../../../i386-linux-gnu/crti.o

.gnu.version_r  0x0000000000006334       0x50
 *(.gnu.version_r)
 .gnu.version_r
                0x0000000000006334       0x50 /usr/lib/gcc/i686-linux-gnu/4.8/../../../i386-linux-gnu/crti.o

.rel.dyn        0x0000000000006384     0x8a80
 *(.rel.init)
 .rel.init      0x0000000000000000        0x0 /usr/lib/gcc/i686-linux-gnu/4.8/../../../i386-linux-gnu/crti.o
 *(.rel.text .rel.text.* .rel.gnu.linkonce.t.*)
 .rel.text      0x0000000000006384     0x82f0 /usr/lib/gcc/i686-linux-gnu/4.8/../../../i386-linux-gnu/crti.o
 *(.rel.fini)
 .rel.fini      0x0000000000000000        0x0 /usr/lib/gcc/i686-linux-gnu/4.8/../../../i386-linux-gnu/crti.o
 *(.rel.rodata .rel.rodata.* .rel.gnu.linkonce.r.*)
 .rel.rodata    0x000000000000e674      0x4e0 /usr/lib/gcc/i686-linux-gnu/4.8/../../../i386-linux-gnu/crti.o
 *(.rel.data.rel.ro .rel.data.rel.ro.* .rel.gnu.linkonce.d.rel.ro.*)
 *(.rel.data .rel.data.* .rel.gnu.linkonce.d.*)
 .rel.data.rel  0x000000000000eb54        0x8 /usr/lib/gcc/i686-linux-gnu/4.8/../../../i386-linux-gnu/crti.o
 .rel.data      0x000000000000eb5c      0x270 /usr/lib/gcc/i686-linux-gnu/4.8/../../../i386-linux-gnu/crti.o
 *(.rel.tdata .rel.tdata.* .rel.gnu.linkonce.td.*)
 *(.rel.tbss .rel.tbss.* .rel.gnu.linkonce.tb.*)
 *(.rel.ctors)
 *(.rel.dtors)
 *(.rel.got)
 .rel.got       0x000000000000edcc       0x28 /usr/lib/gcc/i686-linux-gnu/4.8/../../../i386-linux-gnu/crti.o
 *(.rel.bss .rel.bss.* .rel.gnu.linkonce.b.*)
 *(.rel.ifunc)
 .rel.ifunc     0x0000000000000000        0x0 /usr/lib/gcc/i686-linux-gnu/4.8/../../../i386-linux-gnu/crti.o
 .rel.fini_array
                0x000000000000edf4        0x8 /usr/lib/gcc/i686-linux-gnu/4.8/../../../i386-linux-gnu/crti.o
 .rel.init_array
                0x000000000000edfc        0x8 /usr/lib/gcc/i686-linux-gnu/4.8/../../../i386-linux-gnu/crti.o

.rel.plt        0x000000000000ee04       0x10
 *(.rel.plt)
 .rel.plt       0x000000000000ee04       0x10 /usr/lib/gcc/i686-linux-gnu/4.8/../../../i386-linux-gnu/crti.o
 *(.rel.iplt)

.init           0x000000000000ee14       0x23
 *(SORT(.init))
 .init          0x000000000000ee14       0x1e /usr/lib/gcc/i686-linux-gnu/4.8/../../../i386-linux-gnu/crti.o
                0x000000000000ee14                _init
 .init          0x000000000000ee32        0x5 /usr/lib/gcc/i686-linux-gnu/4.8/../../../i386-linux-gnu/crtn.o

.plt            0x000000000000ee40       0x30
 *(.plt)
 .plt           0x000000000000ee40       0x30 /usr/lib/gcc/i686-linux-gnu/4.8/../../../i386-linux-gnu/crti.o
 *(.iplt)

.text           0x000000000000ee70    0x1598c
 *(.text.unlikely .text.*_unlikely .text.unlikely.*)
 *(.text.exit .text.exit.*)
 *(.text.startup .text.startup.*)
 *(.text.hot .text.hot.*)
 *(.text .stub .text.* .gnu.linkonce.t.*)
 .text          0x000000000000ee70        0x0 /usr/lib/gcc/i686-linux-gnu/4.8/../../../i386-linux-gnu/crti.o
 .gnu.linkonce.t.__x86.get_pc_thunk.bx
                0x000000000000ee70        0x4 /usr/lib/gcc/i686-linux-gnu/4.8/../../../i386-linux-gnu/crti.o
                0x000000000000ee70                __x86.get_pc_thunk.bx
 *fill*         0x000000000000ee74        0xc 
 .text          0x000000000000ee80      0x11b /usr/lib/gcc/i686-linux-gnu/4.8/crtbeginS.o
 .text          0x000000000000ef9b       0x4a log_test.co
 .text          0x000000000000efe5      0x944 obj_cooja/mtype327.o
                0x000000000000f193                contiki_init
                0x000000000000f740                Java_org_contikios_cooja_corecomm_Lib3_init
                0x000000000000f780                Java_org_contikios_cooja_corecomm_Lib3_getMemory
                0x000000000000f7c0                Java_org_contikios_cooja_corecomm_Lib3_setMemory
                0x000000000000f837                Java_org_contikios_cooja_corecomm_Lib3_tick
                0x000000000000f917                Java_org_contikios_cooja_corecomm_Lib3_setReferenceAddress
 .text          0x000000000000f929       0x63 obj_cooja/mtype327.a(simEnvChange.o)
                0x000000000000f929                doActionsBeforeTick
                0x000000000000f95a                doActionsAfterTick
 .text          0x000000000000f98c       0xbc obj_cooja/mtype327.a(cooja_mt.o)
                0x000000000000f98c                cooja_mt_init
                0x000000000000f999                cooja_mt_remove
                0x000000000000f9a6                cooja_mt_start
                0x000000000000f9d3                cooja_mt_exec
                0x000000000000fa04                cooja_mt_exit
                0x000000000000fa26                cooja_mt_yield
 .text          0x000000000000fa48      0x115 obj_cooja/mtype327.a(cooja_mtarch.o)
                0x000000000000fa48                cooja_mtarch_init
                0x000000000000fa4d                cooja_mtarch_start
                0x000000000000fac8                cooja_sw
                0x000000000000faea                cooja_mtarch_exec
                0x000000000000fb06                cooja_mtarch_remove
                0x000000000000fb0b                cooja_mtarch_yield
                0x000000000000fb15                cooja_mtarch_pstop
                0x000000000000fb1a                cooja_mtarch_pstart
                0x000000000000fb1f                cooja_mtarch_stack_usage
 .text          0x000000000000fb5d       0xc2 obj_cooja/mtype327.a(rtimer-arch.o)
                0x000000000000fb5d                rtimer_arch_init
                0x000000000000fb80                rtimer_arch_schedule
                0x000000000000fb97                rtimer_arch_next
                0x000000000000fba1                rtimer_arch_pending
                0x000000000000fbab                rtimer_arch_check
                0x000000000000fbdd                rtimer_arch_now
 .text          0x000000000000fc1f       0x76 obj_cooja/mtype327.a(beep.o)
                0x000000000000fc1f                beep_alarm
                0x000000000000fc2b                beep_beep
                0x000000000000fc37                beep
                0x000000000000fc43                beep_down
                0x000000000000fc4f                beep_on
                0x000000000000fc5b                beep_off
                0x000000000000fc67                beep_spinup
                0x000000000000fc73                beep_quick
                0x000000000000fc7f                beep_long
 .text          0x000000000000fc95      0x103 obj_cooja/mtype327.a(button-sensor.o)
 .text          0x000000000000fd98       0x45 obj_cooja/mtype327.a(leds-arch.o)
                0x000000000000fd98                leds_arch_init
                0x000000000000fda4                leds_arch_get
                0x000000000000fdb0                leds_arch_set
 .text          0x000000000000fddd       0x2f obj_cooja/mtype327.a(moteid.o)
 .text          0x000000000000fe0c       0xb1 obj_cooja/mtype327.a(pir-sensor.o)
 .text          0x000000000000febd      0x131 obj_cooja/mtype327.a(rs232.o)
                0x000000000000febd                rs232_init
                0x000000000000fec2                rs232_set_speed
                0x000000000000fed0                rs232_set_input
                0x000000000000fedd                rs232_send
                0x000000000000feff                rs232_print
                0x000000000000ff1a                slip_arch_writeb
 .text          0x000000000000ffee       0xb1 obj_cooja/mtype327.a(vib-sensor.o)
 .text          0x000000000001009f       0x34 obj_cooja/mtype327.a(clock.o)
                0x000000000001009f                clock_init
                0x00000000000100a4                clock_time
                0x00000000000100ae                clock_seconds
                0x00000000000100c4                clock_delay
 .text          0x00000000000100d3      0x1ed obj_cooja/mtype327.a(log.o)
                0x00000000000100d3                simlog_char
                0x0000000000010115                simlog
                0x0000000000010182                log_message
                0x00000000000101aa                log_set_putchar_with_slip
                0x00000000000101b7                log_putchar
                0x000000000001023b                log_puts
                0x000000000001025f                log_printf
 .text          0x00000000000102c0      0x2c4 obj_cooja/mtype327.a(cfs-cooja.o)
                0x00000000000102c0                cfs_open
                0x0000000000010329                cfs_close
                0x0000000000010335                cfs_read
                0x00000000000103d3                cfs_write
                0x00000000000104b0                cfs_seek
                0x0000000000010538                cfs_remove
                0x0000000000010561                cfs_opendir
                0x000000000001056b                cfs_readdir
                0x0000000000010575                cfs_closedir
 .text          0x0000000000010584      0x5b3 obj_cooja/mtype327.a(cooja-radio.o)
                0x00000000000105ae                radio_set_channel
                0x00000000000105c3                radio_set_txpower
                0x00000000000105e3                radio_signal_strength_last
                0x00000000000105ed                radio_signal_strength_current
                0x00000000000105f7                radio_LQI
 .text          0x0000000000010b37       0xef obj_cooja/mtype327.a(eeprom.o)
                0x0000000000010b37                eeprom_init
                0x0000000000010b3c                eeprom_read
                0x0000000000010bac                eeprom_write
 .text          0x0000000000010c26       0x28 obj_cooja/mtype327.a(random.o)
                0x0000000000010c26                random_init
                0x0000000000010c41                random_rand
 .text          0x0000000000010c4e      0x2a1 obj_cooja/mtype327.a(sensors.o)
                0x0000000000010c89                sensors_first
                0x0000000000010c93                sensors_next
                0x0000000000010cb0                sensors_changed
                0x0000000000010cdf                sensors_find
 .text          0x0000000000010eef      0x3c2 obj_cooja/mtype327.a(dual_conf.o)
                0x0000000000010eef                dual_radio_switch
                0x0000000000010f2f                dual_radio_change
                0x0000000000010f69                sending_in_LR
                0x0000000000010f94                dual_radio_received
                0x0000000000010fe7                radio_received_is_longrange
                0x000000000001123e                dio_broadcast
                0x0000000000011267                dis_broadcast
                0x0000000000011288                dio_ack_broadcast
 .text          0x00000000000112b1       0x8e obj_cooja/mtype327.a(autostart.o)
                0x00000000000112b1                autostart_start
                0x00000000000112fc                autostart_exit
 .text          0x000000000001133f      0x334 obj_cooja/mtype327.a(ctimer.o)
                0x0000000000011456                ctimer_init
                0x0000000000011486                ctimer_set
                0x00000000000114b7                ctimer_set_with_process
                0x0000000000011533                ctimer_reset
                0x0000000000011582                ctimer_restart
                0x00000000000115d1                ctimer_stop
                0x000000000001161c                ctimer_expired
 .text          0x0000000000011673      0x40b obj_cooja/mtype327.a(etimer.o)
                0x0000000000011886                etimer_request_poll
                0x000000000001190a                etimer_set
                0x000000000001192f                etimer_reset_with_new_interval
                0x0000000000011956                etimer_reset
                0x0000000000011974                etimer_restart
                0x0000000000011992                etimer_adjust
                0x00000000000119ae                etimer_expired
                0x00000000000119c1                etimer_expiration_time
                0x00000000000119d3                etimer_start_time
                0x00000000000119dd                etimer_pending
                0x00000000000119ef                etimer_next_expiration_time
                0x0000000000011a09                etimer_stop
 .text          0x0000000000011a7e       0x36 obj_cooja/mtype327.a(log_message.o)
                0x0000000000011a7e                log_initialization
                0x0000000000011a9f                log_finisher
 .text          0x0000000000011ab4      0x560 obj_cooja/mtype327.a(process.o)
                0x0000000000011ab4                process_alloc_event
                0x0000000000011ac9                process_start
                0x0000000000011cb2                process_exit
                0x0000000000011cce                process_init
                0x0000000000011e9f                process_run
                0x0000000000011ed2                process_nevents
                0x0000000000011eed                process_post
                0x0000000000011f99                process_post_synch
                0x0000000000011fd1                process_poll
                0x0000000000012000                process_is_running
 .text          0x0000000000012014       0xba obj_cooja/mtype327.a(rtimer.o)
                0x0000000000012014                rtimer_init
                0x0000000000012021                rtimer_set
                0x0000000000012078                rtimer_run_next
 .text          0x00000000000120ce       0x91 obj_cooja/mtype327.a(timer.o)
                0x00000000000120ce                timer_set
                0x00000000000120e9                timer_reset
                0x0000000000012100                timer_restart
                0x0000000000012112                timer_expired
                0x000000000001213b                timer_remaining
 .text          0x000000000001215f      0x1fb obj_cooja/mtype327.a(serial-line.o)
                0x000000000001215f                serial_line_input_byte
                0x0000000000012322                serial_line_init
 .text          0x000000000001235a      0x244 obj_cooja/mtype327.a(list.o)
                0x000000000001235a                list_init
                0x0000000000012368                list_head
                0x0000000000012372                list_copy
                0x0000000000012381                list_tail
                0x00000000000123b7                list_add
                0x0000000000012400                list_push
                0x000000000001242c                list_chop
                0x0000000000012496                list_pop
                0x00000000000124be                list_remove
                0x0000000000012525                list_length
                0x0000000000012553                list_insert
                0x0000000000012587                list_item_next
 .text          0x000000000001259e      0x155 obj_cooja/mtype327.a(ringbuf.o)
                0x000000000001259e                ringbuf_init
                0x00000000000125cf                ringbuf_put
                0x000000000001264d                ringbuf_get
                0x00000000000126ba                ringbuf_size
                0x00000000000126cc                ringbuf_elements
 .text          0x00000000000126f3     0x258b obj_cooja/mtype327.a(sicslowpan.o)
                0x0000000000012c7d                rime_sniffer_add
                0x0000000000012c8a                rime_sniffer_remove
                0x0000000000014c1d                sicslowpan_init
                0x0000000000014c74                sicslowpan_get_last_rssi
 .text          0x0000000000014c7e      0x2dc obj_cooja/mtype327.a(uip-ds6-nbr.o)
                0x0000000000014c9b                uip_ds6_neighbors_init
                0x0000000000014cb8                uip_ds6_nbr_add
                0x0000000000014d69                uip_ds6_nbr_rm
                0x0000000000014dc6                uip_ds6_nbr_get_ipaddr
                0x0000000000014ddb                uip_ds6_nbr_get_ll
                0x0000000000014df7                uip_ds6_nbr_num
                0x0000000000014e3c                uip_ds6_nbr_lookup
                0x0000000000014ea1                uip_ds6_nbr_ll_lookup
                0x0000000000014ebd                uip_ds6_nbr_ipaddr_from_lladdr
                0x0000000000014ee3                uip_ds6_nbr_lladdr_from_ipaddr
                0x0000000000014f11                uip_ds6_link_neighbor_callback
 .text          0x0000000000014f5a     0x12ad obj_cooja/mtype327.a(uip-ds6.o)
                0x0000000000014f5a                uip_ds6_init
                0x00000000000152af                uip_ds6_periodic
                0x0000000000015387                uip_ds6_list_loop
                0x000000000001542e                uip_ds6_prefix_add
                0x00000000000154ec                uip_ds6_prefix_rm
                0x00000000000154fe                uip_ds6_prefix_lookup
                0x000000000001554f                uip_ds6_is_addr_onlink
                0x00000000000155c3                uip_ds6_addr_add
                0x00000000000156f1                uip_ds6_long_addr_add
                0x000000000001581f                uip_ds6_addr_rm
                0x00000000000158bf                uip_ds6_addr_lookup
                0x000000000001590a                uip_ds6_long_addr_lookup
                0x0000000000015955                uip_ds6_get_link_local
                0x00000000000159d4                uip_ds6_long_get_link_local
                0x0000000000015a53                uip_ds6_get_global
                0x0000000000015ad2                uip_ds6_long_get_global
                0x0000000000015b51                uip_ds6_maddr_add
                0x0000000000015bc3                uip_ds6_long_maddr_add
                0x0000000000015c35                uip_ds6_maddr_rm
                0x0000000000015c47                uip_ds6_maddr_lookup
                0x0000000000015c92                uip_ds6_long_maddr_lookup
                0x0000000000015cdd                uip_ds6_aaddr_add
                0x0000000000015d4f                uip_ds6_long_aaddr_add
                0x0000000000015dc1                uip_ds6_aaddr_rm
                0x0000000000015dd3                uip_ds6_aaddr_lookup
                0x0000000000015e1e                uip_ds6_long_aaddr_lookup
                0x0000000000015e69                uip_ds6_select_src
                0x00000000000160f2                uip_ds6_set_addr_iid
                0x0000000000016129                get_match_length
                0x00000000000161bb                uip_ds6_compute_reachable_time
 .text          0x0000000000016207     0x29f3 obj_cooja/mtype327.a(uip6.o)
                0x0000000000016207                uip_add32
                0x00000000000163a0                uip_chksum
                0x000000000001648e                uip_icmp6chksum
                0x00000000000164a2                uip_tcpchksum
                0x00000000000164b6                uip_udpchksum
                0x00000000000164ca                uip_init
                0x000000000001659a                uip_connect
                0x0000000000016749                remove_ext_hdr
                0x000000000001681e                uip_udp_new
                0x000000000001697a                uip_unlisten
                0x00000000000169da                uip_listen
                0x0000000000016c9c                uip_process
                0x0000000000018aee                uip_htons
                0x0000000000018b10                uip_htonl
                0x0000000000018b50                uip_send
 .text          0x0000000000018bfa      0xa69 obj_cooja/mtype327.a(tcpip.o)
                0x0000000000018bfa                tcpip_output
                0x0000000000018c28                tcpip_set_outputfunc
                0x0000000000018cbc                tcp_connect
                0x0000000000018d11                tcp_unlisten
                0x0000000000018d6c                tcp_listen
                0x0000000000018dc5                tcp_attach
                0x0000000000018dea                udp_attach
                0x0000000000018e0f                udp_new
                0x0000000000018e61                udp_broadcast_new
                0x00000000000190d5                tcpip_input
                0x0000000000019109                tcpip_ipv6_output
                0x00000000000194a9                tcpip_poll_udp
                0x00000000000194cc                tcpip_poll_tcp
                0x00000000000194ef                tcpip_uipcall
 .text          0x0000000000019663      0x141 obj_cooja/mtype327.a(uip-packetqueue)
                0x000000000001968f                uip_packetqueue_new
                0x000000000001969d                uip_packetqueue_alloc
                0x00000000000196fd                uip_packetqueue_free
                0x000000000001973e                uip_packetqueue_buf
                0x000000000001975b                uip_packetqueue_buflen
                0x000000000001977c                uip_packetqueue_set_buflen
 .text          0x00000000000197a4     0x266a obj_cooja/mtype327.a(rpl-dag.o)
                0x00000000000197a4                rpl_print_neighbor_list
                0x0000000000019979                rpl_print_child_neighbor_list
                0x0000000000019a31                rpl_get_nbr
                0x0000000000019a8b                rpl_get_nbr_child
                0x0000000000019ae5                rpl_dag_init
                0x0000000000019b17                rpl_get_parent
                0x0000000000019b39                rpl_get_parent_rank
                0x0000000000019b6c                rpl_get_parent_link_metric
                0x0000000000019b9f                rpl_get_parent_ipaddr
                0x0000000000019bc9                rpl_get_child_ipaddr
                0x0000000000019edd                rpl_set_root
                0x000000000001a104                rpl_repair_root
                0x000000000001a340                rpl_set_prefix
                0x000000000001a43f                rpl_set_default_route
                0x000000000001a4cb                rpl_alloc_instance
                0x000000000001a55e                rpl_alloc_dag
                0x000000000001a60f                rpl_set_default_instance
                0x000000000001a61c                rpl_get_default_instance
                0x000000000001a626                rpl_free_instance
                0x000000000001a6d5                rpl_free_dag
                0x000000000001a73b                rpl_add_parent
                0x000000000001a822                rpl_find_parent
                0x000000000001a852                rpl_add_child
                0x000000000001a8f6                rpl_find_child
                0x000000000001a944                rpl_find_parent_any_dag
                0x000000000001a980                rpl_select_dag
                0x000000000001ad70                rpl_select_parent
                0x000000000001add2                rpl_remove_parent
                0x000000000001adf9                rpl_remove_child
                0x000000000001ae15                rpl_nullify_parent
                0x000000000001aeb3                rpl_move_parent
                0x000000000001af50                rpl_has_downward_route
                0x000000000001afa3                rpl_get_any_dag
                0x000000000001b005                rpl_get_instance
                0x000000000001b068                rpl_find_of
                0x000000000001b0a5                rpl_join_instance
                0x000000000001b320                rpl_add_dag
                0x000000000001b70f                rpl_local_repair
                0x000000000001b7d3                rpl_recalculate_ranks
                0x000000000001b859                rpl_process_parent_event
                0x000000000001b90b                rpl_process_dio
 .text          0x000000000001be0e      0xbf3 obj_cooja/mtype327.a(rpl-ext-header.)
                0x000000000001be2b                rpl_verify_header
                0x000000000001c2a5                rpl_update_header_empty
                0x000000000001c5bc                rpl_update_header_final
                0x000000000001c74b                rpl_remove_header
                0x000000000001c855                rpl_invert_header
                0x000000000001c9df                rpl_insert_header
 .text          0x000000000001ca01     0x2763 obj_cooja/mtype327.a(rpl-icmp6.o)
                0x000000000001ccca                rpl_icmp6_update_nbr_table
                0x000000000001cdba                dis_output
                0x000000000001d6d9                dio_output
                0x000000000001e18d                dio_ack_output
                0x000000000001eccd                dao_output
                0x000000000001ed88                dao_output_target
                0x000000000001f10c                dao_ack_output
                0x000000000001f120                rpl_icmp6_register_handlers
 .text          0x000000000001f164      0x40e obj_cooja/mtype327.a(rpl-ltmax-of.o)
 .text          0x000000000001f572      0x904 obj_cooja/mtype327.a(rpl-timers.o)
                0x000000000001f7b8                rpl_reset_periodic_timer
                0x000000000001f80d                rpl_reset_dio_timer
                0x000000000001fa47                rpl_schedule_dao
                0x000000000001fa62                rpl_schedule_dao_immediately
                0x000000000001fa7d                rpl_cancel_dao
                0x000000000001fba8                rpl_schedule_dio_ack
                0x000000000001fbc3                rpl_schedule_dio_ack_immediately
                0x000000000001fbde                rpl_cancel_dio_ack
                0x000000000001fc30                rpl_schedule_unicast_dio_immediately
                0x000000000001fe1e                rpl_schedule_probing
 .text          0x000000000001fe76      0x59b obj_cooja/mtype327.a(rpl.o)
                0x000000000001fe76                rpl_get_mode
                0x000000000001fe80                rpl_set_mode
                0x000000000001ff0e                rpl_purge_routes
                0x0000000000020008                rpl_remove_routes
                0x000000000002004e                rpl_remove_routes_by_nexthop
                0x00000000000200ba                rpl_add_route
                0x0000000000020135                rpl_link_neighbor_callback
                0x000000000002023a                rpl_ipv6_neighbor_callback
                0x00000000000202a9                rpl_purge_dags
                0x000000000002038b                rpl_init
 .text          0x0000000000020411      0x3f5 obj_cooja/mtype327.a(framer-802154.o)
 .text          0x0000000000020806       0x5e obj_cooja/mtype327.a(nullmac.o)
 .text          0x0000000000020864      0x4b0 obj_cooja/mtype327.a(nullrdc.o)
 .text          0x0000000000020d14       0x82 obj_cooja/mtype327.a(linkaddr.o)
                0x0000000000020d14                linkaddr_copy
                0x0000000000020d36                linkaddr_cmp
                0x0000000000020d60                linkaddr_set_node_addr
                0x0000000000020d7b                linkaddr_set_node_long_addr
 .text          0x0000000000020d96      0x892 obj_cooja/mtype327.a(nbr-table.o)
                0x0000000000020d96                lladdr_map_add_lr
                0x0000000000020e56                lladdr_map_rm_lr
                0x000000000002131e                nbr_table_register
                0x0000000000021366                nbr_table_head
                0x00000000000213c2                nbr_table_next
                0x0000000000021429                nbr_table_add_lladdr
                0x0000000000021505                nbr_table_get_from_lladdr
                0x0000000000021552                nbr_table_remove
                0x00000000000215a4                nbr_table_lock
                0x00000000000215ce                nbr_table_unlock
                0x00000000000215f8                nbr_table_get_lladdr
 .text          0x0000000000021628       0x2b obj_cooja/mtype327.a(netstack.o)
                0x0000000000021628                netstack_init
 .text          0x0000000000021653      0x3cd obj_cooja/mtype327.a(packetbuf.o)
                0x0000000000021653                packetbuf_clear
                0x000000000002167d                packetbuf_copyfrom
                0x00000000000216cf                packetbuf_compact
                0x000000000002174c                packetbuf_copyto
                0x00000000000217e3                packetbuf_hdralloc
                0x0000000000021860                packetbuf_hdrreduce
                0x00000000000218a8                packetbuf_set_datalen
                0x00000000000218c1                packetbuf_dataptr
                0x00000000000218de                packetbuf_hdrptr
                0x00000000000218e8                packetbuf_datalen
                0x00000000000218f4                packetbuf_hdrlen
                0x000000000002190b                packetbuf_totlen
                0x0000000000021921                packetbuf_attr_clear
                0x0000000000021973                packetbuf_attr_copyto
                0x00000000000219bc                packetbuf_attr_copyfrom
                0x0000000000021a04                packetbuf_holds_broadcast
 .text          0x0000000000021a20      0x2b4 obj_cooja/mtype327.a(queuebuf.o)
                0x0000000000021a2a                queuebuf_init
                0x0000000000021a4a                queuebuf_numfree
                0x0000000000021a5e                queuebuf_new_from_packetbuf
                0x0000000000021aee                queuebuf_update_attr_from_packetbuf
                0x0000000000021b21                queuebuf_update_from_packetbuf
                0x0000000000021b6b                queuebuf_free
                0x0000000000021bb2                queuebuf_to_packetbuf
                0x0000000000021c18                queuebuf_dataptr
                0x0000000000021c4f                queuebuf_datalen
                0x0000000000021c72                queuebuf_addr
                0x0000000000021ca4                queuebuf_attr
                0x0000000000021ccf                queuebuf_debug_print
 .text          0x0000000000021cd4       0x6e obj_cooja/mtype327.a(nullsec.o)
 .text          0x0000000000021d42       0x19 obj_cooja/mtype327.a(watchdog.o)
                0x0000000000021d42                watchdog_init
                0x0000000000021d47                watchdog_start
                0x0000000000021d4c                watchdog_periodic
                0x0000000000021d51                watchdog_stop
                0x0000000000021d56                watchdog_reboot
 .text          0x0000000000021d5b        0x0 obj_cooja/mtype327.a(rimestats.o)
 .text          0x0000000000021d5b       0xa3 obj_cooja/mtype327.a(stimer.o)
                0x0000000000021d5b                stimer_set
                0x0000000000021d76                stimer_reset
                0x0000000000021d8d                stimer_restart
                0x0000000000021d9f                stimer_expired
                0x0000000000021dc6                stimer_remaining
                0x0000000000021dea                stimer_elapsed
 .text          0x0000000000021dfe      0x1c1 obj_cooja/mtype327.a(memb.o)
                0x0000000000021dfe                memb_init
                0x0000000000021e5c                memb_alloc
                0x0000000000021ec1                memb_free
                0x0000000000021f3c                memb_inmemb
                0x0000000000021f7b                memb_numfree
 .text          0x0000000000021fbf      0x918 obj_cooja/mtype327.a(uip-ds6-route.o)
                0x0000000000022036                uip_ds6_notification_add
                0x0000000000022067                uip_ds6_notification_rm
                0x0000000000022083                uip_ds6_route_init
                0x000000000002210b                uip_ds6_route_nexthop
                0x0000000000022133                uip_ds6_route_head
                0x0000000000022148                uip_ds6_route_next
                0x000000000002216e                uip_ds6_route_is_nexthop
                0x00000000000221ad                uip_ds6_route_num_routes
                0x00000000000221b7                uip_ds6_route_lookup
                0x0000000000022279                uip_ds6_route_add
                0x00000000000224af                uip_ds6_route_rm
                0x0000000000022643                uip_ds6_route_rm_by_nexthop
                0x000000000002267b                uip_ds6_defrt_add
                0x000000000002272c                uip_ds6_defrt_rm
                0x00000000000227ab                uip_ds6_defrt_lookup
                0x0000000000022804                uip_ds6_defrt_choose
                0x000000000002286f                uip_ds6_defrt_periodic
 .text          0x00000000000228d7      0xab2 obj_cooja/mtype327.a(uip-icmp6.o)
                0x0000000000022945                uip_icmp6_input
                0x000000000002299b                uip_icmp6_register_input_handler
                0x0000000000022c63                uip_icmp6_error_output
                0x0000000000022fa8                uip_icmp6_send
                0x000000000002331c                uip_icmp6_echo_reply_callback_add
                0x000000000002334d                uip_icmp6_echo_reply_callback_rm
                0x0000000000023369                uip_icmp6_init
 .text          0x0000000000023389      0x358 obj_cooja/mtype327.a(uip-nd6.o)
                0x00000000000233dd                uip_nd6_ns_output
                0x00000000000236dc                uip_nd6_init
 .text          0x00000000000236e1      0x1c1 obj_cooja/mtype327.a(uip-debug.o)
                0x00000000000236e1                uip_debug_ipaddr_print
                0x0000000000023843                uip_debug_lladdr_print
 .text          0x00000000000238a2      0x421 obj_cooja/mtype327.a(rpl-nbr-policy.)
                0x0000000000023add                find_removable_dis
                0x0000000000023b20                find_removable_dio
                0x0000000000023c10                find_removable_dao
                0x0000000000023c6c                rpl_nbr_policy_find_removable
 .text          0x0000000000023cc3      0x97c obj_cooja/mtype327.a(frame802154.o)
                0x0000000000023cf4                frame802154_get_pan_id
                0x0000000000023d00                frame802154_set_pan_id
                0x0000000000023d19                frame802154_has_panid
                0x0000000000023e05                frame802154_check_dest_panid
                0x0000000000023e6d                frame802154_is_broadcast_addr
                0x0000000000023eba                frame802154_extract_linkaddr
                0x00000000000240fa                frame802154_hdrlen
                0x000000000002414b                frame802154_create
                0x0000000000024336                frame802154_parse
 .text          0x000000000002463f      0x181 obj_cooja/mtype327.a(mac-sequence.o)
                0x0000000000024676                mac_sequence_is_duplicate
                0x00000000000246f9                mac_sequence_register_seqno
 .text          0x00000000000247c0       0x3c obj_cooja/mtype327.a(mac.o)
                0x00000000000247c0                mac_call_sent_callback
 .text          0x00000000000247fc        0x0 /usr/lib/gcc/i686-linux-gnu/4.8/crtendS.o
 .text          0x00000000000247fc        0x0 /usr/lib/gcc/i686-linux-gnu/4.8/../../../i386-linux-gnu/crtn.o
 *(.gnu.warning)

.fini           0x00000000000247fc       0x14
 *(SORT(.fini))
 .fini          0x00000000000247fc        0xf /usr/lib/gcc/i686-linux-gnu/4.8/../../../i386-linux-gnu/crti.o
                0x00000000000247fc                _fini
 .fini          0x000000000002480b        0x5 /usr/lib/gcc/i686-linux-gnu/4.8/../../../i386-linux-gnu/crtn.o
                0x0000000000024810                PROVIDE (__etext, .)
                0x0000000000024810                PROVIDE (_etext, .)
                0x0000000000024810                PROVIDE (etext, .)

.rodata         0x0000000000024820      0xac1
 *(.rodata .rodata.* .gnu.linkonce.r.*)
 .rodata        0x0000000000024820       0x2e log_test.co
                0x0000000000024834                autostart_processes
 *fill*         0x000000000002484e        0x2 
 .rodata        0x0000000000024850      0x1b6 obj_cooja/mtype327.o
 *fill*         0x0000000000024a06        0x2 
 .rodata        0x0000000000024a08        0x8 obj_cooja/mtype327.a(beep.o)
                0x0000000000024a08                beep_interface
 .rodata        0x0000000000024a10       0x20 obj_cooja/mtype327.a(button-sensor.o)
                0x0000000000024a10                button_interface
                0x0000000000024a20                button_sensor
 .rodata        0x0000000000024a30        0x8 obj_cooja/mtype327.a(leds-arch.o)
                0x0000000000024a30                leds_interface
 .rodata        0x0000000000024a38        0x8 obj_cooja/mtype327.a(moteid.o)
                0x0000000000024a38                moteid_interface
 .rodata        0x0000000000024a40       0x1c obj_cooja/mtype327.a(pir-sensor.o)
                0x0000000000024a40                pir_interface
                0x0000000000024a4c                pir_sensor
 .rodata        0x0000000000024a5c        0xe obj_cooja/mtype327.a(rs232.o)
                0x0000000000024a5c                rs232_interface
 *fill*         0x0000000000024a6a        0x2 
 .rodata        0x0000000000024a6c       0x24 obj_cooja/mtype327.a(vib-sensor.o)
                0x0000000000024a6c                vib_interface
                0x0000000000024a80                vib_sensor
 .rodata        0x0000000000024a90        0x8 obj_cooja/mtype327.a(clock.o)
                0x0000000000024a90                clock_interface
 .rodata        0x0000000000024a98        0x8 obj_cooja/mtype327.a(log.o)
                0x0000000000024a98                simlog_interface
 .rodata        0x0000000000024aa0       0x2f obj_cooja/mtype327.a(cfs-cooja.o)
                0x0000000000024aa0                cfs_interface
 *fill*         0x0000000000024acf       0x11 
 .rodata        0x0000000000024ae0      0x100 obj_cooja/mtype327.a(cooja-radio.o)
                0x0000000000024ba0                cooja_radio_driver
                0x0000000000024bd8                radio_interface
 .rodata        0x0000000000024be0        0x8 obj_cooja/mtype327.a(eeprom.o)
                0x0000000000024be0                eeprom_interface
 .rodata        0x0000000000024be8        0x8 obj_cooja/mtype327.a(sensors.o)
 .rodata        0x0000000000024bf0      0x1f5 obj_cooja/mtype327.a(dual_conf.o)
 .rodata        0x0000000000024de5        0xf obj_cooja/mtype327.a(ctimer.o)
 .rodata        0x0000000000024df4        0xc obj_cooja/mtype327.a(etimer.o)
 .rodata        0x0000000000024e00       0x1e obj_cooja/mtype327.a(log_message.o)
 .rodata        0x0000000000024e1e        0xe obj_cooja/mtype327.a(serial-line.o)
 .rodata        0x0000000000024e2c       0x2c obj_cooja/mtype327.a(sicslowpan.o)
                0x0000000000024e2c                unc_llconf
                0x0000000000024e30                unc_ctxconf
                0x0000000000024e34                unc_mxconf
                0x0000000000024e38                llprefix
                0x0000000000024e4c                sicslowpan_driver
 .rodata        0x0000000000024e58      0x13c obj_cooja/mtype327.a(uip6.o)
 .rodata        0x0000000000024f94       0x29 obj_cooja/mtype327.a(tcpip.o)
 *fill*         0x0000000000024fbd        0x3 
 .rodata        0x0000000000024fc0       0xc3 obj_cooja/mtype327.a(rpl-dag.o)
 *fill*         0x0000000000025083        0x1 
 .rodata        0x0000000000025084        0xc obj_cooja/mtype327.a(framer-802154.o)
                0x0000000000025084                framer_802154
 .rodata        0x0000000000025090       0x24 obj_cooja/mtype327.a(nullmac.o)
                0x0000000000025098                nullmac_driver
 *fill*         0x00000000000250b4        0xc 
 .rodata        0x00000000000250c0       0x40 obj_cooja/mtype327.a(nullrdc.o)
                0x00000000000250e0                nullrdc_driver
 .rodata        0x0000000000025100        0x8 obj_cooja/mtype327.a(linkaddr.o)
                0x0000000000025100                linkaddr_null
 .rodata        0x0000000000025108       0x18 obj_cooja/mtype327.a(nullsec.o)
                0x0000000000025110                nullsec_driver
 .rodata        0x0000000000025120       0x3e obj_cooja/mtype327.a(uip-debug.o)
 *fill*         0x000000000002515e        0x2 
 .rodata        0x0000000000025160      0x181 obj_cooja/mtype327.a(rpl-nbr-policy.)

.rodata1
 *(.rodata1)

.eh_frame_hdr   0x00000000000252e4     0x1344
 *(.eh_frame_hdr)
 .eh_frame_hdr  0x00000000000252e4     0x1344 log_test.co

.eh_frame       0x0000000000026628     0x4e50
 *(.eh_frame)
 .eh_frame      0x0000000000026628       0x3c /usr/lib/gcc/i686-linux-gnu/4.8/../../../i386-linux-gnu/crti.o
                                         0x40 (size before relaxing)
 .eh_frame      0x0000000000026664       0x20 log_test.co
                                         0x38 (size before relaxing)
 .eh_frame      0x0000000000026684      0x148 obj_cooja/mtype327.o
                                        0x160 (size before relaxing)
 .eh_frame      0x00000000000267cc       0x40 obj_cooja/mtype327.a(simEnvChange.o)
                                         0x58 (size before relaxing)
 .eh_frame      0x000000000002680c       0xc0 obj_cooja/mtype327.a(cooja_mt.o)
                                         0xd8 (size before relaxing)
 .eh_frame      0x00000000000268cc      0x120 obj_cooja/mtype327.a(cooja_mtarch.o)
                                        0x138 (size before relaxing)
 .eh_frame      0x00000000000269ec       0xc0 obj_cooja/mtype327.a(rtimer-arch.o)
                                         0xd8 (size before relaxing)
 .eh_frame      0x0000000000026aac      0x160 obj_cooja/mtype327.a(beep.o)
                                        0x178 (size before relaxing)
 .eh_frame      0x0000000000026c0c       0xa0 obj_cooja/mtype327.a(button-sensor.o)
                                         0xb8 (size before relaxing)
 .eh_frame      0x0000000000026cac       0xa0 obj_cooja/mtype327.a(leds-arch.o)
                                         0xb8 (size before relaxing)
 .eh_frame      0x0000000000026d4c       0x40 obj_cooja/mtype327.a(moteid.o)
                                         0x58 (size before relaxing)
 .eh_frame      0x0000000000026d8c       0xa0 obj_cooja/mtype327.a(pir-sensor.o)
                                         0xb8 (size before relaxing)
 .eh_frame      0x0000000000026e2c      0x100 obj_cooja/mtype327.a(rs232.o)
                                        0x118 (size before relaxing)
 .eh_frame      0x0000000000026f2c       0xa0 obj_cooja/mtype327.a(vib-sensor.o)
                                         0xb8 (size before relaxing)
 .eh_frame      0x0000000000026fcc       0xc0 obj_cooja/mtype327.a(clock.o)
                                         0xd8 (size before relaxing)
 .eh_frame      0x000000000002708c      0x120 obj_cooja/mtype327.a(log.o)
                                        0x138 (size before relaxing)
 .eh_frame      0x00000000000271ac      0x160 obj_cooja/mtype327.a(cfs-cooja.o)
                                        0x178 (size before relaxing)
 .eh_frame      0x000000000002730c      0x2e0 obj_cooja/mtype327.a(cooja-radio.o)
                                        0x2f8 (size before relaxing)
 .eh_frame      0x00000000000275ec       0xa0 obj_cooja/mtype327.a(eeprom.o)
                                         0xb8 (size before relaxing)
 .eh_frame      0x000000000002768c       0x40 obj_cooja/mtype327.a(random.o)
                                         0x58 (size before relaxing)
 .eh_frame      0x00000000000276cc       0xc0 obj_cooja/mtype327.a(sensors.o)
                                         0xd8 (size before relaxing)
 .eh_frame      0x000000000002778c      0x160 obj_cooja/mtype327.a(dual_conf.o)
                                        0x178 (size before relaxing)
 .eh_frame      0x00000000000278ec       0x40 obj_cooja/mtype327.a(autostart.o)
                                         0x58 (size before relaxing)
 .eh_frame      0x000000000002792c      0x100 obj_cooja/mtype327.a(ctimer.o)
                                        0x118 (size before relaxing)
 .eh_frame      0x0000000000027a2c      0x1e0 obj_cooja/mtype327.a(etimer.o)
                                        0x1f8 (size before relaxing)
 .eh_frame      0x0000000000027c0c       0x40 obj_cooja/mtype327.a(log_message.o)
                                         0x58 (size before relaxing)
 .eh_frame      0x0000000000027c4c      0x1c8 obj_cooja/mtype327.a(process.o)
                                        0x1e0 (size before relaxing)
 .eh_frame      0x0000000000027e14       0x60 obj_cooja/mtype327.a(rtimer.o)
                                         0x78 (size before relaxing)
 .eh_frame      0x0000000000027e74       0xa4 obj_cooja/mtype327.a(timer.o)
                                         0xbc (size before relaxing)
 .eh_frame      0x0000000000027f18       0x60 obj_cooja/mtype327.a(serial-line.o)
                                         0x78 (size before relaxing)
 .eh_frame      0x0000000000027f78      0x180 obj_cooja/mtype327.a(list.o)
                                        0x198 (size before relaxing)
 .eh_frame      0x00000000000280f8       0xa0 obj_cooja/mtype327.a(ringbuf.o)
                                         0xb8 (size before relaxing)
 .eh_frame      0x0000000000028198      0x350 obj_cooja/mtype327.a(sicslowpan.o)
                                        0x368 (size before relaxing)
 .eh_frame      0x00000000000284e8      0x180 obj_cooja/mtype327.a(uip-ds6-nbr.o)
                                        0x198 (size before relaxing)
 .eh_frame      0x0000000000028668      0x3c8 obj_cooja/mtype327.a(uip-ds6.o)
                                        0x3e0 (size before relaxing)
 .eh_frame      0x0000000000028a30      0x27c obj_cooja/mtype327.a(uip6.o)
                                        0x294 (size before relaxing)
 .eh_frame      0x0000000000028cac      0x270 obj_cooja/mtype327.a(tcpip.o)
                                        0x288 (size before relaxing)
 .eh_frame      0x0000000000028f1c       0xe0 obj_cooja/mtype327.a(uip-packetqueue)
                                         0xf8 (size before relaxing)
 .eh_frame      0x0000000000028ffc      0x75c obj_cooja/mtype327.a(rpl-dag.o)
                                        0x774 (size before relaxing)
 .eh_frame      0x0000000000029758      0x10c obj_cooja/mtype327.a(rpl-ext-header.)
                                        0x124 (size before relaxing)
 .eh_frame      0x0000000000029864      0x2f8 obj_cooja/mtype327.a(rpl-icmp6.o)
                                        0x310 (size before relaxing)
 .eh_frame      0x0000000000029b5c       0xe8 obj_cooja/mtype327.a(rpl-ltmax-of.o)
                                        0x100 (size before relaxing)
 .eh_frame      0x0000000000029c44      0x2b0 obj_cooja/mtype327.a(rpl-timers.o)
                                        0x2c8 (size before relaxing)
 .eh_frame      0x0000000000029ef4      0x140 obj_cooja/mtype327.a(rpl.o)
                                        0x158 (size before relaxing)
 .eh_frame      0x000000000002a034      0x108 obj_cooja/mtype327.a(framer-802154.o)
                                        0x120 (size before relaxing)
 .eh_frame      0x000000000002a13c       0xc0 obj_cooja/mtype327.a(nullmac.o)
                                         0xd8 (size before relaxing)
 .eh_frame      0x000000000002a1fc      0x16c obj_cooja/mtype327.a(nullrdc.o)
                                        0x184 (size before relaxing)
 .eh_frame      0x000000000002a368       0x80 obj_cooja/mtype327.a(linkaddr.o)
                                         0x98 (size before relaxing)
 .eh_frame      0x000000000002a3e8      0x2ac obj_cooja/mtype327.a(nbr-table.o)
                                        0x2c4 (size before relaxing)
 .eh_frame      0x000000000002a694       0x20 obj_cooja/mtype327.a(netstack.o)
                                         0x38 (size before relaxing)
 .eh_frame      0x000000000002a6b4      0x214 obj_cooja/mtype327.a(packetbuf.o)
                                        0x22c (size before relaxing)
 .eh_frame      0x000000000002a8c8      0x1a0 obj_cooja/mtype327.a(queuebuf.o)
                                        0x1b8 (size before relaxing)
 .eh_frame      0x000000000002aa68       0x80 obj_cooja/mtype327.a(nullsec.o)
                                         0x98 (size before relaxing)
 .eh_frame      0x000000000002aae8       0xa0 obj_cooja/mtype327.a(watchdog.o)
                                         0xb8 (size before relaxing)
 .eh_frame      0x000000000002ab88       0xc4 obj_cooja/mtype327.a(stimer.o)
                                         0xdc (size before relaxing)
 .eh_frame      0x000000000002ac4c       0xa0 obj_cooja/mtype327.a(memb.o)
                                         0xb8 (size before relaxing)
 .eh_frame      0x000000000002acec      0x2a0 obj_cooja/mtype327.a(uip-ds6-route.o)
                                        0x2b8 (size before relaxing)
 .eh_frame      0x000000000002af8c      0x164 obj_cooja/mtype327.a(uip-icmp6.o)
                                        0x17c (size before relaxing)
 .eh_frame      0x000000000002b0f0       0x68 obj_cooja/mtype327.a(uip-nd6.o)
                                         0x80 (size before relaxing)
 .eh_frame      0x000000000002b158       0x48 obj_cooja/mtype327.a(uip-debug.o)
                                         0x60 (size before relaxing)
 .eh_frame      0x000000000002b1a0       0xc8 obj_cooja/mtype327.a(rpl-nbr-policy.)
                                         0xe0 (size before relaxing)
 .eh_frame      0x000000000002b268      0x164 obj_cooja/mtype327.a(frame802154.o)
                                        0x17c (size before relaxing)
 .eh_frame      0x000000000002b3cc       0x88 obj_cooja/mtype327.a(mac-sequence.o)
                                         0xa0 (size before relaxing)
 .eh_frame      0x000000000002b454       0x20 obj_cooja/mtype327.a(mac.o)
                                         0x38 (size before relaxing)
 .eh_frame      0x000000000002b474        0x4 /usr/lib/gcc/i686-linux-gnu/4.8/crtendS.o

.gcc_except_table
 *(.gcc_except_table .gcc_except_table.*)

.exception_ranges
 *(.exception_ranges .exception_ranges*)
                0x000000000002b478                . = (ALIGN (0x1000) - ((0x1000 - .) & 0xfff))
                0x000000000002cef8                . = DATA_SEGMENT_ALIGN (0x1000, 0x1000)

.eh_frame
 *(.eh_frame)

.gcc_except_table
 *(.gcc_except_table .gcc_except_table.*)

.exception_ranges
 *(.exception_ranges .exception_ranges*)

.tdata
 *(.tdata .tdata.* .gnu.linkonce.td.*)

.tbss
 *(.tbss .tbss.* .gnu.linkonce.tb.*)
 *(.tcommon)

.preinit_array
 *(.preinit_array)

.init_array     0x000000000002cef8        0x4
 *(SORT(.init_array.*) SORT(.ctors.*))
 *(.init_array EXCLUDE_FILE(*crtend?.o *crtend.o *crtbegin?.o *crtbegin.o) .ctors)
 .init_array    0x000000000002cef8        0x4 /usr/lib/gcc/i686-linux-gnu/4.8/crtbeginS.o

.fini_array     0x000000000002cefc        0x4
 *(SORT(.fini_array.*) SORT(.dtors.*))
 *(.fini_array EXCLUDE_FILE(*crtend?.o *crtend.o *crtbegin?.o *crtbegin.o) .dtors)
 .fini_array    0x000000000002cefc        0x4 /usr/lib/gcc/i686-linux-gnu/4.8/crtbeginS.o

.ctors
 *crtbegin.o(.ctors)
 *crtbegin?.o(.ctors)
 *(EXCLUDE_FILE(*crtend?.o *crtend.o) .ctors)
 *(SORT(.ctors.*))
 *(.ctors)

.dtors
 *crtbegin.o(.dtors)
 *crtbegin?.o(.dtors)
 *(EXCLUDE_FILE(*crtend?.o *crtend.o) .dtors)
 *(SORT(.dtors.*))
 *(.dtors)

.jcr            0x000000000002cf00        0x4
 *(.jcr)
 .jcr           0x000000000002cf00        0x0 /usr/lib/gcc/i686-linux-gnu/4.8/crtbeginS.o
 .jcr           0x000000000002cf00        0x4 /usr/lib/gcc/i686-linux-gnu/4.8/crtendS.o

.data.rel.ro
 *(.data.rel.ro.local* .gnu.linkonce.d.rel.ro.local.*)
 *(.data.rel.ro .data.rel.ro.* .gnu.linkonce.d.rel.ro.*)

.dynamic        0x000000000002cf04       0xe8
 *(.dynamic)
 .dynamic       0x000000000002cf04       0xe8 /usr/lib/gcc/i686-linux-gnu/4.8/../../../i386-linux-gnu/crti.o
                0x000000000002cf04                _DYNAMIC

.got            0x000000000002cfec       0x14
 *(.got)
 .got           0x000000000002cfec       0x14 /usr/lib/gcc/i686-linux-gnu/4.8/../../../i386-linux-gnu/crti.o
 *(.igot)
                0x000000000002dff4                . = DATA_SEGMENT_RELRO_END (., (SIZEOF (.got.plt) >= 0xc)?0xc:0x0)

.got.plt        0x000000000002d000       0x14
 *(.got.plt)
 .got.plt       0x000000000002d000       0x14 /usr/lib/gcc/i686-linux-gnu/4.8/../../../i386-linux-gnu/crti.o
                0x000000000002d000                _GLOBAL_OFFSET_TABLE_
 *(.igot.plt)

.data           0x000000000002d020      0x25a
 *(.data .data.* .gnu.linkonce.d.*)
 .data          0x000000000002d020        0x0 /usr/lib/gcc/i686-linux-gnu/4.8/../../../i386-linux-gnu/crti.o
 .data          0x000000000002d020        0x0 /usr/lib/gcc/i686-linux-gnu/4.8/crtbeginS.o
 .data.rel      0x000000000002d020        0x4 /usr/lib/gcc/i686-linux-gnu/4.8/crtbeginS.o
                0x000000000002d020                __dso_handle
 .data          0x000000000002d024       0x10 log_test.co
                0x000000000002d024                hello_world_process
 *fill*         0x000000000002d034        0xc 
 .data          0x000000000002d040       0x44 obj_cooja/mtype327.o
                0x000000000002d040                simInterfaces
                0x000000000002d074                sensors
 .data          0x000000000002d084        0x0 obj_cooja/mtype327.a(simEnvChange.o)
 .data          0x000000000002d084        0x0 obj_cooja/mtype327.a(cooja_mt.o)
 .data          0x000000000002d084        0x0 obj_cooja/mtype327.a(cooja_mtarch.o)
 .data          0x000000000002d084        0x0 obj_cooja/mtype327.a(rtimer-arch.o)
 .data          0x000000000002d084        0x0 obj_cooja/mtype327.a(beep.o)
 .data          0x000000000002d084        0x0 obj_cooja/mtype327.a(button-sensor.o)
 .data          0x000000000002d084        0x0 obj_cooja/mtype327.a(leds-arch.o)
 .data          0x000000000002d084        0x0 obj_cooja/mtype327.a(moteid.o)
 .data          0x000000000002d084        0x0 obj_cooja/mtype327.a(pir-sensor.o)
 .data          0x000000000002d084        0x0 obj_cooja/mtype327.a(rs232.o)
 .data          0x000000000002d084        0x0 obj_cooja/mtype327.a(vib-sensor.o)
 .data          0x000000000002d084        0x0 obj_cooja/mtype327.a(clock.o)
 .data          0x000000000002d084        0x0 obj_cooja/mtype327.a(log.o)
 .data          0x000000000002d084        0x0 obj_cooja/mtype327.a(cfs-cooja.o)
 .data          0x000000000002d084       0x38 obj_cooja/mtype327.a(cooja-radio.o)
                0x000000000002d084                simRadioChannel
                0x000000000002d088                simRadioChannelLR
                0x000000000002d08c                simRadioHWOn
                0x000000000002d08d                simRadioHWOnLR
                0x000000000002d090                simSignalStrength
                0x000000000002d094                simSignalStrengthLR
                0x000000000002d098                simLastSignalStrength
                0x000000000002d09c                simLastSignalStrengthLR
                0x000000000002d0a0                simPower
                0x000000000002d0a1                simPowerLR
                0x000000000002d0a4                simLQI
                0x000000000002d0a8                simLQILR
                0x000000000002d0ac                cooja_radio_process
 .data          0x000000000002d0bc        0x0 obj_cooja/mtype327.a(eeprom.o)
 .data          0x000000000002d0bc        0x0 obj_cooja/mtype327.a(random.o)
 .data          0x000000000002d0bc       0x10 obj_cooja/mtype327.a(sensors.o)
                0x000000000002d0bc                sensors_process
 .data          0x000000000002d0cc       0x34 obj_cooja/mtype327.a(dual_conf.o)
                0x000000000002d0cc                radio_received
                0x000000000002d0d0                dual_dio_broadcast
                0x000000000002d0e0                dual_dis_broadcast
                0x000000000002d0f0                dual_dio_ack_broadcast
 .data          0x000000000002d100        0x0 obj_cooja/mtype327.a(autostart.o)
 .data          0x000000000002d100       0x14 obj_cooja/mtype327.a(ctimer.o)
                0x000000000002d104                ctimer_process
 .data          0x000000000002d114       0x10 obj_cooja/mtype327.a(etimer.o)
                0x000000000002d114                etimer_process
 .data          0x000000000002d124        0x0 obj_cooja/mtype327.a(log_message.o)
 .data          0x000000000002d124        0x0 obj_cooja/mtype327.a(process.o)
 .data          0x000000000002d124        0x0 obj_cooja/mtype327.a(rtimer.o)
 .data          0x000000000002d124        0x0 obj_cooja/mtype327.a(timer.o)
 .data          0x000000000002d124       0x10 obj_cooja/mtype327.a(serial-line.o)
                0x000000000002d124                serial_line_process
 .data          0x000000000002d134        0x0 obj_cooja/mtype327.a(list.o)
 .data          0x000000000002d134        0x0 obj_cooja/mtype327.a(ringbuf.o)
 .data          0x000000000002d134        0x0 obj_cooja/mtype327.a(sicslowpan.o)
 .data          0x000000000002d134       0x14 obj_cooja/mtype327.a(uip-ds6-nbr.o)
                0x000000000002d144                ds6_neighbors
 .data          0x000000000002d148        0x0 obj_cooja/mtype327.a(uip-ds6.o)
 .data          0x000000000002d148        0x0 obj_cooja/mtype327.a(uip6.o)
 .data          0x000000000002d148       0x10 obj_cooja/mtype327.a(tcpip.o)
                0x000000000002d148                tcpip_process
 .data          0x000000000002d158        0xc obj_cooja/mtype327.a(uip-packetqueue)
 .data          0x000000000002d164       0x28 obj_cooja/mtype327.a(rpl-dag.o)
                0x000000000002d174                rpl_parents
                0x000000000002d188                rpl_children
 .data          0x000000000002d18c        0x0 obj_cooja/mtype327.a(rpl-ext-header.)
 .data          0x000000000002d18c       0x40 obj_cooja/mtype327.a(rpl-icmp6.o)
 .data          0x000000000002d1cc       0x1c obj_cooja/mtype327.a(rpl-ltmax-of.o)
                0x000000000002d1cc                rpl_ltmax_of
 .data          0x000000000002d1e8        0x0 obj_cooja/mtype327.a(rpl-timers.o)
 .data          0x000000000002d1e8        0x0 obj_cooja/mtype327.a(rpl.o)
 .data          0x000000000002d1e8        0x0 obj_cooja/mtype327.a(framer-802154.o)
 .data          0x000000000002d1e8        0x0 obj_cooja/mtype327.a(nullmac.o)
 .data          0x000000000002d1e8        0x0 obj_cooja/mtype327.a(nullrdc.o)
 .data          0x000000000002d1e8        0x0 obj_cooja/mtype327.a(linkaddr.o)
 .data          0x000000000002d1e8       0x10 obj_cooja/mtype327.a(nbr-table.o)
 .data          0x000000000002d1f8        0x0 obj_cooja/mtype327.a(netstack.o)
 .data          0x000000000002d1f8        0x4 obj_cooja/mtype327.a(packetbuf.o)
 .data          0x000000000002d1fc       0x18 obj_cooja/mtype327.a(queuebuf.o)
 .data          0x000000000002d214        0x0 obj_cooja/mtype327.a(nullsec.o)
 .data          0x000000000002d214        0x0 obj_cooja/mtype327.a(watchdog.o)
 .data          0x000000000002d214        0x0 obj_cooja/mtype327.a(rimestats.o)
 .data          0x000000000002d214        0x0 obj_cooja/mtype327.a(stimer.o)
 .data          0x000000000002d214        0x0 obj_cooja/mtype327.a(memb.o)
 .data          0x000000000002d214       0x44 obj_cooja/mtype327.a(uip-ds6-route.o)
                0x000000000002d224                nbr_routes
 .data          0x000000000002d258       0x20 obj_cooja/mtype327.a(uip-icmp6.o)
 .data          0x000000000002d278        0x0 obj_cooja/mtype327.a(uip-nd6.o)
 .data          0x000000000002d278        0x0 obj_cooja/mtype327.a(uip-debug.o)
 .data          0x000000000002d278        0x0 obj_cooja/mtype327.a(rpl-nbr-policy.)
 .data          0x000000000002d278        0x2 obj_cooja/mtype327.a(frame802154.o)
 .data          0x000000000002d27a        0x0 obj_cooja/mtype327.a(mac-sequence.o)
 .data          0x000000000002d27a        0x0 obj_cooja/mtype327.a(mac.o)
 .data          0x000000000002d27a        0x0 /usr/lib/gcc/i686-linux-gnu/4.8/crtendS.o
 .data          0x000000000002d27a        0x0 /usr/lib/gcc/i686-linux-gnu/4.8/../../../i386-linux-gnu/crtn.o

.tm_clone_table
                0x000000000002d27c        0x0
 .tm_clone_table
                0x000000000002d27c        0x0 /usr/lib/gcc/i686-linux-gnu/4.8/crtbeginS.o
 .tm_clone_table
                0x000000000002d27c        0x0 /usr/lib/gcc/i686-linux-gnu/4.8/crtendS.o

.data1
 *(.data1)
                0x000000000002d27c                _edata = .
                0x000000000002d27c                PROVIDE (edata, .)
                0x000000000002d27c                . = .
                0x000000000002d27c                __bss_start = .

.bss            0x000000000002d280    0x10d88
 *(.dynbss)
 .dynbss        0x0000000000000000        0x0 /usr/lib/gcc/i686-linux-gnu/4.8/../../../i386-linux-gnu/crti.o
 *(.bss .bss.* .gnu.linkonce.b.*)
 .bss           0x000000000002d280        0x0 /usr/lib/gcc/i686-linux-gnu/4.8/../../../i386-linux-gnu/crti.o
 .bss           0x000000000002d280        0x1 /usr/lib/gcc/i686-linux-gnu/4.8/crtbeginS.o
 .bss           0x000000000002d281        0x0 log_test.co
 *fill*         0x000000000002d281       0x1f 
 .bss           0x000000000002d2a0     0x2030 obj_cooja/mtype327.o
 .bss           0x000000000002f2d0        0x1 obj_cooja/mtype327.a(simEnvChange.o)
                0x000000000002f2d0                simDontFallAsleep
 *fill*         0x000000000002f2d1        0x3 
 .bss           0x000000000002f2d4        0x4 obj_cooja/mtype327.a(cooja_mt.o)
 .bss           0x000000000002f2d8        0x4 obj_cooja/mtype327.a(cooja_mtarch.o)
 .bss           0x000000000002f2dc        0xc obj_cooja/mtype327.a(rtimer-arch.o)
 .bss           0x000000000002f2e8        0x0 obj_cooja/mtype327.a(beep.o)
 .bss           0x000000000002f2e8        0x8 obj_cooja/mtype327.a(button-sensor.o)
 .bss           0x000000000002f2f0        0x0 obj_cooja/mtype327.a(leds-arch.o)
 .bss           0x000000000002f2f0        0x0 obj_cooja/mtype327.a(moteid.o)
 .bss           0x000000000002f2f0        0x1 obj_cooja/mtype327.a(pir-sensor.o)
                0x000000000002f2f0                simPirValue
 *fill*         0x000000000002f2f1        0x3 
 .bss           0x000000000002f2f4        0x4 obj_cooja/mtype327.a(rs232.o)
 .bss           0x000000000002f2f8        0x1 obj_cooja/mtype327.a(vib-sensor.o)
                0x000000000002f2f8                simVibValue
 .bss           0x000000000002f2f9        0x0 obj_cooja/mtype327.a(clock.o)
 *fill*         0x000000000002f2f9        0x7 
 .bss           0x000000000002f300      0x420 obj_cooja/mtype327.a(log.o)
 .bss           0x000000000002f720      0xfc0 obj_cooja/mtype327.a(cfs-cooja.o)
                0x000000000002f720                simCFSData
                0x00000000000306c0                simCFSSize
                0x00000000000306c4                simCFSChanged
                0x00000000000306c8                simCFSRead
                0x00000000000306cc                simCFSWritten
 .bss           0x00000000000306e0       0x20 obj_cooja/mtype327.a(cooja-radio.o)
                0x00000000000306e0                simReceiving
                0x00000000000306e1                simReceivingLR
                0x00000000000306e4                simInSize
                0x00000000000306e8                simInSizeLR
                0x00000000000306ec                simOutSize
                0x00000000000306f0                simOutSizeLR
                0x00000000000306f4                LongRangeTransmit
                0x00000000000306f8                LongRangeReceiving
 .bss           0x0000000000030700        0xc obj_cooja/mtype327.a(eeprom.o)
                0x0000000000030700                simEEPROMChanged
                0x0000000000030704                simEEPROMRead
                0x0000000000030708                simEEPROMWritten
 .bss           0x000000000003070c        0x0 obj_cooja/mtype327.a(random.o)
 .bss           0x000000000003070c        0xc obj_cooja/mtype327.a(sensors.o)
 .bss           0x0000000000030718       0x38 obj_cooja/mtype327.a(dual_conf.o)
                0x0000000000030718                long_range_radio
 .bss           0x0000000000030750        0x0 obj_cooja/mtype327.a(autostart.o)
 .bss           0x0000000000030750        0x5 obj_cooja/mtype327.a(ctimer.o)
 *fill*         0x0000000000030755        0x3 
 .bss           0x0000000000030758        0x8 obj_cooja/mtype327.a(etimer.o)
 .bss           0x0000000000030760        0x0 obj_cooja/mtype327.a(log_message.o)
 .bss           0x0000000000030760      0x1b1 obj_cooja/mtype327.a(process.o)
                0x0000000000030760                process_list
                0x0000000000030764                process_current
 *fill*         0x0000000000030911        0x3 
 .bss           0x0000000000030914        0x4 obj_cooja/mtype327.a(rtimer.o)
 .bss           0x0000000000030918        0x0 obj_cooja/mtype327.a(timer.o)
 *fill*         0x0000000000030918        0x8 
 .bss           0x0000000000030920      0x140 obj_cooja/mtype327.a(serial-line.o)
 .bss           0x0000000000030a60        0x0 obj_cooja/mtype327.a(list.o)
 .bss           0x0000000000030a60        0x0 obj_cooja/mtype327.a(ringbuf.o)
 .bss           0x0000000000030a60      0x70c obj_cooja/mtype327.a(sicslowpan.o)
 *fill*         0x000000000003116c       0x14 
 .bss           0x0000000000031180     0x1c20 obj_cooja/mtype327.a(uip-ds6-nbr.o)
 .bss           0x0000000000032da0       0x30 obj_cooja/mtype327.a(uip-ds6.o)
 .bss           0x0000000000032dd0        0xe obj_cooja/mtype327.a(uip6.o)
                0x0000000000032dd0                uip_ext_bitmap
                0x0000000000032dd1                uip_ext_len
                0x0000000000032dd2                uip_ext_opt_offset
 *fill*         0x0000000000032dde        0x2 
 .bss           0x0000000000032de0       0x6a obj_cooja/mtype327.a(tcpip.o)
 *fill*         0x0000000000032e4a       0x16 
 .bss           0x0000000000032e60      0xcf8 obj_cooja/mtype327.a(uip-packetqueue)
 *fill*         0x0000000000033b58        0x8 
 .bss           0x0000000000033b60     0x13ec obj_cooja/mtype327.a(rpl-dag.o)
 .bss           0x0000000000034f4c        0x0 obj_cooja/mtype327.a(rpl-ext-header.)
 .bss           0x0000000000034f4c        0x0 obj_cooja/mtype327.a(rpl-icmp6.o)
 .bss           0x0000000000034f4c        0x0 obj_cooja/mtype327.a(rpl-ltmax-of.o)
 *fill*         0x0000000000034f4c       0x14 
 .bss           0x0000000000034f60       0x23 obj_cooja/mtype327.a(rpl-timers.o)
 *fill*         0x0000000000034f83        0x1 
 .bss           0x0000000000034f84        0x4 obj_cooja/mtype327.a(rpl.o)
 .bss           0x0000000000034f88        0x2 obj_cooja/mtype327.a(framer-802154.o)
 .bss           0x0000000000034f8a        0x0 obj_cooja/mtype327.a(nullmac.o)
 .bss           0x0000000000034f8a        0x0 obj_cooja/mtype327.a(nullrdc.o)
 .bss           0x0000000000034f8a        0x0 obj_cooja/mtype327.a(linkaddr.o)
 *fill*         0x0000000000034f8a       0x16 
 .bss           0x0000000000034fa0     0x1214 obj_cooja/mtype327.a(nbr-table.o)
 .bss           0x00000000000361b4        0x0 obj_cooja/mtype327.a(netstack.o)
 *fill*         0x00000000000361b4        0xc 
 .bss           0x00000000000361c0       0xa0 obj_cooja/mtype327.a(packetbuf.o)
 .bss           0x0000000000036260      0xb80 obj_cooja/mtype327.a(queuebuf.o)
 .bss           0x0000000000036de0        0x0 obj_cooja/mtype327.a(nullsec.o)
 .bss           0x0000000000036de0        0x0 obj_cooja/mtype327.a(watchdog.o)
 .bss           0x0000000000036de0        0x0 obj_cooja/mtype327.a(rimestats.o)
 .bss           0x0000000000036de0        0x0 obj_cooja/mtype327.a(stimer.o)
 .bss           0x0000000000036de0        0x0 obj_cooja/mtype327.a(memb.o)
 .bss           0x0000000000036de0     0x44a8 obj_cooja/mtype327.a(uip-ds6-route.o)
 .bss           0x000000000003b288       0x18 obj_cooja/mtype327.a(uip-icmp6.o)
 .bss           0x000000000003b2a0        0x0 obj_cooja/mtype327.a(uip-nd6.o)
 .bss           0x000000000003b2a0        0x0 obj_cooja/mtype327.a(uip-debug.o)
 .bss           0x000000000003b2a0       0x44 obj_cooja/mtype327.a(rpl-nbr-policy.)
 .bss           0x000000000003b2e4        0x0 obj_cooja/mtype327.a(frame802154.o)
 *fill*         0x000000000003b2e4       0x1c 
 .bss           0x000000000003b300       0x90 obj_cooja/mtype327.a(mac-sequence.o)
 .bss           0x000000000003b390        0x0 obj_cooja/mtype327.a(mac.o)
 .bss           0x000000000003b390        0x0 /usr/lib/gcc/i686-linux-gnu/4.8/crtendS.o
 .bss           0x000000000003b390        0x0 /usr/lib/gcc/i686-linux-gnu/4.8/../../../i386-linux-gnu/crtn.o
 *(COMMON)
 COMMON         0x000000000003b390       0x24 obj_cooja/mtype327.o
                0x000000000003b390                COOJA_radioRxLong
                0x000000000003b394                COOJA_radioTx
                0x000000000003b398                referenceVar
                0x000000000003b39c                COOJA_radioTxLong
                0x000000000003b3a0                COOJA_radioRx
                0x000000000003b3a4                COOJA_radioOn
                0x000000000003b3a8                COOJA_duration
                0x000000000003b3ac                COOJA_radioOnLong
                0x000000000003b3b0                sensors_flags
 COMMON         0x000000000003b3b4        0xc obj_cooja/mtype327.a(simEnvChange.o)
                0x000000000003b3b4                simEtimerPending
                0x000000000003b3b8                simProcessRunValue
                0x000000000003b3bc                simNextExpirationTime
 COMMON         0x000000000003b3c0        0x1 obj_cooja/mtype327.a(beep.o)
                0x000000000003b3c0                simBeeped
 COMMON         0x000000000003b3c1        0x3 obj_cooja/mtype327.a(button-sensor.o)
                0x000000000003b3c1                simButtonIsActive
                0x000000000003b3c2                simButtonIsDown
                0x000000000003b3c3                simButtonChanged
 COMMON         0x000000000003b3c4        0x1 obj_cooja/mtype327.a(leds-arch.o)
                0x000000000003b3c4                simLedsValue
 *fill*         0x000000000003b3c5        0x3 
 COMMON         0x000000000003b3c8        0xc obj_cooja/mtype327.a(moteid.o)
                0x000000000003b3c8                simRandomSeed
                0x000000000003b3cc                simMoteIDChanged
                0x000000000003b3d0                simMoteID
 COMMON         0x000000000003b3d4        0x2 obj_cooja/mtype327.a(pir-sensor.o)
                0x000000000003b3d4                simPirIsActive
                0x000000000003b3d5                simPirChanged
 *fill*         0x000000000003b3d6        0xa 
 COMMON         0x000000000003b3e0      0x820 obj_cooja/mtype327.a(rs232.o)
                0x000000000003b3e0                simSerialReceivingFlag
                0x000000000003b3e4                simSerialReceivingLength
                0x000000000003b400                simSerialReceivingData
 COMMON         0x000000000003bc00        0x2 obj_cooja/mtype327.a(vib-sensor.o)
                0x000000000003bc00                simVibChanged
                0x000000000003bc01                simVibIsActive
 *fill*         0x000000000003bc02        0x2 
 COMMON         0x000000000003bc04        0x4 obj_cooja/mtype327.a(clock.o)
                0x000000000003bc04                simCurrentTime
 *fill*         0x000000000003bc08       0x18 
 COMMON         0x000000000003bc20      0x420 obj_cooja/mtype327.a(log.o)
                0x000000000003bc20                simLoggedLength
                0x000000000003bc24                simLoggedFlag
                0x000000000003bc40                simLoggedData
 COMMON         0x000000000003c040      0x220 obj_cooja/mtype327.a(cooja-radio.o)
                0x000000000003c040                my_weight
                0x000000000003c060                simOutDataBuffer
                0x000000000003c0e0                simInDataBufferLR
                0x000000000003c160                simOutDataBufferLR
                0x000000000003c1e0                simInDataBuffer
 COMMON         0x000000000003c260      0x400 obj_cooja/mtype327.a(eeprom.o)
                0x000000000003c260                simEEPROMData
 COMMON         0x000000000003c660        0x1 obj_cooja/mtype327.a(sensors.o)
                0x000000000003c660                sensors_event
 *fill*         0x000000000003c661        0x3 
 COMMON         0x000000000003c664        0x4 obj_cooja/mtype327.a(log_message.o)
                0x000000000003c664                log_fp
 COMMON         0x000000000003c668        0x1 obj_cooja/mtype327.a(serial-line.o)
                0x000000000003c668                serial_line_event_message
 *fill*         0x000000000003c669       0x17 
 COMMON         0x000000000003c680      0xbb8 obj_cooja/mtype327.a(uip-ds6-nbr.o)
                0x000000000003c680                ds6_lr_addrmap
 *fill*         0x000000000003d238        0x8 
 COMMON         0x000000000003d240      0x298 obj_cooja/mtype327.a(uip-ds6.o)
                0x000000000003d240                uip_ds6_prefix_list
                0x000000000003d2a0                uip_ds6_timer_periodic
                0x000000000003d2b0                uip_ds6_netif_addr_list_offset
                0x000000000003d2c0                uip_ds6_if
                0x000000000003d3b8                uip_ds6_timer_ra
                0x000000000003d3c0                uip_ds6_addr_size
                0x000000000003d3e0                long_uip_ds6_if
 *fill*         0x000000000003d4d8        0x8 
 COMMON         0x000000000003d4e0      0x8ec obj_cooja/mtype327.a(uip6.o)
                0x000000000003d4e0                uip_slen
                0x000000000003d4e2                uip_acc32
                0x000000000003d500                uip_conns
                0x000000000003d5c0                uip_lladdr
                0x000000000003d5c8                uip_appdata
                0x000000000003d5cc                uip_flags
                0x000000000003d5e0                uip_aligned_buf
                0x000000000003dc20                uip_listenports
                0x000000000003dc30                uip_len
                0x000000000003dc32                uip_long_lladdr
                0x000000000003dc3c                uip_sappdata
                0x000000000003dc40                uip_udp_conns
                0x000000000003ddc0                uip_udp_conn
                0x000000000003ddc4                uip_next_hdr
                0x000000000003ddc8                uip_conn
 COMMON         0x000000000003ddcc        0x1 obj_cooja/mtype327.a(tcpip.o)
                0x000000000003ddcc                tcpip_event
 *fill*         0x000000000003ddcd       0x13 
 COMMON         0x000000000003dde0      0x198 obj_cooja/mtype327.a(rpl-dag.o)
                0x000000000003dde0                default_instance
                0x000000000003de00                instance_table
 COMMON         0x000000000003df78       0x10 obj_cooja/mtype327.a(linkaddr.o)
                0x000000000003df78                linkaddr_node_addr
                0x000000000003df80                long_linkaddr_node_addr
 COMMON         0x000000000003df88       0x2e obj_cooja/mtype327.a(packetbuf.o)
                0x000000000003df88                packetbuf_attrs
                0x000000000003dfa6                packetbuf_addrs
 *fill*         0x000000000003dfb6        0xa 
 COMMON         0x000000000003dfc0       0x48 obj_cooja/mtype327.a(rimestats.o)
                0x000000000003dfc0                rimestats
                0x000000000003e008                . = ALIGN ((. != 0x0)?0x4:0x1)
                0x000000000003e008                . = ALIGN (0x4)
                0x000000000003e008                . = SEGMENT_START ("ldata-segment", .)
                0x000000000003e008                . = ALIGN (0x4)
                0x000000000003e008                _end = .
                0x000000000003e008                PROVIDE (end, .)
                0x000000000003e008                . = DATA_SEGMENT_END (.)

.stab
 *(.stab)

.stabstr
 *(.stabstr)

.stab.excl
 *(.stab.excl)

.stab.exclstr
 *(.stab.exclstr)

.stab.index
 *(.stab.index)

.stab.indexstr
 *(.stab.indexstr)

.comment        0x0000000000000000       0x2b
 *(.comment)
 .comment       0x0000000000000000       0x2b /usr/lib/gcc/i686-linux-gnu/4.8/crtbeginS.o
                                         0x2c (size before relaxing)
 .comment       0x0000000000000000       0x2c log_test.co
 .comment       0x0000000000000000       0x2c obj_cooja/mtype327.o
 .comment       0x0000000000000000       0x2c obj_cooja/mtype327.a(simEnvChange.o)
 .comment       0x0000000000000000       0x2c obj_cooja/mtype327.a(cooja_mt.o)
 .comment       0x0000000000000000       0x2c obj_cooja/mtype327.a(cooja_mtarch.o)
 .comment       0x0000000000000000       0x2c obj_cooja/mtype327.a(rtimer-arch.o)
 .comment       0x0000000000000000       0x2c obj_cooja/mtype327.a(beep.o)
 .comment       0x0000000000000000       0x2c obj_cooja/mtype327.a(button-sensor.o)
 .comment       0x0000000000000000       0x2c obj_cooja/mtype327.a(leds-arch.o)
 .comment       0x0000000000000000       0x2c obj_cooja/mtype327.a(moteid.o)
 .comment       0x0000000000000000       0x2c obj_cooja/mtype327.a(pir-sensor.o)
 .comment       0x0000000000000000       0x2c obj_cooja/mtype327.a(rs232.o)
 .comment       0x0000000000000000       0x2c obj_cooja/mtype327.a(vib-sensor.o)
 .comment       0x0000000000000000       0x2c obj_cooja/mtype327.a(clock.o)
 .comment       0x0000000000000000       0x2c obj_cooja/mtype327.a(log.o)
 .comment       0x0000000000000000       0x2c obj_cooja/mtype327.a(cfs-cooja.o)
 .comment       0x0000000000000000       0x2c obj_cooja/mtype327.a(cooja-radio.o)
 .comment       0x0000000000000000       0x2c obj_cooja/mtype327.a(eeprom.o)
 .comment       0x0000000000000000       0x2c obj_cooja/mtype327.a(random.o)
 .comment       0x0000000000000000       0x2c obj_cooja/mtype327.a(sensors.o)
 .comment       0x0000000000000000       0x2c obj_cooja/mtype327.a(dual_conf.o)
 .comment       0x0000000000000000       0x2c obj_cooja/mtype327.a(autostart.o)
 .comment       0x0000000000000000       0x2c obj_cooja/mtype327.a(ctimer.o)
 .comment       0x0000000000000000       0x2c obj_cooja/mtype327.a(etimer.o)
 .comment       0x0000000000000000       0x2c obj_cooja/mtype327.a(log_message.o)
 .comment       0x0000000000000000       0x2c obj_cooja/mtype327.a(process.o)
 .comment       0x0000000000000000       0x2c obj_cooja/mtype327.a(rtimer.o)
 .comment       0x0000000000000000       0x2c obj_cooja/mtype327.a(timer.o)
 .comment       0x0000000000000000       0x2c obj_cooja/mtype327.a(serial-line.o)
 .comment       0x0000000000000000       0x2c obj_cooja/mtype327.a(list.o)
 .comment       0x0000000000000000       0x2c obj_cooja/mtype327.a(ringbuf.o)
 .comment       0x0000000000000000       0x2c obj_cooja/mtype327.a(sicslowpan.o)
 .comment       0x0000000000000000       0x2c obj_cooja/mtype327.a(uip-ds6-nbr.o)
 .comment       0x0000000000000000       0x2c obj_cooja/mtype327.a(uip-ds6.o)
 .comment       0x0000000000000000       0x2c obj_cooja/mtype327.a(uip6.o)
 .comment       0x0000000000000000       0x2c obj_cooja/mtype327.a(tcpip.o)
 .comment       0x0000000000000000       0x2c obj_cooja/mtype327.a(uip-packetqueue)
 .comment       0x0000000000000000       0x2c obj_cooja/mtype327.a(rpl-dag.o)
 .comment       0x0000000000000000       0x2c obj_cooja/mtype327.a(rpl-ext-header.)
 .comment       0x0000000000000000       0x2c obj_cooja/mtype327.a(rpl-icmp6.o)
 .comment       0x0000000000000000       0x2c obj_cooja/mtype327.a(rpl-ltmax-of.o)
 .comment       0x0000000000000000       0x2c obj_cooja/mtype327.a(rpl-timers.o)
 .comment       0x0000000000000000       0x2c obj_cooja/mtype327.a(rpl.o)
 .comment       0x0000000000000000       0x2c obj_cooja/mtype327.a(framer-802154.o)
 .comment       0x0000000000000000       0x2c obj_cooja/mtype327.a(nullmac.o)
 .comment       0x0000000000000000       0x2c obj_cooja/mtype327.a(nullrdc.o)
 .comment       0x0000000000000000       0x2c obj_cooja/mtype327.a(linkaddr.o)
 .comment       0x0000000000000000       0x2c obj_cooja/mtype327.a(nbr-table.o)
 .comment       0x0000000000000000       0x2c obj_cooja/mtype327.a(netstack.o)
 .comment       0x0000000000000000       0x2c obj_cooja/mtype327.a(packetbuf.o)
 .comment       0x0000000000000000       0x2c obj_cooja/mtype327.a(queuebuf.o)
 .comment       0x0000000000000000       0x2c obj_cooja/mtype327.a(nullsec.o)
 .comment       0x0000000000000000       0x2c obj_cooja/mtype327.a(watchdog.o)
 .comment       0x0000000000000000       0x2c obj_cooja/mtype327.a(rimestats.o)
 .comment       0x0000000000000000       0x2c obj_cooja/mtype327.a(stimer.o)
 .comment       0x0000000000000000       0x2c obj_cooja/mtype327.a(memb.o)
 .comment       0x0000000000000000       0x2c obj_cooja/mtype327.a(uip-ds6-route.o)
 .comment       0x0000000000000000       0x2c obj_cooja/mtype327.a(uip-icmp6.o)
 .comment       0x0000000000000000       0x2c obj_cooja/mtype327.a(uip-nd6.o)
 .comment       0x0000000000000000       0x2c obj_cooja/mtype327.a(uip-debug.o)
 .comment       0x0000000000000000       0x2c obj_cooja/mtype327.a(rpl-nbr-policy.)
 .comment       0x0000000000000000       0x2c obj_cooja/mtype327.a(frame802154.o)
 .comment       0x0000000000000000       0x2c obj_cooja/mtype327.a(mac-sequence.o)
 .comment       0x0000000000000000       0x2c obj_cooja/mtype327.a(mac.o)
 .comment       0x0000000000000000       0x2c /usr/lib/gcc/i686-linux-gnu/4.8/crtendS.o

.debug
 *(.debug)

.line
 *(.line)

.debug_srcinfo
 *(.debug_srcinfo)

.debug_sfnames
 *(.debug_sfnames)

.debug_aranges  0x0000000000000000      0x7f8
 *(.debug_aranges)
 .debug_aranges
                0x0000000000000000       0x20 log_test.co
 .debug_aranges
                0x0000000000000020       0x20 obj_cooja/mtype327.o
 .debug_aranges
                0x0000000000000040       0x20 obj_cooja/mtype327.a(simEnvChange.o)
 .debug_aranges
                0x0000000000000060       0x20 obj_cooja/mtype327.a(cooja_mt.o)
 .debug_aranges
                0x0000000000000080       0x20 obj_cooja/mtype327.a(cooja_mtarch.o)
 .debug_aranges
                0x00000000000000a0       0x20 obj_cooja/mtype327.a(rtimer-arch.o)
 .debug_aranges
                0x00000000000000c0       0x20 obj_cooja/mtype327.a(beep.o)
 .debug_aranges
                0x00000000000000e0       0x20 obj_cooja/mtype327.a(button-sensor.o)
 .debug_aranges
                0x0000000000000100       0x20 obj_cooja/mtype327.a(leds-arch.o)
 .debug_aranges
                0x0000000000000120       0x20 obj_cooja/mtype327.a(moteid.o)
 .debug_aranges
                0x0000000000000140       0x20 obj_cooja/mtype327.a(pir-sensor.o)
 .debug_aranges
                0x0000000000000160       0x20 obj_cooja/mtype327.a(rs232.o)
 .debug_aranges
                0x0000000000000180       0x20 obj_cooja/mtype327.a(vib-sensor.o)
 .debug_aranges
                0x00000000000001a0       0x20 obj_cooja/mtype327.a(clock.o)
 .debug_aranges
                0x00000000000001c0       0x20 obj_cooja/mtype327.a(log.o)
 .debug_aranges
                0x00000000000001e0       0x20 obj_cooja/mtype327.a(cfs-cooja.o)
 .debug_aranges
                0x0000000000000200       0x20 obj_cooja/mtype327.a(cooja-radio.o)
 .debug_aranges
                0x0000000000000220       0x20 obj_cooja/mtype327.a(eeprom.o)
 .debug_aranges
                0x0000000000000240       0x20 obj_cooja/mtype327.a(random.o)
 .debug_aranges
                0x0000000000000260       0x20 obj_cooja/mtype327.a(sensors.o)
 .debug_aranges
                0x0000000000000280       0x20 obj_cooja/mtype327.a(dual_conf.o)
 .debug_aranges
                0x00000000000002a0       0x20 obj_cooja/mtype327.a(autostart.o)
 .debug_aranges
                0x00000000000002c0       0x20 obj_cooja/mtype327.a(ctimer.o)
 .debug_aranges
                0x00000000000002e0       0x20 obj_cooja/mtype327.a(etimer.o)
 .debug_aranges
                0x0000000000000300       0x20 obj_cooja/mtype327.a(log_message.o)
 .debug_aranges
                0x0000000000000320       0x20 obj_cooja/mtype327.a(process.o)
 .debug_aranges
                0x0000000000000340       0x20 obj_cooja/mtype327.a(rtimer.o)
 .debug_aranges
                0x0000000000000360       0x20 obj_cooja/mtype327.a(timer.o)
 .debug_aranges
                0x0000000000000380       0x20 obj_cooja/mtype327.a(serial-line.o)
 .debug_aranges
                0x00000000000003a0       0x20 obj_cooja/mtype327.a(list.o)
 .debug_aranges
                0x00000000000003c0       0x20 obj_cooja/mtype327.a(ringbuf.o)
 .debug_aranges
                0x00000000000003e0       0x20 obj_cooja/mtype327.a(sicslowpan.o)
 .debug_aranges
                0x0000000000000400       0x20 obj_cooja/mtype327.a(uip-ds6-nbr.o)
 .debug_aranges
                0x0000000000000420       0x20 obj_cooja/mtype327.a(uip-ds6.o)
 .debug_aranges
                0x0000000000000440       0x20 obj_cooja/mtype327.a(uip6.o)
 .debug_aranges
                0x0000000000000460       0x20 obj_cooja/mtype327.a(tcpip.o)
 .debug_aranges
                0x0000000000000480       0x20 obj_cooja/mtype327.a(uip-packetqueue)
 .debug_aranges
                0x00000000000004a0       0x20 obj_cooja/mtype327.a(rpl-dag.o)
 .debug_aranges
                0x00000000000004c0       0x20 obj_cooja/mtype327.a(rpl-ext-header.)
 .debug_aranges
                0x00000000000004e0       0x20 obj_cooja/mtype327.a(rpl-icmp6.o)
 .debug_aranges
                0x0000000000000500       0x20 obj_cooja/mtype327.a(rpl-ltmax-of.o)
 .debug_aranges
                0x0000000000000520       0x20 obj_cooja/mtype327.a(rpl-timers.o)
 .debug_aranges
                0x0000000000000540       0x20 obj_cooja/mtype327.a(rpl.o)
 .debug_aranges
                0x0000000000000560       0x20 obj_cooja/mtype327.a(framer-802154.o)
 .debug_aranges
                0x0000000000000580       0x20 obj_cooja/mtype327.a(nullmac.o)
 .debug_aranges
                0x00000000000005a0       0x20 obj_cooja/mtype327.a(nullrdc.o)
 .debug_aranges
                0x00000000000005c0       0x20 obj_cooja/mtype327.a(linkaddr.o)
 .debug_aranges
                0x00000000000005e0       0x20 obj_cooja/mtype327.a(nbr-table.o)
 .debug_aranges
                0x0000000000000600       0x20 obj_cooja/mtype327.a(netstack.o)
 .debug_aranges
                0x0000000000000620       0x20 obj_cooja/mtype327.a(packetbuf.o)
 .debug_aranges
                0x0000000000000640       0x20 obj_cooja/mtype327.a(queuebuf.o)
 .debug_aranges
                0x0000000000000660       0x20 obj_cooja/mtype327.a(nullsec.o)
 .debug_aranges
                0x0000000000000680       0x20 obj_cooja/mtype327.a(watchdog.o)
 .debug_aranges
                0x00000000000006a0       0x18 obj_cooja/mtype327.a(rimestats.o)
 .debug_aranges
                0x00000000000006b8       0x20 obj_cooja/mtype327.a(stimer.o)
 .debug_aranges
                0x00000000000006d8       0x20 obj_cooja/mtype327.a(memb.o)
 .debug_aranges
                0x00000000000006f8       0x20 obj_cooja/mtype327.a(uip-ds6-route.o)
 .debug_aranges
                0x0000000000000718       0x20 obj_cooja/mtype327.a(uip-icmp6.o)
 .debug_aranges
                0x0000000000000738       0x20 obj_cooja/mtype327.a(uip-nd6.o)
 .debug_aranges
                0x0000000000000758       0x20 obj_cooja/mtype327.a(uip-debug.o)
 .debug_aranges
                0x0000000000000778       0x20 obj_cooja/mtype327.a(rpl-nbr-policy.)
 .debug_aranges
                0x0000000000000798       0x20 obj_cooja/mtype327.a(frame802154.o)
 .debug_aranges
                0x00000000000007b8       0x20 obj_cooja/mtype327.a(mac-sequence.o)
 .debug_aranges
                0x00000000000007d8       0x20 obj_cooja/mtype327.a(mac.o)

.debug_pubnames
 *(.debug_pubnames)

.debug_info     0x0000000000000000    0x1b57f
 *(.debug_info .gnu.linkonce.wi.*)
 .debug_info    0x0000000000000000      0x426 log_test.co
 .debug_info    0x0000000000000426     0x37fe obj_cooja/mtype327.o
 .debug_info    0x0000000000003c24      0x15a obj_cooja/mtype327.a(simEnvChange.o)
 .debug_info    0x0000000000003d7e      0x1e2 obj_cooja/mtype327.a(cooja_mt.o)
 .debug_info    0x0000000000003f60      0x2e7 obj_cooja/mtype327.a(cooja_mtarch.o)
 .debug_info    0x0000000000004247      0x16b obj_cooja/mtype327.a(rtimer-arch.o)
 .debug_info    0x00000000000043b2      0x1f3 obj_cooja/mtype327.a(beep.o)
 .debug_info    0x00000000000045a5      0x257 obj_cooja/mtype327.a(button-sensor.o)
 .debug_info    0x00000000000047fc      0x132 obj_cooja/mtype327.a(leds-arch.o)
 .debug_info    0x000000000000492e      0x10a obj_cooja/mtype327.a(moteid.o)
 .debug_info    0x0000000000004a38      0x216 obj_cooja/mtype327.a(pir-sensor.o)
 .debug_info    0x0000000000004c4e      0x21e obj_cooja/mtype327.a(rs232.o)
 .debug_info    0x0000000000004e6c      0x216 obj_cooja/mtype327.a(vib-sensor.o)
 .debug_info    0x0000000000005082      0x152 obj_cooja/mtype327.a(clock.o)
 .debug_info    0x00000000000051d4      0x2bb obj_cooja/mtype327.a(log.o)
 .debug_info    0x000000000000548f      0x3cf obj_cooja/mtype327.a(cfs-cooja.o)
 .debug_info    0x000000000000585e      0xcc9 obj_cooja/mtype327.a(cooja-radio.o)
 .debug_info    0x0000000000006527      0x1d5 obj_cooja/mtype327.a(eeprom.o)
 .debug_info    0x00000000000066fc       0xb3 obj_cooja/mtype327.a(random.o)
 .debug_info    0x00000000000067af      0x36d obj_cooja/mtype327.a(sensors.o)
 .debug_info    0x0000000000006b1c      0xa9b obj_cooja/mtype327.a(dual_conf.o)
 .debug_info    0x00000000000075b7      0x1a5 obj_cooja/mtype327.a(autostart.o)
 .debug_info    0x000000000000775c      0x46c obj_cooja/mtype327.a(ctimer.o)
 .debug_info    0x0000000000007bc8      0x49c obj_cooja/mtype327.a(etimer.o)
 .debug_info    0x0000000000008064      0x2dc obj_cooja/mtype327.a(log_message.o)
 .debug_info    0x0000000000008340      0x4ba obj_cooja/mtype327.a(process.o)
 .debug_info    0x00000000000087fa      0x1ab obj_cooja/mtype327.a(rtimer.o)
 .debug_info    0x00000000000089a5      0x16c obj_cooja/mtype327.a(timer.o)
 .debug_info    0x0000000000008b11      0x2de obj_cooja/mtype327.a(serial-line.o)
 .debug_info    0x0000000000008def      0x2ed obj_cooja/mtype327.a(list.o)
 .debug_info    0x00000000000090dc      0x1aa obj_cooja/mtype327.a(ringbuf.o)
 .debug_info    0x0000000000009286     0x105e obj_cooja/mtype327.a(sicslowpan.o)
 .debug_info    0x000000000000a2e4      0x8c9 obj_cooja/mtype327.a(uip-ds6-nbr.o)
 .debug_info    0x000000000000abad      0xc2a obj_cooja/mtype327.a(uip-ds6.o)
 .debug_info    0x000000000000b7d7      0xeb1 obj_cooja/mtype327.a(uip6.o)
 .debug_info    0x000000000000c688     0x150e obj_cooja/mtype327.a(tcpip.o)
 .debug_info    0x000000000000db96      0x470 obj_cooja/mtype327.a(uip-packetqueue)
 .debug_info    0x000000000000e006     0x1bd7 obj_cooja/mtype327.a(rpl-dag.o)
 .debug_info    0x000000000000fbdd      0xe85 obj_cooja/mtype327.a(rpl-ext-header.)
 .debug_info    0x0000000000010a62     0x1a35 obj_cooja/mtype327.a(rpl-icmp6.o)
 .debug_info    0x0000000000012497      0xb60 obj_cooja/mtype327.a(rpl-ltmax-of.o)
 .debug_info    0x0000000000012ff7      0xd31 obj_cooja/mtype327.a(rpl-timers.o)
 .debug_info    0x0000000000013d28      0xd38 obj_cooja/mtype327.a(rpl.o)
 .debug_info    0x0000000000014a60      0x5ed obj_cooja/mtype327.a(framer-802154.o)
 .debug_info    0x000000000001504d      0x3d5 obj_cooja/mtype327.a(nullmac.o)
 .debug_info    0x0000000000015422      0xc7e obj_cooja/mtype327.a(nullrdc.o)
 .debug_info    0x00000000000160a0      0x198 obj_cooja/mtype327.a(linkaddr.o)
 .debug_info    0x0000000000016238      0x9d8 obj_cooja/mtype327.a(nbr-table.o)